23-02-2019 18:29:10.58607[0][4] - Elapsed time: 1.556 milliseconds
[conversation_start.php][Called outside of function][60]
Conversation starting. Current system specs:
Program O version:            2.6.11
Server Software:              Apache
PHP Version:                  5.6.40
OS:                           Linux
OS Version:                   #1 SMP Wed Sep 26 15:12:11 UTC 2018
MySQL Version:                5.7.25
Multi-byte functions enabled: true 
-----------------------
23-02-2019 18:29:10.58644[4][4] - Elapsed time: 0.373 milliseconds
[load_aimlfunctions.php][Called outside of function][16]
AIML function include files loaded 
-----------------------
23-02-2019 18:29:10.58663[4][4] - Elapsed time: 0.187 milliseconds
[load_convofunctions.php][Called outside of function][16]
Convofunction include files loaded 
-----------------------
23-02-2019 18:29:10.58670[4][4] - Elapsed time: 0.075 milliseconds
[load_userfunctions.php][Called outside of function][14]
userfunctions include files loaded 
-----------------------
23-02-2019 18:29:10.58710[4][4] - Elapsed time: 0.399 milliseconds
[load_addons.php][Called outside of function][19]
Loading addons 
-----------------------
23-02-2019 18:29:10.58711[4][4] - Elapsed time: 0.012 milliseconds
[conversation_start.php][Called outside of function][73]
Loaded all Includes 
-----------------------
23-02-2019 18:29:10.58726[0][4] - Elapsed time: 0.146 milliseconds
[conversation_start.php][Called outside of function][126]
Debug level: 4
session ID = +5511964180451 
-----------------------
23-02-2019 18:29:10.58727[4][4] - Elapsed time: 0.011 milliseconds
[conversation_start.php][Called outside of function][129]
Conversation continuing. User said 'Sair'. 
-----------------------
23-02-2019 18:29:10.58732[4][4] - Elapsed time: 0.049 milliseconds
[intialise_conversation.php][read_from_session][155]
Reading from session 
-----------------------
23-02-2019 18:29:10.58733[4][4] - Elapsed time: 0.014 milliseconds
[intialise_conversation.php][load_default_bot_values][110]
Loading db bot personality properties 
-----------------------
23-02-2019 18:29:10.58735[3][4] - Elapsed time: 0.018 milliseconds
[intialise_conversation.php][load_default_bot_values][118]
load db bot personality values SQL: SELECT * FROM `devncom_net_iaoficial`.`botpersonality` WHERE `bot_id` = 1; 
-----------------------
23-02-2019 18:29:10.58766[4][4] - Elapsed time: 0.307 milliseconds
[intialise_conversation.php][check_set_convo_id][643]
Obtaining the convo id from form vars. Value: +5511964180451 
-----------------------
23-02-2019 18:29:10.58768[2][4] - Elapsed time: 0.020 milliseconds
[intialise_conversation.php][check_set_bot][581]
Checking and/or setting the current bot. 
-----------------------
23-02-2019 18:29:10.58769[3][4] - Elapsed time: 0.013 milliseconds
[intialise_conversation.php][check_set_bot][599]
Making sure the bot exists. SQL = SELECT * FROM `devncom_net_iaoficial`.`bots` WHERE bot_id = 1 AND `bot_active` = 1; 
-----------------------
23-02-2019 18:29:10.58786[2][4] - Elapsed time: 0.172 milliseconds
[intialise_conversation.php][check_set_bot][616]
BOT ID: 1 
-----------------------
23-02-2019 18:29:10.58788[2][4] - Elapsed time: 0.017 milliseconds
[intialise_conversation.php][check_set_user][672]
Checking and setting the user info, as needed. 
-----------------------
23-02-2019 18:29:10.58811[2][4] - Elapsed time: 0.231 milliseconds
[handle_user.php][intisaliseUser][82]
Initializing user. 
-----------------------
23-02-2019 18:29:10.59001[3][4] - Elapsed time: 1.897 milliseconds
[handle_user.php][intisaliseUser][128]
intisaliseUser #176 SQL: INSERT INTO `users`
        (`id`, `user_name`, `session_id`, `bot_id`, `chatlines`,`ip`, `referer`, `browser`, `date_logged_on` , `last_update`    , `state`)
 VALUES (NULL, 'Entrou'  , +5511964180451   , 1 , '0'        , '138.204.25.246', 'http://devn1.com/clientes/golden/atualiza/bot/envia/svr3mv8.php'      , 'Mozilla/5.0 (Linux; U; Android 4.0.4; en-gb; GT-P3113 Build/IMM76D) AppleWebKit/534.30 (KHTML, like Gecko) Version/4.0 Safari/534.30'      , CURRENT_TIMESTAMP, CURRENT_TIMESTAMP, ''     ); 
-----------------------
23-02-2019 18:29:10.59052[3][4] - Elapsed time: 0.511 milliseconds
[intialise_conversation.php][check_set_user][705]
Loading client properties from the DB - sql:
SELECT `name`, `value` FROM `devncom_net_iaoficial`.`client_properties` WHERE `user_id` = 176 AND `bot_id` = 1; 
-----------------------
23-02-2019 18:29:10.59075[2][4] - Elapsed time: 0.233 milliseconds
[spell_checker.php][run_spell_checker_say][36]
Starting function and setting timestamp. 
-----------------------
23-02-2019 18:29:10.59082[2][4] - Elapsed time: 0.066 milliseconds
[spell_checker.php][spell_check][60]
Preforming a spel chek on Sair. 
-----------------------
23-02-2019 18:29:10.59084[2][4] - Elapsed time: 0.026 milliseconds
[spell_checker.php][load_spelling_list][117]
Loading the spellcheck list from the DB. 
-----------------------
23-02-2019 18:29:10.59150[4][4] - Elapsed time: 0.656 milliseconds
[misc_functions.php][normalize_text][125]
Begin normalization - text = 'Sair' 
-----------------------
23-02-2019 18:29:10.59159[4][4] - Elapsed time: 0.087 milliseconds
[misc_functions.php][normalize_text][150]
Normalization complete. Text = 'SAIR' 
-----------------------
23-02-2019 18:29:10.59161[2][4] - Elapsed time: 0.028 milliseconds
[conversation_start.php][Called outside of function][204]
Details:
User say: SAIR
Convo id: +5511964180451
Bot id: 1
Format: html 
-----------------------
23-02-2019 18:29:10.59163[4][4] - Elapsed time: 0.019 milliseconds
[intialise_conversation.php][check_set_format][752]
Using format: html 
-----------------------
23-02-2019 18:29:10.59165[2][4] - Elapsed time: 0.011 milliseconds
[intialise_conversation.php][load_that][769]
Loading the THAT array. 
-----------------------
23-02-2019 18:29:10.59166[3][4] - Elapsed time: 0.015 milliseconds
[intialise_conversation.php][load_that][784]
Getting conversation log entries for the current user. SQL:
SELECT `input`, `response` FROM `devncom_net_iaoficial`.`conversation_log` WHERE `user_id` = 176 AND `bot_id` = 1 ORDER BY `id` DESC limit 10; 
-----------------------
23-02-2019 18:29:10.59393[4][4] - Elapsed time: 2.268 milliseconds
[intialise_conversation.php][load_that][856]
Couldn't find any previous inputs or responses. 
-----------------------
23-02-2019 18:29:10.59483[2][4] - Elapsed time: 0.902 milliseconds
[intialise_conversation.php][load_bot_config][343]
Loading config data for the current bot. 
-----------------------
23-02-2019 18:29:10.59485[3][4] - Elapsed time: 0.021 milliseconds
[intialise_conversation.php][load_bot_config][352]
load bot config SQL: SELECT * FROM `devncom_net_iaoficial`.`bots` WHERE bot_id = 1; 
-----------------------
23-02-2019 18:29:10.59503[4][4] - Elapsed time: 0.180 milliseconds
[intialise_conversation.php][load_bot_config][357]
Loading bot details from the database. 
-----------------------
23-02-2019 18:29:10.59505[0][4] - Elapsed time: 0.021 milliseconds
[conversation_start.php][Called outside of function][224]
Default debug level = 4 
-----------------------
23-02-2019 18:29:10.59506[0][4] - Elapsed time: 0.010 milliseconds
[conversation_start.php][Called outside of function][226]
Current debug level = 4 
-----------------------
23-02-2019 18:29:10.59508[0][4] - Elapsed time: 0.014 milliseconds
[conversation_start.php][Called outside of function][239]
Say = SAIR: raw say = Sair 
-----------------------
23-02-2019 18:29:10.59509[4][4] - Elapsed time: 0.010 milliseconds
[intialise_conversation.php][add_new_conversation_vars][184]
New conversation vars 
-----------------------
23-02-2019 18:29:10.59510[2][4] - Elapsed time: 0.012 milliseconds
[intialise_conversation.php][push_on_front_convoArr][226]
Pushing 'SAIR' to the front of the [user_say] array 
-----------------------
23-02-2019 18:29:10.59513[4][4] - Elapsed time: 0.028 milliseconds
[intialise_conversation.php][load_blank_array_element][62]
Loading blank user_say array 
-----------------------
23-02-2019 18:29:10.59516[0][4] - Elapsed time: 0.032 milliseconds
[intialise_conversation.php][add_new_conversation_vars][188]
User RAW = Sair, RAW say = Sair 
-----------------------
23-02-2019 18:29:10.59517[2][4] - Elapsed time: 0.011 milliseconds
[intialise_conversation.php][push_on_front_convoArr][226]
Pushing 'Sair' to the front of the [input] array 
-----------------------
23-02-2019 18:29:10.59518[4][4] - Elapsed time: 0.011 milliseconds
[intialise_conversation.php][load_blank_array_element][62]
Loading blank input array 
-----------------------
23-02-2019 18:29:10.59520[4][4] - Elapsed time: 0.016 milliseconds
[make_conversation.php][make_conversation][22]
Making conversation 
-----------------------
23-02-2019 18:29:10.59521[4][4] - Elapsed time: 0.011 milliseconds
[misc_functions.php][normalize_text][125]
Begin normalization - text = 'SAIR' 
-----------------------
23-02-2019 18:29:10.59524[4][4] - Elapsed time: 0.030 milliseconds
[misc_functions.php][normalize_text][150]
Normalization complete. Text = 'SAIR' 
-----------------------
23-02-2019 18:29:10.59525[4][4] - Elapsed time: 0.013 milliseconds
[find_aiml.php][get_aiml_to_parse][909]
Running all functions to get the correct aiml from the DB 
-----------------------
23-02-2019 18:29:10.59546[4][4] - Elapsed time: 0.207 milliseconds
[find_aiml.php][find_userdefined_aiml][821]
Looking for user defined responses 
-----------------------
23-02-2019 18:29:10.59549[3][4] - Elapsed time: 0.037 milliseconds
[find_aiml.php][find_userdefined_aiml][870]
User defined SQL:
SELECT `id`, `bot_id`, `pattern`, `thatpattern`, `template` FROM `devncom_net_iaoficial`.`aiml_userdefined` WHERE
    `bot_id` = 1 AND
    `user_id` = +5511964180451
    AND (
        'SAIR' LIKE (REPLACE(REPLACE(`pattern`, '*', '%'), '_', '%')))
   ORDER BY `id` ASC, `pattern` ASC, `thatpattern` ASC; 
-----------------------
23-02-2019 18:29:10.59566[2][4] - Elapsed time: 0.162 milliseconds
[find_aiml.php][find_userdefined_aiml][896]
User defined rows found: '0' 
-----------------------
23-02-2019 18:29:10.59568[4][4] - Elapsed time: 0.021 milliseconds
[find_aiml.php][find_aiml_matches][975]
Finding the aiml matches from the DB 
-----------------------
23-02-2019 18:29:10.59569[4][4] - Elapsed time: 0.010 milliseconds
[find_aiml.php][find_aiml_matches][981]
Bot ID = 1. Bot Parent ID = 1. 
-----------------------
23-02-2019 18:29:10.59586[4][4] - Elapsed time: 0.177 milliseconds
[find_aiml.php][find_aiml_matches][992]
Stored topic = '' 
-----------------------
23-02-2019 18:29:10.59590[3][4] - Elapsed time: 0.031 milliseconds
[find_aiml.php][find_aiml_matches][1052]
Core Match AIML sql:
SELECT `id`, `bot_id`, `pattern`, `thatpattern`, `topic`, `filename`, `template` FROM `devncom_net_iaoficial`.`aiml` WHERE
    bot_id = 1 AND (
        'SAIR' LIKE (REPLACE(REPLACE(`pattern`, '*', '%'), '_', '%'))
        OR `pattern` LIKE 'LINHA DE RECOLHA ALEATÓRIA2'
    )
    # ORDER BY `id` ASC, `topic` DESC, `pattern` ASC, `thatpattern` ASC; 
-----------------------
23-02-2019 18:29:10.59608[3][4] - Elapsed time: 0.185 milliseconds
[find_aiml.php][find_aiml_matches][1054]
Query Process time... 
-----------------------
23-02-2019 18:29:10.59610[2][4] - Elapsed time: 0.018 milliseconds
[find_aiml.php][find_aiml_matches][1061]
FOUND: (1) potential AIML matches 
-----------------------
23-02-2019 18:29:10.59630[4][4] - Elapsed time: 0.204 milliseconds
[find_aiml.php][unset_all_bad_pattern_matches][48]
NEW FUNC Searching through 1 rows to unset bad matches 
-----------------------
23-02-2019 18:29:10.59632[4][4] - Elapsed time: 0.014 milliseconds
[find_aiml.php][unset_all_bad_pattern_matches][62]
Blue 5 to Blue leader. Starting my run now! Looking for 'SAIR' 
-----------------------
23-02-2019 18:29:10.59640[4][4] - Elapsed time: 0.086 milliseconds
[find_aiml.php][unset_all_bad_pattern_matches][195]
Found 1 relevant rows 
-----------------------
23-02-2019 18:29:10.59642[4][4] - Elapsed time: 0.018 milliseconds
[find_aiml.php][score_matches][255]
Scoring the matches. 
-----------------------
23-02-2019 18:29:10.59680[4][4] - Elapsed time: 0.376 milliseconds
[find_aiml.php][score_matches][548]
Sorted array $allrows:
Array
(
    [0] => Array
        (
            [id] => 791
            [bot_id] => 1
            [pattern] => *SAIR*
            [thatpattern] => 
            [topic] => 
            [filename] => admin_added.aiml
            [template] => Seu nome foi removido de nossa lista, desculpe o inconveniente.
            [score] => 259
            [current_that] => 
            [aiml_id] => 791
            [track_score] => current bot (250 points), no thatpattern to match (1 point), uncommon word match: *sair* (8 points)
        )

)
 
-----------------------
23-02-2019 18:29:10.59685[2][4] - Elapsed time: 0.056 milliseconds
[find_aiml.php][get_highest_scoring_row][642]
Final candidates:

Array
(
    [0] => Array
        (
            [id] => 791
            [bot_id] => 1
            [pattern] => *SAIR*
            [thatpattern] => 
            [topic] => 
            [filename] => admin_added.aiml
            [template] => Seu nome foi removido de nossa lista, desculpe o inconveniente.
            [score] => 259
            [current_that] => 
            [aiml_id] => 791
            [track_score] => current bot (250 points), no thatpattern to match (1 point), uncommon word match: *sair* (8 points)
        )

)

 
-----------------------
23-02-2019 18:29:10.59748[4][4] - Elapsed time: 0.631 milliseconds
[find_aiml.php][get_highest_scoring_row][697]
Best Response: Array
(
    [id] => 791
    [bot_id] => 1
    [pattern] => *SAIR*
    [thatpattern] => 
    [topic] => 
    [filename] => admin_added.aiml
    [template] => Seu nome foi removido de nossa lista, desculpe o inconveniente.
    [score] => 259
    [current_that] => 
    [aiml_id] => 791
    [track_score] => current bot (250 points), no thatpattern to match (1 point), uncommon word match: *sair* (8 points)
)
 
-----------------------
23-02-2019 18:29:10.59750[2][4] - Elapsed time: 0.015 milliseconds
[find_aiml.php][get_highest_scoring_row][698]
No results found, so none to pick from. 
-----------------------
23-02-2019 18:29:10.59758[4][4] - Elapsed time: 0.081 milliseconds
[find_aiml.php][get_aiml_to_parse][960]
Will be parsing id:791 (*SAIR*) 
-----------------------
23-02-2019 18:29:10.59759[3][4] - Elapsed time: 0.015 milliseconds
[parse_aiml.php][parse_matched_aiml][213]
Run the aiml parse in normal mode (normal or srai) 
-----------------------
23-02-2019 18:29:10.59762[2][4] - Elapsed time: 0.023 milliseconds
[parse_aiml.php][set_wildcards][297]
Setting Wildcards. Pattern = '*SAIR*' 
-----------------------
23-02-2019 18:29:10.59763[2][4] - Elapsed time: 0.012 milliseconds
[parse_aiml.php][set_wildcards][306]
We have pattern stars to process! 
-----------------------
23-02-2019 18:29:10.59764[2][4] - Elapsed time: 0.010 milliseconds
[parse_aiml.php][set_wildcards][310]
RegEx string = ~(.+)SAIR(.+)$~siuU: Searching Sair for a match. 
-----------------------
23-02-2019 18:29:10.59766[2][4] - Elapsed time: 0.021 milliseconds
[parse_aiml.php][set_wildcards][324]
Something is not right here. 
-----------------------
23-02-2019 18:29:10.59767[4][4] - Elapsed time: 0.009 milliseconds
[parse_aiml.php][set_wildcards][329]
Checking for wildcards in pattern-side THAT 
-----------------------
23-02-2019 18:29:10.59768[4][4] - Elapsed time: 0.010 milliseconds
[parse_aiml.php][set_wildcards][361]
Checking for wildcards in pattern-side TOPIC 
-----------------------
23-02-2019 18:29:10.59770[2][4] - Elapsed time: 0.026 milliseconds
[parse_aiml.php][set_wildcards][394]
AIML array now = Array
(
    [aiml_id] => 791
    [category_id] => 791
    [html_template] => 
    [lookingfor] => SAIR
    [pattern] => *SAIR*
    [score] => 259
    [stars] => Array
        (
        )

    [template] => Seu nome foi removido de nossa lista, desculpe o inconveniente.
    [thatpattern] => 
    [that_stars] => Array
        (
            [1] => 
        )

    [topic] => 
    [topic_stars] => Array
        (
        )

    [user_raw] => Sair
)
 
-----------------------
23-02-2019 18:29:10.59772[2][4] - Elapsed time: 0.014 milliseconds
[parse_aiml_as_XML.php][parse_aiml_as_XML][22]
Parsing the AIML template as XML 
-----------------------
23-02-2019 18:29:10.59792[2][4] - Elapsed time: 0.206 milliseconds
[parse_aiml_as_XML.php][add_text_tags][93]
Adding some TEXT tags into the template, just because I can... 
-----------------------
23-02-2019 18:29:10.59796[4][4] - Elapsed time: 0.039 milliseconds
[parse_aiml_as_XML.php][add_text_tags][120]
Returning template:
<template><text>Seu nome foi removido de nossa lista, desculpe o inconveniente.</text></template> 
-----------------------
23-02-2019 18:29:10.59821[2][4] - Elapsed time: 0.243 milliseconds
[parse_aiml_as_XML.php][parseTemplateRecursive][201]
Recursively parsing the AIML template. 
-----------------------
23-02-2019 18:29:10.59829[4][4] - Elapsed time: 0.087 milliseconds
[parse_aiml_as_XML.php][parseTemplateRecursive][214]
Processing element template at level 0. element XML = <?xml version="1.0"?>
<template><text>Seu nome foi removido de nossa lista, desculpe o inconveniente.</text></template>
 
-----------------------
23-02-2019 18:29:10.59834[4][4] - Elapsed time: 0.048 milliseconds
[parse_aiml_as_XML.php][parseTemplateRecursive][242]
function parse_template_tag does not exist. Parsing tag as text. 
-----------------------
23-02-2019 18:29:10.59836[2][4] - Elapsed time: 0.021 milliseconds
[parse_aiml_as_XML.php][parseTemplateRecursive][201]
Recursively parsing the AIML template. 
-----------------------
23-02-2019 18:29:10.59839[4][4] - Elapsed time: 0.024 milliseconds
[parse_aiml_as_XML.php][parseTemplateRecursive][214]
Processing element text at level 1. element XML = <text>Seu nome foi removido de nossa lista, desculpe o inconveniente.</text> 
-----------------------
23-02-2019 18:29:10.59840[4][4] - Elapsed time: 0.013 milliseconds
[parse_aiml_as_XML.php][parseTemplateRecursive][225]
Function parse_text_tag does exist. Processing now. 
-----------------------
23-02-2019 18:29:10.59841[4][4] - Elapsed time: 0.012 milliseconds
[parse_aiml_as_XML.php][parseTemplateRecursive][229]
Passing element text to the parse_text_tag function 
-----------------------
23-02-2019 18:29:10.59842[2][4] - Elapsed time: 0.010 milliseconds
[parse_aiml_as_XML.php][parse_text_tag][281]
Parsing a TEXT tag. 
-----------------------
23-02-2019 18:29:10.59843[4][4] - Elapsed time: 0.011 milliseconds
[parse_aiml_as_XML.php][parseTemplateRecursive][234]
Adding 'Seu nome foi removido de nossa lista, desculpe o inconveniente.' to the response array. tag name is text 
-----------------------
23-02-2019 18:29:10.59845[2][4] - Elapsed time: 0.013 milliseconds
[parse_aiml_as_XML.php][implode_recursive][137]
Imploding an array into a string. (recursively, if necessary) 
-----------------------
23-02-2019 18:29:10.59846[2][4] - Elapsed time: 0.011 milliseconds
[parse_aiml_as_XML.php][implode_recursive][138]
Input: Array
(
    [0] => Seu nome foi removido de nossa lista, desculpe o inconveniente.
)

 
-----------------------
23-02-2019 18:29:10.59847[4][4] - Elapsed time: 0.010 milliseconds
[parse_aiml_as_XML.php][implode_recursive][155]
The variable $input is of type array 
-----------------------
23-02-2019 18:29:10.59848[4][4] - Elapsed time: 0.014 milliseconds
[parse_aiml_as_XML.php][implode_recursive][185]
Imploding complete. Returning 'Seu nome foi removido de nossa lista, desculpe o inconveniente.' 
-----------------------
23-02-2019 18:29:10.59849[4][4] - Elapsed time: 0.011 milliseconds
[parse_aiml_as_XML.php][parseTemplateRecursive][262]
Adding 'Seu nome foi removido de nossa lista, desculpe o inconveniente.' to the response array. tag name is template. 
-----------------------
23-02-2019 18:29:10.59851[2][4] - Elapsed time: 0.015 milliseconds
[parse_aiml_as_XML.php][implode_recursive][137]
Imploding an array into a string. (recursively, if necessary) 
-----------------------
23-02-2019 18:29:10.59852[2][4] - Elapsed time: 0.010 milliseconds
[parse_aiml_as_XML.php][implode_recursive][138]
Input: Array
(
    [0] => Seu nome foi removido de nossa lista, desculpe o inconveniente.
)

 
-----------------------
23-02-2019 18:29:10.59853[4][4] - Elapsed time: 0.010 milliseconds
[parse_aiml_as_XML.php][implode_recursive][155]
The variable $input is of type array 
-----------------------
23-02-2019 18:29:10.59854[4][4] - Elapsed time: 0.010 milliseconds
[parse_aiml_as_XML.php][implode_recursive][185]
Imploding complete. Returning 'Seu nome foi removido de nossa lista, desculpe o inconveniente.' 
-----------------------
23-02-2019 18:29:10.59855[4][4] - Elapsed time: 0.013 milliseconds
[parse_aiml_as_XML.php][parse_aiml_as_XML][47]
Completed parsing the template. The bot will say: Seu nome foi removido de nossa lista, desculpe o inconveniente. 
-----------------------
23-02-2019 18:29:10.59857[4][4] - Elapsed time: 0.015 milliseconds
[parse_aiml.php][parse_matched_aiml][227]
normal - Saving for next turn 
-----------------------
23-02-2019 18:29:10.59858[4][4] - Elapsed time: 0.010 milliseconds
[parse_aiml.php][save_for_nextturn][271]
Saving that and that_raw for next turn 
-----------------------
23-02-2019 18:29:10.59858[2][4] - Elapsed time: 0.010 milliseconds
[intialise_conversation.php][push_on_front_convoArr][226]
Pushing 'Seu nome foi removido de nossa lista, desculpe o inconveniente.' to the front of the [that_raw] array 
-----------------------
23-02-2019 18:29:10.59861[4][4] - Elapsed time: 0.026 milliseconds
[intialise_conversation.php][load_blank_array_element][62]
Loading blank that_raw array 
-----------------------
23-02-2019 18:29:10.59866[2][4] - Elapsed time: 0.047 milliseconds
[intialise_conversation.php][push_on_front_convoArr][226]
Pushing 'Seu nome foi removido de nossa lista, desculpe o inconveniente.' to the front of the [that] array 
-----------------------
23-02-2019 18:29:10.59868[4][4] - Elapsed time: 0.017 milliseconds
[intialise_conversation.php][load_blank_array_element][62]
Loading blank that array 
-----------------------
23-02-2019 18:29:10.59870[4][4] - Elapsed time: 0.021 milliseconds
[parse_aiml.php][clean_that][251]
Cleaning up the ~THAT~ tag: 'Seu nome foi removido de nossa lista, desculpe o inconveniente.' 
-----------------------
23-02-2019 18:29:10.59871[4][4] - Elapsed time: 0.014 milliseconds
[misc_functions.php][normalize_text][125]
Begin normalization - text = 'Seu nome foi removido de nossa lista, desculpe o inconveniente.' 
-----------------------
23-02-2019 18:29:10.59874[4][4] - Elapsed time: 0.032 milliseconds
[misc_functions.php][normalize_text][150]
Normalization complete. Text = 'SEU NOME FOI REMOVIDO DE NOSSA LISTA DESCULPE O INCONVENIENTE' 
-----------------------
23-02-2019 18:29:10.59875[4][4] - Elapsed time: 0.012 milliseconds
[parse_aiml.php][clean_that][258]
Cleaning Complete. output = 'SEU NOME FOI REMOVIDO DE NOSSA LISTA DESCULPE O INCONVENIENTE' 
-----------------------
23-02-2019 18:29:10.59877[2][4] - Elapsed time: 0.018 milliseconds
[intialise_conversation.php][push_on_front_convoArr][226]
Pushing 'Seu nome foi removido de nossa lista, desculpe o inconveniente.' to the front of the [parsed_template] array 
-----------------------
23-02-2019 18:29:10.59879[4][4] - Elapsed time: 0.016 milliseconds
[intialise_conversation.php][load_blank_array_element][62]
Loading blank parsed_template array 
-----------------------
23-02-2019 18:29:10.59880[2][4] - Elapsed time: 0.017 milliseconds
[intialise_conversation.php][push_on_front_convoArr][226]
Pushing 'Seu nome foi removido de nossa lista, desculpe o inconveniente.' to the front of the [template] array 
-----------------------
23-02-2019 18:29:10.59882[4][4] - Elapsed time: 0.016 milliseconds
[intialise_conversation.php][load_blank_array_element][62]
Loading blank template array 
-----------------------
23-02-2019 18:29:10.59885[2][4] - Elapsed time: 0.026 milliseconds
[intialise_conversation.php][log_conversation][403]
Saving the conversation to the DB. 
-----------------------
23-02-2019 18:29:10.59887[3][4] - Elapsed time: 0.024 milliseconds
[intialise_conversation.php][log_conversation][442]
Saving conservation SQL: INSERT INTO `devncom_net_iaoficial`.`conversation_log` (
      `id` ,
      `input` ,
      `response` ,
      `user_id` ,
      `convo_id` ,
      `bot_id` ,
      `timestamp`
    )
    VALUES (
      NULL ,
      'Sair',
      'Seu nome foi removido de nossa lista, desculpe o inconveniente.',
      176,
      +5511964180451,
      1,
      CURRENT_TIMESTAMP
    ) 
-----------------------
23-02-2019 18:29:10.60046[4][4] - Elapsed time: 1.586 milliseconds
[intialise_conversation.php][write_to_session][140]
Saving to session 
-----------------------
23-02-2019 18:29:10.60064[3][4] - Elapsed time: 0.185 milliseconds
[display_conversation.php][get_conversation_to_display][59]
get_conversation SQL: SELECT * FROM `devncom_net_iaoficial`.`conversation_log` WHERE
        `user_id` = :user_id
        AND `bot_id` = :bot_id
        AND `convo_id` = :convo_id
        ORDER BY id DESC  LIMIT 1 
-----------------------
23-02-2019 18:29:10.60082[2][4] - Elapsed time: 0.180 milliseconds
[display_conversation.php][get_conversation_to_display][77]
Found '1' lines of conversation 
-----------------------
23-02-2019 18:29:10.60084[4][4] - Elapsed time: 0.022 milliseconds
[display_conversation.php][get_conversation][92]
Processing conversation as html 
-----------------------
23-02-2019 18:29:10.60088[4][4] - Elapsed time: 0.034 milliseconds
[display_conversation.php][get_html][135]
Returning HTML 
-----------------------
23-02-2019 18:29:10.60183[2][4] - Elapsed time: 0.955 milliseconds
[conversation_start.php][Called outside of function][264]
Closing Database 
-----------------------
23-02-2019 18:29:10.60187[0][4] - Elapsed time: 0.037 milliseconds
[conversation_start.php][Called outside of function][270]
Conversation Ending. Elapsed time: 17.343 milliseconds. 
-----------------------
Debug Level: 4
-----------------------
Debug Mode: 1
-----------------------
CONVERSATION ARRAY
-----------------------
Array
(
    [say] => Sair
    [conversation] => Array
        (
            [convo_id] => +5511964180451
            [bot_name] => Net Bot
            [bot_id] => 1
            [format] => html
            [unknown_user] => Entrou
            [user_id] => 176
            [totallines] => 1
            [user_name] => Entrou
            [rawSay] => Sair
            [conversation_lines] => 1
            [remember_up_to] => 10
            [debugemail] => contato@devn1.com.br
            [debug_level] => 4
            [debugmode] => 1
            [save_state] => database
            [default_aiml_pattern] => LINHA DE RECOLHA ALEATÓRIA2
            [bot_parent_id] => 1
            [aimlData] => Array
                (
                    [id] => 791
                    [bot_id] => 1
                    [pattern] => *SAIR*
                    [thatpattern] => 
                    [topic] => 
                    [filename] => admin_added.aiml
                    [template] => Seu nome foi removido de nossa lista, desculpe o inconveniente.
                    [score] => 259
                    [current_that] => 
                    [aiml_id] => 791
                    [track_score] => current bot (250 points), no thatpattern to match (1 point), uncommon word match: *sair* (8 points)
                )

        )

    [aiml] => Array
        (
            [user_raw] => Sair
            [lookingfor] => SAIR
            [category_id] => 791
            [pattern] => *SAIR*
            [thatpattern] => 
            [template] => Seu nome foi removido de nossa lista, desculpe o inconveniente.
            [html_template] => 
            [topic] => 
            [score] => 259
            [aiml_id] => 791
            [stars] => Array
                (
                )

            [that_stars] => Array
                (
                    [1] => 
                )

            [topic_stars] => Array
                (
                )

            [parsed_template] => Seu nome foi removido de nossa lista, desculpe o inconveniente.
        )

    [client_properties] => Array
        (
            [ip_address] => 138.204.25.246
            [name] => Entrou
        )

    [time_start] => 1550946550.5845
    [user_say] => Array
        (
            [1] => SAIR
            [2] => 
            [3] => 
            [4] => 
            [5] => 
            [6] => 
            [7] => 
            [8] => 
            [9] => 
            [10] => 
        )

    [input] => Array
        (
            [1] => Sair
            [2] => 
            [3] => 
            [4] => 
            [5] => 
            [6] => 
            [7] => 
            [8] => 
            [9] => 
            [10] => 
        )

    [that_raw] => Array
        (
            [1] => Array
                (
                    [1] => 
                    [2] => Seu nome foi removido de nossa lista, desculpe o inconveniente.
                )

            [2] => 
            [3] => 
            [4] => 
            [5] => 
            [6] => 
            [7] => 
            [8] => 
            [9] => 
            [10] => 
            [12] => 
        )

    [that] => Array
        (
            [1] => Array
                (
                    [1] => SEU NOME FOI REMOVIDO DE NOSSA LISTA DESCULPE O INCONVENIENTE
                )

            [2] => 
            [3] => 
            [4] => 
            [5] => 
            [6] => 
            [7] => 
            [8] => 
            [9] => 
            [10] => 
            [12] => 
        )

    [parsed_template] => Array
        (
            [1] => Seu nome foi removido de nossa lista, desculpe o inconveniente.
            [2] => 
            [3] => 
            [4] => 
            [5] => 
            [6] => 
            [7] => 
            [8] => 
            [9] => 
            [10] => 
        )

    [template] => Array
        (
            [1] => Seu nome foi removido de nossa lista, desculpe o inconveniente.
            [2] => 
            [3] => 
            [4] => 
            [5] => 
            [6] => 
            [7] => 
            [8] => 
            [9] => 
            [10] => 
        )

    [send_to_user] => <div class="usersay">Entrou: Sair</div><div class="botsay">Net Bot: Seu nome foi removido de nossa lista, desculpe o inconveniente.</div>
)

-----------------------
Total execution time: 17.343 Milliseconds. Goodbye.