23-02-2019 23:17:22.29652[0][4] - Elapsed time: 1.653 milliseconds
[conversation_start.php][Called outside of function][60]
Conversation starting. Current system specs:
Program O version:            2.6.11
Server Software:              Apache
PHP Version:                  5.6.40
OS:                           Linux
OS Version:                   #1 SMP Wed Sep 26 15:12:11 UTC 2018
MySQL Version:                5.7.25
Multi-byte functions enabled: true 
-----------------------
23-02-2019 23:17:22.29690[4][4] - Elapsed time: 0.374 milliseconds
[load_aimlfunctions.php][Called outside of function][16]
AIML function include files loaded 
-----------------------
23-02-2019 23:17:22.29709[4][4] - Elapsed time: 0.192 milliseconds
[load_convofunctions.php][Called outside of function][16]
Convofunction include files loaded 
-----------------------
23-02-2019 23:17:22.29716[4][4] - Elapsed time: 0.070 milliseconds
[load_userfunctions.php][Called outside of function][14]
userfunctions include files loaded 
-----------------------
23-02-2019 23:17:22.29757[4][4] - Elapsed time: 0.406 milliseconds
[load_addons.php][Called outside of function][19]
Loading addons 
-----------------------
23-02-2019 23:17:22.29758[4][4] - Elapsed time: 0.014 milliseconds
[conversation_start.php][Called outside of function][73]
Loaded all Includes 
-----------------------
23-02-2019 23:17:22.29776[0][4] - Elapsed time: 0.176 milliseconds
[conversation_start.php][Called outside of function][126]
Debug level: 4
session ID = +554195797990 
-----------------------
23-02-2019 23:17:22.29777[4][4] - Elapsed time: 0.012 milliseconds
[conversation_start.php][Called outside of function][129]
Conversation continuing. User said 'sair'. 
-----------------------
23-02-2019 23:17:22.29782[4][4] - Elapsed time: 0.054 milliseconds
[intialise_conversation.php][read_from_session][155]
Reading from session 
-----------------------
23-02-2019 23:17:22.29784[4][4] - Elapsed time: 0.015 milliseconds
[intialise_conversation.php][load_default_bot_values][110]
Loading db bot personality properties 
-----------------------
23-02-2019 23:17:22.29786[3][4] - Elapsed time: 0.023 milliseconds
[intialise_conversation.php][load_default_bot_values][118]
load db bot personality values SQL: SELECT * FROM `devncom_net_iaoficial`.`botpersonality` WHERE `bot_id` = 1; 
-----------------------
23-02-2019 23:17:22.29810[4][4] - Elapsed time: 0.244 milliseconds
[intialise_conversation.php][check_set_convo_id][643]
Obtaining the convo id from form vars. Value: +554195797990 
-----------------------
23-02-2019 23:17:22.29812[2][4] - Elapsed time: 0.019 milliseconds
[intialise_conversation.php][check_set_bot][581]
Checking and/or setting the current bot. 
-----------------------
23-02-2019 23:17:22.29814[3][4] - Elapsed time: 0.012 milliseconds
[intialise_conversation.php][check_set_bot][599]
Making sure the bot exists. SQL = SELECT * FROM `devncom_net_iaoficial`.`bots` WHERE bot_id = 1 AND `bot_active` = 1; 
-----------------------
23-02-2019 23:17:22.29830[2][4] - Elapsed time: 0.160 milliseconds
[intialise_conversation.php][check_set_bot][616]
BOT ID: 1 
-----------------------
23-02-2019 23:17:22.29831[2][4] - Elapsed time: 0.016 milliseconds
[intialise_conversation.php][check_set_user][672]
Checking and setting the user info, as needed. 
-----------------------
23-02-2019 23:17:22.29872[3][4] - Elapsed time: 0.407 milliseconds
[intialise_conversation.php][check_set_user][705]
Loading client properties from the DB - sql:
SELECT `name`, `value` FROM `devncom_net_iaoficial`.`client_properties` WHERE `user_id` = 188 AND `bot_id` = 1; 
-----------------------
23-02-2019 23:17:22.29892[2][4] - Elapsed time: 0.200 milliseconds
[spell_checker.php][run_spell_checker_say][36]
Starting function and setting timestamp. 
-----------------------
23-02-2019 23:17:22.29897[2][4] - Elapsed time: 0.049 milliseconds
[spell_checker.php][spell_check][60]
Preforming a spel chek on sair. 
-----------------------
23-02-2019 23:17:22.29899[2][4] - Elapsed time: 0.025 milliseconds
[spell_checker.php][load_spelling_list][117]
Loading the spellcheck list from the DB. 
-----------------------
23-02-2019 23:17:22.29964[4][4] - Elapsed time: 0.653 milliseconds
[misc_functions.php][normalize_text][125]
Begin normalization - text = 'sair' 
-----------------------
23-02-2019 23:17:22.29973[4][4] - Elapsed time: 0.089 milliseconds
[misc_functions.php][normalize_text][150]
Normalization complete. Text = 'SAIR' 
-----------------------
23-02-2019 23:17:22.29975[2][4] - Elapsed time: 0.014 milliseconds
[conversation_start.php][Called outside of function][204]
Details:
User say: SAIR
Convo id: +554195797990
Bot id: 1
Format: html 
-----------------------
23-02-2019 23:17:22.29977[4][4] - Elapsed time: 0.017 milliseconds
[intialise_conversation.php][check_set_format][752]
Using format: html 
-----------------------
23-02-2019 23:17:22.29978[2][4] - Elapsed time: 0.011 milliseconds
[intialise_conversation.php][load_that][769]
Loading the THAT array. 
-----------------------
23-02-2019 23:17:22.29979[3][4] - Elapsed time: 0.015 milliseconds
[intialise_conversation.php][load_that][784]
Getting conversation log entries for the current user. SQL:
SELECT `input`, `response` FROM `devncom_net_iaoficial`.`conversation_log` WHERE `user_id` = 188 AND `bot_id` = 1 ORDER BY `id` DESC limit 10; 
-----------------------
23-02-2019 23:17:22.30223[1][4] - Elapsed time: 2.437 milliseconds
[intialise_conversation.php][load_that][804]
Inputs returned:Array
(
    [0] => sair
)
 
-----------------------
23-02-2019 23:17:22.30225[4][4] - Elapsed time: 0.024 milliseconds
[intialise_conversation.php][load_that][805]
Loading previous responses into the ~THAT~ array. 
-----------------------
23-02-2019 23:17:22.30227[1][4] - Elapsed time: 0.015 milliseconds
[intialise_conversation.php][load_that][806]
Responses returned:Array
(
    [0] => Seu nome foi removido de nossa lista, desculpe o inconveniente.
)
 
-----------------------
23-02-2019 23:17:22.30230[2][4] - Elapsed time: 0.035 milliseconds
[parse_aiml_as_XML.php][implode_recursive][137]
Imploding an array into a string. (recursively, if necessary) 
-----------------------
23-02-2019 23:17:22.30232[2][4] - Elapsed time: 0.019 milliseconds
[parse_aiml_as_XML.php][implode_recursive][138]
Input: Array
(
    [0] => Seu nome foi removido de nossa lista
    [1] =>  desculpe o inconveniente
    [2] => 
)

 
-----------------------
23-02-2019 23:17:22.30233[4][4] - Elapsed time: 0.010 milliseconds
[parse_aiml_as_XML.php][implode_recursive][155]
The variable $input is of type array 
-----------------------
23-02-2019 23:17:22.30235[4][4] - Elapsed time: 0.016 milliseconds
[parse_aiml_as_XML.php][implode_recursive][185]
Imploding complete. Returning 'Seu nome foi removido de nossa lista desculpe o inconveniente ' 
-----------------------
23-02-2019 23:17:22.30236[4][4] - Elapsed time: 0.016 milliseconds
[parse_aiml.php][clean_that][251]
Cleaning up the ~THAT~ tag: 'Seu nome foi removido de nossa lista desculpe o inconveniente ' 
-----------------------
23-02-2019 23:17:22.30238[4][4] - Elapsed time: 0.013 milliseconds
[misc_functions.php][normalize_text][125]
Begin normalization - text = 'Seu nome foi removido de nossa lista desculpe o inconveniente ' 
-----------------------
23-02-2019 23:17:22.30241[4][4] - Elapsed time: 0.037 milliseconds
[misc_functions.php][normalize_text][150]
Normalization complete. Text = 'SEU NOME FOI REMOVIDO DE NOSSA LISTA DESCULPE O INCONVENIENTE' 
-----------------------
23-02-2019 23:17:22.30242[4][4] - Elapsed time: 0.009 milliseconds
[parse_aiml.php][clean_that][258]
Cleaning Complete. output = 'SEU NOME FOI REMOVIDO DE NOSSA LISTA DESCULPE O INCONVENIENTE' 
-----------------------
23-02-2019 23:17:22.30243[2][4] - Elapsed time: 0.010 milliseconds
[intialise_conversation.php][push_on_front_convoArr][226]
Pushing 'SEU NOME FOI REMOVIDO DE NOSSA LISTA DESCULPE O INCONVENIENTE' to the front of the [that] array 
-----------------------
23-02-2019 23:17:22.30245[4][4] - Elapsed time: 0.023 milliseconds
[intialise_conversation.php][load_blank_array_element][62]
Loading blank that array 
-----------------------
23-02-2019 23:17:22.30251[4][4] - Elapsed time: 0.054 milliseconds
[parse_aiml.php][clean_that][251]
Cleaning up the ~THAT~ tag: 'SEU NOME FOI REMOVIDO DE NOSSA LISTA DESCULPE O INCONVENIENTE' 
-----------------------
23-02-2019 23:17:22.30253[4][4] - Elapsed time: 0.016 milliseconds
[misc_functions.php][normalize_text][125]
Begin normalization - text = 'SEU NOME FOI REMOVIDO DE NOSSA LISTA DESCULPE O INCONVENIENTE' 
-----------------------
23-02-2019 23:17:22.30258[4][4] - Elapsed time: 0.059 milliseconds
[misc_functions.php][normalize_text][150]
Normalization complete. Text = 'SEU NOME FOI REMOVIDO DE NOSSA LISTA DESCULPE O INCONVENIENTE' 
-----------------------
23-02-2019 23:17:22.30262[4][4] - Elapsed time: 0.035 milliseconds
[parse_aiml.php][clean_that][258]
Cleaning Complete. output = 'SEU NOME FOI REMOVIDO DE NOSSA LISTA DESCULPE O INCONVENIENTE' 
-----------------------
23-02-2019 23:17:22.30267[4][4] - Elapsed time: 0.051 milliseconds
[intialise_conversation.php][load_that][835]
Loading previous user inputs into the ~INPUT~ array. 
-----------------------
23-02-2019 23:17:22.30269[2][4] - Elapsed time: 0.023 milliseconds
[parse_aiml_as_XML.php][implode_recursive][137]
Imploding an array into a string. (recursively, if necessary) 
-----------------------
23-02-2019 23:17:22.30271[2][4] - Elapsed time: 0.016 milliseconds
[parse_aiml_as_XML.php][implode_recursive][138]
Input: Array
(
    [0] => sair
)

 
-----------------------
23-02-2019 23:17:22.30272[4][4] - Elapsed time: 0.009 milliseconds
[parse_aiml_as_XML.php][implode_recursive][155]
The variable $input is of type array 
-----------------------
23-02-2019 23:17:22.30273[4][4] - Elapsed time: 0.013 milliseconds
[parse_aiml_as_XML.php][implode_recursive][185]
Imploding complete. Returning 'sair' 
-----------------------
23-02-2019 23:17:22.30274[4][4] - Elapsed time: 0.008 milliseconds
[parse_aiml.php][clean_that][251]
Cleaning up the ~THAT~ tag: 'sair' 
-----------------------
23-02-2019 23:17:22.30275[4][4] - Elapsed time: 0.012 milliseconds
[misc_functions.php][normalize_text][125]
Begin normalization - text = 'sair' 
-----------------------
23-02-2019 23:17:22.30277[4][4] - Elapsed time: 0.019 milliseconds
[misc_functions.php][normalize_text][150]
Normalization complete. Text = 'SAIR' 
-----------------------
23-02-2019 23:17:22.30278[4][4] - Elapsed time: 0.009 milliseconds
[parse_aiml.php][clean_that][258]
Cleaning Complete. output = 'SAIR' 
-----------------------
23-02-2019 23:17:22.30279[2][4] - Elapsed time: 0.011 milliseconds
[intialise_conversation.php][push_on_front_convoArr][226]
Pushing 'SAIR' to the front of the [input] array 
-----------------------
23-02-2019 23:17:22.30280[4][4] - Elapsed time: 0.011 milliseconds
[intialise_conversation.php][load_blank_array_element][62]
Loading blank input array 
-----------------------
23-02-2019 23:17:22.30383[2][4] - Elapsed time: 1.033 milliseconds
[intialise_conversation.php][load_bot_config][343]
Loading config data for the current bot. 
-----------------------
23-02-2019 23:17:22.30386[3][4] - Elapsed time: 0.028 milliseconds
[intialise_conversation.php][load_bot_config][352]
load bot config SQL: SELECT * FROM `devncom_net_iaoficial`.`bots` WHERE bot_id = 1; 
-----------------------
23-02-2019 23:17:22.30409[4][4] - Elapsed time: 0.231 milliseconds
[intialise_conversation.php][load_bot_config][357]
Loading bot details from the database. 
-----------------------
23-02-2019 23:17:22.30412[0][4] - Elapsed time: 0.023 milliseconds
[conversation_start.php][Called outside of function][224]
Default debug level = 4 
-----------------------
23-02-2019 23:17:22.30413[0][4] - Elapsed time: 0.010 milliseconds
[conversation_start.php][Called outside of function][226]
Current debug level = 4 
-----------------------
23-02-2019 23:17:22.30414[0][4] - Elapsed time: 0.017 milliseconds
[conversation_start.php][Called outside of function][239]
Say = SAIR: raw say = sair 
-----------------------
23-02-2019 23:17:22.30415[4][4] - Elapsed time: 0.011 milliseconds
[intialise_conversation.php][add_new_conversation_vars][184]
New conversation vars 
-----------------------
23-02-2019 23:17:22.30416[2][4] - Elapsed time: 0.010 milliseconds
[intialise_conversation.php][push_on_front_convoArr][226]
Pushing 'SAIR' to the front of the [user_say] array 
-----------------------
23-02-2019 23:17:22.30418[4][4] - Elapsed time: 0.015 milliseconds
[intialise_conversation.php][load_blank_array_element][62]
Loading blank user_say array 
-----------------------
23-02-2019 23:17:22.30420[0][4] - Elapsed time: 0.018 milliseconds
[intialise_conversation.php][add_new_conversation_vars][188]
User RAW = sair, RAW say = sair 
-----------------------
23-02-2019 23:17:22.30421[2][4] - Elapsed time: 0.010 milliseconds
[intialise_conversation.php][push_on_front_convoArr][226]
Pushing 'sair' to the front of the [input] array 
-----------------------
23-02-2019 23:17:22.30422[4][4] - Elapsed time: 0.017 milliseconds
[make_conversation.php][make_conversation][22]
Making conversation 
-----------------------
23-02-2019 23:17:22.30424[4][4] - Elapsed time: 0.013 milliseconds
[misc_functions.php][normalize_text][125]
Begin normalization - text = 'SAIR' 
-----------------------
23-02-2019 23:17:22.30426[4][4] - Elapsed time: 0.023 milliseconds
[misc_functions.php][normalize_text][150]
Normalization complete. Text = 'SAIR' 
-----------------------
23-02-2019 23:17:22.30427[4][4] - Elapsed time: 0.014 milliseconds
[find_aiml.php][get_aiml_to_parse][909]
Running all functions to get the correct aiml from the DB 
-----------------------
23-02-2019 23:17:22.30449[4][4] - Elapsed time: 0.214 milliseconds
[find_aiml.php][find_userdefined_aiml][821]
Looking for user defined responses 
-----------------------
23-02-2019 23:17:22.30453[3][4] - Elapsed time: 0.045 milliseconds
[find_aiml.php][find_userdefined_aiml][870]
User defined SQL:
SELECT `id`, `bot_id`, `pattern`, `thatpattern`, `template` FROM `devncom_net_iaoficial`.`aiml_userdefined` WHERE
    `bot_id` = 1 AND
    `user_id` = +554195797990
    AND (
        'SAIR' LIKE (REPLACE(REPLACE(`pattern`, '*', '%'), '_', '%'))
        OR 'SEU NOME FOI REMOVIDO DE NOSSA LISTA DESCULPE O INCONVENIENTE' LIKE (REPLACE(REPLACE(`thatpattern`, '*', '%'), '_', '%')))
   ORDER BY `id` ASC, `pattern` ASC, `thatpattern` ASC; 
-----------------------
23-02-2019 23:17:22.30470[2][4] - Elapsed time: 0.163 milliseconds
[find_aiml.php][find_userdefined_aiml][896]
User defined rows found: '0' 
-----------------------
23-02-2019 23:17:22.30472[4][4] - Elapsed time: 0.021 milliseconds
[find_aiml.php][find_aiml_matches][975]
Finding the aiml matches from the DB 
-----------------------
23-02-2019 23:17:22.30473[4][4] - Elapsed time: 0.010 milliseconds
[find_aiml.php][find_aiml_matches][981]
Bot ID = 1. Bot Parent ID = 1. 
-----------------------
23-02-2019 23:17:22.30494[4][4] - Elapsed time: 0.215 milliseconds
[find_aiml.php][find_aiml_matches][992]
Stored topic = '' 
-----------------------
23-02-2019 23:17:22.30498[3][4] - Elapsed time: 0.036 milliseconds
[find_aiml.php][find_aiml_matches][1052]
Core Match AIML sql:
SELECT `id`, `bot_id`, `pattern`, `thatpattern`, `topic`, `filename`, `template` FROM `devncom_net_iaoficial`.`aiml` WHERE
    bot_id = 1 AND (
        'SAIR' LIKE (REPLACE(REPLACE(`pattern`, '*', '%'), '_', '%'))
        OR 'SEU NOME FOI REMOVIDO DE NOSSA LISTA DESCULPE O INCONVENIENTE' LIKE (REPLACE(REPLACE(`thatpattern`, '*', '%'), '_', '%'))
        OR `pattern` LIKE 'LINHA DE RECOLHA ALEATÓRIA2'
    )
    # ORDER BY `id` ASC, `topic` DESC, `pattern` ASC, `thatpattern` ASC; 
-----------------------
23-02-2019 23:17:22.30516[3][4] - Elapsed time: 0.182 milliseconds
[find_aiml.php][find_aiml_matches][1054]
Query Process time... 
-----------------------
23-02-2019 23:17:22.30518[2][4] - Elapsed time: 0.019 milliseconds
[find_aiml.php][find_aiml_matches][1061]
FOUND: (1) potential AIML matches 
-----------------------
23-02-2019 23:17:22.30539[1][4] - Elapsed time: 0.206 milliseconds
[find_aiml.php][unset_all_bad_pattern_matches][35]
Current THAT = SEU NOME FOI REMOVIDO DE NOSSA LISTA DESCULPE O INCONVENIENTE 
-----------------------
23-02-2019 23:17:22.30541[4][4] - Elapsed time: 0.024 milliseconds
[find_aiml.php][unset_all_bad_pattern_matches][48]
NEW FUNC Searching through 1 rows to unset bad matches 
-----------------------
23-02-2019 23:17:22.30542[4][4] - Elapsed time: 0.011 milliseconds
[find_aiml.php][unset_all_bad_pattern_matches][62]
Blue 5 to Blue leader. Starting my run now! Looking for 'SAIR' 
-----------------------
23-02-2019 23:17:22.30550[4][4] - Elapsed time: 0.076 milliseconds
[find_aiml.php][unset_all_bad_pattern_matches][195]
Found 1 relevant rows 
-----------------------
23-02-2019 23:17:22.30552[4][4] - Elapsed time: 0.023 milliseconds
[find_aiml.php][score_matches][255]
Scoring the matches. 
-----------------------
23-02-2019 23:17:22.30596[4][4] - Elapsed time: 0.444 milliseconds
[find_aiml.php][score_matches][548]
Sorted array $allrows:
Array
(
    [0] => Array
        (
            [id] => 791
            [bot_id] => 1
            [pattern] => *SAIR*
            [thatpattern] => 
            [topic] => 
            [filename] => admin_added.aiml
            [template] => Seu nome foi removido de nossa lista, desculpe o inconveniente.
            [score] => 259
            [current_that] => seu nome foi removido de nossa lista desculpe o inconveniente
            [aiml_id] => 791
            [track_score] => current bot (250 points), no thatpattern to match (1 point), uncommon word match: *sair* (8 points)
        )

)
 
-----------------------
23-02-2019 23:17:22.30603[2][4] - Elapsed time: 0.071 milliseconds
[find_aiml.php][get_highest_scoring_row][642]
Final candidates:

Array
(
    [0] => Array
        (
            [id] => 791
            [bot_id] => 1
            [pattern] => *SAIR*
            [thatpattern] => 
            [topic] => 
            [filename] => admin_added.aiml
            [template] => Seu nome foi removido de nossa lista, desculpe o inconveniente.
            [score] => 259
            [current_that] => seu nome foi removido de nossa lista desculpe o inconveniente
            [aiml_id] => 791
            [track_score] => current bot (250 points), no thatpattern to match (1 point), uncommon word match: *sair* (8 points)
        )

)

 
-----------------------
23-02-2019 23:17:22.30671[4][4] - Elapsed time: 0.672 milliseconds
[find_aiml.php][get_highest_scoring_row][697]
Best Response: Array
(
    [id] => 791
    [bot_id] => 1
    [pattern] => *SAIR*
    [thatpattern] => 
    [topic] => 
    [filename] => admin_added.aiml
    [template] => Seu nome foi removido de nossa lista, desculpe o inconveniente.
    [score] => 259
    [current_that] => seu nome foi removido de nossa lista desculpe o inconveniente
    [aiml_id] => 791
    [track_score] => current bot (250 points), no thatpattern to match (1 point), uncommon word match: *sair* (8 points)
)
 
-----------------------
23-02-2019 23:17:22.30673[2][4] - Elapsed time: 0.019 milliseconds
[find_aiml.php][get_highest_scoring_row][698]
No results found, so none to pick from. 
-----------------------
23-02-2019 23:17:22.30683[4][4] - Elapsed time: 0.108 milliseconds
[find_aiml.php][get_aiml_to_parse][960]
Will be parsing id:791 (*SAIR*) 
-----------------------
23-02-2019 23:17:22.30687[3][4] - Elapsed time: 0.034 milliseconds
[parse_aiml.php][parse_matched_aiml][213]
Run the aiml parse in normal mode (normal or srai) 
-----------------------
23-02-2019 23:17:22.30689[2][4] - Elapsed time: 0.018 milliseconds
[parse_aiml.php][set_wildcards][297]
Setting Wildcards. Pattern = '*SAIR*' 
-----------------------
23-02-2019 23:17:22.30691[2][4] - Elapsed time: 0.025 milliseconds
[parse_aiml.php][set_wildcards][306]
We have pattern stars to process! 
-----------------------
23-02-2019 23:17:22.30692[2][4] - Elapsed time: 0.012 milliseconds
[parse_aiml.php][set_wildcards][310]
RegEx string = ~(.+)SAIR(.+)$~siuU: Searching sair for a match. 
-----------------------
23-02-2019 23:17:22.30695[2][4] - Elapsed time: 0.028 milliseconds
[parse_aiml.php][set_wildcards][324]
Something is not right here. 
-----------------------
23-02-2019 23:17:22.30696[4][4] - Elapsed time: 0.011 milliseconds
[parse_aiml.php][set_wildcards][329]
Checking for wildcards in pattern-side THAT 
-----------------------
23-02-2019 23:17:22.30697[4][4] - Elapsed time: 0.011 milliseconds
[parse_aiml.php][set_wildcards][361]
Checking for wildcards in pattern-side TOPIC 
-----------------------
23-02-2019 23:17:22.30700[2][4] - Elapsed time: 0.027 milliseconds
[parse_aiml.php][set_wildcards][394]
AIML array now = Array
(
    [aiml_id] => 791
    [category_id] => 791
    [html_template] => 
    [lookingfor] => SAIR
    [pattern] => *SAIR*
    [score] => 259
    [stars] => Array
        (
        )

    [template] => Seu nome foi removido de nossa lista, desculpe o inconveniente.
    [thatpattern] => 
    [that_stars] => Array
        (
            [1] => 
        )

    [topic] => 
    [topic_stars] => Array
        (
        )

    [user_raw] => sair
)
 
-----------------------
23-02-2019 23:17:22.30701[2][4] - Elapsed time: 0.015 milliseconds
[parse_aiml_as_XML.php][parse_aiml_as_XML][22]
Parsing the AIML template as XML 
-----------------------
23-02-2019 23:17:22.30703[2][4] - Elapsed time: 0.012 milliseconds
[parse_aiml_as_XML.php][add_text_tags][93]
Adding some TEXT tags into the template, just because I can... 
-----------------------
23-02-2019 23:17:22.30706[4][4] - Elapsed time: 0.034 milliseconds
[parse_aiml_as_XML.php][add_text_tags][120]
Returning template:
<template><text>Seu nome foi removido de nossa lista, desculpe o inconveniente.</text></template> 
-----------------------
23-02-2019 23:17:22.30727[2][4] - Elapsed time: 0.209 milliseconds
[parse_aiml_as_XML.php][parseTemplateRecursive][201]
Recursively parsing the AIML template. 
-----------------------
23-02-2019 23:17:22.30735[4][4] - Elapsed time: 0.085 milliseconds
[parse_aiml_as_XML.php][parseTemplateRecursive][214]
Processing element template at level 0. element XML = <?xml version="1.0"?>
<template><text>Seu nome foi removido de nossa lista, desculpe o inconveniente.</text></template>
 
-----------------------
23-02-2019 23:17:22.30745[4][4] - Elapsed time: 0.092 milliseconds
[parse_aiml_as_XML.php][parseTemplateRecursive][242]
function parse_template_tag does not exist. Parsing tag as text. 
-----------------------
23-02-2019 23:17:22.30749[2][4] - Elapsed time: 0.043 milliseconds
[parse_aiml_as_XML.php][parseTemplateRecursive][201]
Recursively parsing the AIML template. 
-----------------------
23-02-2019 23:17:22.30752[4][4] - Elapsed time: 0.035 milliseconds
[parse_aiml_as_XML.php][parseTemplateRecursive][214]
Processing element text at level 1. element XML = <text>Seu nome foi removido de nossa lista, desculpe o inconveniente.</text> 
-----------------------
23-02-2019 23:17:22.30754[4][4] - Elapsed time: 0.016 milliseconds
[parse_aiml_as_XML.php][parseTemplateRecursive][225]
Function parse_text_tag does exist. Processing now. 
-----------------------
23-02-2019 23:17:22.30755[4][4] - Elapsed time: 0.012 milliseconds
[parse_aiml_as_XML.php][parseTemplateRecursive][229]
Passing element text to the parse_text_tag function 
-----------------------
23-02-2019 23:17:22.30756[2][4] - Elapsed time: 0.011 milliseconds
[parse_aiml_as_XML.php][parse_text_tag][281]
Parsing a TEXT tag. 
-----------------------
23-02-2019 23:17:22.30757[4][4] - Elapsed time: 0.011 milliseconds
[parse_aiml_as_XML.php][parseTemplateRecursive][234]
Adding 'Seu nome foi removido de nossa lista, desculpe o inconveniente.' to the response array. tag name is text 
-----------------------
23-02-2019 23:17:22.30759[2][4] - Elapsed time: 0.013 milliseconds
[parse_aiml_as_XML.php][implode_recursive][137]
Imploding an array into a string. (recursively, if necessary) 
-----------------------
23-02-2019 23:17:22.30761[2][4] - Elapsed time: 0.022 milliseconds
[parse_aiml_as_XML.php][implode_recursive][138]
Input: Array
(
    [0] => Seu nome foi removido de nossa lista, desculpe o inconveniente.
)

 
-----------------------
23-02-2019 23:17:22.30762[4][4] - Elapsed time: 0.012 milliseconds
[parse_aiml_as_XML.php][implode_recursive][155]
The variable $input is of type array 
-----------------------
23-02-2019 23:17:22.30764[4][4] - Elapsed time: 0.015 milliseconds
[parse_aiml_as_XML.php][implode_recursive][185]
Imploding complete. Returning 'Seu nome foi removido de nossa lista, desculpe o inconveniente.' 
-----------------------
23-02-2019 23:17:22.30765[4][4] - Elapsed time: 0.011 milliseconds
[parse_aiml_as_XML.php][parseTemplateRecursive][262]
Adding 'Seu nome foi removido de nossa lista, desculpe o inconveniente.' to the response array. tag name is template. 
-----------------------
23-02-2019 23:17:22.30766[2][4] - Elapsed time: 0.017 milliseconds
[parse_aiml_as_XML.php][implode_recursive][137]
Imploding an array into a string. (recursively, if necessary) 
-----------------------
23-02-2019 23:17:22.30767[2][4] - Elapsed time: 0.011 milliseconds
[parse_aiml_as_XML.php][implode_recursive][138]
Input: Array
(
    [0] => Seu nome foi removido de nossa lista, desculpe o inconveniente.
)

 
-----------------------
23-02-2019 23:17:22.30768[4][4] - Elapsed time: 0.010 milliseconds
[parse_aiml_as_XML.php][implode_recursive][155]
The variable $input is of type array 
-----------------------
23-02-2019 23:17:22.30770[4][4] - Elapsed time: 0.012 milliseconds
[parse_aiml_as_XML.php][implode_recursive][185]
Imploding complete. Returning 'Seu nome foi removido de nossa lista, desculpe o inconveniente.' 
-----------------------
23-02-2019 23:17:22.30771[4][4] - Elapsed time: 0.013 milliseconds
[parse_aiml_as_XML.php][parse_aiml_as_XML][47]
Completed parsing the template. The bot will say: Seu nome foi removido de nossa lista, desculpe o inconveniente. 
-----------------------
23-02-2019 23:17:22.30773[4][4] - Elapsed time: 0.017 milliseconds
[parse_aiml.php][parse_matched_aiml][227]
normal - Saving for next turn 
-----------------------
23-02-2019 23:17:22.30774[4][4] - Elapsed time: 0.011 milliseconds
[parse_aiml.php][save_for_nextturn][271]
Saving that and that_raw for next turn 
-----------------------
23-02-2019 23:17:22.30775[2][4] - Elapsed time: 0.011 milliseconds
[intialise_conversation.php][push_on_front_convoArr][226]
Pushing 'Seu nome foi removido de nossa lista, desculpe o inconveniente.' to the front of the [that_raw] array 
-----------------------
23-02-2019 23:17:22.30777[4][4] - Elapsed time: 0.020 milliseconds
[intialise_conversation.php][load_blank_array_element][62]
Loading blank that_raw array 
-----------------------
23-02-2019 23:17:22.30780[2][4] - Elapsed time: 0.035 milliseconds
[intialise_conversation.php][push_on_front_convoArr][226]
Pushing 'Seu nome foi removido de nossa lista, desculpe o inconveniente.' to the front of the [that] array 
-----------------------
23-02-2019 23:17:22.30784[4][4] - Elapsed time: 0.032 milliseconds
[parse_aiml.php][clean_that][251]
Cleaning up the ~THAT~ tag: 'Seu nome foi removido de nossa lista, desculpe o inconveniente.' 
-----------------------
23-02-2019 23:17:22.30785[4][4] - Elapsed time: 0.014 milliseconds
[misc_functions.php][normalize_text][125]
Begin normalization - text = 'Seu nome foi removido de nossa lista, desculpe o inconveniente.' 
-----------------------
23-02-2019 23:17:22.30789[4][4] - Elapsed time: 0.038 milliseconds
[misc_functions.php][normalize_text][150]
Normalization complete. Text = 'SEU NOME FOI REMOVIDO DE NOSSA LISTA DESCULPE O INCONVENIENTE' 
-----------------------
23-02-2019 23:17:22.30790[4][4] - Elapsed time: 0.012 milliseconds
[parse_aiml.php][clean_that][258]
Cleaning Complete. output = 'SEU NOME FOI REMOVIDO DE NOSSA LISTA DESCULPE O INCONVENIENTE' 
-----------------------
23-02-2019 23:17:22.30792[2][4] - Elapsed time: 0.020 milliseconds
[intialise_conversation.php][push_on_front_convoArr][226]
Pushing 'Seu nome foi removido de nossa lista, desculpe o inconveniente.' to the front of the [parsed_template] array 
-----------------------
23-02-2019 23:17:22.30794[4][4] - Elapsed time: 0.018 milliseconds
[intialise_conversation.php][load_blank_array_element][62]
Loading blank parsed_template array 
-----------------------
23-02-2019 23:17:22.30796[2][4] - Elapsed time: 0.019 milliseconds
[intialise_conversation.php][push_on_front_convoArr][226]
Pushing 'Seu nome foi removido de nossa lista, desculpe o inconveniente.' to the front of the [template] array 
-----------------------
23-02-2019 23:17:22.30797[4][4] - Elapsed time: 0.016 milliseconds
[intialise_conversation.php][load_blank_array_element][62]
Loading blank template array 
-----------------------
23-02-2019 23:17:22.30800[2][4] - Elapsed time: 0.030 milliseconds
[intialise_conversation.php][log_conversation][403]
Saving the conversation to the DB. 
-----------------------
23-02-2019 23:17:22.30803[3][4] - Elapsed time: 0.027 milliseconds
[intialise_conversation.php][log_conversation][442]
Saving conservation SQL: INSERT INTO `devncom_net_iaoficial`.`conversation_log` (
      `id` ,
      `input` ,
      `response` ,
      `user_id` ,
      `convo_id` ,
      `bot_id` ,
      `timestamp`
    )
    VALUES (
      NULL ,
      'sair',
      'Seu nome foi removido de nossa lista, desculpe o inconveniente.',
      188,
      +554195797990,
      1,
      CURRENT_TIMESTAMP
    ) 
-----------------------
23-02-2019 23:17:22.31070[4][4] - Elapsed time: 2.673 milliseconds
[intialise_conversation.php][write_to_session][140]
Saving to session 
-----------------------
23-02-2019 23:17:22.31085[3][4] - Elapsed time: 0.152 milliseconds
[display_conversation.php][get_conversation_to_display][59]
get_conversation SQL: SELECT * FROM `devncom_net_iaoficial`.`conversation_log` WHERE
        `user_id` = :user_id
        AND `bot_id` = :bot_id
        AND `convo_id` = :convo_id
        ORDER BY id DESC  LIMIT 1 
-----------------------
23-02-2019 23:17:22.31104[2][4] - Elapsed time: 0.185 milliseconds
[display_conversation.php][get_conversation_to_display][77]
Found '1' lines of conversation 
-----------------------
23-02-2019 23:17:22.31106[4][4] - Elapsed time: 0.021 milliseconds
[display_conversation.php][get_conversation][92]
Processing conversation as html 
-----------------------
23-02-2019 23:17:22.31108[4][4] - Elapsed time: 0.024 milliseconds
[display_conversation.php][get_html][135]
Returning HTML 
-----------------------
23-02-2019 23:17:22.31198[2][4] - Elapsed time: 0.898 milliseconds
[conversation_start.php][Called outside of function][264]
Closing Database 
-----------------------
23-02-2019 23:17:22.31202[0][4] - Elapsed time: 0.035 milliseconds
[conversation_start.php][Called outside of function][270]
Conversation Ending. Elapsed time: 17.132 milliseconds. 
-----------------------
Debug Level: 4
-----------------------
Debug Mode: 1
-----------------------
CONVERSATION ARRAY
-----------------------
Array
(
    [say] => sair
    [conversation] => Array
        (
            [convo_id] => +554195797990
            [bot_name] => Net Bot
            [bot_id] => 1
            [format] => html
            [unknown_user] => Entrou
            [user_name] => Entrou
            [user_id] => 188
            [totallines] => 1
            [rawSay] => sair
            [conversation_lines] => 1
            [remember_up_to] => 10
            [debugemail] => contato@devn1.com.br
            [debug_level] => 4
            [debugmode] => 1
            [save_state] => database
            [default_aiml_pattern] => LINHA DE RECOLHA ALEATÓRIA2
            [bot_parent_id] => 1
            [aimlData] => Array
                (
                    [id] => 791
                    [bot_id] => 1
                    [pattern] => *SAIR*
                    [thatpattern] => 
                    [topic] => 
                    [filename] => admin_added.aiml
                    [template] => Seu nome foi removido de nossa lista, desculpe o inconveniente.
                    [score] => 259
                    [current_that] => seu nome foi removido de nossa lista desculpe o inconveniente
                    [aiml_id] => 791
                    [track_score] => current bot (250 points), no thatpattern to match (1 point), uncommon word match: *sair* (8 points)
                )

        )

    [aiml] => Array
        (
            [user_raw] => sair
            [lookingfor] => SAIR
            [category_id] => 791
            [pattern] => *SAIR*
            [thatpattern] => 
            [template] => Seu nome foi removido de nossa lista, desculpe o inconveniente.
            [html_template] => 
            [topic] => 
            [score] => 259
            [aiml_id] => 791
            [stars] => Array
                (
                )

            [that_stars] => Array
                (
                    [1] => 
                )

            [topic_stars] => Array
                (
                )

            [parsed_template] => Seu nome foi removido de nossa lista, desculpe o inconveniente.
        )

    [client_properties] => Array
        (
            [ip_address] => 138.204.25.246
            [name] => Entrou
        )

    [raw_that] => Array
        (
            [1] => Array
                (
                    [0] => Seu nome foi removido de nossa lista, desculpe o inconveniente
                    [1] => 
                )

        )

    [that] => Array
        (
            [1] => Array
                (
                    [1] => SEU NOME FOI REMOVIDO DE NOSSA LISTA DESCULPE O INCONVENIENTE
                )

            [2] => Array
                (
                    [1] => SEU NOME FOI REMOVIDO DE NOSSA LISTA DESCULPE O INCONVENIENTE
                )

            [3] => 
            [4] => 
            [5] => 
            [6] => 
            [7] => 
            [8] => 
            [9] => 
            [10] => 
            [12] => 
        )

    [input] => Array
        (
            [1] => sair
            [2] => SAIR
            [3] => 
            [4] => 
            [5] => 
            [6] => 
            [7] => 
            [8] => 
            [9] => 
            [10] => 
        )

    [time_start] => 1550963842.2949
    [user_say] => Array
        (
            [1] => SAIR
            [2] => 
            [3] => 
            [4] => 
            [5] => 
            [6] => 
            [7] => 
            [8] => 
            [9] => 
            [10] => 
        )

    [that_raw] => Array
        (
            [1] => Array
                (
                    [1] => 
                    [2] => Seu nome foi removido de nossa lista, desculpe o inconveniente.
                )

            [2] => 
            [3] => 
            [4] => 
            [5] => 
            [6] => 
            [7] => 
            [8] => 
            [9] => 
            [10] => 
            [12] => 
        )

    [parsed_template] => Array
        (
            [1] => Seu nome foi removido de nossa lista, desculpe o inconveniente.
            [2] => 
            [3] => 
            [4] => 
            [5] => 
            [6] => 
            [7] => 
            [8] => 
            [9] => 
            [10] => 
        )

    [template] => Array
        (
            [1] => Seu nome foi removido de nossa lista, desculpe o inconveniente.
            [2] => 
            [3] => 
            [4] => 
            [5] => 
            [6] => 
            [7] => 
            [8] => 
            [9] => 
            [10] => 
        )

    [send_to_user] => <div class="usersay">Entrou: sair</div><div class="botsay">Net Bot: Seu nome foi removido de nossa lista, desculpe o inconveniente.</div>
)

-----------------------
Total execution time: 17.132 Milliseconds. Goodbye.