23-02-2019 23:03:35.14553[0][4] - Elapsed time: 1.423 milliseconds
[conversation_start.php][Called outside of function][60]
Conversation starting. Current system specs:
Program O version:            2.6.11
Server Software:              Apache
PHP Version:                  5.6.40
OS:                           Linux
OS Version:                   #1 SMP Wed Sep 26 15:12:11 UTC 2018
MySQL Version:                5.7.25
Multi-byte functions enabled: true 
-----------------------
23-02-2019 23:03:35.14585[4][4] - Elapsed time: 0.319 milliseconds
[load_aimlfunctions.php][Called outside of function][16]
AIML function include files loaded 
-----------------------
23-02-2019 23:03:35.14608[4][4] - Elapsed time: 0.231 milliseconds
[load_convofunctions.php][Called outside of function][16]
Convofunction include files loaded 
-----------------------
23-02-2019 23:03:35.14616[4][4] - Elapsed time: 0.078 milliseconds
[load_userfunctions.php][Called outside of function][14]
userfunctions include files loaded 
-----------------------
23-02-2019 23:03:35.14657[4][4] - Elapsed time: 0.409 milliseconds
[load_addons.php][Called outside of function][19]
Loading addons 
-----------------------
23-02-2019 23:03:35.14658[4][4] - Elapsed time: 0.013 milliseconds
[conversation_start.php][Called outside of function][73]
Loaded all Includes 
-----------------------
23-02-2019 23:03:35.14674[0][4] - Elapsed time: 0.157 milliseconds
[conversation_start.php][Called outside of function][126]
Debug level: 4
session ID = +554197228135 
-----------------------
23-02-2019 23:03:35.14675[4][4] - Elapsed time: 0.011 milliseconds
[conversation_start.php][Called outside of function][129]
Conversation continuing. User said 'Só vou quando tem Toa toa ❤'. 
-----------------------
23-02-2019 23:03:35.14681[4][4] - Elapsed time: 0.059 milliseconds
[intialise_conversation.php][read_from_session][155]
Reading from session 
-----------------------
23-02-2019 23:03:35.14683[4][4] - Elapsed time: 0.017 milliseconds
[intialise_conversation.php][load_default_bot_values][110]
Loading db bot personality properties 
-----------------------
23-02-2019 23:03:35.14685[3][4] - Elapsed time: 0.024 milliseconds
[intialise_conversation.php][load_default_bot_values][118]
load db bot personality values SQL: SELECT * FROM `devncom_net_iaoficial`.`botpersonality` WHERE `bot_id` = 1; 
-----------------------
23-02-2019 23:03:35.14713[4][4] - Elapsed time: 0.275 milliseconds
[intialise_conversation.php][check_set_convo_id][643]
Obtaining the convo id from form vars. Value: +554197228135 
-----------------------
23-02-2019 23:03:35.14716[2][4] - Elapsed time: 0.032 milliseconds
[intialise_conversation.php][check_set_bot][581]
Checking and/or setting the current bot. 
-----------------------
23-02-2019 23:03:35.14717[3][4] - Elapsed time: 0.017 milliseconds
[intialise_conversation.php][check_set_bot][599]
Making sure the bot exists. SQL = SELECT * FROM `devncom_net_iaoficial`.`bots` WHERE bot_id = 1 AND `bot_active` = 1; 
-----------------------
23-02-2019 23:03:35.14739[2][4] - Elapsed time: 0.213 milliseconds
[intialise_conversation.php][check_set_bot][616]
BOT ID: 1 
-----------------------
23-02-2019 23:03:35.14741[2][4] - Elapsed time: 0.024 milliseconds
[intialise_conversation.php][check_set_user][672]
Checking and setting the user info, as needed. 
-----------------------
23-02-2019 23:03:35.14763[2][4] - Elapsed time: 0.219 milliseconds
[handle_user.php][intisaliseUser][82]
Initializing user. 
-----------------------
23-02-2019 23:03:35.14784[3][4] - Elapsed time: 0.207 milliseconds
[handle_user.php][intisaliseUser][128]
intisaliseUser #190 SQL: INSERT INTO `users`
        (`id`, `user_name`, `session_id`, `bot_id`, `chatlines`,`ip`, `referer`, `browser`, `date_logged_on` , `last_update`    , `state`)
 VALUES (NULL, 'Entrou'  , +554197228135   , 1 , '0'        , '138.204.25.246', 'http://devn1.com/clientes/golden/atualiza/bot/envia/svr3mv2.php'      , 'Mozilla/5.0 (Linux; U; Android 4.0.4; en-gb; GT-P3113 Build/IMM76D) AppleWebKit/534.30 (KHTML, like Gecko) Version/4.0 Safari/534.30'      , CURRENT_TIMESTAMP, CURRENT_TIMESTAMP, ''     ); 
-----------------------
23-02-2019 23:03:35.14797[3][4] - Elapsed time: 0.132 milliseconds
[intialise_conversation.php][check_set_user][705]
Loading client properties from the DB - sql:
SELECT `name`, `value` FROM `devncom_net_iaoficial`.`client_properties` WHERE `user_id` = 190 AND `bot_id` = 1; 
-----------------------
23-02-2019 23:03:35.14817[2][4] - Elapsed time: 0.197 milliseconds
[spell_checker.php][run_spell_checker_say][36]
Starting function and setting timestamp. 
-----------------------
23-02-2019 23:03:35.14824[2][4] - Elapsed time: 0.069 milliseconds
[spell_checker.php][spell_check][60]
Preforming a spel chek on Só. 
-----------------------
23-02-2019 23:03:35.14826[2][4] - Elapsed time: 0.027 milliseconds
[spell_checker.php][load_spelling_list][117]
Loading the spellcheck list from the DB. 
-----------------------
23-02-2019 23:03:35.14887[2][4] - Elapsed time: 0.612 milliseconds
[spell_checker.php][spell_check][60]
Preforming a spel chek on  . 
-----------------------
23-02-2019 23:03:35.14895[2][4] - Elapsed time: 0.071 milliseconds
[spell_checker.php][spell_check][60]
Preforming a spel chek on vou. 
-----------------------
23-02-2019 23:03:35.14901[2][4] - Elapsed time: 0.063 milliseconds
[spell_checker.php][spell_check][60]
Preforming a spel chek on  . 
-----------------------
23-02-2019 23:03:35.14907[2][4] - Elapsed time: 0.060 milliseconds
[spell_checker.php][spell_check][60]
Preforming a spel chek on quando. 
-----------------------
23-02-2019 23:03:35.14914[2][4] - Elapsed time: 0.070 milliseconds
[spell_checker.php][spell_check][60]
Preforming a spel chek on  . 
-----------------------
23-02-2019 23:03:35.14920[2][4] - Elapsed time: 0.059 milliseconds
[spell_checker.php][spell_check][60]
Preforming a spel chek on tem. 
-----------------------
23-02-2019 23:03:35.14926[2][4] - Elapsed time: 0.061 milliseconds
[spell_checker.php][spell_check][60]
Preforming a spel chek on  . 
-----------------------
23-02-2019 23:03:35.14932[2][4] - Elapsed time: 0.059 milliseconds
[spell_checker.php][spell_check][60]
Preforming a spel chek on Toa. 
-----------------------
23-02-2019 23:03:35.14938[2][4] - Elapsed time: 0.066 milliseconds
[spell_checker.php][spell_check][60]
Preforming a spel chek on  . 
-----------------------
23-02-2019 23:03:35.14944[2][4] - Elapsed time: 0.061 milliseconds
[spell_checker.php][spell_check][60]
Preforming a spel chek on toa. 
-----------------------
23-02-2019 23:03:35.14951[2][4] - Elapsed time: 0.065 milliseconds
[spell_checker.php][spell_check][60]
Preforming a spel chek on  . 
-----------------------
23-02-2019 23:03:35.14957[2][4] - Elapsed time: 0.059 milliseconds
[spell_checker.php][spell_check][60]
Preforming a spel chek on ❤. 
-----------------------
23-02-2019 23:03:35.14965[4][4] - Elapsed time: 0.083 milliseconds
[misc_functions.php][normalize_text][125]
Begin normalization - text = 'Só vou quando tem Toa toa ❤' 
-----------------------
23-02-2019 23:03:35.14975[4][4] - Elapsed time: 0.102 milliseconds
[misc_functions.php][normalize_text][150]
Normalization complete. Text = 'SÓ VOU QUANDO TEM TOA TOA ❤' 
-----------------------
23-02-2019 23:03:35.14978[2][4] - Elapsed time: 0.023 milliseconds
[conversation_start.php][Called outside of function][204]
Details:
User say: SÓ VOU QUANDO TEM TOA TOA ❤
Convo id: +554197228135
Bot id: 1
Format: html 
-----------------------
23-02-2019 23:03:35.14980[4][4] - Elapsed time: 0.027 milliseconds
[intialise_conversation.php][check_set_format][752]
Using format: html 
-----------------------
23-02-2019 23:03:35.14982[2][4] - Elapsed time: 0.019 milliseconds
[intialise_conversation.php][load_that][769]
Loading the THAT array. 
-----------------------
23-02-2019 23:03:35.14985[3][4] - Elapsed time: 0.027 milliseconds
[intialise_conversation.php][load_that][784]
Getting conversation log entries for the current user. SQL:
SELECT `input`, `response` FROM `devncom_net_iaoficial`.`conversation_log` WHERE `user_id` = 190 AND `bot_id` = 1 ORDER BY `id` DESC limit 10; 
-----------------------
23-02-2019 23:03:35.15233[4][4] - Elapsed time: 2.486 milliseconds
[intialise_conversation.php][load_that][856]
Couldn't find any previous inputs or responses. 
-----------------------
23-02-2019 23:03:35.15346[2][4] - Elapsed time: 1.123 milliseconds
[intialise_conversation.php][load_bot_config][343]
Loading config data for the current bot. 
-----------------------
23-02-2019 23:03:35.15348[3][4] - Elapsed time: 0.024 milliseconds
[intialise_conversation.php][load_bot_config][352]
load bot config SQL: SELECT * FROM `devncom_net_iaoficial`.`bots` WHERE bot_id = 1; 
-----------------------
23-02-2019 23:03:35.15371[4][4] - Elapsed time: 0.226 milliseconds
[intialise_conversation.php][load_bot_config][357]
Loading bot details from the database. 
-----------------------
23-02-2019 23:03:35.15373[0][4] - Elapsed time: 0.023 milliseconds
[conversation_start.php][Called outside of function][224]
Default debug level = 4 
-----------------------
23-02-2019 23:03:35.15374[0][4] - Elapsed time: 0.010 milliseconds
[conversation_start.php][Called outside of function][226]
Current debug level = 4 
-----------------------
23-02-2019 23:03:35.15376[0][4] - Elapsed time: 0.015 milliseconds
[conversation_start.php][Called outside of function][239]
Say = SÓ VOU QUANDO TEM TOA TOA ❤: raw say = Só vou quando tem Toa toa ❤ 
-----------------------
23-02-2019 23:03:35.15377[4][4] - Elapsed time: 0.011 milliseconds
[intialise_conversation.php][add_new_conversation_vars][184]
New conversation vars 
-----------------------
23-02-2019 23:03:35.15378[2][4] - Elapsed time: 0.017 milliseconds
[intialise_conversation.php][push_on_front_convoArr][226]
Pushing 'SÓ VOU QUANDO TEM TOA TOA ❤' to the front of the [user_say] array 
-----------------------
23-02-2019 23:03:35.15382[4][4] - Elapsed time: 0.031 milliseconds
[intialise_conversation.php][load_blank_array_element][62]
Loading blank user_say array 
-----------------------
23-02-2019 23:03:35.15386[0][4] - Elapsed time: 0.045 milliseconds
[intialise_conversation.php][add_new_conversation_vars][188]
User RAW = Só vou quando tem Toa toa ❤, RAW say = Só vou quando tem Toa toa ❤ 
-----------------------
23-02-2019 23:03:35.15387[2][4] - Elapsed time: 0.011 milliseconds
[intialise_conversation.php][push_on_front_convoArr][226]
Pushing 'Só vou quando tem Toa toa ❤' to the front of the [input] array 
-----------------------
23-02-2019 23:03:35.15388[4][4] - Elapsed time: 0.013 milliseconds
[intialise_conversation.php][load_blank_array_element][62]
Loading blank input array 
-----------------------
23-02-2019 23:03:35.15391[4][4] - Elapsed time: 0.024 milliseconds
[make_conversation.php][make_conversation][22]
Making conversation 
-----------------------
23-02-2019 23:03:35.15393[4][4] - Elapsed time: 0.023 milliseconds
[misc_functions.php][normalize_text][125]
Begin normalization - text = 'SÓ VOU QUANDO TEM TOA TOA ❤' 
-----------------------
23-02-2019 23:03:35.15396[4][4] - Elapsed time: 0.034 milliseconds
[misc_functions.php][normalize_text][150]
Normalization complete. Text = 'SÓ VOU QUANDO TEM TOA TOA ❤' 
-----------------------
23-02-2019 23:03:35.15398[4][4] - Elapsed time: 0.013 milliseconds
[find_aiml.php][get_aiml_to_parse][909]
Running all functions to get the correct aiml from the DB 
-----------------------
23-02-2019 23:03:35.15419[4][4] - Elapsed time: 0.214 milliseconds
[find_aiml.php][find_userdefined_aiml][821]
Looking for user defined responses 
-----------------------
23-02-2019 23:03:35.15423[3][4] - Elapsed time: 0.040 milliseconds
[find_aiml.php][find_userdefined_aiml][870]
User defined SQL:
SELECT `id`, `bot_id`, `pattern`, `thatpattern`, `template` FROM `devncom_net_iaoficial`.`aiml_userdefined` WHERE
    `bot_id` = 1 AND
    `user_id` = +554197228135
    AND (
        'SÓ VOU QUANDO TEM TOA TOA ❤' LIKE (REPLACE(REPLACE(`pattern`, '*', '%'), '_', '%')))
   ORDER BY `id` ASC, `pattern` ASC, `thatpattern` ASC; 
-----------------------
23-02-2019 23:03:35.15438[2][4] - Elapsed time: 0.144 milliseconds
[find_aiml.php][find_userdefined_aiml][896]
User defined rows found: '0' 
-----------------------
23-02-2019 23:03:35.15441[4][4] - Elapsed time: 0.029 milliseconds
[find_aiml.php][find_aiml_matches][975]
Finding the aiml matches from the DB 
-----------------------
23-02-2019 23:03:35.15442[4][4] - Elapsed time: 0.011 milliseconds
[find_aiml.php][find_aiml_matches][981]
Bot ID = 1. Bot Parent ID = 1. 
-----------------------
23-02-2019 23:03:35.15462[4][4] - Elapsed time: 0.200 milliseconds
[find_aiml.php][find_aiml_matches][992]
Stored topic = '' 
-----------------------
23-02-2019 23:03:35.15465[3][4] - Elapsed time: 0.037 milliseconds
[find_aiml.php][find_aiml_matches][1052]
Core Match AIML sql:
SELECT `id`, `bot_id`, `pattern`, `thatpattern`, `topic`, `filename`, `template` FROM `devncom_net_iaoficial`.`aiml` WHERE
    bot_id = 1 AND (
        'SÓ VOU QUANDO TEM TOA TOA ❤' LIKE (REPLACE(REPLACE(`pattern`, '*', '%'), '_', '%'))
        OR `pattern` LIKE 'LINHA DE RECOLHA ALEATÓRIA2'
    )
    # ORDER BY `id` ASC, `topic` DESC, `pattern` ASC, `thatpattern` ASC; 
-----------------------
23-02-2019 23:03:35.15483[3][4] - Elapsed time: 0.176 milliseconds
[find_aiml.php][find_aiml_matches][1054]
Query Process time... 
-----------------------
23-02-2019 23:03:35.15485[1][4] - Elapsed time: 0.018 milliseconds
[find_aiml.php][find_aiml_matches][1082]
Error: FOUND NO AIML matches in DB. 
-----------------------
23-02-2019 23:03:35.15486[4][4] - Elapsed time: 0.016 milliseconds
[find_aiml.php][get_convo_var][727]
Get from ConvoArr [conversation][default_aiml_pattern][1][1] 
-----------------------
23-02-2019 23:03:35.15488[4][4] - Elapsed time: 0.014 milliseconds
[find_aiml.php][get_convo_var][757]
Get from ConvoArr [conversation][default_aiml_pattern][1][1] FOUND: ConvoArr Value = 'LINHA DE RECOLHA ALEATÓRIA2' 
-----------------------
23-02-2019 23:03:35.15511[2][4] - Elapsed time: 0.233 milliseconds
[misc_functions.php][addUnknownInput][232]
Entry successfully added! 
-----------------------
23-02-2019 23:03:35.15513[1][4] - Elapsed time: 0.018 milliseconds
[find_aiml.php][find_aiml_matches][1084]
Added input 'SÓ VOU QUANDO TEM TOA TOA ❤' to the unknown_inputs table. 
-----------------------
23-02-2019 23:03:35.15533[4][4] - Elapsed time: 0.201 milliseconds
[find_aiml.php][unset_all_bad_pattern_matches][48]
NEW FUNC Searching through 1 rows to unset bad matches 
-----------------------
23-02-2019 23:03:35.15535[1][4] - Elapsed time: 0.017 milliseconds
[find_aiml.php][unset_all_bad_pattern_matches][56]
Returning error as no results where found 
-----------------------
23-02-2019 23:03:35.15541[4][4] - Elapsed time: 0.064 milliseconds
[find_aiml.php][score_matches][255]
Scoring the matches. 
-----------------------
23-02-2019 23:03:35.15585[4][4] - Elapsed time: 0.442 milliseconds
[find_aiml.php][score_matches][548]
Sorted array $allrows:
Array
(
    [0] => Array
        (
            [aiml_id] => -1
            [bot_id] => 1
            [pattern] => no results
            [thatpattern] => 
            [template] => SEM RESPOSTA
            [topic] => 
            [score] => 261
            [track_score] => current bot (250 points), no thatpattern to match (1 point), common word match: no (1 points), uncommon word match: results (8 points)
        )

)
 
-----------------------
23-02-2019 23:03:35.15590[2][4] - Elapsed time: 0.048 milliseconds
[find_aiml.php][get_highest_scoring_row][642]
Final candidates:

Array
(
    [0] => Array
        (
            [aiml_id] => -1
            [bot_id] => 1
            [pattern] => no results
            [thatpattern] => 
            [template] => SEM RESPOSTA
            [topic] => 
            [score] => 261
            [track_score] => current bot (250 points), no thatpattern to match (1 point), common word match: no (1 points), uncommon word match: results (8 points)
        )

)

 
-----------------------
23-02-2019 23:03:35.15649[4][4] - Elapsed time: 0.585 milliseconds
[find_aiml.php][get_highest_scoring_row][697]
Best Response: Array
(
    [aiml_id] => -1
    [bot_id] => 1
    [pattern] => no results
    [thatpattern] => 
    [template] => SEM RESPOSTA
    [topic] => 
    [score] => 261
    [track_score] => current bot (250 points), no thatpattern to match (1 point), common word match: no (1 points), uncommon word match: results (8 points)
)
 
-----------------------
23-02-2019 23:03:35.15650[2][4] - Elapsed time: 0.016 milliseconds
[find_aiml.php][get_highest_scoring_row][698]
No results found, so none to pick from. 
-----------------------
23-02-2019 23:03:35.15658[4][4] - Elapsed time: 0.084 milliseconds
[find_aiml.php][get_aiml_to_parse][960]
Will be parsing id:-1 (no results) 
-----------------------
23-02-2019 23:03:35.15661[3][4] - Elapsed time: 0.024 milliseconds
[parse_aiml.php][parse_matched_aiml][213]
Run the aiml parse in normal mode (normal or srai) 
-----------------------
23-02-2019 23:03:35.15663[2][4] - Elapsed time: 0.020 milliseconds
[parse_aiml.php][set_wildcards][297]
Setting Wildcards. Pattern = 'no results' 
-----------------------
23-02-2019 23:03:35.15664[4][4] - Elapsed time: 0.013 milliseconds
[parse_aiml.php][set_wildcards][329]
Checking for wildcards in pattern-side THAT 
-----------------------
23-02-2019 23:03:35.15665[4][4] - Elapsed time: 0.012 milliseconds
[parse_aiml.php][set_wildcards][361]
Checking for wildcards in pattern-side TOPIC 
-----------------------
23-02-2019 23:03:35.15668[2][4] - Elapsed time: 0.026 milliseconds
[parse_aiml.php][set_wildcards][394]
AIML array now = Array
(
    [aiml_id] => -1
    [html_template] => 
    [lookingfor] => SÓ VOU QUANDO TEM TOA TOA ❤
    [pattern] => no results
    [score] => 261
    [stars] => Array
        (
        )

    [template] => SEM RESPOSTA
    [thatpattern] => 
    [that_stars] => Array
        (
            [1] => 
        )

    [topic] => 
    [topic_stars] => Array
        (
        )

    [user_raw] => Só vou quando tem Toa toa ❤
)
 
-----------------------
23-02-2019 23:03:35.15669[2][4] - Elapsed time: 0.014 milliseconds
[parse_aiml_as_XML.php][parse_aiml_as_XML][22]
Parsing the AIML template as XML 
-----------------------
23-02-2019 23:03:35.15671[2][4] - Elapsed time: 0.013 milliseconds
[parse_aiml_as_XML.php][add_text_tags][93]
Adding some TEXT tags into the template, just because I can... 
-----------------------
23-02-2019 23:03:35.15675[4][4] - Elapsed time: 0.042 milliseconds
[parse_aiml_as_XML.php][add_text_tags][120]
Returning template:
<template><text>SEM RESPOSTA</text></template> 
-----------------------
23-02-2019 23:03:35.15695[2][4] - Elapsed time: 0.199 milliseconds
[parse_aiml_as_XML.php][parseTemplateRecursive][201]
Recursively parsing the AIML template. 
-----------------------
23-02-2019 23:03:35.15703[4][4] - Elapsed time: 0.077 milliseconds
[parse_aiml_as_XML.php][parseTemplateRecursive][214]
Processing element template at level 0. element XML = <?xml version="1.0"?>
<template><text>SEM RESPOSTA</text></template>
 
-----------------------
23-02-2019 23:03:35.15708[4][4] - Elapsed time: 0.052 milliseconds
[parse_aiml_as_XML.php][parseTemplateRecursive][242]
function parse_template_tag does not exist. Parsing tag as text. 
-----------------------
23-02-2019 23:03:35.15710[2][4] - Elapsed time: 0.021 milliseconds
[parse_aiml_as_XML.php][parseTemplateRecursive][201]
Recursively parsing the AIML template. 
-----------------------
23-02-2019 23:03:35.15712[4][4] - Elapsed time: 0.024 milliseconds
[parse_aiml_as_XML.php][parseTemplateRecursive][214]
Processing element text at level 1. element XML = <text>SEM RESPOSTA</text> 
-----------------------
23-02-2019 23:03:35.15714[4][4] - Elapsed time: 0.013 milliseconds
[parse_aiml_as_XML.php][parseTemplateRecursive][225]
Function parse_text_tag does exist. Processing now. 
-----------------------
23-02-2019 23:03:35.15715[4][4] - Elapsed time: 0.011 milliseconds
[parse_aiml_as_XML.php][parseTemplateRecursive][229]
Passing element text to the parse_text_tag function 
-----------------------
23-02-2019 23:03:35.15716[2][4] - Elapsed time: 0.010 milliseconds
[parse_aiml_as_XML.php][parse_text_tag][281]
Parsing a TEXT tag. 
-----------------------
23-02-2019 23:03:35.15717[4][4] - Elapsed time: 0.012 milliseconds
[parse_aiml_as_XML.php][parseTemplateRecursive][234]
Adding 'SEM RESPOSTA' to the response array. tag name is text 
-----------------------
23-02-2019 23:03:35.15718[2][4] - Elapsed time: 0.014 milliseconds
[parse_aiml_as_XML.php][implode_recursive][137]
Imploding an array into a string. (recursively, if necessary) 
-----------------------
23-02-2019 23:03:35.15719[2][4] - Elapsed time: 0.012 milliseconds
[parse_aiml_as_XML.php][implode_recursive][138]
Input: Array
(
    [0] => SEM RESPOSTA
)

 
-----------------------
23-02-2019 23:03:35.15720[4][4] - Elapsed time: 0.010 milliseconds
[parse_aiml_as_XML.php][implode_recursive][155]
The variable $input is of type array 
-----------------------
23-02-2019 23:03:35.15722[4][4] - Elapsed time: 0.015 milliseconds
[parse_aiml_as_XML.php][implode_recursive][185]
Imploding complete. Returning 'SEM RESPOSTA' 
-----------------------
23-02-2019 23:03:35.15723[4][4] - Elapsed time: 0.012 milliseconds
[parse_aiml_as_XML.php][parseTemplateRecursive][262]
Adding 'SEM RESPOSTA' to the response array. tag name is template. 
-----------------------
23-02-2019 23:03:35.15725[2][4] - Elapsed time: 0.015 milliseconds
[parse_aiml_as_XML.php][implode_recursive][137]
Imploding an array into a string. (recursively, if necessary) 
-----------------------
23-02-2019 23:03:35.15726[2][4] - Elapsed time: 0.011 milliseconds
[parse_aiml_as_XML.php][implode_recursive][138]
Input: Array
(
    [0] => SEM RESPOSTA
)

 
-----------------------
23-02-2019 23:03:35.15727[4][4] - Elapsed time: 0.010 milliseconds
[parse_aiml_as_XML.php][implode_recursive][155]
The variable $input is of type array 
-----------------------
23-02-2019 23:03:35.15728[4][4] - Elapsed time: 0.011 milliseconds
[parse_aiml_as_XML.php][implode_recursive][185]
Imploding complete. Returning 'SEM RESPOSTA' 
-----------------------
23-02-2019 23:03:35.15729[4][4] - Elapsed time: 0.012 milliseconds
[parse_aiml_as_XML.php][parse_aiml_as_XML][47]
Completed parsing the template. The bot will say: SEM RESPOSTA 
-----------------------
23-02-2019 23:03:35.15731[4][4] - Elapsed time: 0.016 milliseconds
[parse_aiml.php][parse_matched_aiml][227]
normal - Saving for next turn 
-----------------------
23-02-2019 23:03:35.15732[4][4] - Elapsed time: 0.010 milliseconds
[parse_aiml.php][save_for_nextturn][271]
Saving that and that_raw for next turn 
-----------------------
23-02-2019 23:03:35.15733[2][4] - Elapsed time: 0.011 milliseconds
[intialise_conversation.php][push_on_front_convoArr][226]
Pushing 'SEM RESPOSTA' to the front of the [that_raw] array 
-----------------------
23-02-2019 23:03:35.15734[4][4] - Elapsed time: 0.017 milliseconds
[intialise_conversation.php][load_blank_array_element][62]
Loading blank that_raw array 
-----------------------
23-02-2019 23:03:35.15739[2][4] - Elapsed time: 0.050 milliseconds
[intialise_conversation.php][push_on_front_convoArr][226]
Pushing 'SEM RESPOSTA' to the front of the [that] array 
-----------------------
23-02-2019 23:03:35.15741[4][4] - Elapsed time: 0.016 milliseconds
[intialise_conversation.php][load_blank_array_element][62]
Loading blank that array 
-----------------------
23-02-2019 23:03:35.15743[4][4] - Elapsed time: 0.021 milliseconds
[parse_aiml.php][clean_that][251]
Cleaning up the ~THAT~ tag: 'SEM RESPOSTA' 
-----------------------
23-02-2019 23:03:35.15744[4][4] - Elapsed time: 0.013 milliseconds
[misc_functions.php][normalize_text][125]
Begin normalization - text = 'SEM RESPOSTA' 
-----------------------
23-02-2019 23:03:35.15747[4][4] - Elapsed time: 0.023 milliseconds
[misc_functions.php][normalize_text][150]
Normalization complete. Text = 'SEM RESPOSTA' 
-----------------------
23-02-2019 23:03:35.15748[4][4] - Elapsed time: 0.013 milliseconds
[parse_aiml.php][clean_that][258]
Cleaning Complete. output = 'SEM RESPOSTA' 
-----------------------
23-02-2019 23:03:35.15750[2][4] - Elapsed time: 0.019 milliseconds
[intialise_conversation.php][push_on_front_convoArr][226]
Pushing 'SEM RESPOSTA' to the front of the [parsed_template] array 
-----------------------
23-02-2019 23:03:35.15751[4][4] - Elapsed time: 0.014 milliseconds
[intialise_conversation.php][load_blank_array_element][62]
Loading blank parsed_template array 
-----------------------
23-02-2019 23:03:35.15753[2][4] - Elapsed time: 0.017 milliseconds
[intialise_conversation.php][push_on_front_convoArr][226]
Pushing 'SEM RESPOSTA' to the front of the [template] array 
-----------------------
23-02-2019 23:03:35.15754[4][4] - Elapsed time: 0.014 milliseconds
[intialise_conversation.php][load_blank_array_element][62]
Loading blank template array 
-----------------------
23-02-2019 23:03:35.15757[2][4] - Elapsed time: 0.027 milliseconds
[intialise_conversation.php][log_conversation][403]
Saving the conversation to the DB. 
-----------------------
23-02-2019 23:03:35.15761[3][4] - Elapsed time: 0.042 milliseconds
[intialise_conversation.php][log_conversation][442]
Saving conservation SQL: INSERT INTO `devncom_net_iaoficial`.`conversation_log` (
      `id` ,
      `input` ,
      `response` ,
      `user_id` ,
      `convo_id` ,
      `bot_id` ,
      `timestamp`
    )
    VALUES (
      NULL ,
      'Só vou quando tem Toa toa ❤',
      'SEM RESPOSTA',
      190,
      +554197228135,
      1,
      CURRENT_TIMESTAMP
    ) 
-----------------------
23-02-2019 23:03:35.15920[4][4] - Elapsed time: 1.586 milliseconds
[intialise_conversation.php][write_to_session][140]
Saving to session 
-----------------------
23-02-2019 23:03:35.15937[3][4] - Elapsed time: 0.175 milliseconds
[display_conversation.php][get_conversation_to_display][59]
get_conversation SQL: SELECT * FROM `devncom_net_iaoficial`.`conversation_log` WHERE
        `user_id` = :user_id
        AND `bot_id` = :bot_id
        AND `convo_id` = :convo_id
        ORDER BY id DESC  LIMIT 1 
-----------------------
23-02-2019 23:03:35.15956[2][4] - Elapsed time: 0.185 milliseconds
[display_conversation.php][get_conversation_to_display][77]
Found '1' lines of conversation 
-----------------------
23-02-2019 23:03:35.15958[4][4] - Elapsed time: 0.022 milliseconds
[display_conversation.php][get_conversation][92]
Processing conversation as html 
-----------------------
23-02-2019 23:03:35.15962[4][4] - Elapsed time: 0.035 milliseconds
[display_conversation.php][get_html][135]
Returning HTML 
-----------------------
23-02-2019 23:03:35.16051[2][4] - Elapsed time: 0.893 milliseconds
[conversation_start.php][Called outside of function][264]
Closing Database 
-----------------------
23-02-2019 23:03:35.16054[0][4] - Elapsed time: 0.035 milliseconds
[conversation_start.php][Called outside of function][270]
Conversation Ending. Elapsed time: 16.420 milliseconds. 
-----------------------
Debug Level: 4
-----------------------
Debug Mode: 1
-----------------------
CONVERSATION ARRAY
-----------------------
Array
(
    [say] => Só vou quando tem Toa toa ❤
    [conversation] => Array
        (
            [convo_id] => +554197228135
            [bot_name] => Net Bot
            [bot_id] => 1
            [format] => html
            [unknown_user] => Entrou
            [user_id] => 190
            [totallines] => 1
            [user_name] => Entrou
            [rawSay] => Só vou quando tem Toa toa ❤
            [conversation_lines] => 1
            [remember_up_to] => 10
            [debugemail] => contato@devn1.com.br
            [debug_level] => 4
            [debugmode] => 1
            [save_state] => database
            [default_aiml_pattern] => LINHA DE RECOLHA ALEATÓRIA2
            [bot_parent_id] => 1
            [aimlData] => Array
                (
                    [aiml_id] => -1
                    [bot_id] => 1
                    [pattern] => no results
                    [thatpattern] => 
                    [template] => SEM RESPOSTA
                    [topic] => 
                    [score] => 261
                    [track_score] => current bot (250 points), no thatpattern to match (1 point), common word match: no (1 points), uncommon word match: results (8 points)
                )

        )

    [aiml] => Array
        (
            [user_raw] => Só vou quando tem Toa toa ❤
            [lookingfor] => SÓ VOU QUANDO TEM TOA TOA ❤
            [pattern] => no results
            [thatpattern] => 
            [template] => SEM RESPOSTA
            [html_template] => 
            [topic] => 
            [score] => 261
            [aiml_id] => -1
            [stars] => Array
                (
                )

            [that_stars] => Array
                (
                    [1] => 
                )

            [topic_stars] => Array
                (
                )

            [parsed_template] => SEM RESPOSTA
        )

    [client_properties] => Array
        (
            [ip_address] => 138.204.25.246
            [name] => Entrou
        )

    [time_start] => 1550963015.1441
    [user_say] => Array
        (
            [1] => SÓ VOU QUANDO TEM TOA TOA ❤
            [2] => 
            [3] => 
            [4] => 
            [5] => 
            [6] => 
            [7] => 
            [8] => 
            [9] => 
            [10] => 
        )

    [input] => Array
        (
            [1] => Só vou quando tem Toa toa ❤
            [2] => 
            [3] => 
            [4] => 
            [5] => 
            [6] => 
            [7] => 
            [8] => 
            [9] => 
            [10] => 
        )

    [that_raw] => Array
        (
            [1] => Array
                (
                    [1] => 
                    [2] => SEM RESPOSTA
                )

            [2] => 
            [3] => 
            [4] => 
            [5] => 
            [6] => 
            [7] => 
            [8] => 
            [9] => 
            [10] => 
            [12] => 
        )

    [that] => Array
        (
            [1] => Array
                (
                    [1] => SEM RESPOSTA
                )

            [2] => 
            [3] => 
            [4] => 
            [5] => 
            [6] => 
            [7] => 
            [8] => 
            [9] => 
            [10] => 
            [12] => 
        )

    [parsed_template] => Array
        (
            [1] => SEM RESPOSTA
            [2] => 
            [3] => 
            [4] => 
            [5] => 
            [6] => 
            [7] => 
            [8] => 
            [9] => 
            [10] => 
        )

    [template] => Array
        (
            [1] => SEM RESPOSTA
            [2] => 
            [3] => 
            [4] => 
            [5] => 
            [6] => 
            [7] => 
            [8] => 
            [9] => 
            [10] => 
        )

    [send_to_user] => <div class="usersay">Entrou: Só vou quando tem Toa toa ❤</div><div class="botsay">Net Bot: SEM RESPOSTA</div>
)

-----------------------
Total execution time: 16.420 Milliseconds. Goodbye.