21-02-2019 03:52:49.23440[0][4] - Elapsed time: 1.653 milliseconds
[conversation_start.php][Called outside of function][59]
Conversation starting. Current system specs:
Program O version:            2.6.11
Server Software:              Apache
PHP Version:                  5.6.40
OS:                           Linux
OS Version:                   #1 SMP Wed Sep 26 15:12:11 UTC 2018
MySQL Version:                5.7.25
Multi-byte functions enabled: true 
-----------------------
21-02-2019 03:52:49.23472[4][4] - Elapsed time: 0.321 milliseconds
[load_aimlfunctions.php][Called outside of function][16]
AIML function include files loaded 
-----------------------
21-02-2019 03:52:49.23489[4][4] - Elapsed time: 0.167 milliseconds
[load_convofunctions.php][Called outside of function][16]
Convofunction include files loaded 
-----------------------
21-02-2019 03:52:49.23496[4][4] - Elapsed time: 0.070 milliseconds
[load_userfunctions.php][Called outside of function][14]
userfunctions include files loaded 
-----------------------
21-02-2019 03:52:49.23534[4][4] - Elapsed time: 0.380 milliseconds
[load_addons.php][Called outside of function][19]
Loading addons 
-----------------------
21-02-2019 03:52:49.23535[4][4] - Elapsed time: 0.013 milliseconds
[conversation_start.php][Called outside of function][72]
Loaded all Includes 
-----------------------
21-02-2019 03:52:49.23550[0][4] - Elapsed time: 0.147 milliseconds
[conversation_start.php][Called outside of function][125]
Debug level: 4
session ID = 4546545646544 
-----------------------
21-02-2019 03:52:49.23551[4][4] - Elapsed time: 0.012 milliseconds
[conversation_start.php][Called outside of function][128]
Conversation continuing. User said 'meuteste'. 
-----------------------
21-02-2019 03:52:49.23556[4][4] - Elapsed time: 0.047 milliseconds
[intialise_conversation.php][read_from_session][155]
Reading from session 
-----------------------
21-02-2019 03:52:49.23557[4][4] - Elapsed time: 0.013 milliseconds
[intialise_conversation.php][load_default_bot_values][110]
Loading db bot personality properties 
-----------------------
21-02-2019 03:52:49.23560[3][4] - Elapsed time: 0.026 milliseconds
[intialise_conversation.php][load_default_bot_values][118]
load db bot personality values SQL: SELECT * FROM `devncom_net_iaoficial`.`botpersonality` WHERE `bot_id` = 1; 
-----------------------
21-02-2019 03:52:49.23583[4][4] - Elapsed time: 0.231 milliseconds
[intialise_conversation.php][check_set_convo_id][643]
Obtaining the convo id from form vars. Value: 4546545646544 
-----------------------
21-02-2019 03:52:49.23585[2][4] - Elapsed time: 0.019 milliseconds
[intialise_conversation.php][check_set_bot][581]
Checking and/or setting the current bot. 
-----------------------
21-02-2019 03:52:49.23586[3][4] - Elapsed time: 0.011 milliseconds
[intialise_conversation.php][check_set_bot][599]
Making sure the bot exists. SQL = SELECT * FROM `devncom_net_iaoficial`.`bots` WHERE bot_id = 1 AND `bot_active` = 1; 
-----------------------
21-02-2019 03:52:49.23602[2][4] - Elapsed time: 0.163 milliseconds
[intialise_conversation.php][check_set_bot][616]
BOT ID: 1 
-----------------------
21-02-2019 03:52:49.23604[2][4] - Elapsed time: 0.018 milliseconds
[intialise_conversation.php][check_set_user][672]
Checking and setting the user info, as needed. 
-----------------------
21-02-2019 03:52:49.23622[3][4] - Elapsed time: 0.182 milliseconds
[intialise_conversation.php][check_set_user][705]
Loading client properties from the DB - sql:
SELECT `name`, `value` FROM `devncom_net_iaoficial`.`client_properties` WHERE `user_id` = 122 AND `bot_id` = 1; 
-----------------------
21-02-2019 03:52:49.23640[2][4] - Elapsed time: 0.182 milliseconds
[spell_checker.php][run_spell_checker_say][36]
Starting function and setting timestamp. 
-----------------------
21-02-2019 03:52:49.23646[2][4] - Elapsed time: 0.053 milliseconds
[spell_checker.php][spell_check][60]
Preforming a spel chek on meuteste. 
-----------------------
21-02-2019 03:52:49.23648[2][4] - Elapsed time: 0.020 milliseconds
[spell_checker.php][load_spelling_list][117]
Loading the spellcheck list from the DB. 
-----------------------
21-02-2019 03:52:49.23705[4][4] - Elapsed time: 0.569 milliseconds
[misc_functions.php][normalize_text][125]
Begin normalization - text = 'meuteste' 
-----------------------
21-02-2019 03:52:49.23715[4][4] - Elapsed time: 0.100 milliseconds
[misc_functions.php][normalize_text][150]
Normalization complete. Text = 'MEUTESTE' 
-----------------------
21-02-2019 03:52:49.23716[2][4] - Elapsed time: 0.018 milliseconds
[conversation_start.php][Called outside of function][203]
Details:
User say: MEUTESTE
Convo id: 4546545646544
Bot id: 1
Format: html 
-----------------------
21-02-2019 03:52:49.23719[4][4] - Elapsed time: 0.028 milliseconds
[intialise_conversation.php][check_set_format][752]
Using format: html 
-----------------------
21-02-2019 03:52:49.23721[2][4] - Elapsed time: 0.012 milliseconds
[intialise_conversation.php][load_that][769]
Loading the THAT array. 
-----------------------
21-02-2019 03:52:49.23722[3][4] - Elapsed time: 0.015 milliseconds
[intialise_conversation.php][load_that][784]
Getting conversation log entries for the current user. SQL:
SELECT `input`, `response` FROM `devncom_net_iaoficial`.`conversation_log` WHERE `user_id` = 122 AND `bot_id` = 1 ORDER BY `id` DESC limit 10; 
-----------------------
21-02-2019 03:52:49.23900[1][4] - Elapsed time: 1.780 milliseconds
[intialise_conversation.php][load_that][804]
Inputs returned:Array
(
    [0] => meuteste
)
 
-----------------------
21-02-2019 03:52:49.23902[4][4] - Elapsed time: 0.024 milliseconds
[intialise_conversation.php][load_that][805]
Loading previous responses into the ~THAT~ array. 
-----------------------
21-02-2019 03:52:49.23904[1][4] - Elapsed time: 0.012 milliseconds
[intialise_conversation.php][load_that][806]
Responses returned:Array
(
    [0] => SEM RESPOSTA
)
 
-----------------------
21-02-2019 03:52:49.23907[2][4] - Elapsed time: 0.034 milliseconds
[parse_aiml_as_XML.php][implode_recursive][137]
Imploding an array into a string. (recursively, if necessary) 
-----------------------
21-02-2019 03:52:49.23908[2][4] - Elapsed time: 0.013 milliseconds
[parse_aiml_as_XML.php][implode_recursive][138]
Input: Array
(
    [0] => SEM RESPOSTA
)

 
-----------------------
21-02-2019 03:52:49.23909[4][4] - Elapsed time: 0.010 milliseconds
[parse_aiml_as_XML.php][implode_recursive][155]
The variable $input is of type array 
-----------------------
21-02-2019 03:52:49.23911[4][4] - Elapsed time: 0.021 milliseconds
[parse_aiml_as_XML.php][implode_recursive][185]
Imploding complete. Returning 'SEM RESPOSTA' 
-----------------------
21-02-2019 03:52:49.23913[4][4] - Elapsed time: 0.020 milliseconds
[parse_aiml.php][clean_that][251]
Cleaning up the ~THAT~ tag: 'SEM RESPOSTA' 
-----------------------
21-02-2019 03:52:49.23916[4][4] - Elapsed time: 0.021 milliseconds
[misc_functions.php][normalize_text][125]
Begin normalization - text = 'SEM RESPOSTA' 
-----------------------
21-02-2019 03:52:49.23919[4][4] - Elapsed time: 0.036 milliseconds
[misc_functions.php][normalize_text][150]
Normalization complete. Text = 'SEM RESPOSTA' 
-----------------------
21-02-2019 03:52:49.23920[4][4] - Elapsed time: 0.009 milliseconds
[parse_aiml.php][clean_that][258]
Cleaning Complete. output = 'SEM RESPOSTA' 
-----------------------
21-02-2019 03:52:49.23921[2][4] - Elapsed time: 0.011 milliseconds
[intialise_conversation.php][push_on_front_convoArr][226]
Pushing 'SEM RESPOSTA' to the front of the [that] array 
-----------------------
21-02-2019 03:52:49.23923[4][4] - Elapsed time: 0.023 milliseconds
[intialise_conversation.php][load_blank_array_element][62]
Loading blank that array 
-----------------------
21-02-2019 03:52:49.23928[4][4] - Elapsed time: 0.044 milliseconds
[parse_aiml.php][clean_that][251]
Cleaning up the ~THAT~ tag: 'SEM RESPOSTA' 
-----------------------
21-02-2019 03:52:49.23929[4][4] - Elapsed time: 0.010 milliseconds
[misc_functions.php][normalize_text][125]
Begin normalization - text = 'SEM RESPOSTA' 
-----------------------
21-02-2019 03:52:49.23931[4][4] - Elapsed time: 0.018 milliseconds
[misc_functions.php][normalize_text][150]
Normalization complete. Text = 'SEM RESPOSTA' 
-----------------------
21-02-2019 03:52:49.23931[4][4] - Elapsed time: 0.008 milliseconds
[parse_aiml.php][clean_that][258]
Cleaning Complete. output = 'SEM RESPOSTA' 
-----------------------
21-02-2019 03:52:49.23934[4][4] - Elapsed time: 0.021 milliseconds
[intialise_conversation.php][load_that][835]
Loading previous user inputs into the ~INPUT~ array. 
-----------------------
21-02-2019 03:52:49.23935[2][4] - Elapsed time: 0.014 milliseconds
[parse_aiml_as_XML.php][implode_recursive][137]
Imploding an array into a string. (recursively, if necessary) 
-----------------------
21-02-2019 03:52:49.23936[2][4] - Elapsed time: 0.012 milliseconds
[parse_aiml_as_XML.php][implode_recursive][138]
Input: Array
(
    [0] => meuteste
)

 
-----------------------
21-02-2019 03:52:49.23937[4][4] - Elapsed time: 0.008 milliseconds
[parse_aiml_as_XML.php][implode_recursive][155]
The variable $input is of type array 
-----------------------
21-02-2019 03:52:49.23938[4][4] - Elapsed time: 0.009 milliseconds
[parse_aiml_as_XML.php][implode_recursive][185]
Imploding complete. Returning 'meuteste' 
-----------------------
21-02-2019 03:52:49.23939[4][4] - Elapsed time: 0.008 milliseconds
[parse_aiml.php][clean_that][251]
Cleaning up the ~THAT~ tag: 'meuteste' 
-----------------------
21-02-2019 03:52:49.23939[4][4] - Elapsed time: 0.008 milliseconds 
[misc_functions.php][normalize_text][125]
Begin normalization - text = 'meuteste' 
-----------------------
21-02-2019 03:52:49.23941[4][4] - Elapsed time: 0.019 milliseconds
[misc_functions.php][normalize_text][150]
Normalization complete. Text = 'MEUTESTE' 
-----------------------
21-02-2019 03:52:49.23942[4][4] - Elapsed time: 0.008 milliseconds
[parse_aiml.php][clean_that][258]
Cleaning Complete. output = 'MEUTESTE' 
-----------------------
21-02-2019 03:52:49.23943[2][4] - Elapsed time: 0.008 milliseconds
[intialise_conversation.php][push_on_front_convoArr][226]
Pushing 'MEUTESTE' to the front of the [input] array 
-----------------------
21-02-2019 03:52:49.23944[4][4] - Elapsed time: 0.010 milliseconds
[intialise_conversation.php][load_blank_array_element][62]
Loading blank input array 
-----------------------
21-02-2019 03:52:49.24033[2][4] - Elapsed time: 0.896 milliseconds
[intialise_conversation.php][load_bot_config][343]
Loading config data for the current bot. 
-----------------------
21-02-2019 03:52:49.24036[3][4] - Elapsed time: 0.028 milliseconds
[intialise_conversation.php][load_bot_config][352]
load bot config SQL: SELECT * FROM `devncom_net_iaoficial`.`bots` WHERE bot_id = 1; 
-----------------------
21-02-2019 03:52:49.24062[4][4] - Elapsed time: 0.262 milliseconds
[intialise_conversation.php][load_bot_config][357]
Loading bot details from the database. 
-----------------------
21-02-2019 03:52:49.24065[0][4] - Elapsed time: 0.025 milliseconds
[conversation_start.php][Called outside of function][223]
Default debug level = 4 
-----------------------
21-02-2019 03:52:49.24066[0][4] - Elapsed time: 0.011 milliseconds
[conversation_start.php][Called outside of function][225]
Current debug level = 4 
-----------------------
21-02-2019 03:52:49.24068[0][4] - Elapsed time: 0.024 milliseconds
[conversation_start.php][Called outside of function][238]
Say = MEUTESTE: raw say = meuteste 
-----------------------
21-02-2019 03:52:49.24070[4][4] - Elapsed time: 0.012 milliseconds
[intialise_conversation.php][add_new_conversation_vars][184]
New conversation vars 
-----------------------
21-02-2019 03:52:49.24071[2][4] - Elapsed time: 0.012 milliseconds
[intialise_conversation.php][push_on_front_convoArr][226]
Pushing 'MEUTESTE' to the front of the [user_say] array 
-----------------------
21-02-2019 03:52:49.24073[4][4] - Elapsed time: 0.016 milliseconds
[intialise_conversation.php][load_blank_array_element][62]
Loading blank user_say array 
-----------------------
21-02-2019 03:52:49.24075[0][4] - Elapsed time: 0.024 milliseconds
[intialise_conversation.php][add_new_conversation_vars][188]
User RAW = meuteste, RAW say = meuteste 
-----------------------
21-02-2019 03:52:49.24076[2][4] - Elapsed time: 0.010 milliseconds
[intialise_conversation.php][push_on_front_convoArr][226]
Pushing 'meuteste' to the front of the [input] array 
-----------------------
21-02-2019 03:52:49.24078[4][4] - Elapsed time: 0.021 milliseconds
[make_conversation.php][make_conversation][22]
Making conversation 
-----------------------
21-02-2019 03:52:49.24079[4][4] - Elapsed time: 0.013 milliseconds
[misc_functions.php][normalize_text][125]
Begin normalization - text = 'MEUTESTE' 
-----------------------
21-02-2019 03:52:49.24082[4][4] - Elapsed time: 0.026 milliseconds
[misc_functions.php][normalize_text][150]
Normalization complete. Text = 'MEUTESTE' 
-----------------------
21-02-2019 03:52:49.24083[4][4] - Elapsed time: 0.014 milliseconds
[find_aiml.php][get_aiml_to_parse][909]
Running all functions to get the correct aiml from the DB 
-----------------------
21-02-2019 03:52:49.24103[4][4] - Elapsed time: 0.200 milliseconds
[find_aiml.php][find_userdefined_aiml][821]
Looking for user defined responses 
-----------------------
21-02-2019 03:52:49.24108[3][4] - Elapsed time: 0.042 milliseconds
[find_aiml.php][find_userdefined_aiml][870]
User defined SQL:
SELECT `id`, `bot_id`, `pattern`, `thatpattern`, `template` FROM `devncom_net_iaoficial`.`aiml_userdefined` WHERE
    `bot_id` = 1 AND
    `user_id` = 4546545646544
    AND (
        'MEUTESTE' LIKE (REPLACE(REPLACE(`pattern`, '*', '%'), '_', '%'))
        OR 'SEM RESPOSTA' LIKE (REPLACE(REPLACE(`thatpattern`, '*', '%'), '_', '%')))
   ORDER BY `id` ASC, `pattern` ASC, `thatpattern` ASC; 
-----------------------
21-02-2019 03:52:49.24124[2][4] - Elapsed time: 0.163 milliseconds
[find_aiml.php][find_userdefined_aiml][896]
User defined rows found: '0' 
-----------------------
21-02-2019 03:52:49.24126[4][4] - Elapsed time: 0.023 milliseconds
[find_aiml.php][find_aiml_matches][975]
Finding the aiml matches from the DB 
-----------------------
21-02-2019 03:52:49.24127[4][4] - Elapsed time: 0.011 milliseconds
[find_aiml.php][find_aiml_matches][981]
Bot ID = 1. Bot Parent ID = 1. 
-----------------------
21-02-2019 03:52:49.24143[4][4] - Elapsed time: 0.162 milliseconds
[find_aiml.php][find_aiml_matches][992]
Stored topic = '' 
-----------------------
21-02-2019 03:52:49.24147[3][4] - Elapsed time: 0.036 milliseconds
[find_aiml.php][find_aiml_matches][1052]
Core Match AIML sql:
SELECT `id`, `bot_id`, `pattern`, `thatpattern`, `topic`, `filename`, `template` FROM `devncom_net_iaoficial`.`aiml` WHERE
    bot_id = 1 AND (
        'MEUTESTE' LIKE (REPLACE(REPLACE(`pattern`, '*', '%'), '_', '%'))
        OR 'SEM RESPOSTA' LIKE (REPLACE(REPLACE(`thatpattern`, '*', '%'), '_', '%'))
        OR `pattern` LIKE 'LINHA DE RECOLHA ALEATÓRIA2'
    )
    # ORDER BY `id` ASC, `topic` DESC, `pattern` ASC, `thatpattern` ASC; 
-----------------------
21-02-2019 03:52:49.24172[3][4] - Elapsed time: 0.252 milliseconds
[find_aiml.php][find_aiml_matches][1054]
Query Process time... 
-----------------------
21-02-2019 03:52:49.24174[1][4] - Elapsed time: 0.018 milliseconds
[find_aiml.php][find_aiml_matches][1082]
Error: FOUND NO AIML matches in DB. 
-----------------------
21-02-2019 03:52:49.24176[4][4] - Elapsed time: 0.018 milliseconds
[find_aiml.php][get_convo_var][727]
Get from ConvoArr [conversation][default_aiml_pattern][1][1] 
-----------------------
21-02-2019 03:52:49.24177[4][4] - Elapsed time: 0.014 milliseconds
[find_aiml.php][get_convo_var][757]
Get from ConvoArr [conversation][default_aiml_pattern][1][1] FOUND: ConvoArr Value = 'LINHA DE RECOLHA ALEATÓRIA2' 
-----------------------
21-02-2019 03:52:49.24200[2][4] - Elapsed time: 0.230 milliseconds
[misc_functions.php][addUnknownInput][232]
Entry successfully added! 
-----------------------
21-02-2019 03:52:49.24202[1][4] - Elapsed time: 0.020 milliseconds
[find_aiml.php][find_aiml_matches][1084]
Added input 'MEUTESTE' to the unknown_inputs table. 
-----------------------
21-02-2019 03:52:49.24221[1][4] - Elapsed time: 0.190 milliseconds
[find_aiml.php][unset_all_bad_pattern_matches][35]
Current THAT = SEM RESPOSTA 
-----------------------
21-02-2019 03:52:49.24224[4][4] - Elapsed time: 0.025 milliseconds
[find_aiml.php][unset_all_bad_pattern_matches][48]
NEW FUNC Searching through 1 rows to unset bad matches 
-----------------------
21-02-2019 03:52:49.24225[1][4] - Elapsed time: 0.013 milliseconds
[find_aiml.php][unset_all_bad_pattern_matches][56]
Returning error as no results where found 
-----------------------
21-02-2019 03:52:49.24227[4][4] - Elapsed time: 0.016 milliseconds
[find_aiml.php][score_matches][255]
Scoring the matches. 
-----------------------
21-02-2019 03:52:49.24268[4][4] - Elapsed time: 0.411 milliseconds
[find_aiml.php][score_matches][548]
Sorted array $allrows:
Array
(
    [0] => Array
        (
            [aiml_id] => -1
            [bot_id] => 1
            [pattern] => no results
            [thatpattern] => 
            [template] => SEM RESPOSTA
            [topic] => 
            [score] => 261
            [track_score] => current bot (250 points), no thatpattern to match (1 point), common word match: no (1 points), uncommon word match: results (8 points)
        )

)
 
-----------------------
21-02-2019 03:52:49.24274[2][4] - Elapsed time: 0.061 milliseconds
[find_aiml.php][get_highest_scoring_row][642]
Final candidates:

Array
(
    [0] => Array
        (
            [aiml_id] => -1
            [bot_id] => 1
            [pattern] => no results
            [thatpattern] => 
            [template] => SEM RESPOSTA
            [topic] => 
            [score] => 261
            [track_score] => current bot (250 points), no thatpattern to match (1 point), common word match: no (1 points), uncommon word match: results (8 points)
        )

)

 
-----------------------
21-02-2019 03:52:49.24339[4][4] - Elapsed time: 0.655 milliseconds
[find_aiml.php][get_highest_scoring_row][697]
Best Response: Array
(
    [aiml_id] => -1
    [bot_id] => 1
    [pattern] => no results
    [thatpattern] => 
    [template] => SEM RESPOSTA
    [topic] => 
    [score] => 261
    [track_score] => current bot (250 points), no thatpattern to match (1 point), common word match: no (1 points), uncommon word match: results (8 points)
)
 
-----------------------
21-02-2019 03:52:49.24341[2][4] - Elapsed time: 0.019 milliseconds
[find_aiml.php][get_highest_scoring_row][698]
No results found, so none to pick from. 
-----------------------
21-02-2019 03:52:49.24350[4][4] - Elapsed time: 0.087 milliseconds
[find_aiml.php][get_aiml_to_parse][960]
Will be parsing id:-1 (no results) 
-----------------------
21-02-2019 03:52:49.24352[3][4] - Elapsed time: 0.016 milliseconds
[parse_aiml.php][parse_matched_aiml][213]
Run the aiml parse in normal mode (normal or srai) 
-----------------------
21-02-2019 03:52:49.24353[2][4] - Elapsed time: 0.015 milliseconds
[parse_aiml.php][set_wildcards][297]
Setting Wildcards. Pattern = 'no results' 
-----------------------
21-02-2019 03:52:49.24354[4][4] - Elapsed time: 0.014 milliseconds
[parse_aiml.php][set_wildcards][329]
Checking for wildcards in pattern-side THAT 
-----------------------
21-02-2019 03:52:49.24356[4][4] - Elapsed time: 0.012 milliseconds
[parse_aiml.php][set_wildcards][361]
Checking for wildcards in pattern-side TOPIC 
-----------------------
21-02-2019 03:52:49.24358[2][4] - Elapsed time: 0.026 milliseconds
[parse_aiml.php][set_wildcards][394]
AIML array now = Array
(
    [aiml_id] => -1
    [html_template] => 
    [lookingfor] => MEUTESTE
    [pattern] => no results
    [score] => 261
    [stars] => Array
        (
        )

    [template] => SEM RESPOSTA
    [thatpattern] => 
    [that_stars] => Array
        (
            [1] => 
        )

    [topic] => 
    [topic_stars] => Array
        (
        )

    [user_raw] => meuteste
)
 
-----------------------
21-02-2019 03:52:49.24361[2][4] - Elapsed time: 0.025 milliseconds
[parse_aiml_as_XML.php][parse_aiml_as_XML][22]
Parsing the AIML template as XML 
-----------------------
21-02-2019 03:52:49.24362[2][4] - Elapsed time: 0.013 milliseconds
[parse_aiml_as_XML.php][add_text_tags][93]
Adding some TEXT tags into the template, just because I can... 
-----------------------
21-02-2019 03:52:49.24370[4][4] - Elapsed time: 0.076 milliseconds
[parse_aiml_as_XML.php][add_text_tags][120]
Returning template:
<template><text>SEM RESPOSTA</text></template> 
-----------------------
21-02-2019 03:52:49.24388[2][4] - Elapsed time: 0.180 milliseconds
[parse_aiml_as_XML.php][parseTemplateRecursive][201]
Recursively parsing the AIML template. 
-----------------------
21-02-2019 03:52:49.24397[4][4] - Elapsed time: 0.096 milliseconds
[parse_aiml_as_XML.php][parseTemplateRecursive][214]
Processing element template at level 0. element XML = <?xml version="1.0"?>
<template><text>SEM RESPOSTA</text></template>
 
-----------------------
21-02-2019 03:52:49.24402[4][4] - Elapsed time: 0.046 milliseconds
[parse_aiml_as_XML.php][parseTemplateRecursive][242]
function parse_template_tag does not exist. Parsing tag as text. 
-----------------------
21-02-2019 03:52:49.24404[2][4] - Elapsed time: 0.024 milliseconds
[parse_aiml_as_XML.php][parseTemplateRecursive][201]
Recursively parsing the AIML template. 
-----------------------
21-02-2019 03:52:49.24407[4][4] - Elapsed time: 0.026 milliseconds
[parse_aiml_as_XML.php][parseTemplateRecursive][214]
Processing element text at level 1. element XML = <text>SEM RESPOSTA</text> 
-----------------------
21-02-2019 03:52:49.24408[4][4] - Elapsed time: 0.014 milliseconds
[parse_aiml_as_XML.php][parseTemplateRecursive][225]
Function parse_text_tag does exist. Processing now. 
-----------------------
21-02-2019 03:52:49.24409[4][4] - Elapsed time: 0.011 milliseconds
[parse_aiml_as_XML.php][parseTemplateRecursive][229]
Passing element text to the parse_text_tag function 
-----------------------
21-02-2019 03:52:49.24411[2][4] - Elapsed time: 0.015 milliseconds
[parse_aiml_as_XML.php][parse_text_tag][281]
Parsing a TEXT tag. 
-----------------------
21-02-2019 03:52:49.24413[4][4] - Elapsed time: 0.019 milliseconds
[parse_aiml_as_XML.php][parseTemplateRecursive][234]
Adding 'SEM RESPOSTA' to the response array. tag name is text 
-----------------------
21-02-2019 03:52:49.24415[2][4] - Elapsed time: 0.021 milliseconds
[parse_aiml_as_XML.php][implode_recursive][137]
Imploding an array into a string. (recursively, if necessary) 
-----------------------
21-02-2019 03:52:49.24417[2][4] - Elapsed time: 0.020 milliseconds
[parse_aiml_as_XML.php][implode_recursive][138]
Input: Array
(
    [0] => SEM RESPOSTA
)

 
-----------------------
21-02-2019 03:52:49.24418[4][4] - Elapsed time: 0.012 milliseconds
[parse_aiml_as_XML.php][implode_recursive][155]
The variable $input is of type array 
-----------------------
21-02-2019 03:52:49.24419[4][4] - Elapsed time: 0.015 milliseconds
[parse_aiml_as_XML.php][implode_recursive][185]
Imploding complete. Returning 'SEM RESPOSTA' 
-----------------------
21-02-2019 03:52:49.24421[4][4] - Elapsed time: 0.012 milliseconds
[parse_aiml_as_XML.php][parseTemplateRecursive][262]
Adding 'SEM RESPOSTA' to the response array. tag name is template. 
-----------------------
21-02-2019 03:52:49.24422[2][4] - Elapsed time: 0.015 milliseconds
[parse_aiml_as_XML.php][implode_recursive][137]
Imploding an array into a string. (recursively, if necessary) 
-----------------------
21-02-2019 03:52:49.24423[2][4] - Elapsed time: 0.012 milliseconds
[parse_aiml_as_XML.php][implode_recursive][138]
Input: Array
(
    [0] => SEM RESPOSTA
)

 
-----------------------
21-02-2019 03:52:49.24424[4][4] - Elapsed time: 0.010 milliseconds
[parse_aiml_as_XML.php][implode_recursive][155]
The variable $input is of type array 
-----------------------
21-02-2019 03:52:49.24426[4][4] - Elapsed time: 0.011 milliseconds
[parse_aiml_as_XML.php][implode_recursive][185]
Imploding complete. Returning 'SEM RESPOSTA' 
-----------------------
21-02-2019 03:52:49.24427[4][4] - Elapsed time: 0.013 milliseconds
[parse_aiml_as_XML.php][parse_aiml_as_XML][47]
Completed parsing the template. The bot will say: SEM RESPOSTA 
-----------------------
21-02-2019 03:52:49.24428[4][4] - Elapsed time: 0.016 milliseconds
[parse_aiml.php][parse_matched_aiml][227]
normal - Saving for next turn 
-----------------------
21-02-2019 03:52:49.24429[4][4] - Elapsed time: 0.011 milliseconds
[parse_aiml.php][save_for_nextturn][271]
Saving that and that_raw for next turn 
-----------------------
21-02-2019 03:52:49.24431[2][4] - Elapsed time: 0.011 milliseconds
[intialise_conversation.php][push_on_front_convoArr][226]
Pushing 'SEM RESPOSTA' to the front of the [that_raw] array 
-----------------------
21-02-2019 03:52:49.24432[4][4] - Elapsed time: 0.016 milliseconds
[intialise_conversation.php][load_blank_array_element][62]
Loading blank that_raw array 
-----------------------
21-02-2019 03:52:49.24435[2][4] - Elapsed time: 0.033 milliseconds
[intialise_conversation.php][push_on_front_convoArr][226]
Pushing 'SEM RESPOSTA' to the front of the [that] array 
-----------------------
21-02-2019 03:52:49.24437[4][4] - Elapsed time: 0.020 milliseconds
[parse_aiml.php][clean_that][251]
Cleaning up the ~THAT~ tag: 'SEM RESPOSTA' 
-----------------------
21-02-2019 03:52:49.24439[4][4] - Elapsed time: 0.014 milliseconds
[misc_functions.php][normalize_text][125]
Begin normalization - text = 'SEM RESPOSTA' 
-----------------------
21-02-2019 03:52:49.24441[4][4] - Elapsed time: 0.025 milliseconds
[misc_functions.php][normalize_text][150]
Normalization complete. Text = 'SEM RESPOSTA' 
-----------------------
21-02-2019 03:52:49.24443[4][4] - Elapsed time: 0.012 milliseconds
[parse_aiml.php][clean_that][258]
Cleaning Complete. output = 'SEM RESPOSTA' 
-----------------------
21-02-2019 03:52:49.24445[2][4] - Elapsed time: 0.020 milliseconds
[intialise_conversation.php][push_on_front_convoArr][226]
Pushing 'SEM RESPOSTA' to the front of the [parsed_template] array 
-----------------------
21-02-2019 03:52:49.24446[4][4] - Elapsed time: 0.015 milliseconds
[intialise_conversation.php][load_blank_array_element][62]
Loading blank parsed_template array 
-----------------------
21-02-2019 03:52:49.24448[2][4] - Elapsed time: 0.019 milliseconds
[intialise_conversation.php][push_on_front_convoArr][226]
Pushing 'SEM RESPOSTA' to the front of the [template] array 
-----------------------
21-02-2019 03:52:49.24450[4][4] - Elapsed time: 0.017 milliseconds
[intialise_conversation.php][load_blank_array_element][62]
Loading blank template array 
-----------------------
21-02-2019 03:52:49.24452[2][4] - Elapsed time: 0.023 milliseconds
[intialise_conversation.php][log_conversation][403]
Saving the conversation to the DB. 
-----------------------
21-02-2019 03:52:49.24455[3][4] - Elapsed time: 0.029 milliseconds
[intialise_conversation.php][log_conversation][442]
Saving conservation SQL: INSERT INTO `devncom_net_iaoficial`.`conversation_log` (
      `id` ,
      `input` ,
      `response` ,
      `user_id` ,
      `convo_id` ,
      `bot_id` ,
      `timestamp`
    )
    VALUES (
      NULL ,
      'meuteste',
      'SEM RESPOSTA',
      122,
      4546545646544,
      1,
      CURRENT_TIMESTAMP
    ) 
-----------------------
21-02-2019 03:52:49.24649[4][4] - Elapsed time: 1.945 milliseconds
[intialise_conversation.php][write_to_session][140]
Saving to session 
-----------------------
21-02-2019 03:52:49.24667[3][4] - Elapsed time: 0.171 milliseconds
[display_conversation.php][get_conversation_to_display][59]
get_conversation SQL: SELECT * FROM `devncom_net_iaoficial`.`conversation_log` WHERE
        `user_id` = :user_id
        AND `bot_id` = :bot_id
        AND `convo_id` = :convo_id
        ORDER BY id DESC  LIMIT 1 
-----------------------
21-02-2019 03:52:49.24683[2][4] - Elapsed time: 0.170 milliseconds
[display_conversation.php][get_conversation_to_display][77]
Found '1' lines of conversation 
-----------------------
21-02-2019 03:52:49.24686[4][4] - Elapsed time: 0.022 milliseconds
[display_conversation.php][get_conversation][92]
Processing conversation as html 
-----------------------
21-02-2019 03:52:49.24688[4][4] - Elapsed time: 0.025 milliseconds
[display_conversation.php][get_html][135]
Returning HTML 
-----------------------
21-02-2019 03:52:49.24777[2][4] - Elapsed time: 0.886 milliseconds
[conversation_start.php][Called outside of function][263]
Closing Database 
-----------------------
21-02-2019 03:52:49.24781[0][4] - Elapsed time: 0.038 milliseconds
[conversation_start.php][Called outside of function][269]
Conversation Ending. Elapsed time: 15.038 milliseconds. 
-----------------------
Debug Level: 4
-----------------------
Debug Mode: 1
-----------------------
CONVERSATION ARRAY
-----------------------
Array
(
    [say] => meuteste
    [conversation] => Array
        (
            [convo_id] => 4546545646544
            [bot_name] => Net Bot
            [bot_id] => 1
            [format] => html
            [unknown_user] => Entrou
            [user_name] => Entrou
            [user_id] => 122
            [totallines] => 1
            [rawSay] => meuteste
            [conversation_lines] => 1
            [remember_up_to] => 10
            [debugemail] => contato@devn1.com.br
            [debug_level] => 4
            [debugmode] => 1
            [save_state] => database
            [default_aiml_pattern] => LINHA DE RECOLHA ALEATÓRIA2
            [bot_parent_id] => 1
            [aimlData] => Array
                (
                    [aiml_id] => -1
                    [bot_id] => 1
                    [pattern] => no results
                    [thatpattern] => 
                    [template] => SEM RESPOSTA
                    [topic] => 
                    [score] => 261
                    [track_score] => current bot (250 points), no thatpattern to match (1 point), common word match: no (1 points), uncommon word match: results (8 points)
                )

        )

    [aiml] => Array
        (
            [user_raw] => meuteste
            [lookingfor] => MEUTESTE
            [pattern] => no results
            [thatpattern] => 
            [template] => SEM RESPOSTA
            [html_template] => 
            [topic] => 
            [score] => 261
            [aiml_id] => -1
            [stars] => Array
                (
                )

            [that_stars] => Array
                (
                    [1] => 
                )

            [topic_stars] => Array
                (
                )

            [parsed_template] => SEM RESPOSTA
        )

    [client_properties] => Array
        (
            [ip_address] => 177.220.174.159
            [name] => Entrou
        )

    [raw_that] => Array
        (
            [1] => Array
                (
                    [0] => SEM RESPOSTA
                )

        )

    [that] => Array
        (
            [1] => Array
                (
                    [1] => SEM RESPOSTA
                )

            [2] => Array
                (
                    [1] => SEM RESPOSTA
                )

            [3] => 
            [4] => 
            [5] => 
            [6] => 
            [7] => 
            [8] => 
            [9] => 
            [10] => 
            [12] => 
        )

    [input] => Array
        (
            [1] => meuteste
            [2] => MEUTESTE
            [3] => 
            [4] => 
            [5] => 
            [6] => 
            [7] => 
            [8] => 
            [9] => 
            [10] => 
        )

    [time_start] => 1550721169.2327
    [user_say] => Array
        (
            [1] => MEUTESTE
            [2] => 
            [3] => 
            [4] => 
            [5] => 
            [6] => 
            [7] => 
            [8] => 
            [9] => 
            [10] => 
        )

    [that_raw] => Array
        (
            [1] => Array
                (
                    [1] => 
                    [2] => SEM RESPOSTA
                )

            [2] => 
            [3] => 
            [4] => 
            [5] => 
            [6] => 
            [7] => 
            [8] => 
            [9] => 
            [10] => 
            [12] => 
        )

    [parsed_template] => Array
        (
            [1] => SEM RESPOSTA
            [2] => 
            [3] => 
            [4] => 
            [5] => 
            [6] => 
            [7] => 
            [8] => 
            [9] => 
            [10] => 
        )

    [template] => Array
        (
            [1] => SEM RESPOSTA
            [2] => 
            [3] => 
            [4] => 
            [5] => 
            [6] => 
            [7] => 
            [8] => 
            [9] => 
            [10] => 
        )

    [send_to_user] => <div class="usersay">Entrou: meuteste</div><div class="botsay">Net Bot: SEM RESPOSTA</div>
)

-----------------------
Total execution time: 15.038 Milliseconds. Goodbye.