14-04-2019 15:18:06.21005[0][4] - Elapsed time: 1.552 milliseconds
[conversation_start.php][Called outside of function][91]
Conversation starting. Current system specs:
Program O version:            2.6.11
Server Software:              Apache
PHP Version:                  5.6.40
OS:                           Linux
OS Version:                   #1 SMP Wed Sep 26 15:12:11 UTC 2018
MySQL Version:                5.7.25
Multi-byte functions enabled: true 
-----------------------
14-04-2019 15:18:06.21034[4][4] - Elapsed time: 0.292 milliseconds
[load_aimlfunctions.php][Called outside of function][16]
AIML function include files loaded 
-----------------------
14-04-2019 15:18:06.21053[4][4] - Elapsed time: 0.183 milliseconds
[load_convofunctions.php][Called outside of function][16]
Convofunction include files loaded 
-----------------------
14-04-2019 15:18:06.21059[4][4] - Elapsed time: 0.062 milliseconds
[load_userfunctions.php][Called outside of function][14]
userfunctions include files loaded 
-----------------------
14-04-2019 15:18:06.21099[4][4] - Elapsed time: 0.399 milliseconds
[load_addons.php][Called outside of function][19]
Loading addons 
-----------------------
14-04-2019 15:18:06.21100[4][4] - Elapsed time: 0.014 milliseconds
[conversation_start.php][Called outside of function][104]
Loaded all Includes 
-----------------------
14-04-2019 15:18:06.21114[0][4] - Elapsed time: 0.143 milliseconds
[conversation_start.php][Called outside of function][159]
Debug level: 4
session ID = 554198141852 
-----------------------
14-04-2019 15:18:06.21116[4][4] - Elapsed time: 0.012 milliseconds
[conversation_start.php][Called outside of function][162]
Conversation continuing. User said 'Sair'. 
-----------------------
14-04-2019 15:18:06.21120[4][4] - Elapsed time: 0.044 milliseconds
[intialise_conversation.php][read_from_session][155]
Reading from session 
-----------------------
14-04-2019 15:18:06.21122[4][4] - Elapsed time: 0.017 milliseconds
[intialise_conversation.php][load_default_bot_values][110]
Loading db bot personality properties 
-----------------------
14-04-2019 15:18:06.21124[3][4] - Elapsed time: 0.023 milliseconds
[intialise_conversation.php][load_default_bot_values][118]
load db bot personality values SQL: SELECT * FROM `devncom_ia_golden`.`botpersonality` WHERE `bot_id` = 1; 
-----------------------
14-04-2019 15:18:06.21145[4][4] - Elapsed time: 0.207 milliseconds
[intialise_conversation.php][check_set_convo_id][643]
Obtaining the convo id from form vars. Value: 554198141852 
-----------------------
14-04-2019 15:18:06.21147[2][4] - Elapsed time: 0.022 milliseconds
[intialise_conversation.php][check_set_bot][581]
Checking and/or setting the current bot. 
-----------------------
14-04-2019 15:18:06.21148[3][4] - Elapsed time: 0.013 milliseconds
[intialise_conversation.php][check_set_bot][599]
Making sure the bot exists. SQL = SELECT * FROM `devncom_ia_golden`.`bots` WHERE bot_id = 1 AND `bot_active` = 1; 
-----------------------
14-04-2019 15:18:06.21164[2][4] - Elapsed time: 0.153 milliseconds
[intialise_conversation.php][check_set_bot][616]
BOT ID: 1 
-----------------------
14-04-2019 15:18:06.21165[2][4] - Elapsed time: 0.017 milliseconds
[intialise_conversation.php][check_set_user][672]
Checking and setting the user info, as needed. 
-----------------------
14-04-2019 15:18:06.21202[3][4] - Elapsed time: 0.370 milliseconds
[intialise_conversation.php][check_set_user][705]
Loading client properties from the DB - sql:
SELECT `name`, `value` FROM `devncom_ia_golden`.`client_properties` WHERE `user_id` = 775 AND `bot_id` = 1; 
-----------------------
14-04-2019 15:18:06.21268[2][4] - Elapsed time: 0.655 milliseconds
[spell_checker.php][run_spell_checker_say][36]
Starting function and setting timestamp. 
-----------------------
14-04-2019 15:18:06.21274[2][4] - Elapsed time: 0.063 milliseconds
[spell_checker.php][spell_check][60]
Preforming a spel chek on Sair. 
-----------------------
14-04-2019 15:18:06.21280[2][4] - Elapsed time: 0.061 milliseconds
[spell_checker.php][load_spelling_list][117]
Loading the spellcheck list from the DB. 
-----------------------
14-04-2019 15:18:06.21302[4][4] - Elapsed time: 0.222 milliseconds
[misc_functions.php][normalize_text][125]
Begin normalization - text = 'Sair' 
-----------------------
14-04-2019 15:18:06.21309[4][4] - Elapsed time: 0.067 milliseconds
[misc_functions.php][normalize_text][150]
Normalization complete. Text = 'SAIR' 
-----------------------
14-04-2019 15:18:06.21310[2][4] - Elapsed time: 0.012 milliseconds
[conversation_start.php][Called outside of function][237]
Details:
User say: SAIR
Convo id: 554198141852
Bot id: 1
Format: html 
-----------------------
14-04-2019 15:18:06.21312[4][4] - Elapsed time: 0.018 milliseconds
[intialise_conversation.php][check_set_format][752]
Using format: html 
-----------------------
14-04-2019 15:18:06.21313[2][4] - Elapsed time: 0.011 milliseconds
[intialise_conversation.php][load_that][769]
Loading the THAT array. 
-----------------------
14-04-2019 15:18:06.21315[3][4] - Elapsed time: 0.015 milliseconds
[intialise_conversation.php][load_that][784]
Getting conversation log entries for the current user. SQL:
SELECT `input`, `response` FROM `devncom_ia_golden`.`conversation_log` WHERE `user_id` = 775 AND `bot_id` = 1 ORDER BY `id` DESC limit 10; 
-----------------------
14-04-2019 15:18:06.22042[1][4] - Elapsed time: 7.269 milliseconds
[intialise_conversation.php][load_that][804]
Inputs returned:Array
(
    [0] => Quem é Ronan?
)
 
-----------------------
14-04-2019 15:18:06.22045[4][4] - Elapsed time: 0.039 milliseconds
[intialise_conversation.php][load_that][805]
Loading previous responses into the ~THAT~ array. 
-----------------------
14-04-2019 15:18:06.22047[1][4] - Elapsed time: 0.019 milliseconds
[intialise_conversation.php][load_that][806]
Responses returned:Array
(
    [0] => SEM RESPOSTA
)
 
-----------------------
14-04-2019 15:18:06.22053[2][4] - Elapsed time: 0.052 milliseconds
[parse_aiml_as_XML.php][implode_recursive][137]
Imploding an array into a string. (recursively, if necessary) 
-----------------------
14-04-2019 15:18:06.22055[2][4] - Elapsed time: 0.020 milliseconds
[parse_aiml_as_XML.php][implode_recursive][138]
Input: Array
(
    [0] => SEM RESPOSTA
)

 
-----------------------
14-04-2019 15:18:06.22056[4][4] - Elapsed time: 0.014 milliseconds
[parse_aiml_as_XML.php][implode_recursive][155]
The variable $input is of type array 
-----------------------
14-04-2019 15:18:06.22058[4][4] - Elapsed time: 0.017 milliseconds
[parse_aiml_as_XML.php][implode_recursive][185]
Imploding complete. Returning 'SEM RESPOSTA' 
-----------------------
14-04-2019 15:18:06.22059[4][4] - Elapsed time: 0.015 milliseconds
[parse_aiml.php][clean_that][251]
Cleaning up the ~THAT~ tag: 'SEM RESPOSTA' 
-----------------------
14-04-2019 15:18:06.22067[4][4] - Elapsed time: 0.080 milliseconds
[misc_functions.php][normalize_text][125]
Begin normalization - text = 'SEM RESPOSTA' 
-----------------------
14-04-2019 15:18:06.22075[4][4] - Elapsed time: 0.077 milliseconds
[misc_functions.php][normalize_text][150]
Normalization complete. Text = 'SEM RESPOSTA' 
-----------------------
14-04-2019 15:18:06.22077[4][4] - Elapsed time: 0.018 milliseconds
[parse_aiml.php][clean_that][258]
Cleaning Complete. output = 'SEM RESPOSTA' 
-----------------------
14-04-2019 15:18:06.22078[2][4] - Elapsed time: 0.016 milliseconds
[intialise_conversation.php][push_on_front_convoArr][226]
Pushing 'SEM RESPOSTA' to the front of the [that] array 
-----------------------
14-04-2019 15:18:06.22082[4][4] - Elapsed time: 0.042 milliseconds
[intialise_conversation.php][load_blank_array_element][62]
Loading blank that array 
-----------------------
14-04-2019 15:18:06.22090[4][4] - Elapsed time: 0.071 milliseconds
[parse_aiml.php][clean_that][251]
Cleaning up the ~THAT~ tag: 'SEM RESPOSTA' 
-----------------------
14-04-2019 15:18:06.22091[4][4] - Elapsed time: 0.018 milliseconds
[misc_functions.php][normalize_text][125]
Begin normalization - text = 'SEM RESPOSTA' 
-----------------------
14-04-2019 15:18:06.22100[4][4] - Elapsed time: 0.091 milliseconds
[misc_functions.php][normalize_text][150]
Normalization complete. Text = 'SEM RESPOSTA' 
-----------------------
14-04-2019 15:18:06.22120[4][4] - Elapsed time: 0.197 milliseconds
[parse_aiml.php][clean_that][258]
Cleaning Complete. output = 'SEM RESPOSTA' 
-----------------------
14-04-2019 15:18:06.22127[4][4] - Elapsed time: 0.071 milliseconds
[intialise_conversation.php][load_that][835]
Loading previous user inputs into the ~INPUT~ array. 
-----------------------
14-04-2019 15:18:06.22129[2][4] - Elapsed time: 0.022 milliseconds
[parse_aiml_as_XML.php][implode_recursive][137]
Imploding an array into a string. (recursively, if necessary) 
-----------------------
14-04-2019 15:18:06.22133[2][4] - Elapsed time: 0.034 milliseconds
[parse_aiml_as_XML.php][implode_recursive][138]
Input: Array
(
    [0] => Quem é Ronan
    [1] => 
)

 
-----------------------
14-04-2019 15:18:06.22134[4][4] - Elapsed time: 0.011 milliseconds
[parse_aiml_as_XML.php][implode_recursive][155]
The variable $input is of type array 
-----------------------
14-04-2019 15:18:06.22135[4][4] - Elapsed time: 0.011 milliseconds
[parse_aiml_as_XML.php][implode_recursive][185]
Imploding complete. Returning 'Quem é Ronan ' 
-----------------------
14-04-2019 15:18:06.22136[4][4] - Elapsed time: 0.010 milliseconds
[parse_aiml.php][clean_that][251]
Cleaning up the ~THAT~ tag: 'Quem é Ronan ' 
-----------------------
14-04-2019 15:18:06.22137[4][4] - Elapsed time: 0.011 milliseconds
[misc_functions.php][normalize_text][125]
Begin normalization - text = 'Quem é Ronan ' 
-----------------------
14-04-2019 15:18:06.22140[4][4] - Elapsed time: 0.024 milliseconds
[misc_functions.php][normalize_text][150]
Normalization complete. Text = 'QUEM É RONAN' 
-----------------------
14-04-2019 15:18:06.22140[4][4] - Elapsed time: 0.009 milliseconds
[parse_aiml.php][clean_that][258]
Cleaning Complete. output = 'QUEM É RONAN' 
-----------------------
14-04-2019 15:18:06.22142[2][4] - Elapsed time: 0.011 milliseconds
[intialise_conversation.php][push_on_front_convoArr][226]
Pushing 'QUEM É RONAN' to the front of the [input] array 
-----------------------
14-04-2019 15:18:06.22143[4][4] - Elapsed time: 0.013 milliseconds
[intialise_conversation.php][load_blank_array_element][62]
Loading blank input array 
-----------------------
14-04-2019 15:18:06.22237[2][4] - Elapsed time: 0.938 milliseconds
[intialise_conversation.php][load_bot_config][343]
Loading config data for the current bot. 
-----------------------
14-04-2019 15:18:06.22239[3][4] - Elapsed time: 0.023 milliseconds
[intialise_conversation.php][load_bot_config][352]
load bot config SQL: SELECT * FROM `devncom_ia_golden`.`bots` WHERE bot_id = 1; 
-----------------------
14-04-2019 15:18:06.22261[4][4] - Elapsed time: 0.225 milliseconds
[intialise_conversation.php][load_bot_config][357]
Loading bot details from the database. 
-----------------------
14-04-2019 15:18:06.22264[0][4] - Elapsed time: 0.029 milliseconds
[conversation_start.php][Called outside of function][257]
Default debug level = 4 
-----------------------
14-04-2019 15:18:06.22266[0][4] - Elapsed time: 0.014 milliseconds
[conversation_start.php][Called outside of function][259]
Current debug level = 4 
-----------------------
14-04-2019 15:18:06.22267[0][4] - Elapsed time: 0.012 milliseconds
[conversation_start.php][Called outside of function][272]
Say = SAIR: raw say = Sair 
-----------------------
14-04-2019 15:18:06.22268[4][4] - Elapsed time: 0.011 milliseconds
[intialise_conversation.php][add_new_conversation_vars][184]
New conversation vars 
-----------------------
14-04-2019 15:18:06.22269[2][4] - Elapsed time: 0.010 milliseconds
[intialise_conversation.php][push_on_front_convoArr][226]
Pushing 'SAIR' to the front of the [user_say] array 
-----------------------
14-04-2019 15:18:06.22292[4][4] - Elapsed time: 0.234 milliseconds
[intialise_conversation.php][load_blank_array_element][62]
Loading blank user_say array 
-----------------------
14-04-2019 15:18:06.22296[0][4] - Elapsed time: 0.035 milliseconds
[intialise_conversation.php][add_new_conversation_vars][188]
User RAW = Sair, RAW say = Sair 
-----------------------
14-04-2019 15:18:06.22298[2][4] - Elapsed time: 0.016 milliseconds
[intialise_conversation.php][push_on_front_convoArr][226]
Pushing 'Sair' to the front of the [input] array 
-----------------------
14-04-2019 15:18:06.22300[4][4] - Elapsed time: 0.028 milliseconds
[make_conversation.php][make_conversation][22]
Making conversation 
-----------------------
14-04-2019 15:18:06.22302[4][4] - Elapsed time: 0.015 milliseconds
[misc_functions.php][normalize_text][125]
Begin normalization - text = 'SAIR' 
-----------------------
14-04-2019 15:18:06.22304[4][4] - Elapsed time: 0.023 milliseconds
[misc_functions.php][normalize_text][150]
Normalization complete. Text = 'SAIR' 
-----------------------
14-04-2019 15:18:06.22305[4][4] - Elapsed time: 0.014 milliseconds
[find_aiml.php][get_aiml_to_parse][909]
Running all functions to get the correct aiml from the DB 
-----------------------
14-04-2019 15:18:06.22368[4][4] - Elapsed time: 0.626 milliseconds
[find_aiml.php][find_userdefined_aiml][821]
Looking for user defined responses 
-----------------------
14-04-2019 15:18:06.22373[3][4] - Elapsed time: 0.052 milliseconds
[find_aiml.php][find_userdefined_aiml][870]
User defined SQL:
SELECT `id`, `bot_id`, `pattern`, `thatpattern`, `template` FROM `devncom_ia_golden`.`aiml_userdefined` WHERE
    `bot_id` = 1 AND
    `user_id` = 554198141852
    AND (
        'SAIR' LIKE (REPLACE(REPLACE(`pattern`, '*', '%'), '_', '%'))
        OR 'SEM RESPOSTA' LIKE (REPLACE(REPLACE(`thatpattern`, '*', '%'), '_', '%')))
   ORDER BY `id` ASC, `pattern` ASC, `thatpattern` ASC; 
-----------------------
14-04-2019 15:18:06.22395[2][4] - Elapsed time: 0.216 milliseconds
[find_aiml.php][find_userdefined_aiml][896]
User defined rows found: '0' 
-----------------------
14-04-2019 15:18:06.22397[4][4] - Elapsed time: 0.023 milliseconds
[find_aiml.php][find_aiml_matches][975]
Finding the aiml matches from the DB 
-----------------------
14-04-2019 15:18:06.22398[4][4] - Elapsed time: 0.012 milliseconds
[find_aiml.php][find_aiml_matches][981]
Bot ID = 1. Bot Parent ID = 1. 
-----------------------
14-04-2019 15:18:06.22449[4][4] - Elapsed time: 0.511 milliseconds
[find_aiml.php][find_aiml_matches][992]
Stored topic = '' 
-----------------------
14-04-2019 15:18:06.22453[3][4] - Elapsed time: 0.038 milliseconds
[find_aiml.php][find_aiml_matches][1052]
Core Match AIML sql:
SELECT `id`, `bot_id`, `pattern`, `thatpattern`, `topic`, `filename`, `template` FROM `devncom_ia_golden`.`aiml` WHERE
    bot_id = 1 AND (
        'SAIR' LIKE (REPLACE(REPLACE(`pattern`, '*', '%'), '_', '%'))
        OR 'SEM RESPOSTA' LIKE (REPLACE(REPLACE(`thatpattern`, '*', '%'), '_', '%'))
        OR `pattern` LIKE 'LINHA DE RECOLHA ALEATÓRIA2'
    )
    # ORDER BY `id` ASC, `topic` DESC, `pattern` ASC, `thatpattern` ASC; 
-----------------------
14-04-2019 15:18:06.22471[3][4] - Elapsed time: 0.182 milliseconds
[find_aiml.php][find_aiml_matches][1054]
Query Process time... 
-----------------------
14-04-2019 15:18:06.22474[2][4] - Elapsed time: 0.029 milliseconds
[find_aiml.php][find_aiml_matches][1061]
FOUND: (1) potential AIML matches 
-----------------------
14-04-2019 15:18:06.22526[1][4] - Elapsed time: 0.514 milliseconds
[find_aiml.php][unset_all_bad_pattern_matches][35]
Current THAT = SEM RESPOSTA 
-----------------------
14-04-2019 15:18:06.22528[4][4] - Elapsed time: 0.026 milliseconds
[find_aiml.php][unset_all_bad_pattern_matches][48]
NEW FUNC Searching through 1 rows to unset bad matches 
-----------------------
14-04-2019 15:18:06.22530[4][4] - Elapsed time: 0.015 milliseconds
[find_aiml.php][unset_all_bad_pattern_matches][62]
Blue 5 to Blue leader. Starting my run now! Looking for 'SAIR' 
-----------------------
14-04-2019 15:18:06.22537[4][4] - Elapsed time: 0.071 milliseconds
[find_aiml.php][unset_all_bad_pattern_matches][195]
Found 1 relevant rows 
-----------------------
14-04-2019 15:18:06.22539[4][4] - Elapsed time: 0.023 milliseconds
[find_aiml.php][score_matches][255]
Scoring the matches. 
-----------------------
14-04-2019 15:18:06.22611[4][4] - Elapsed time: 0.718 milliseconds
[find_aiml.php][score_matches][548]
Sorted array $allrows:
Array
(
    [0] => Array
        (
            [id] => 4567
            [bot_id] => 1
            [pattern] => *SAIR*
            [thatpattern] => 
            [topic] => 
            [filename] => admin_added.aiml
            [template] => Seu nome foi removido de nossa lista, desculpe o inconveniente.
            [score] => 259
            [current_that] => sem resposta
            [aiml_id] => 4567
            [track_score] => current bot (250 points), no thatpattern to match (1 point), uncommon word match: *sair* (8 points)
        )

)
 
-----------------------
14-04-2019 15:18:06.22616[2][4] - Elapsed time: 0.046 milliseconds
[find_aiml.php][get_highest_scoring_row][642]
Final candidates:

Array
(
    [0] => Array
        (
            [id] => 4567
            [bot_id] => 1
            [pattern] => *SAIR*
            [thatpattern] => 
            [topic] => 
            [filename] => admin_added.aiml
            [template] => Seu nome foi removido de nossa lista, desculpe o inconveniente.
            [score] => 259
            [current_that] => sem resposta
            [aiml_id] => 4567
            [track_score] => current bot (250 points), no thatpattern to match (1 point), uncommon word match: *sair* (8 points)
        )

)

 
-----------------------
14-04-2019 15:18:06.22670[4][4] - Elapsed time: 0.539 milliseconds
[find_aiml.php][get_highest_scoring_row][697]
Best Response: Array
(
    [id] => 4567
    [bot_id] => 1
    [pattern] => *SAIR*
    [thatpattern] => 
    [topic] => 
    [filename] => admin_added.aiml
    [template] => Seu nome foi removido de nossa lista, desculpe o inconveniente.
    [score] => 259
    [current_that] => sem resposta
    [aiml_id] => 4567
    [track_score] => current bot (250 points), no thatpattern to match (1 point), uncommon word match: *sair* (8 points)
)
 
-----------------------
14-04-2019 15:18:06.22671[2][4] - Elapsed time: 0.017 milliseconds
[find_aiml.php][get_highest_scoring_row][698]
No results found, so none to pick from. 
-----------------------
14-04-2019 15:18:06.22683[4][4] - Elapsed time: 0.120 milliseconds
[find_aiml.php][get_aiml_to_parse][960]
Will be parsing id:4567 (*SAIR*) 
-----------------------
14-04-2019 15:18:06.22686[3][4] - Elapsed time: 0.025 milliseconds
[parse_aiml.php][parse_matched_aiml][213]
Run the aiml parse in normal mode (normal or srai) 
-----------------------
14-04-2019 15:18:06.22688[2][4] - Elapsed time: 0.021 milliseconds
[parse_aiml.php][set_wildcards][297]
Setting Wildcards. Pattern = '*SAIR*' 
-----------------------
14-04-2019 15:18:06.22689[2][4] - Elapsed time: 0.015 milliseconds
[parse_aiml.php][set_wildcards][306]
We have pattern stars to process! 
-----------------------
14-04-2019 15:18:06.22691[2][4] - Elapsed time: 0.011 milliseconds
[parse_aiml.php][set_wildcards][310]
RegEx string = ~(.+)SAIR(.+)$~siuU: Searching Sair for a match. 
-----------------------
14-04-2019 15:18:06.22693[2][4] - Elapsed time: 0.022 milliseconds
[parse_aiml.php][set_wildcards][324]
Something is not right here. 
-----------------------
14-04-2019 15:18:06.22694[4][4] - Elapsed time: 0.010 milliseconds
[parse_aiml.php][set_wildcards][329]
Checking for wildcards in pattern-side THAT 
-----------------------
14-04-2019 15:18:06.22695[4][4] - Elapsed time: 0.014 milliseconds
[parse_aiml.php][set_wildcards][361]
Checking for wildcards in pattern-side TOPIC 
-----------------------
14-04-2019 15:18:06.22699[2][4] - Elapsed time: 0.037 milliseconds
[parse_aiml.php][set_wildcards][394]
AIML array now = Array
(
    [aiml_id] => 4567
    [category_id] => 4567
    [html_template] => 
    [lookingfor] => SAIR
    [pattern] => *SAIR*
    [score] => 259
    [stars] => Array
        (
        )

    [template] => Seu nome foi removido de nossa lista, desculpe o inconveniente.
    [thatpattern] => 
    [that_stars] => Array
        (
            [1] => 
        )

    [topic] => 
    [topic_stars] => Array
        (
        )

    [user_raw] => Sair
)
 
-----------------------
14-04-2019 15:18:06.22701[2][4] - Elapsed time: 0.020 milliseconds
[parse_aiml_as_XML.php][parse_aiml_as_XML][22]
Parsing the AIML template as XML 
-----------------------
14-04-2019 15:18:06.22702[2][4] - Elapsed time: 0.016 milliseconds
[parse_aiml_as_XML.php][add_text_tags][93]
Adding some TEXT tags into the template, just because I can... 
-----------------------
14-04-2019 15:18:06.22706[4][4] - Elapsed time: 0.034 milliseconds
[parse_aiml_as_XML.php][add_text_tags][120]
Returning template:
<template><text>Seu nome foi removido de nossa lista, desculpe o inconveniente.</text></template> 
-----------------------
14-04-2019 15:18:06.22726[2][4] - Elapsed time: 0.202 milliseconds
[parse_aiml_as_XML.php][parseTemplateRecursive][201]
Recursively parsing the AIML template. 
-----------------------
14-04-2019 15:18:06.22734[4][4] - Elapsed time: 0.080 milliseconds
[parse_aiml_as_XML.php][parseTemplateRecursive][214]
Processing element template at level 0. element XML = <?xml version="1.0"?>
<template><text>Seu nome foi removido de nossa lista, desculpe o inconveniente.</text></template>
 
-----------------------
14-04-2019 15:18:06.22739[4][4] - Elapsed time: 0.045 milliseconds
[parse_aiml_as_XML.php][parseTemplateRecursive][242]
function parse_template_tag does not exist. Parsing tag as text. 
-----------------------
14-04-2019 15:18:06.22741[2][4] - Elapsed time: 0.022 milliseconds
[parse_aiml_as_XML.php][parseTemplateRecursive][201]
Recursively parsing the AIML template. 
-----------------------
14-04-2019 15:18:06.22743[4][4] - Elapsed time: 0.025 milliseconds
[parse_aiml_as_XML.php][parseTemplateRecursive][214]
Processing element text at level 1. element XML = <text>Seu nome foi removido de nossa lista, desculpe o inconveniente.</text> 
-----------------------
14-04-2019 15:18:06.22745[4][4] - Elapsed time: 0.014 milliseconds
[parse_aiml_as_XML.php][parseTemplateRecursive][225]
Function parse_text_tag does exist. Processing now. 
-----------------------
14-04-2019 15:18:06.22746[4][4] - Elapsed time: 0.011 milliseconds
[parse_aiml_as_XML.php][parseTemplateRecursive][229]
Passing element text to the parse_text_tag function 
-----------------------
14-04-2019 15:18:06.22747[2][4] - Elapsed time: 0.011 milliseconds
[parse_aiml_as_XML.php][parse_text_tag][281]
Parsing a TEXT tag. 
-----------------------
14-04-2019 15:18:06.22748[4][4] - Elapsed time: 0.012 milliseconds
[parse_aiml_as_XML.php][parseTemplateRecursive][234]
Adding 'Seu nome foi removido de nossa lista, desculpe o inconveniente.' to the response array. tag name is text 
-----------------------
14-04-2019 15:18:06.22749[2][4] - Elapsed time: 0.013 milliseconds
[parse_aiml_as_XML.php][implode_recursive][137]
Imploding an array into a string. (recursively, if necessary) 
-----------------------
14-04-2019 15:18:06.22751[2][4] - Elapsed time: 0.013 milliseconds
[parse_aiml_as_XML.php][implode_recursive][138]
Input: Array
(
    [0] => Seu nome foi removido de nossa lista, desculpe o inconveniente.
)

 
-----------------------
14-04-2019 15:18:06.22752[4][4] - Elapsed time: 0.010 milliseconds
[parse_aiml_as_XML.php][implode_recursive][155]
The variable $input is of type array 
-----------------------
14-04-2019 15:18:06.22753[4][4] - Elapsed time: 0.014 milliseconds
[parse_aiml_as_XML.php][implode_recursive][185]
Imploding complete. Returning 'Seu nome foi removido de nossa lista, desculpe o inconveniente.' 
-----------------------
14-04-2019 15:18:06.22754[4][4] - Elapsed time: 0.011 milliseconds
[parse_aiml_as_XML.php][parseTemplateRecursive][262]
Adding 'Seu nome foi removido de nossa lista, desculpe o inconveniente.' to the response array. tag name is template. 
-----------------------
14-04-2019 15:18:06.22756[2][4] - Elapsed time: 0.016 milliseconds
[parse_aiml_as_XML.php][implode_recursive][137]
Imploding an array into a string. (recursively, if necessary) 
-----------------------
14-04-2019 15:18:06.22757[2][4] - Elapsed time: 0.012 milliseconds
[parse_aiml_as_XML.php][implode_recursive][138]
Input: Array
(
    [0] => Seu nome foi removido de nossa lista, desculpe o inconveniente.
)

 
-----------------------
14-04-2019 15:18:06.22758[4][4] - Elapsed time: 0.011 milliseconds
[parse_aiml_as_XML.php][implode_recursive][155]
The variable $input is of type array 
-----------------------
14-04-2019 15:18:06.22759[4][4] - Elapsed time: 0.012 milliseconds
[parse_aiml_as_XML.php][implode_recursive][185]
Imploding complete. Returning 'Seu nome foi removido de nossa lista, desculpe o inconveniente.' 
-----------------------
14-04-2019 15:18:06.22761[4][4] - Elapsed time: 0.021 milliseconds
[parse_aiml_as_XML.php][parse_aiml_as_XML][47]
Completed parsing the template. The bot will say: Seu nome foi removido de nossa lista, desculpe o inconveniente. 
-----------------------
14-04-2019 15:18:06.22763[4][4] - Elapsed time: 0.022 milliseconds
[parse_aiml.php][parse_matched_aiml][227]
normal - Saving for next turn 
-----------------------
14-04-2019 15:18:06.22765[4][4] - Elapsed time: 0.012 milliseconds
[parse_aiml.php][save_for_nextturn][271]
Saving that and that_raw for next turn 
-----------------------
14-04-2019 15:18:06.22766[2][4] - Elapsed time: 0.011 milliseconds
[intialise_conversation.php][push_on_front_convoArr][226]
Pushing 'Seu nome foi removido de nossa lista, desculpe o inconveniente.' to the front of the [that_raw] array 
-----------------------
14-04-2019 15:18:06.22768[4][4] - Elapsed time: 0.020 milliseconds
[intialise_conversation.php][load_blank_array_element][62]
Loading blank that_raw array 
-----------------------
14-04-2019 15:18:06.22771[2][4] - Elapsed time: 0.033 milliseconds
[intialise_conversation.php][push_on_front_convoArr][226]
Pushing 'Seu nome foi removido de nossa lista, desculpe o inconveniente.' to the front of the [that] array 
-----------------------
14-04-2019 15:18:06.22775[4][4] - Elapsed time: 0.035 milliseconds
[parse_aiml.php][clean_that][251]
Cleaning up the ~THAT~ tag: 'Seu nome foi removido de nossa lista, desculpe o inconveniente.' 
-----------------------
14-04-2019 15:18:06.22777[4][4] - Elapsed time: 0.019 milliseconds
[misc_functions.php][normalize_text][125]
Begin normalization - text = 'Seu nome foi removido de nossa lista, desculpe o inconveniente.' 
-----------------------
14-04-2019 15:18:06.22782[4][4] - Elapsed time: 0.052 milliseconds
[misc_functions.php][normalize_text][150]
Normalization complete. Text = 'SEU NOME FOI REMOVIDO DE NOSSA LISTA DESCULPE O INCONVENIENTE' 
-----------------------
14-04-2019 15:18:06.22784[4][4] - Elapsed time: 0.021 milliseconds
[parse_aiml.php][clean_that][258]
Cleaning Complete. output = 'SEU NOME FOI REMOVIDO DE NOSSA LISTA DESCULPE O INCONVENIENTE' 
-----------------------
14-04-2019 15:18:06.22786[2][4] - Elapsed time: 0.024 milliseconds
[intialise_conversation.php][push_on_front_convoArr][226]
Pushing 'Seu nome foi removido de nossa lista, desculpe o inconveniente.' to the front of the [parsed_template] array 
-----------------------
14-04-2019 15:18:06.22788[4][4] - Elapsed time: 0.019 milliseconds
[intialise_conversation.php][load_blank_array_element][62]
Loading blank parsed_template array 
-----------------------
14-04-2019 15:18:06.22791[2][4] - Elapsed time: 0.025 milliseconds
[intialise_conversation.php][push_on_front_convoArr][226]
Pushing 'Seu nome foi removido de nossa lista, desculpe o inconveniente.' to the front of the [template] array 
-----------------------
14-04-2019 15:18:06.22792[4][4] - Elapsed time: 0.017 milliseconds
[intialise_conversation.php][load_blank_array_element][62]
Loading blank template array 
-----------------------
14-04-2019 15:18:06.22795[2][4] - Elapsed time: 0.024 milliseconds
[intialise_conversation.php][log_conversation][403]
Saving the conversation to the DB. 
-----------------------
14-04-2019 15:18:06.22797[3][4] - Elapsed time: 0.026 milliseconds
[intialise_conversation.php][log_conversation][442]
Saving conservation SQL: INSERT INTO `devncom_ia_golden`.`conversation_log` (
      `id` ,
      `input` ,
      `response` ,
      `user_id` ,
      `convo_id` ,
      `bot_id` ,
      `timestamp`
    )
    VALUES (
      NULL ,
      'Sair',
      'Seu nome foi removido de nossa lista, desculpe o inconveniente.',
      775,
      554198141852,
      1,
      CURRENT_TIMESTAMP
    ) 
-----------------------
14-04-2019 15:18:06.24156[4][4] - Elapsed time: 13.584 milliseconds
[intialise_conversation.php][write_to_session][140]
Saving to session 
-----------------------
14-04-2019 15:18:06.24181[3][4] - Elapsed time: 0.253 milliseconds
[display_conversation.php][get_conversation_to_display][59]
get_conversation SQL: SELECT * FROM `devncom_ia_golden`.`conversation_log` WHERE
        `user_id` = :user_id
        AND `bot_id` = :bot_id
        AND `convo_id` = :convo_id
        ORDER BY id DESC  LIMIT 1 
-----------------------
14-04-2019 15:18:06.24201[2][4] - Elapsed time: 0.196 milliseconds
[display_conversation.php][get_conversation_to_display][77]
Found '1' lines of conversation 
-----------------------
14-04-2019 15:18:06.24203[4][4] - Elapsed time: 0.023 milliseconds
[display_conversation.php][get_conversation][92]
Processing conversation as html 
-----------------------
14-04-2019 15:18:06.24207[4][4] - Elapsed time: 0.044 milliseconds
[display_conversation.php][get_html][135]
Returning HTML 
-----------------------
14-04-2019 15:18:06.24319[2][4] - Elapsed time: 1.115 milliseconds
[conversation_start.php][Called outside of function][297]
Closing Database 
-----------------------
14-04-2019 15:18:06.24324[0][4] - Elapsed time: 0.052 milliseconds
[conversation_start.php][Called outside of function][303]
Conversation Ending. Elapsed time: 34.717 milliseconds. 
-----------------------
Debug Level: 4
-----------------------
Debug Mode: 1
-----------------------
CONVERSATION ARRAY
-----------------------
Array
(
    [say] => Sair
    [conversation] => Array
        (
            [convo_id] => 554198141852
            [bot_name] => Net Bot
            [bot_id] => 1
            [format] => html
            [unknown_user] => Entrou
            [user_name] => Entrou
            [user_id] => 775
            [totallines] => 1
            [rawSay] => Sair
            [conversation_lines] => 1
            [remember_up_to] => 10
            [debugemail] => contato@devn1.com.br
            [debug_level] => 4
            [debugmode] => 1
            [save_state] => database
            [default_aiml_pattern] => LINHA DE RECOLHA ALEATÓRIA2
            [bot_parent_id] => 1
            [aimlData] => Array
                (
                    [id] => 4567
                    [bot_id] => 1
                    [pattern] => *SAIR*
                    [thatpattern] => 
                    [topic] => 
                    [filename] => admin_added.aiml
                    [template] => Seu nome foi removido de nossa lista, desculpe o inconveniente.
                    [score] => 259
                    [current_that] => sem resposta
                    [aiml_id] => 4567
                    [track_score] => current bot (250 points), no thatpattern to match (1 point), uncommon word match: *sair* (8 points)
                )

        )

    [aiml] => Array
        (
            [user_raw] => Sair
            [lookingfor] => SAIR
            [category_id] => 4567
            [pattern] => *SAIR*
            [thatpattern] => 
            [template] => Seu nome foi removido de nossa lista, desculpe o inconveniente.
            [html_template] => 
            [topic] => 
            [score] => 259
            [aiml_id] => 4567
            [stars] => Array
                (
                )

            [that_stars] => Array
                (
                    [1] => 
                )

            [topic_stars] => Array
                (
                )

            [parsed_template] => Seu nome foi removido de nossa lista, desculpe o inconveniente.
        )

    [client_properties] => Array
        (
            [ip_address] => 35.196.48.72
            [name] => Entrou
        )

    [raw_that] => Array
        (
            [1] => Array
                (
                    [0] => SEM RESPOSTA
                )

        )

    [that] => Array
        (
            [1] => Array
                (
                    [1] => SEU NOME FOI REMOVIDO DE NOSSA LISTA DESCULPE O INCONVENIENTE
                )

            [2] => Array
                (
                    [1] => SEM RESPOSTA
                )

            [3] => 
            [4] => 
            [5] => 
            [6] => 
            [7] => 
            [8] => 
            [9] => 
            [10] => 
            [12] => 
        )

    [input] => Array
        (
            [1] => Sair
            [2] => QUEM É RONAN
            [3] => 
            [4] => 
            [5] => 
            [6] => 
            [7] => 
            [8] => 
            [9] => 
            [10] => 
        )

    [time_start] => 1555265886.2085
    [user_say] => Array
        (
            [1] => SAIR
            [2] => 
            [3] => 
            [4] => 
            [5] => 
            [6] => 
            [7] => 
            [8] => 
            [9] => 
            [10] => 
        )

    [that_raw] => Array
        (
            [1] => Array
                (
                    [1] => 
                    [2] => Seu nome foi removido de nossa lista, desculpe o inconveniente.
                )

            [2] => 
            [3] => 
            [4] => 
            [5] => 
            [6] => 
            [7] => 
            [8] => 
            [9] => 
            [10] => 
            [12] => 
        )

    [parsed_template] => Array
        (
            [1] => Seu nome foi removido de nossa lista, desculpe o inconveniente.
            [2] => 
            [3] => 
            [4] => 
            [5] => 
            [6] => 
            [7] => 
            [8] => 
            [9] => 
            [10] => 
        )

    [template] => Array
        (
            [1] => Seu nome foi removido de nossa lista, desculpe o inconveniente.
            [2] => 
            [3] => 
            [4] => 
            [5] => 
            [6] => 
            [7] => 
            [8] => 
            [9] => 
            [10] => 
        )

    [send_to_user] => <div class="usersay">Entrou: Sair</div><div class="botsay">Net Bot: Seu nome foi removido de nossa lista, desculpe o inconveniente.</div>
)

-----------------------
Total execution time: 34.717 Milliseconds. Goodbye.