29-04-2019 12:34:24.66622[0][4] - Elapsed time: 2.364 milliseconds
[conversation_start.php][Called outside of function][91]
Conversation starting. Current system specs:
Program O version:            2.6.11
Server Software:              Apache
PHP Version:                  5.6.40
OS:                           Linux
OS Version:                   #1 SMP Wed Sep 26 15:12:11 UTC 2018
MySQL Version:                5.7.26
Multi-byte functions enabled: true 
-----------------------
29-04-2019 12:34:24.66985[4][4] - Elapsed time: 3.626 milliseconds
[load_aimlfunctions.php][Called outside of function][16]
AIML function include files loaded 
-----------------------
29-04-2019 12:34:24.67098[4][4] - Elapsed time: 1.131 milliseconds
[load_convofunctions.php][Called outside of function][16]
Convofunction include files loaded 
-----------------------
29-04-2019 12:34:24.67119[4][4] - Elapsed time: 0.212 milliseconds
[load_userfunctions.php][Called outside of function][14]
userfunctions include files loaded 
-----------------------
29-04-2019 12:34:24.67231[4][4] - Elapsed time: 1.125 milliseconds
[load_addons.php][Called outside of function][19]
Loading addons 
-----------------------
29-04-2019 12:34:24.67233[4][4] - Elapsed time: 0.017 milliseconds
[conversation_start.php][Called outside of function][104]
Loaded all Includes 
-----------------------
29-04-2019 12:34:24.67248[0][4] - Elapsed time: 0.150 milliseconds
[conversation_start.php][Called outside of function][159]
Debug level: 4
session ID = 554196149818 
-----------------------
29-04-2019 12:34:24.67250[4][4] - Elapsed time: 0.022 milliseconds
[conversation_start.php][Called outside of function][162]
Conversation continuing. User said 'faço aniversario hoje, tem algum beneficio?'. 
-----------------------
29-04-2019 12:34:24.67255[4][4] - Elapsed time: 0.050 milliseconds
[intialise_conversation.php][read_from_session][155]
Reading from session 
-----------------------
29-04-2019 12:34:24.67257[4][4] - Elapsed time: 0.021 milliseconds
[intialise_conversation.php][load_default_bot_values][110]
Loading db bot personality properties 
-----------------------
29-04-2019 12:34:24.67259[3][4] - Elapsed time: 0.019 milliseconds
[intialise_conversation.php][load_default_bot_values][118]
load db bot personality values SQL: SELECT * FROM `devncom_ia_golden`.`botpersonality` WHERE `bot_id` = 1; 
-----------------------
29-04-2019 12:34:24.67296[4][4] - Elapsed time: 0.366 milliseconds
[intialise_conversation.php][check_set_convo_id][643]
Obtaining the convo id from form vars. Value: 554196149818 
-----------------------
29-04-2019 12:34:24.67299[2][4] - Elapsed time: 0.026 milliseconds
[intialise_conversation.php][check_set_bot][581]
Checking and/or setting the current bot. 
-----------------------
29-04-2019 12:34:24.67301[3][4] - Elapsed time: 0.020 milliseconds
[intialise_conversation.php][check_set_bot][599]
Making sure the bot exists. SQL = SELECT * FROM `devncom_ia_golden`.`bots` WHERE bot_id = 1 AND `bot_active` = 1; 
-----------------------
29-04-2019 12:34:24.67322[2][4] - Elapsed time: 0.214 milliseconds
[intialise_conversation.php][check_set_bot][616]
BOT ID: 1 
-----------------------
29-04-2019 12:34:24.67324[2][4] - Elapsed time: 0.024 milliseconds
[intialise_conversation.php][check_set_user][672]
Checking and setting the user info, as needed. 
-----------------------
29-04-2019 12:34:24.67362[2][4] - Elapsed time: 0.379 milliseconds
[handle_user.php][intisaliseUser][82]
Initializing user. 
-----------------------
29-04-2019 12:34:24.67384[3][4] - Elapsed time: 0.214 milliseconds
[handle_user.php][intisaliseUser][128]
intisaliseUser #1001 SQL: INSERT INTO `users`
        (`id`, `user_name`, `session_id`, `bot_id`, `chatlines`,`ip`, `referer`, `browser`, `date_logged_on` , `last_update`    , `state`)
 VALUES (NULL, 'Entrou'  , 554196149818   , 1 , '0'        , '34.74.156.66', ''      , 'Mozilla/4.0 (compatible; MSIE 8.0; Windows NT 6.0)'      , CURRENT_TIMESTAMP, CURRENT_TIMESTAMP, ''     ); 
-----------------------
29-04-2019 12:34:24.67397[3][4] - Elapsed time: 0.132 milliseconds
[intialise_conversation.php][check_set_user][705]
Loading client properties from the DB - sql:
SELECT `name`, `value` FROM `devncom_ia_golden`.`client_properties` WHERE `user_id` = 1001 AND `bot_id` = 1; 
-----------------------
29-04-2019 12:34:24.67573[2][4] - Elapsed time: 1.764 milliseconds
[spell_checker.php][run_spell_checker_say][36]
Starting function and setting timestamp. 
-----------------------
29-04-2019 12:34:24.67579[2][4] - Elapsed time: 0.060 milliseconds
[spell_checker.php][spell_check][60]
Preforming a spel chek on faço. 
-----------------------
29-04-2019 12:34:24.67582[2][4] - Elapsed time: 0.030 milliseconds
[spell_checker.php][load_spelling_list][117]
Loading the spellcheck list from the DB. 
-----------------------
29-04-2019 12:34:24.67606[2][4] - Elapsed time: 0.236 milliseconds
[spell_checker.php][spell_check][60]
Preforming a spel chek on  . 
-----------------------
29-04-2019 12:34:24.67612[2][4] - Elapsed time: 0.064 milliseconds
[spell_checker.php][spell_check][60]
Preforming a spel chek on aniversario. 
-----------------------
29-04-2019 12:34:24.67619[2][4] - Elapsed time: 0.065 milliseconds
[spell_checker.php][spell_check][60]
Preforming a spel chek on  . 
-----------------------
29-04-2019 12:34:24.67624[2][4] - Elapsed time: 0.053 milliseconds
[spell_checker.php][spell_check][60]
Preforming a spel chek on hoje. 
-----------------------
29-04-2019 12:34:24.67630[2][4] - Elapsed time: 0.056 milliseconds
[spell_checker.php][spell_check][60]
Preforming a spel chek on ,. 
-----------------------
29-04-2019 12:34:24.67635[2][4] - Elapsed time: 0.052 milliseconds
[spell_checker.php][spell_check][60]
Preforming a spel chek on  . 
-----------------------
29-04-2019 12:34:24.67641[2][4] - Elapsed time: 0.065 milliseconds
[spell_checker.php][spell_check][60]
Preforming a spel chek on tem. 
-----------------------
29-04-2019 12:34:24.67647[2][4] - Elapsed time: 0.054 milliseconds
[spell_checker.php][spell_check][60]
Preforming a spel chek on  . 
-----------------------
29-04-2019 12:34:24.67654[2][4] - Elapsed time: 0.077 milliseconds
[spell_checker.php][spell_check][60]
Preforming a spel chek on algum. 
-----------------------
29-04-2019 12:34:24.67661[2][4] - Elapsed time: 0.066 milliseconds
[spell_checker.php][spell_check][60]
Preforming a spel chek on  . 
-----------------------
29-04-2019 12:34:24.67666[2][4] - Elapsed time: 0.052 milliseconds
[spell_checker.php][spell_check][60]
Preforming a spel chek on beneficio. 
-----------------------
29-04-2019 12:34:24.67673[2][4] - Elapsed time: 0.064 milliseconds
[spell_checker.php][spell_check][60]
Preforming a spel chek on ?. 
-----------------------
29-04-2019 12:34:24.67679[4][4] - Elapsed time: 0.060 milliseconds
[misc_functions.php][normalize_text][125]
Begin normalization - text = 'faço aniversario hoje, tem algum beneficio?' 
-----------------------
29-04-2019 12:34:24.67687[4][4] - Elapsed time: 0.079 milliseconds
[misc_functions.php][normalize_text][150]
Normalization complete. Text = 'FAÇO ANIVERSARIO HOJE TEM ALGUM BENEFICIO' 
-----------------------
29-04-2019 12:34:24.67688[2][4] - Elapsed time: 0.014 milliseconds
[conversation_start.php][Called outside of function][237]
Details:
User say: FAÇO ANIVERSARIO HOJE TEM ALGUM BENEFICIO
Convo id: 554196149818
Bot id: 1
Format: html 
-----------------------
29-04-2019 12:34:24.67690[4][4] - Elapsed time: 0.017 milliseconds
[intialise_conversation.php][check_set_format][752]
Using format: html 
-----------------------
29-04-2019 12:34:24.67691[2][4] - Elapsed time: 0.010 milliseconds
[intialise_conversation.php][load_that][769]
Loading the THAT array. 
-----------------------
29-04-2019 12:34:24.67692[3][4] - Elapsed time: 0.015 milliseconds
[intialise_conversation.php][load_that][784]
Getting conversation log entries for the current user. SQL:
SELECT `input`, `response` FROM `devncom_ia_golden`.`conversation_log` WHERE `user_id` = 1001 AND `bot_id` = 1 ORDER BY `id` DESC limit 10; 
-----------------------
29-04-2019 12:34:24.71973[4][4] - Elapsed time: 42.805 milliseconds
[intialise_conversation.php][load_that][856]
Couldn't find any previous inputs or responses. 
-----------------------
29-04-2019 12:34:24.72111[2][4] - Elapsed time: 1.381 milliseconds
[intialise_conversation.php][load_bot_config][343]
Loading config data for the current bot. 
-----------------------
29-04-2019 12:34:24.72117[3][4] - Elapsed time: 0.059 milliseconds
[intialise_conversation.php][load_bot_config][352]
load bot config SQL: SELECT * FROM `devncom_ia_golden`.`bots` WHERE bot_id = 1; 
-----------------------
29-04-2019 12:34:24.72149[4][4] - Elapsed time: 0.321 milliseconds
[intialise_conversation.php][load_bot_config][357]
Loading bot details from the database. 
-----------------------
29-04-2019 12:34:24.72157[0][4] - Elapsed time: 0.081 milliseconds
[conversation_start.php][Called outside of function][257]
Default debug level = 4 
-----------------------
29-04-2019 12:34:24.72159[0][4] - Elapsed time: 0.018 milliseconds
[conversation_start.php][Called outside of function][259]
Current debug level = 4 
-----------------------
29-04-2019 12:34:24.72160[0][4] - Elapsed time: 0.018 milliseconds
[conversation_start.php][Called outside of function][272]
Say = FAÇO ANIVERSARIO HOJE TEM ALGUM BENEFICIO: raw say = faço aniversario hoje, tem algum beneficio? 
-----------------------
29-04-2019 12:34:24.72162[4][4] - Elapsed time: 0.012 milliseconds
[intialise_conversation.php][add_new_conversation_vars][184]
New conversation vars 
-----------------------
29-04-2019 12:34:24.72163[2][4] - Elapsed time: 0.011 milliseconds
[intialise_conversation.php][push_on_front_convoArr][226]
Pushing 'FAÇO ANIVERSARIO HOJE TEM ALGUM BENEFICIO' to the front of the [user_say] array 
-----------------------
29-04-2019 12:34:24.72167[4][4] - Elapsed time: 0.044 milliseconds
[intialise_conversation.php][load_blank_array_element][62]
Loading blank user_say array 
-----------------------
29-04-2019 12:34:24.72171[0][4] - Elapsed time: 0.044 milliseconds
[intialise_conversation.php][add_new_conversation_vars][188]
User RAW = faço aniversario hoje, tem algum beneficio?, RAW say = faço aniversario hoje, tem algum beneficio? 
-----------------------
29-04-2019 12:34:24.72174[2][4] - Elapsed time: 0.020 milliseconds
[intialise_conversation.php][push_on_front_convoArr][226]
Pushing 'faço aniversario hoje, tem algum beneficio?' to the front of the [input] array 
-----------------------
29-04-2019 12:34:24.72176[4][4] - Elapsed time: 0.028 milliseconds
[intialise_conversation.php][load_blank_array_element][62]
Loading blank input array 
-----------------------
29-04-2019 12:34:24.72179[4][4] - Elapsed time: 0.026 milliseconds
[make_conversation.php][make_conversation][22]
Making conversation 
-----------------------
29-04-2019 12:34:24.72180[4][4] - Elapsed time: 0.015 milliseconds
[misc_functions.php][normalize_text][125]
Begin normalization - text = 'FAÇO ANIVERSARIO HOJE TEM ALGUM BENEFICIO' 
-----------------------
29-04-2019 12:34:24.72187[4][4] - Elapsed time: 0.065 milliseconds
[misc_functions.php][normalize_text][150]
Normalization complete. Text = 'FAÇO ANIVERSARIO HOJE TEM ALGUM BENEFICIO' 
-----------------------
29-04-2019 12:34:24.72189[4][4] - Elapsed time: 0.019 milliseconds
[find_aiml.php][get_aiml_to_parse][909]
Running all functions to get the correct aiml from the DB 
-----------------------
29-04-2019 12:34:24.72465[4][4] - Elapsed time: 2.760 milliseconds
[find_aiml.php][find_userdefined_aiml][821]
Looking for user defined responses 
-----------------------
29-04-2019 12:34:24.72474[3][4] - Elapsed time: 0.095 milliseconds
[find_aiml.php][find_userdefined_aiml][870]
User defined SQL:
SELECT `id`, `bot_id`, `pattern`, `thatpattern`, `template` FROM `devncom_ia_golden`.`aiml_userdefined` WHERE
    `bot_id` = 1 AND
    `user_id` = 554196149818
    AND (
        'FAÇO ANIVERSARIO HOJE TEM ALGUM BENEFICIO' LIKE (REPLACE(REPLACE(`pattern`, '*', '%'), '_', '%')))
   ORDER BY `id` ASC, `pattern` ASC, `thatpattern` ASC; 
-----------------------
29-04-2019 12:34:24.72503[2][4] - Elapsed time: 0.288 milliseconds
[find_aiml.php][find_userdefined_aiml][896]
User defined rows found: '0' 
-----------------------
29-04-2019 12:34:24.72506[4][4] - Elapsed time: 0.028 milliseconds
[find_aiml.php][find_aiml_matches][975]
Finding the aiml matches from the DB 
-----------------------
29-04-2019 12:34:24.72507[4][4] - Elapsed time: 0.012 milliseconds
[find_aiml.php][find_aiml_matches][981]
Bot ID = 1. Bot Parent ID = 1. 
-----------------------
29-04-2019 12:34:24.72724[4][4] - Elapsed time: 2.173 milliseconds
[find_aiml.php][find_aiml_matches][992]
Stored topic = '' 
-----------------------
29-04-2019 12:34:24.72734[3][4] - Elapsed time: 0.100 milliseconds
[find_aiml.php][find_aiml_matches][1052]
Core Match AIML sql:
SELECT `id`, `bot_id`, `pattern`, `thatpattern`, `topic`, `filename`, `template` FROM `devncom_ia_golden`.`aiml` WHERE
    bot_id = 1 AND (
        'FAÇO ANIVERSARIO HOJE TEM ALGUM BENEFICIO' LIKE (REPLACE(REPLACE(`pattern`, '*', '%'), '_', '%'))
        OR `pattern` LIKE 'LINHA DE RECOLHA ALEATÓRIA2'
    )
    # ORDER BY `id` ASC, `topic` DESC, `pattern` ASC, `thatpattern` ASC; 
-----------------------
29-04-2019 12:34:24.72777[3][4] - Elapsed time: 0.424 milliseconds
[find_aiml.php][find_aiml_matches][1054]
Query Process time... 
-----------------------
29-04-2019 12:34:24.72781[1][4] - Elapsed time: 0.041 milliseconds
[find_aiml.php][find_aiml_matches][1082]
Error: FOUND NO AIML matches in DB. 
-----------------------
29-04-2019 12:34:24.72784[4][4] - Elapsed time: 0.030 milliseconds
[find_aiml.php][get_convo_var][727]
Get from ConvoArr [conversation][default_aiml_pattern][1][1] 
-----------------------
29-04-2019 12:34:24.72785[4][4] - Elapsed time: 0.016 milliseconds
[find_aiml.php][get_convo_var][757]
Get from ConvoArr [conversation][default_aiml_pattern][1][1] FOUND: ConvoArr Value = 'LINHA DE RECOLHA ALEATÓRIA2' 
-----------------------
29-04-2019 12:34:24.72807[2][4] - Elapsed time: 0.213 milliseconds
[misc_functions.php][addUnknownInput][232]
Entry successfully added! 
-----------------------
29-04-2019 12:34:24.72810[1][4] - Elapsed time: 0.030 milliseconds
[find_aiml.php][find_aiml_matches][1084]
Added input 'FAÇO ANIVERSARIO HOJE TEM ALGUM BENEFICIO' to the unknown_inputs table. 
-----------------------
29-04-2019 12:34:24.72997[4][4] - Elapsed time: 1.872 milliseconds
[find_aiml.php][unset_all_bad_pattern_matches][48]
NEW FUNC Searching through 1 rows to unset bad matches 
-----------------------
29-04-2019 12:34:24.73001[1][4] - Elapsed time: 0.035 milliseconds
[find_aiml.php][unset_all_bad_pattern_matches][56]
Returning error as no results where found 
-----------------------
29-04-2019 12:34:24.73002[4][4] - Elapsed time: 0.014 milliseconds
[find_aiml.php][score_matches][255]
Scoring the matches. 
-----------------------
29-04-2019 12:34:24.73207[4][4] - Elapsed time: 2.049 milliseconds
[find_aiml.php][score_matches][548]
Sorted array $allrows:
Array
(
    [0] => Array
        (
            [aiml_id] => -1
            [bot_id] => 1
            [pattern] => no results
            [thatpattern] => 
            [template] => SEM RESPOSTA
            [topic] => 
            [score] => 261
            [track_score] => current bot (250 points), no thatpattern to match (1 point), common word match: no (1 points), uncommon word match: results (8 points)
        )

)
 
-----------------------
29-04-2019 12:34:24.73213[2][4] - Elapsed time: 0.059 milliseconds
[find_aiml.php][get_highest_scoring_row][642]
Final candidates:

Array
(
    [0] => Array
        (
            [aiml_id] => -1
            [bot_id] => 1
            [pattern] => no results
            [thatpattern] => 
            [template] => SEM RESPOSTA
            [topic] => 
            [score] => 261
            [track_score] => current bot (250 points), no thatpattern to match (1 point), common word match: no (1 points), uncommon word match: results (8 points)
        )

)

 
-----------------------
29-04-2019 12:34:24.73280[4][4] - Elapsed time: 0.670 milliseconds
[find_aiml.php][get_highest_scoring_row][697]
Best Response: Array
(
    [aiml_id] => -1
    [bot_id] => 1
    [pattern] => no results
    [thatpattern] => 
    [template] => SEM RESPOSTA
    [topic] => 
    [score] => 261
    [track_score] => current bot (250 points), no thatpattern to match (1 point), common word match: no (1 points), uncommon word match: results (8 points)
)
 
-----------------------
29-04-2019 12:34:24.73282[2][4] - Elapsed time: 0.023 milliseconds
[find_aiml.php][get_highest_scoring_row][698]
No results found, so none to pick from. 
-----------------------
29-04-2019 12:34:24.73294[4][4] - Elapsed time: 0.119 milliseconds
[find_aiml.php][get_aiml_to_parse][960]
Will be parsing id:-1 (no results) 
-----------------------
29-04-2019 12:34:24.73296[3][4] - Elapsed time: 0.018 milliseconds
[parse_aiml.php][parse_matched_aiml][213]
Run the aiml parse in normal mode (normal or srai) 
-----------------------
29-04-2019 12:34:24.73297[2][4] - Elapsed time: 0.015 milliseconds
[parse_aiml.php][set_wildcards][297]
Setting Wildcards. Pattern = 'no results' 
-----------------------
29-04-2019 12:34:24.73298[4][4] - Elapsed time: 0.012 milliseconds
[parse_aiml.php][set_wildcards][329]
Checking for wildcards in pattern-side THAT 
-----------------------
29-04-2019 12:34:24.73300[4][4] - Elapsed time: 0.014 milliseconds
[parse_aiml.php][set_wildcards][361]
Checking for wildcards in pattern-side TOPIC 
-----------------------
29-04-2019 12:34:24.73303[2][4] - Elapsed time: 0.031 milliseconds
[parse_aiml.php][set_wildcards][394]
AIML array now = Array
(
    [aiml_id] => -1
    [html_template] => 
    [lookingfor] => FAÇO ANIVERSARIO HOJE TEM ALGUM BENEFICIO
    [pattern] => no results
    [score] => 261
    [stars] => Array
        (
        )

    [template] => SEM RESPOSTA
    [thatpattern] => 
    [that_stars] => Array
        (
            [1] => 
        )

    [topic] => 
    [topic_stars] => Array
        (
        )

    [user_raw] => faço aniversario hoje, tem algum beneficio?
)
 
-----------------------
29-04-2019 12:34:24.73305[2][4] - Elapsed time: 0.016 milliseconds
[parse_aiml_as_XML.php][parse_aiml_as_XML][22]
Parsing the AIML template as XML 
-----------------------
29-04-2019 12:34:24.73306[2][4] - Elapsed time: 0.013 milliseconds
[parse_aiml_as_XML.php][add_text_tags][93]
Adding some TEXT tags into the template, just because I can... 
-----------------------
29-04-2019 12:34:24.73310[4][4] - Elapsed time: 0.043 milliseconds
[parse_aiml_as_XML.php][add_text_tags][120]
Returning template:
<template><text>SEM RESPOSTA</text></template> 
-----------------------
29-04-2019 12:34:24.73347[2][4] - Elapsed time: 0.374 milliseconds
[parse_aiml_as_XML.php][parseTemplateRecursive][201]
Recursively parsing the AIML template. 
-----------------------
29-04-2019 12:34:24.73359[4][4] - Elapsed time: 0.117 milliseconds
[parse_aiml_as_XML.php][parseTemplateRecursive][214]
Processing element template at level 0. element XML = <?xml version="1.0"?>
<template><text>SEM RESPOSTA</text></template>
 
-----------------------
29-04-2019 12:34:24.73361[4][4] - Elapsed time: 0.019 milliseconds
[parse_aiml_as_XML.php][parseTemplateRecursive][242]
function parse_template_tag does not exist. Parsing tag as text. 
-----------------------
29-04-2019 12:34:24.73364[2][4] - Elapsed time: 0.028 milliseconds
[parse_aiml_as_XML.php][parseTemplateRecursive][201]
Recursively parsing the AIML template. 
-----------------------
29-04-2019 12:34:24.73367[4][4] - Elapsed time: 0.029 milliseconds
[parse_aiml_as_XML.php][parseTemplateRecursive][214]
Processing element text at level 1. element XML = <text>SEM RESPOSTA</text> 
-----------------------
29-04-2019 12:34:24.73368[4][4] - Elapsed time: 0.015 milliseconds
[parse_aiml_as_XML.php][parseTemplateRecursive][225]
Function parse_text_tag does exist. Processing now. 
-----------------------
29-04-2019 12:34:24.73369[4][4] - Elapsed time: 0.011 milliseconds
[parse_aiml_as_XML.php][parseTemplateRecursive][229]
Passing element text to the parse_text_tag function 
-----------------------
29-04-2019 12:34:24.73371[2][4] - Elapsed time: 0.011 milliseconds
[parse_aiml_as_XML.php][parse_text_tag][281]
Parsing a TEXT tag. 
-----------------------
29-04-2019 12:34:24.73372[4][4] - Elapsed time: 0.013 milliseconds
[parse_aiml_as_XML.php][parseTemplateRecursive][234]
Adding 'SEM RESPOSTA' to the response array. tag name is text 
-----------------------
29-04-2019 12:34:24.73374[2][4] - Elapsed time: 0.018 milliseconds
[parse_aiml_as_XML.php][implode_recursive][137]
Imploding an array into a string. (recursively, if necessary) 
-----------------------
29-04-2019 12:34:24.73375[2][4] - Elapsed time: 0.012 milliseconds
[parse_aiml_as_XML.php][implode_recursive][138]
Input: Array
(
    [0] => SEM RESPOSTA
)

 
-----------------------
29-04-2019 12:34:24.73376[4][4] - Elapsed time: 0.012 milliseconds
[parse_aiml_as_XML.php][implode_recursive][155]
The variable $input is of type array 
-----------------------
29-04-2019 12:34:24.73377[4][4] - Elapsed time: 0.014 milliseconds
[parse_aiml_as_XML.php][implode_recursive][185]
Imploding complete. Returning 'SEM RESPOSTA' 
-----------------------
29-04-2019 12:34:24.73379[4][4] - Elapsed time: 0.012 milliseconds
[parse_aiml_as_XML.php][parseTemplateRecursive][262]
Adding 'SEM RESPOSTA' to the response array. tag name is template. 
-----------------------
29-04-2019 12:34:24.73380[2][4] - Elapsed time: 0.018 milliseconds
[parse_aiml_as_XML.php][implode_recursive][137]
Imploding an array into a string. (recursively, if necessary) 
-----------------------
29-04-2019 12:34:24.73381[2][4] - Elapsed time: 0.011 milliseconds
[parse_aiml_as_XML.php][implode_recursive][138]
Input: Array
(
    [0] => SEM RESPOSTA
)

 
-----------------------
29-04-2019 12:34:24.73383[4][4] - Elapsed time: 0.014 milliseconds
[parse_aiml_as_XML.php][implode_recursive][155]
The variable $input is of type array 
-----------------------
29-04-2019 12:34:24.73384[4][4] - Elapsed time: 0.012 milliseconds
[parse_aiml_as_XML.php][implode_recursive][185]
Imploding complete. Returning 'SEM RESPOSTA' 
-----------------------
29-04-2019 12:34:24.73386[4][4] - Elapsed time: 0.015 milliseconds
[parse_aiml_as_XML.php][parse_aiml_as_XML][47]
Completed parsing the template. The bot will say: SEM RESPOSTA 
-----------------------
29-04-2019 12:34:24.73387[4][4] - Elapsed time: 0.016 milliseconds
[parse_aiml.php][parse_matched_aiml][227]
normal - Saving for next turn 
-----------------------
29-04-2019 12:34:24.73388[4][4] - Elapsed time: 0.012 milliseconds
[parse_aiml.php][save_for_nextturn][271]
Saving that and that_raw for next turn 
-----------------------
29-04-2019 12:34:24.73390[2][4] - Elapsed time: 0.012 milliseconds
[intialise_conversation.php][push_on_front_convoArr][226]
Pushing 'SEM RESPOSTA' to the front of the [that_raw] array 
-----------------------
29-04-2019 12:34:24.73392[4][4] - Elapsed time: 0.023 milliseconds
[intialise_conversation.php][load_blank_array_element][62]
Loading blank that_raw array 
-----------------------
29-04-2019 12:34:24.73398[2][4] - Elapsed time: 0.059 milliseconds
[intialise_conversation.php][push_on_front_convoArr][226]
Pushing 'SEM RESPOSTA' to the front of the [that] array 
-----------------------
29-04-2019 12:34:24.73400[4][4] - Elapsed time: 0.020 milliseconds
[intialise_conversation.php][load_blank_array_element][62]
Loading blank that array 
-----------------------
29-04-2019 12:34:24.73402[4][4] - Elapsed time: 0.022 milliseconds
[parse_aiml.php][clean_that][251]
Cleaning up the ~THAT~ tag: 'SEM RESPOSTA' 
-----------------------
29-04-2019 12:34:24.73403[4][4] - Elapsed time: 0.013 milliseconds
[misc_functions.php][normalize_text][125]
Begin normalization - text = 'SEM RESPOSTA' 
-----------------------
29-04-2019 12:34:24.73406[4][4] - Elapsed time: 0.031 milliseconds
[misc_functions.php][normalize_text][150]
Normalization complete. Text = 'SEM RESPOSTA' 
-----------------------
29-04-2019 12:34:24.73408[4][4] - Elapsed time: 0.012 milliseconds
[parse_aiml.php][clean_that][258]
Cleaning Complete. output = 'SEM RESPOSTA' 
-----------------------
29-04-2019 12:34:24.73410[2][4] - Elapsed time: 0.020 milliseconds
[intialise_conversation.php][push_on_front_convoArr][226]
Pushing 'SEM RESPOSTA' to the front of the [parsed_template] array 
-----------------------
29-04-2019 12:34:24.73411[4][4] - Elapsed time: 0.015 milliseconds
[intialise_conversation.php][load_blank_array_element][62]
Loading blank parsed_template array 
-----------------------
29-04-2019 12:34:24.73413[2][4] - Elapsed time: 0.022 milliseconds
[intialise_conversation.php][push_on_front_convoArr][226]
Pushing 'SEM RESPOSTA' to the front of the [template] array 
-----------------------
29-04-2019 12:34:24.73415[4][4] - Elapsed time: 0.022 milliseconds
[intialise_conversation.php][load_blank_array_element][62]
Loading blank template array 
-----------------------
29-04-2019 12:34:24.73419[2][4] - Elapsed time: 0.037 milliseconds
[intialise_conversation.php][log_conversation][403]
Saving the conversation to the DB. 
-----------------------
29-04-2019 12:34:24.73423[3][4] - Elapsed time: 0.038 milliseconds
[intialise_conversation.php][log_conversation][442]
Saving conservation SQL: INSERT INTO `devncom_ia_golden`.`conversation_log` (
      `id` ,
      `input` ,
      `response` ,
      `user_id` ,
      `convo_id` ,
      `bot_id` ,
      `timestamp`
    )
    VALUES (
      NULL ,
      'faço aniversario hoje, tem algum beneficio?',
      'SEM RESPOSTA',
      1001,
      554196149818,
      1,
      CURRENT_TIMESTAMP
    ) 
-----------------------
29-04-2019 12:34:24.76424[4][4] - Elapsed time: 30.013 milliseconds
[intialise_conversation.php][write_to_session][140]
Saving to session 
-----------------------
29-04-2019 12:34:24.76446[3][4] - Elapsed time: 0.218 milliseconds
[display_conversation.php][get_conversation_to_display][59]
get_conversation SQL: SELECT * FROM `devncom_ia_golden`.`conversation_log` WHERE
        `user_id` = :user_id
        AND `bot_id` = :bot_id
        AND `convo_id` = :convo_id
        ORDER BY id DESC  LIMIT 1 
-----------------------
29-04-2019 12:34:24.76467[2][4] - Elapsed time: 0.213 milliseconds
[display_conversation.php][get_conversation_to_display][77]
Found '1' lines of conversation 
-----------------------
29-04-2019 12:34:24.76470[4][4] - Elapsed time: 0.022 milliseconds
[display_conversation.php][get_conversation][92]
Processing conversation as html 
-----------------------
29-04-2019 12:34:24.76472[4][4] - Elapsed time: 0.024 milliseconds
[display_conversation.php][get_html][135]
Returning HTML 
-----------------------
29-04-2019 12:34:24.76561[2][4] - Elapsed time: 0.892 milliseconds
[conversation_start.php][Called outside of function][297]
Closing Database 
-----------------------
29-04-2019 12:34:24.76565[0][4] - Elapsed time: 0.036 milliseconds
[conversation_start.php][Called outside of function][303]
Conversation Ending. Elapsed time: 101.775 milliseconds. 
-----------------------
Debug Level: 4
-----------------------
Debug Mode: 1
-----------------------
CONVERSATION ARRAY
-----------------------
Array
(
    [say] => faço aniversario hoje, tem algum beneficio?
    [conversation] => Array
        (
            [convo_id] => 554196149818
            [bot_name] => Net Bot
            [bot_id] => 1
            [format] => html
            [unknown_user] => Entrou
            [user_id] => 1001
            [totallines] => 1
            [user_name] => Entrou
            [rawSay] => faço aniversario hoje, tem algum beneficio?
            [conversation_lines] => 1
            [remember_up_to] => 10
            [debugemail] => contato@devn1.com.br
            [debug_level] => 4
            [debugmode] => 1
            [save_state] => database
            [default_aiml_pattern] => LINHA DE RECOLHA ALEATÓRIA2
            [bot_parent_id] => 1
            [aimlData] => Array
                (
                    [aiml_id] => -1
                    [bot_id] => 1
                    [pattern] => no results
                    [thatpattern] => 
                    [template] => SEM RESPOSTA
                    [topic] => 
                    [score] => 261
                    [track_score] => current bot (250 points), no thatpattern to match (1 point), common word match: no (1 points), uncommon word match: results (8 points)
                )

        )

    [aiml] => Array
        (
            [user_raw] => faço aniversario hoje, tem algum beneficio?
            [lookingfor] => FAÇO ANIVERSARIO HOJE TEM ALGUM BENEFICIO
            [pattern] => no results
            [thatpattern] => 
            [template] => SEM RESPOSTA
            [html_template] => 
            [topic] => 
            [score] => 261
            [aiml_id] => -1
            [stars] => Array
                (
                )

            [that_stars] => Array
                (
                    [1] => 
                )

            [topic_stars] => Array
                (
                )

            [parsed_template] => SEM RESPOSTA
        )

    [client_properties] => Array
        (
            [ip_address] => 34.74.156.66
            [name] => Entrou
        )

    [time_start] => 1556552064.6639
    [user_say] => Array
        (
            [1] => FAÇO ANIVERSARIO HOJE TEM ALGUM BENEFICIO
            [2] => 
            [3] => 
            [4] => 
            [5] => 
            [6] => 
            [7] => 
            [8] => 
            [9] => 
            [10] => 
        )

    [input] => Array
        (
            [1] => faço aniversario hoje, tem algum beneficio?
            [2] => 
            [3] => 
            [4] => 
            [5] => 
            [6] => 
            [7] => 
            [8] => 
            [9] => 
            [10] => 
        )

    [that_raw] => Array
        (
            [1] => Array
                (
                    [1] => 
                    [2] => SEM RESPOSTA
                )

            [2] => 
            [3] => 
            [4] => 
            [5] => 
            [6] => 
            [7] => 
            [8] => 
            [9] => 
            [10] => 
            [12] => 
        )

    [that] => Array
        (
            [1] => Array
                (
                    [1] => SEM RESPOSTA
                )

            [2] => 
            [3] => 
            [4] => 
            [5] => 
            [6] => 
            [7] => 
            [8] => 
            [9] => 
            [10] => 
            [12] => 
        )

    [parsed_template] => Array
        (
            [1] => SEM RESPOSTA
            [2] => 
            [3] => 
            [4] => 
            [5] => 
            [6] => 
            [7] => 
            [8] => 
            [9] => 
            [10] => 
        )

    [template] => Array
        (
            [1] => SEM RESPOSTA
            [2] => 
            [3] => 
            [4] => 
            [5] => 
            [6] => 
            [7] => 
            [8] => 
            [9] => 
            [10] => 
        )

    [send_to_user] => <div class="usersay">Entrou: faço aniversario hoje, tem algum beneficio?</div><div class="botsay">Net Bot: SEM RESPOSTA</div>
)

-----------------------
Total execution time: 101.775 Milliseconds. Goodbye.