05-04-2019 13:53:59.65730[0][4] - Elapsed time: 2.383 milliseconds
[conversation_start.php][Called outside of function][91]
Conversation starting. Current system specs:
Program O version:            2.6.11
Server Software:              Apache
PHP Version:                  5.6.40
OS:                           Linux
OS Version:                   #1 SMP Wed Sep 26 15:12:11 UTC 2018
MySQL Version:                5.7.25
Multi-byte functions enabled: true 
-----------------------
05-04-2019 13:53:59.66074[4][4] - Elapsed time: 3.437 milliseconds
[load_aimlfunctions.php][Called outside of function][16]
AIML function include files loaded 
-----------------------
05-04-2019 13:53:59.66188[4][4] - Elapsed time: 1.143 milliseconds
[load_convofunctions.php][Called outside of function][16]
Convofunction include files loaded 
-----------------------
05-04-2019 13:53:59.66209[4][4] - Elapsed time: 0.206 milliseconds
[load_userfunctions.php][Called outside of function][14]
userfunctions include files loaded 
-----------------------
05-04-2019 13:53:59.66317[4][4] - Elapsed time: 1.084 milliseconds
[load_addons.php][Called outside of function][19]
Loading addons 
-----------------------
05-04-2019 13:53:59.66319[4][4] - Elapsed time: 0.018 milliseconds
[conversation_start.php][Called outside of function][104]
Loaded all Includes 
-----------------------
05-04-2019 13:53:59.66336[0][4] - Elapsed time: 0.168 milliseconds
[conversation_start.php][Called outside of function][159]
Debug level: 4
session ID = 554191460940 
-----------------------
05-04-2019 13:53:59.66338[4][4] - Elapsed time: 0.019 milliseconds
[conversation_start.php][Called outside of function][162]
Conversation continuing. User said '👍🏻👍🏻'. 
-----------------------
05-04-2019 13:53:59.66346[4][4] - Elapsed time: 0.078 milliseconds
[intialise_conversation.php][read_from_session][155]
Reading from session 
-----------------------
05-04-2019 13:53:59.66347[4][4] - Elapsed time: 0.018 milliseconds
[intialise_conversation.php][load_default_bot_values][110]
Loading db bot personality properties 
-----------------------
05-04-2019 13:53:59.66349[3][4] - Elapsed time: 0.018 milliseconds
[intialise_conversation.php][load_default_bot_values][118]
load db bot personality values SQL: SELECT * FROM `devncom_ia_golden`.`botpersonality` WHERE `bot_id` = 1; 
-----------------------
05-04-2019 13:53:59.66382[4][4] - Elapsed time: 0.328 milliseconds
[intialise_conversation.php][check_set_convo_id][643]
Obtaining the convo id from form vars. Value: 554191460940 
-----------------------
05-04-2019 13:53:59.66384[2][4] - Elapsed time: 0.020 milliseconds
[intialise_conversation.php][check_set_bot][581]
Checking and/or setting the current bot. 
-----------------------
05-04-2019 13:53:59.66385[3][4] - Elapsed time: 0.013 milliseconds
[intialise_conversation.php][check_set_bot][599]
Making sure the bot exists. SQL = SELECT * FROM `devncom_ia_golden`.`bots` WHERE bot_id = 1 AND `bot_active` = 1; 
-----------------------
05-04-2019 13:53:59.66406[2][4] - Elapsed time: 0.212 milliseconds
[intialise_conversation.php][check_set_bot][616]
BOT ID: 1 
-----------------------
05-04-2019 13:53:59.66408[2][4] - Elapsed time: 0.016 milliseconds
[intialise_conversation.php][check_set_user][672]
Checking and setting the user info, as needed. 
-----------------------
05-04-2019 13:53:59.66436[2][4] - Elapsed time: 0.281 milliseconds
[handle_user.php][intisaliseUser][82]
Initializing user. 
-----------------------
05-04-2019 13:53:59.66454[3][4] - Elapsed time: 0.178 milliseconds
[handle_user.php][intisaliseUser][128]
intisaliseUser #575 SQL: INSERT INTO `users`
        (`id`, `user_name`, `session_id`, `bot_id`, `chatlines`,`ip`, `referer`, `browser`, `date_logged_on` , `last_update`    , `state`)
 VALUES (NULL, 'Entrou'  , 554191460940   , 1 , '0'        , '138.204.25.228', ''      , 'Mozilla/4.0 (compatible; MSIE 8.0; Windows NT 6.0)'      , CURRENT_TIMESTAMP, CURRENT_TIMESTAMP, ''     ); 
-----------------------
05-04-2019 13:53:59.66469[3][4] - Elapsed time: 0.153 milliseconds
[intialise_conversation.php][check_set_user][705]
Loading client properties from the DB - sql:
SELECT `name`, `value` FROM `devncom_ia_golden`.`client_properties` WHERE `user_id` = 575 AND `bot_id` = 1; 
-----------------------
05-04-2019 13:53:59.66500[2][4] - Elapsed time: 0.304 milliseconds
[spell_checker.php][run_spell_checker_say][36]
Starting function and setting timestamp. 
-----------------------
05-04-2019 13:53:59.66506[2][4] - Elapsed time: 0.060 milliseconds
[spell_checker.php][spell_check][60]
Preforming a spel chek on 👍. 
-----------------------
05-04-2019 13:53:59.66508[2][4] - Elapsed time: 0.026 milliseconds
[spell_checker.php][load_spelling_list][117]
Loading the spellcheck list from the DB. 
-----------------------
05-04-2019 13:53:59.66532[2][4] - Elapsed time: 0.238 milliseconds
[spell_checker.php][spell_check][60]
Preforming a spel chek on 🏻. 
-----------------------
05-04-2019 13:53:59.66541[2][4] - Elapsed time: 0.090 milliseconds
[spell_checker.php][spell_check][60]
Preforming a spel chek on 👍. 
-----------------------
05-04-2019 13:53:59.66548[2][4] - Elapsed time: 0.066 milliseconds
[spell_checker.php][spell_check][60]
Preforming a spel chek on 🏻. 
-----------------------
05-04-2019 13:53:59.66556[4][4] - Elapsed time: 0.082 milliseconds
[misc_functions.php][normalize_text][125]
Begin normalization - text = '👍🏻👍🏻' 
-----------------------
05-04-2019 13:53:59.66565[4][4] - Elapsed time: 0.092 milliseconds
[misc_functions.php][normalize_text][150]
Normalization complete. Text = '👍🏻👍🏻' 
-----------------------
05-04-2019 13:53:59.66567[2][4] - Elapsed time: 0.021 milliseconds
[conversation_start.php][Called outside of function][237]
Details:
User say: 👍🏻👍🏻
Convo id: 554191460940
Bot id: 1
Format: html 
-----------------------
05-04-2019 13:53:59.66570[4][4] - Elapsed time: 0.024 milliseconds
[intialise_conversation.php][check_set_format][752]
Using format: html 
-----------------------
05-04-2019 13:53:59.66571[2][4] - Elapsed time: 0.018 milliseconds
[intialise_conversation.php][load_that][769]
Loading the THAT array. 
-----------------------
05-04-2019 13:53:59.66573[3][4] - Elapsed time: 0.017 milliseconds
[intialise_conversation.php][load_that][784]
Getting conversation log entries for the current user. SQL:
SELECT `input`, `response` FROM `devncom_ia_golden`.`conversation_log` WHERE `user_id` = 575 AND `bot_id` = 1 ORDER BY `id` DESC limit 10; 
-----------------------
05-04-2019 13:53:59.66664[4][4] - Elapsed time: 0.904 milliseconds
[intialise_conversation.php][load_that][856]
Couldn't find any previous inputs or responses. 
-----------------------
05-04-2019 13:53:59.66751[2][4] - Elapsed time: 0.879 milliseconds
[intialise_conversation.php][load_bot_config][343]
Loading config data for the current bot. 
-----------------------
05-04-2019 13:53:59.66754[3][4] - Elapsed time: 0.023 milliseconds
[intialise_conversation.php][load_bot_config][352]
load bot config SQL: SELECT * FROM `devncom_ia_golden`.`bots` WHERE bot_id = 1; 
-----------------------
05-04-2019 13:53:59.66772[4][4] - Elapsed time: 0.182 milliseconds
[intialise_conversation.php][load_bot_config][357]
Loading bot details from the database. 
-----------------------
05-04-2019 13:53:59.66774[0][4] - Elapsed time: 0.024 milliseconds
[conversation_start.php][Called outside of function][257]
Default debug level = 4 
-----------------------
05-04-2019 13:53:59.66776[0][4] - Elapsed time: 0.013 milliseconds
[conversation_start.php][Called outside of function][259]
Current debug level = 4 
-----------------------
05-04-2019 13:53:59.66777[0][4] - Elapsed time: 0.019 milliseconds
[conversation_start.php][Called outside of function][272]
Say = 👍🏻👍🏻: raw say = 👍🏻👍🏻 
-----------------------
05-04-2019 13:53:59.66779[4][4] - Elapsed time: 0.016 milliseconds
[intialise_conversation.php][add_new_conversation_vars][184]
New conversation vars 
-----------------------
05-04-2019 13:53:59.66780[2][4] - Elapsed time: 0.011 milliseconds
[intialise_conversation.php][push_on_front_convoArr][226]
Pushing '👍🏻👍🏻' to the front of the [user_say] array 
-----------------------
05-04-2019 13:53:59.66783[4][4] - Elapsed time: 0.029 milliseconds
[intialise_conversation.php][load_blank_array_element][62]
Loading blank user_say array 
-----------------------
05-04-2019 13:53:59.66786[0][4] - Elapsed time: 0.031 milliseconds
[intialise_conversation.php][add_new_conversation_vars][188]
User RAW = 👍🏻👍🏻, RAW say = 👍🏻👍🏻 
-----------------------
05-04-2019 13:53:59.66787[2][4] - Elapsed time: 0.011 milliseconds
[intialise_conversation.php][push_on_front_convoArr][226]
Pushing '👍🏻👍🏻' to the front of the [input] array 
-----------------------
05-04-2019 13:53:59.66789[4][4] - Elapsed time: 0.012 milliseconds
[intialise_conversation.php][load_blank_array_element][62]
Loading blank input array 
-----------------------
05-04-2019 13:53:59.66790[4][4] - Elapsed time: 0.019 milliseconds
[make_conversation.php][make_conversation][22]
Making conversation 
-----------------------
05-04-2019 13:53:59.66791[4][4] - Elapsed time: 0.009 milliseconds
[misc_functions.php][normalize_text][125]
Begin normalization - text = '👍🏻👍🏻' 
-----------------------
05-04-2019 13:53:59.66794[4][4] - Elapsed time: 0.025 milliseconds
[misc_functions.php][normalize_text][150]
Normalization complete. Text = '👍🏻👍🏻' 
-----------------------
05-04-2019 13:53:59.66795[4][4] - Elapsed time: 0.011 milliseconds
[find_aiml.php][get_aiml_to_parse][909]
Running all functions to get the correct aiml from the DB 
-----------------------
05-04-2019 13:53:59.66828[4][4] - Elapsed time: 0.329 milliseconds
[find_aiml.php][find_userdefined_aiml][821]
Looking for user defined responses 
-----------------------
05-04-2019 13:53:59.66832[3][4] - Elapsed time: 0.043 milliseconds
[find_aiml.php][find_userdefined_aiml][870]
User defined SQL:
SELECT `id`, `bot_id`, `pattern`, `thatpattern`, `template` FROM `devncom_ia_golden`.`aiml_userdefined` WHERE
    `bot_id` = 1 AND
    `user_id` = 554191460940
    AND (
        '👍🏻👍🏻' LIKE (REPLACE(REPLACE(`pattern`, '*', '%'), '_', '%')))
   ORDER BY `id` ASC, `pattern` ASC, `thatpattern` ASC; 
-----------------------
05-04-2019 13:53:59.66851[2][4] - Elapsed time: 0.190 milliseconds
[find_aiml.php][find_userdefined_aiml][896]
User defined rows found: '0' 
-----------------------
05-04-2019 13:53:59.66853[4][4] - Elapsed time: 0.022 milliseconds
[find_aiml.php][find_aiml_matches][975]
Finding the aiml matches from the DB 
-----------------------
05-04-2019 13:53:59.66854[4][4] - Elapsed time: 0.011 milliseconds
[find_aiml.php][find_aiml_matches][981]
Bot ID = 1. Bot Parent ID = 1. 
-----------------------
05-04-2019 13:53:59.66883[4][4] - Elapsed time: 0.286 milliseconds
[find_aiml.php][find_aiml_matches][992]
Stored topic = '' 
-----------------------
05-04-2019 13:53:59.66886[3][4] - Elapsed time: 0.030 milliseconds
[find_aiml.php][find_aiml_matches][1052]
Core Match AIML sql:
SELECT `id`, `bot_id`, `pattern`, `thatpattern`, `topic`, `filename`, `template` FROM `devncom_ia_golden`.`aiml` WHERE
    bot_id = 1 AND (
        '👍🏻👍🏻' LIKE (REPLACE(REPLACE(`pattern`, '*', '%'), '_', '%'))
        OR `pattern` LIKE 'LINHA DE RECOLHA ALEATÓRIA2'
    )
    # ORDER BY `id` ASC, `topic` DESC, `pattern` ASC, `thatpattern` ASC; 
-----------------------
05-04-2019 13:53:59.66908[3][4] - Elapsed time: 0.216 milliseconds
[find_aiml.php][find_aiml_matches][1054]
Query Process time... 
-----------------------
05-04-2019 13:53:59.66909[1][4] - Elapsed time: 0.018 milliseconds
[find_aiml.php][find_aiml_matches][1082]
Error: FOUND NO AIML matches in DB. 
-----------------------
05-04-2019 13:53:59.66911[4][4] - Elapsed time: 0.018 milliseconds
[find_aiml.php][get_convo_var][727]
Get from ConvoArr [conversation][default_aiml_pattern][1][1] 
-----------------------
05-04-2019 13:53:59.66913[4][4] - Elapsed time: 0.014 milliseconds
[find_aiml.php][get_convo_var][757]
Get from ConvoArr [conversation][default_aiml_pattern][1][1] FOUND: ConvoArr Value = 'LINHA DE RECOLHA ALEATÓRIA2' 
-----------------------
05-04-2019 13:53:59.66939[0][4] - Elapsed time: 0.269 milliseconds
[PDO_functions.php][db_write][282]
An error was generated while writing to the database in file /home/devncom/public_html/clientes/golden/ia/library/misc_functions.php at line 231, in the function addUnknownInput.
SQL: INSERT INTO `devncom_ia_golden`.`unknown_inputs` (`id`, `bot_id`, `input`, `user_id`, `timestamp`) VALUES(null, 1, '👍🏻👍🏻', 575, CURRENT_TIMESTAMP);
PDO error: Array
(
    [0] => 00000
    [1] => 
    [2] => 
)

PDOStatement error: Array
(
    [0] => HY000
    [1] => 1366
    [2] => Incorrect string value: '\xF0\x9F\x91\x8D\xF0\x9F...' for column 'input' at row 1
)
 
-----------------------
05-04-2019 13:53:59.66942[1][4] - Elapsed time: 0.025 milliseconds
[find_aiml.php][find_aiml_matches][1084]
Added input '👍🏻👍🏻' to the unknown_inputs table. 
-----------------------
05-04-2019 13:53:59.66974[4][4] - Elapsed time: 0.323 milliseconds
[find_aiml.php][unset_all_bad_pattern_matches][48]
NEW FUNC Searching through 1 rows to unset bad matches 
-----------------------
05-04-2019 13:53:59.66976[1][4] - Elapsed time: 0.018 milliseconds
[find_aiml.php][unset_all_bad_pattern_matches][56]
Returning error as no results where found 
-----------------------
05-04-2019 13:53:59.66977[4][4] - Elapsed time: 0.013 milliseconds
[find_aiml.php][score_matches][255]
Scoring the matches. 
-----------------------
05-04-2019 13:53:59.67026[4][4] - Elapsed time: 0.482 milliseconds
[find_aiml.php][score_matches][548]
Sorted array $allrows:
Array
(
    [0] => Array
        (
            [aiml_id] => -1
            [bot_id] => 1
            [pattern] => no results
            [thatpattern] => 
            [template] => SEM RESPOSTA
            [topic] => 
            [score] => 261
            [track_score] => current bot (250 points), no thatpattern to match (1 point), common word match: no (1 points), uncommon word match: results (8 points)
        )

)
 
-----------------------
05-04-2019 13:53:59.67029[2][4] - Elapsed time: 0.035 milliseconds
[find_aiml.php][get_highest_scoring_row][642]
Final candidates:

Array
(
    [0] => Array
        (
            [aiml_id] => -1
            [bot_id] => 1
            [pattern] => no results
            [thatpattern] => 
            [template] => SEM RESPOSTA
            [topic] => 
            [score] => 261
            [track_score] => current bot (250 points), no thatpattern to match (1 point), common word match: no (1 points), uncommon word match: results (8 points)
        )

)

 
-----------------------
05-04-2019 13:53:59.67085[4][4] - Elapsed time: 0.562 milliseconds
[find_aiml.php][get_highest_scoring_row][697]
Best Response: Array
(
    [aiml_id] => -1
    [bot_id] => 1
    [pattern] => no results
    [thatpattern] => 
    [template] => SEM RESPOSTA
    [topic] => 
    [score] => 261
    [track_score] => current bot (250 points), no thatpattern to match (1 point), common word match: no (1 points), uncommon word match: results (8 points)
)
 
-----------------------
05-04-2019 13:53:59.67088[2][4] - Elapsed time: 0.023 milliseconds
[find_aiml.php][get_highest_scoring_row][698]
No results found, so none to pick from. 
-----------------------
05-04-2019 13:53:59.67096[4][4] - Elapsed time: 0.083 milliseconds
[find_aiml.php][get_aiml_to_parse][960]
Will be parsing id:-1 (no results) 
-----------------------
05-04-2019 13:53:59.67097[3][4] - Elapsed time: 0.015 milliseconds
[parse_aiml.php][parse_matched_aiml][213]
Run the aiml parse in normal mode (normal or srai) 
-----------------------
05-04-2019 13:53:59.67099[2][4] - Elapsed time: 0.013 milliseconds
[parse_aiml.php][set_wildcards][297]
Setting Wildcards. Pattern = 'no results' 
-----------------------
05-04-2019 13:53:59.67100[4][4] - Elapsed time: 0.011 milliseconds
[parse_aiml.php][set_wildcards][329]
Checking for wildcards in pattern-side THAT 
-----------------------
05-04-2019 13:53:59.67102[4][4] - Elapsed time: 0.022 milliseconds
[parse_aiml.php][set_wildcards][361]
Checking for wildcards in pattern-side TOPIC 
-----------------------
05-04-2019 13:53:59.67105[2][4] - Elapsed time: 0.028 milliseconds
[parse_aiml.php][set_wildcards][394]
AIML array now = Array
(
    [aiml_id] => -1
    [html_template] => 
    [lookingfor] => 👍🏻👍🏻
    [pattern] => no results
    [score] => 261
    [stars] => Array
        (
        )

    [template] => SEM RESPOSTA
    [thatpattern] => 
    [that_stars] => Array
        (
            [1] => 
        )

    [topic] => 
    [topic_stars] => Array
        (
        )

    [user_raw] => 👍🏻👍🏻
)
 
-----------------------
05-04-2019 13:53:59.67106[2][4] - Elapsed time: 0.015 milliseconds
[parse_aiml_as_XML.php][parse_aiml_as_XML][22]
Parsing the AIML template as XML 
-----------------------
05-04-2019 13:53:59.67108[2][4] - Elapsed time: 0.013 milliseconds
[parse_aiml_as_XML.php][add_text_tags][93]
Adding some TEXT tags into the template, just because I can... 
-----------------------
05-04-2019 13:53:59.67111[4][4] - Elapsed time: 0.036 milliseconds
[parse_aiml_as_XML.php][add_text_tags][120]
Returning template:
<template><text>SEM RESPOSTA</text></template> 
-----------------------
05-04-2019 13:53:59.67130[2][4] - Elapsed time: 0.189 milliseconds
[parse_aiml_as_XML.php][parseTemplateRecursive][201]
Recursively parsing the AIML template. 
-----------------------
05-04-2019 13:53:59.67138[4][4] - Elapsed time: 0.080 milliseconds
[parse_aiml_as_XML.php][parseTemplateRecursive][214]
Processing element template at level 0. element XML = <?xml version="1.0"?>
<template><text>SEM RESPOSTA</text></template>
 
-----------------------
05-04-2019 13:53:59.67140[4][4] - Elapsed time: 0.018 milliseconds
[parse_aiml_as_XML.php][parseTemplateRecursive][242]
function parse_template_tag does not exist. Parsing tag as text. 
-----------------------
05-04-2019 13:53:59.67142[2][4] - Elapsed time: 0.020 milliseconds
[parse_aiml_as_XML.php][parseTemplateRecursive][201]
Recursively parsing the AIML template. 
-----------------------
05-04-2019 13:53:59.67144[4][4] - Elapsed time: 0.026 milliseconds
[parse_aiml_as_XML.php][parseTemplateRecursive][214]
Processing element text at level 1. element XML = <text>SEM RESPOSTA</text> 
-----------------------
05-04-2019 13:53:59.67146[4][4] - Elapsed time: 0.013 milliseconds
[parse_aiml_as_XML.php][parseTemplateRecursive][225]
Function parse_text_tag does exist. Processing now. 
-----------------------
05-04-2019 13:53:59.67147[4][4] - Elapsed time: 0.010 milliseconds
[parse_aiml_as_XML.php][parseTemplateRecursive][229]
Passing element text to the parse_text_tag function 
-----------------------
05-04-2019 13:53:59.67148[2][4] - Elapsed time: 0.010 milliseconds
[parse_aiml_as_XML.php][parse_text_tag][281]
Parsing a TEXT tag. 
-----------------------
05-04-2019 13:53:59.67149[4][4] - Elapsed time: 0.011 milliseconds
[parse_aiml_as_XML.php][parseTemplateRecursive][234]
Adding 'SEM RESPOSTA' to the response array. tag name is text 
-----------------------
05-04-2019 13:53:59.67150[2][4] - Elapsed time: 0.012 milliseconds
[parse_aiml_as_XML.php][implode_recursive][137]
Imploding an array into a string. (recursively, if necessary) 
-----------------------
05-04-2019 13:53:59.67151[2][4] - Elapsed time: 0.012 milliseconds
[parse_aiml_as_XML.php][implode_recursive][138]
Input: Array
(
    [0] => SEM RESPOSTA
)

 
-----------------------
05-04-2019 13:53:59.67152[4][4] - Elapsed time: 0.011 milliseconds
[parse_aiml_as_XML.php][implode_recursive][155]
The variable $input is of type array 
-----------------------
05-04-2019 13:53:59.67155[4][4] - Elapsed time: 0.023 milliseconds
[parse_aiml_as_XML.php][implode_recursive][185]
Imploding complete. Returning 'SEM RESPOSTA' 
-----------------------
05-04-2019 13:53:59.67156[4][4] - Elapsed time: 0.017 milliseconds
[parse_aiml_as_XML.php][parseTemplateRecursive][262]
Adding 'SEM RESPOSTA' to the response array. tag name is template. 
-----------------------
05-04-2019 13:53:59.67159[2][4] - Elapsed time: 0.025 milliseconds
[parse_aiml_as_XML.php][implode_recursive][137]
Imploding an array into a string. (recursively, if necessary) 
-----------------------
05-04-2019 13:53:59.67161[2][4] - Elapsed time: 0.021 milliseconds
[parse_aiml_as_XML.php][implode_recursive][138]
Input: Array
(
    [0] => SEM RESPOSTA
)

 
-----------------------
05-04-2019 13:53:59.67163[4][4] - Elapsed time: 0.016 milliseconds
[parse_aiml_as_XML.php][implode_recursive][155]
The variable $input is of type array 
-----------------------
05-04-2019 13:53:59.67164[4][4] - Elapsed time: 0.017 milliseconds
[parse_aiml_as_XML.php][implode_recursive][185]
Imploding complete. Returning 'SEM RESPOSTA' 
-----------------------
05-04-2019 13:53:59.67166[4][4] - Elapsed time: 0.018 milliseconds
[parse_aiml_as_XML.php][parse_aiml_as_XML][47]
Completed parsing the template. The bot will say: SEM RESPOSTA 
-----------------------
05-04-2019 13:53:59.67168[4][4] - Elapsed time: 0.024 milliseconds
[parse_aiml.php][parse_matched_aiml][227]
normal - Saving for next turn 
-----------------------
05-04-2019 13:53:59.67170[4][4] - Elapsed time: 0.018 milliseconds
[parse_aiml.php][save_for_nextturn][271]
Saving that and that_raw for next turn 
-----------------------
05-04-2019 13:53:59.67172[2][4] - Elapsed time: 0.019 milliseconds
[intialise_conversation.php][push_on_front_convoArr][226]
Pushing 'SEM RESPOSTA' to the front of the [that_raw] array 
-----------------------
05-04-2019 13:53:59.67175[4][4] - Elapsed time: 0.027 milliseconds
[intialise_conversation.php][load_blank_array_element][62]
Loading blank that_raw array 
-----------------------
05-04-2019 13:53:59.67183[2][4] - Elapsed time: 0.082 milliseconds
[intialise_conversation.php][push_on_front_convoArr][226]
Pushing 'SEM RESPOSTA' to the front of the [that] array 
-----------------------
05-04-2019 13:53:59.67186[4][4] - Elapsed time: 0.028 milliseconds
[intialise_conversation.php][load_blank_array_element][62]
Loading blank that array 
-----------------------
05-04-2019 13:53:59.67189[4][4] - Elapsed time: 0.027 milliseconds
[parse_aiml.php][clean_that][251]
Cleaning up the ~THAT~ tag: 'SEM RESPOSTA' 
-----------------------
05-04-2019 13:53:59.67190[4][4] - Elapsed time: 0.018 milliseconds
[misc_functions.php][normalize_text][125]
Begin normalization - text = 'SEM RESPOSTA' 
-----------------------
05-04-2019 13:53:59.67193[4][4] - Elapsed time: 0.029 milliseconds
[misc_functions.php][normalize_text][150]
Normalization complete. Text = 'SEM RESPOSTA' 
-----------------------
05-04-2019 13:53:59.67195[4][4] - Elapsed time: 0.013 milliseconds
[parse_aiml.php][clean_that][258]
Cleaning Complete. output = 'SEM RESPOSTA' 
-----------------------
05-04-2019 13:53:59.67197[2][4] - Elapsed time: 0.022 milliseconds
[intialise_conversation.php][push_on_front_convoArr][226]
Pushing 'SEM RESPOSTA' to the front of the [parsed_template] array 
-----------------------
05-04-2019 13:53:59.67198[4][4] - Elapsed time: 0.015 milliseconds
[intialise_conversation.php][load_blank_array_element][62]
Loading blank parsed_template array 
-----------------------
05-04-2019 13:53:59.67200[2][4] - Elapsed time: 0.019 milliseconds
[intialise_conversation.php][push_on_front_convoArr][226]
Pushing 'SEM RESPOSTA' to the front of the [template] array 
-----------------------
05-04-2019 13:53:59.67204[4][4] - Elapsed time: 0.035 milliseconds
[intialise_conversation.php][load_blank_array_element][62]
Loading blank template array 
-----------------------
05-04-2019 13:53:59.67206[2][4] - Elapsed time: 0.027 milliseconds
[intialise_conversation.php][log_conversation][403]
Saving the conversation to the DB. 
-----------------------
05-04-2019 13:53:59.67209[3][4] - Elapsed time: 0.023 milliseconds
[intialise_conversation.php][log_conversation][442]
Saving conservation SQL: INSERT INTO `devncom_ia_golden`.`conversation_log` (
      `id` ,
      `input` ,
      `response` ,
      `user_id` ,
      `convo_id` ,
      `bot_id` ,
      `timestamp`
    )
    VALUES (
      NULL ,
      '👍🏻👍🏻',
      'SEM RESPOSTA',
      575,
      554191460940,
      1,
      CURRENT_TIMESTAMP
    ) 
-----------------------
05-04-2019 13:53:59.67237[0][4] - Elapsed time: 0.279 milliseconds
[PDO_functions.php][db_write][282]
An error was generated while writing to the database in file /home/devncom/public_html/clientes/golden/ia/chatbot/core/conversation/intialise_conversation.php at line 444, in the function log_conversation.
SQL: INSERT INTO `devncom_ia_golden`.`conversation_log` (
      `id` ,
      `input` ,
      `response` ,
      `user_id` ,
      `convo_id` ,
      `bot_id` ,
      `timestamp`
    )
    VALUES (
      NULL ,
      '👍🏻👍🏻',
      'SEM RESPOSTA',
      575,
      554191460940,
      1,
      CURRENT_TIMESTAMP
    )
PDO error: Array
(
    [0] => 00000
    [1] => 
    [2] => 
)

PDOStatement error: Array
(
    [0] => HY000
    [1] => 1366
    [2] => Incorrect string value: '\xF0\x9F\x91\x8D\xF0\x9F...' for column 'input' at row 1
)
 
-----------------------
05-04-2019 13:53:59.67596[4][4] - Elapsed time: 3.592 milliseconds
[intialise_conversation.php][write_to_session][140]
Saving to session 
-----------------------
05-04-2019 13:53:59.67620[3][4] - Elapsed time: 0.245 milliseconds
[display_conversation.php][get_conversation_to_display][59]
get_conversation SQL: SELECT * FROM `devncom_ia_golden`.`conversation_log` WHERE
        `user_id` = :user_id
        AND `bot_id` = :bot_id
        AND `convo_id` = :convo_id
        ORDER BY id DESC  LIMIT 1 
-----------------------
05-04-2019 13:53:59.67707[2][4] - Elapsed time: 0.871 milliseconds
[display_conversation.php][get_conversation_to_display][77]
Found '0' lines of conversation 
-----------------------
05-04-2019 13:53:59.67711[4][4] - Elapsed time: 0.037 milliseconds
[display_conversation.php][get_conversation][92]
Processing conversation as html 
-----------------------
05-04-2019 13:53:59.67714[4][4] - Elapsed time: 0.028 milliseconds
[display_conversation.php][get_html][135]
Returning HTML 
-----------------------
05-04-2019 13:53:59.67825[2][4] - Elapsed time: 1.106 milliseconds
[conversation_start.php][Called outside of function][297]
Closing Database 
-----------------------
05-04-2019 13:53:59.67829[0][4] - Elapsed time: 0.048 milliseconds
[conversation_start.php][Called outside of function][303]
Conversation Ending. Elapsed time: 23.351 milliseconds. 
-----------------------
Debug Level: 4
-----------------------
Debug Mode: 1
-----------------------
CONVERSATION ARRAY
-----------------------
Array
(
    [say] => 👍🏻👍🏻
    [conversation] => Array
        (
            [convo_id] => 554191460940
            [bot_name] => Net Bot
            [bot_id] => 1
            [format] => html
            [unknown_user] => Entrou
            [user_id] => 575
            [totallines] => 1
            [user_name] => Entrou
            [rawSay] => 👍🏻👍🏻
            [conversation_lines] => 1
            [remember_up_to] => 10
            [debugemail] => contato@devn1.com.br
            [debug_level] => 4
            [debugmode] => 1
            [save_state] => database
            [default_aiml_pattern] => LINHA DE RECOLHA ALEATÓRIA2
            [bot_parent_id] => 1
            [aimlData] => Array
                (
                    [aiml_id] => -1
                    [bot_id] => 1
                    [pattern] => no results
                    [thatpattern] => 
                    [template] => SEM RESPOSTA
                    [topic] => 
                    [score] => 261
                    [track_score] => current bot (250 points), no thatpattern to match (1 point), common word match: no (1 points), uncommon word match: results (8 points)
                )

        )

    [aiml] => Array
        (
            [user_raw] => 👍🏻👍🏻
            [lookingfor] => 👍🏻👍🏻
            [pattern] => no results
            [thatpattern] => 
            [template] => SEM RESPOSTA
            [html_template] => 
            [topic] => 
            [score] => 261
            [aiml_id] => -1
            [stars] => Array
                (
                )

            [that_stars] => Array
                (
                    [1] => 
                )

            [topic_stars] => Array
                (
                )

            [parsed_template] => SEM RESPOSTA
        )

    [client_properties] => Array
        (
            [ip_address] => 138.204.25.228
            [name] => Entrou
        )

    [time_start] => 1554483239.6549
    [user_say] => Array
        (
            [1] => 👍🏻👍🏻
            [2] => 
            [3] => 
            [4] => 
            [5] => 
            [6] => 
            [7] => 
            [8] => 
            [9] => 
            [10] => 
        )

    [input] => Array
        (
            [1] => 👍🏻👍🏻
            [2] => 
            [3] => 
            [4] => 
            [5] => 
            [6] => 
            [7] => 
            [8] => 
            [9] => 
            [10] => 
        )

    [that_raw] => Array
        (
            [1] => Array
                (
                    [1] => 
                    [2] => SEM RESPOSTA
                )

            [2] => 
            [3] => 
            [4] => 
            [5] => 
            [6] => 
            [7] => 
            [8] => 
            [9] => 
            [10] => 
            [12] => 
        )

    [that] => Array
        (
            [1] => Array
                (
                    [1] => SEM RESPOSTA
                )

            [2] => 
            [3] => 
            [4] => 
            [5] => 
            [6] => 
            [7] => 
            [8] => 
            [9] => 
            [10] => 
            [12] => 
        )

    [parsed_template] => Array
        (
            [1] => SEM RESPOSTA
            [2] => 
            [3] => 
            [4] => 
            [5] => 
            [6] => 
            [7] => 
            [8] => 
            [9] => 
            [10] => 
        )

    [template] => Array
        (
            [1] => SEM RESPOSTA
            [2] => 
            [3] => 
            [4] => 
            [5] => 
            [6] => 
            [7] => 
            [8] => 
            [9] => 
            [10] => 
        )

    [send_to_user] => <div class="usersay">Entrou: </div><div class="botsay">Net Bot: </div>
)

-----------------------
Total execution time: 23.351 Milliseconds. Goodbye.