06-04-2019 03:12:33.32255[0][4] - Elapsed time: 3.017 milliseconds
[conversation_start.php][Called outside of function][91]
Conversation starting. Current system specs:
Program O version:            2.6.11
Server Software:              Apache
PHP Version:                  5.6.40
OS:                           Linux
OS Version:                   #1 SMP Wed Sep 26 15:12:11 UTC 2018
MySQL Version:                5.7.25
Multi-byte functions enabled: true 
-----------------------
06-04-2019 03:12:33.32690[4][4] - Elapsed time: 4.352 milliseconds
[load_aimlfunctions.php][Called outside of function][16]
AIML function include files loaded 
-----------------------
06-04-2019 03:12:33.32838[4][4] - Elapsed time: 1.474 milliseconds
[load_convofunctions.php][Called outside of function][16]
Convofunction include files loaded 
-----------------------
06-04-2019 03:12:33.32857[4][4] - Elapsed time: 0.200 milliseconds
[load_userfunctions.php][Called outside of function][14]
userfunctions include files loaded 
-----------------------
06-04-2019 03:12:33.32961[4][4] - Elapsed time: 1.030 milliseconds
[load_addons.php][Called outside of function][19]
Loading addons 
-----------------------
06-04-2019 03:12:33.32962[4][4] - Elapsed time: 0.018 milliseconds
[conversation_start.php][Called outside of function][104]
Loaded all Includes 
-----------------------
06-04-2019 03:12:33.32978[0][4] - Elapsed time: 0.158 milliseconds
[conversation_start.php][Called outside of function][159]
Debug level: 4
session ID = 554197196485 
-----------------------
06-04-2019 03:12:33.32979[4][4] - Elapsed time: 0.013 milliseconds
[conversation_start.php][Called outside of function][162]
Conversation continuing. User said 'ee'. 
-----------------------
06-04-2019 03:12:33.32984[4][4] - Elapsed time: 0.048 milliseconds
[intialise_conversation.php][read_from_session][155]
Reading from session 
-----------------------
06-04-2019 03:12:33.32987[4][4] - Elapsed time: 0.026 milliseconds
[intialise_conversation.php][load_default_bot_values][110]
Loading db bot personality properties 
-----------------------
06-04-2019 03:12:33.32989[3][4] - Elapsed time: 0.021 milliseconds
[intialise_conversation.php][load_default_bot_values][118]
load db bot personality values SQL: SELECT * FROM `devncom_ia_golden`.`botpersonality` WHERE `bot_id` = 1; 
-----------------------
06-04-2019 03:12:33.33017[4][4] - Elapsed time: 0.283 milliseconds
[intialise_conversation.php][check_set_convo_id][643]
Obtaining the convo id from form vars. Value: 554197196485 
-----------------------
06-04-2019 03:12:33.33019[2][4] - Elapsed time: 0.019 milliseconds
[intialise_conversation.php][check_set_bot][581]
Checking and/or setting the current bot. 
-----------------------
06-04-2019 03:12:33.33020[3][4] - Elapsed time: 0.012 milliseconds
[intialise_conversation.php][check_set_bot][599]
Making sure the bot exists. SQL = SELECT * FROM `devncom_ia_golden`.`bots` WHERE bot_id = 1 AND `bot_active` = 1; 
-----------------------
06-04-2019 03:12:33.33041[2][4] - Elapsed time: 0.209 milliseconds
[intialise_conversation.php][check_set_bot][616]
BOT ID: 1 
-----------------------
06-04-2019 03:12:33.33043[2][4] - Elapsed time: 0.021 milliseconds
[intialise_conversation.php][check_set_user][672]
Checking and setting the user info, as needed. 
-----------------------
06-04-2019 03:12:33.33082[2][4] - Elapsed time: 0.389 milliseconds
[handle_user.php][intisaliseUser][82]
Initializing user. 
-----------------------
06-04-2019 03:12:33.33101[3][4] - Elapsed time: 0.192 milliseconds
[handle_user.php][intisaliseUser][128]
intisaliseUser #603 SQL: INSERT INTO `users`
        (`id`, `user_name`, `session_id`, `bot_id`, `chatlines`,`ip`, `referer`, `browser`, `date_logged_on` , `last_update`    , `state`)
 VALUES (NULL, 'Entrou'  , 554197196485   , 1 , '0'        , '138.204.25.228', ''      , 'Mozilla/4.0 (compatible; MSIE 8.0; Windows NT 6.0)'      , CURRENT_TIMESTAMP, CURRENT_TIMESTAMP, ''     ); 
-----------------------
06-04-2019 03:12:33.33118[3][4] - Elapsed time: 0.164 milliseconds
[intialise_conversation.php][check_set_user][705]
Loading client properties from the DB - sql:
SELECT `name`, `value` FROM `devncom_ia_golden`.`client_properties` WHERE `user_id` = 603 AND `bot_id` = 1; 
-----------------------
06-04-2019 03:12:33.33149[2][4] - Elapsed time: 0.314 milliseconds
[spell_checker.php][run_spell_checker_say][36]
Starting function and setting timestamp. 
-----------------------
06-04-2019 03:12:33.33155[2][4] - Elapsed time: 0.057 milliseconds
[spell_checker.php][spell_check][60]
Preforming a spel chek on ee. 
-----------------------
06-04-2019 03:12:33.33157[2][4] - Elapsed time: 0.023 milliseconds
[spell_checker.php][load_spelling_list][117]
Loading the spellcheck list from the DB. 
-----------------------
06-04-2019 03:12:33.33184[4][4] - Elapsed time: 0.270 milliseconds
[misc_functions.php][normalize_text][125]
Begin normalization - text = 'ee' 
-----------------------
06-04-2019 03:12:33.33193[4][4] - Elapsed time: 0.086 milliseconds
[misc_functions.php][normalize_text][150]
Normalization complete. Text = 'EE' 
-----------------------
06-04-2019 03:12:33.33194[2][4] - Elapsed time: 0.014 milliseconds
[conversation_start.php][Called outside of function][237]
Details:
User say: EE
Convo id: 554197196485
Bot id: 1
Format: html 
-----------------------
06-04-2019 03:12:33.33196[4][4] - Elapsed time: 0.016 milliseconds
[intialise_conversation.php][check_set_format][752]
Using format: html 
-----------------------
06-04-2019 03:12:33.33197[2][4] - Elapsed time: 0.010 milliseconds
[intialise_conversation.php][load_that][769]
Loading the THAT array. 
-----------------------
06-04-2019 03:12:33.33198[3][4] - Elapsed time: 0.013 milliseconds
[intialise_conversation.php][load_that][784]
Getting conversation log entries for the current user. SQL:
SELECT `input`, `response` FROM `devncom_ia_golden`.`conversation_log` WHERE `user_id` = 603 AND `bot_id` = 1 ORDER BY `id` DESC limit 10; 
-----------------------
06-04-2019 03:12:33.33291[4][4] - Elapsed time: 0.932 milliseconds
[intialise_conversation.php][load_that][856]
Couldn't find any previous inputs or responses. 
-----------------------
06-04-2019 03:12:33.33376[2][4] - Elapsed time: 0.851 milliseconds
[intialise_conversation.php][load_bot_config][343]
Loading config data for the current bot. 
-----------------------
06-04-2019 03:12:33.33378[3][4] - Elapsed time: 0.019 milliseconds
[intialise_conversation.php][load_bot_config][352]
load bot config SQL: SELECT * FROM `devncom_ia_golden`.`bots` WHERE bot_id = 1; 
-----------------------
06-04-2019 03:12:33.33393[4][4] - Elapsed time: 0.150 milliseconds
[intialise_conversation.php][load_bot_config][357]
Loading bot details from the database. 
-----------------------
06-04-2019 03:12:33.33396[0][4] - Elapsed time: 0.022 milliseconds
[conversation_start.php][Called outside of function][257]
Default debug level = 4 
-----------------------
06-04-2019 03:12:33.33397[0][4] - Elapsed time: 0.016 milliseconds
[conversation_start.php][Called outside of function][259]
Current debug level = 4 
-----------------------
06-04-2019 03:12:33.33399[0][4] - Elapsed time: 0.014 milliseconds
[conversation_start.php][Called outside of function][272]
Say = EE: raw say = ee 
-----------------------
06-04-2019 03:12:33.33400[4][4] - Elapsed time: 0.011 milliseconds
[intialise_conversation.php][add_new_conversation_vars][184]
New conversation vars 
-----------------------
06-04-2019 03:12:33.33401[2][4] - Elapsed time: 0.009 milliseconds
[intialise_conversation.php][push_on_front_convoArr][226]
Pushing 'EE' to the front of the [user_say] array 
-----------------------
06-04-2019 03:12:33.33403[4][4] - Elapsed time: 0.025 milliseconds
[intialise_conversation.php][load_blank_array_element][62]
Loading blank user_say array 
-----------------------
06-04-2019 03:12:33.33406[0][4] - Elapsed time: 0.034 milliseconds
[intialise_conversation.php][add_new_conversation_vars][188]
User RAW = ee, RAW say = ee 
-----------------------
06-04-2019 03:12:33.33407[2][4] - Elapsed time: 0.011 milliseconds
[intialise_conversation.php][push_on_front_convoArr][226]
Pushing 'ee' to the front of the [input] array 
-----------------------
06-04-2019 03:12:33.33409[4][4] - Elapsed time: 0.012 milliseconds
[intialise_conversation.php][load_blank_array_element][62]
Loading blank input array 
-----------------------
06-04-2019 03:12:33.33411[4][4] - Elapsed time: 0.019 milliseconds
[make_conversation.php][make_conversation][22]
Making conversation 
-----------------------
06-04-2019 03:12:33.33412[4][4] - Elapsed time: 0.010 milliseconds
[misc_functions.php][normalize_text][125]
Begin normalization - text = 'EE' 
-----------------------
06-04-2019 03:12:33.33414[4][4] - Elapsed time: 0.022 milliseconds
[misc_functions.php][normalize_text][150]
Normalization complete. Text = 'EE' 
-----------------------
06-04-2019 03:12:33.33415[4][4] - Elapsed time: 0.011 milliseconds
[find_aiml.php][get_aiml_to_parse][909]
Running all functions to get the correct aiml from the DB 
-----------------------
06-04-2019 03:12:33.33447[4][4] - Elapsed time: 0.323 milliseconds
[find_aiml.php][find_userdefined_aiml][821]
Looking for user defined responses 
-----------------------
06-04-2019 03:12:33.33451[3][4] - Elapsed time: 0.033 milliseconds
[find_aiml.php][find_userdefined_aiml][870]
User defined SQL:
SELECT `id`, `bot_id`, `pattern`, `thatpattern`, `template` FROM `devncom_ia_golden`.`aiml_userdefined` WHERE
    `bot_id` = 1 AND
    `user_id` = 554197196485
    AND (
        'EE' LIKE (REPLACE(REPLACE(`pattern`, '*', '%'), '_', '%')))
   ORDER BY `id` ASC, `pattern` ASC, `thatpattern` ASC; 
-----------------------
06-04-2019 03:12:33.33469[2][4] - Elapsed time: 0.182 milliseconds
[find_aiml.php][find_userdefined_aiml][896]
User defined rows found: '0' 
-----------------------
06-04-2019 03:12:33.33471[4][4] - Elapsed time: 0.018 milliseconds
[find_aiml.php][find_aiml_matches][975]
Finding the aiml matches from the DB 
-----------------------
06-04-2019 03:12:33.33472[4][4] - Elapsed time: 0.011 milliseconds
[find_aiml.php][find_aiml_matches][981]
Bot ID = 1. Bot Parent ID = 1. 
-----------------------
06-04-2019 03:12:33.33501[4][4] - Elapsed time: 0.296 milliseconds
[find_aiml.php][find_aiml_matches][992]
Stored topic = '' 
-----------------------
06-04-2019 03:12:33.33504[3][4] - Elapsed time: 0.031 milliseconds
[find_aiml.php][find_aiml_matches][1052]
Core Match AIML sql:
SELECT `id`, `bot_id`, `pattern`, `thatpattern`, `topic`, `filename`, `template` FROM `devncom_ia_golden`.`aiml` WHERE
    bot_id = 1 AND (
        'EE' LIKE (REPLACE(REPLACE(`pattern`, '*', '%'), '_', '%'))
        OR `pattern` LIKE 'LINHA DE RECOLHA ALEATÓRIA2'
    )
    # ORDER BY `id` ASC, `topic` DESC, `pattern` ASC, `thatpattern` ASC; 
-----------------------
06-04-2019 03:12:33.33526[3][4] - Elapsed time: 0.222 milliseconds
[find_aiml.php][find_aiml_matches][1054]
Query Process time... 
-----------------------
06-04-2019 03:12:33.33528[1][4] - Elapsed time: 0.018 milliseconds
[find_aiml.php][find_aiml_matches][1082]
Error: FOUND NO AIML matches in DB. 
-----------------------
06-04-2019 03:12:33.33530[4][4] - Elapsed time: 0.020 milliseconds
[find_aiml.php][get_convo_var][727]
Get from ConvoArr [conversation][default_aiml_pattern][1][1] 
-----------------------
06-04-2019 03:12:33.33532[4][4] - Elapsed time: 0.015 milliseconds
[find_aiml.php][get_convo_var][757]
Get from ConvoArr [conversation][default_aiml_pattern][1][1] FOUND: ConvoArr Value = 'LINHA DE RECOLHA ALEATÓRIA2' 
-----------------------
06-04-2019 03:12:33.34157[2][4] - Elapsed time: 6.255 milliseconds
[misc_functions.php][addUnknownInput][232]
Entry successfully added! 
-----------------------
06-04-2019 03:12:33.34163[1][4] - Elapsed time: 0.057 milliseconds
[find_aiml.php][find_aiml_matches][1084]
Added input 'EE' to the unknown_inputs table. 
-----------------------
06-04-2019 03:12:33.34207[4][4] - Elapsed time: 0.436 milliseconds
[find_aiml.php][unset_all_bad_pattern_matches][48]
NEW FUNC Searching through 1 rows to unset bad matches 
-----------------------
06-04-2019 03:12:33.34209[1][4] - Elapsed time: 0.021 milliseconds
[find_aiml.php][unset_all_bad_pattern_matches][56]
Returning error as no results where found 
-----------------------
06-04-2019 03:12:33.34210[4][4] - Elapsed time: 0.014 milliseconds
[find_aiml.php][score_matches][255]
Scoring the matches. 
-----------------------
06-04-2019 03:12:33.34262[4][4] - Elapsed time: 0.520 milliseconds
[find_aiml.php][score_matches][548]
Sorted array $allrows:
Array
(
    [0] => Array
        (
            [aiml_id] => -1
            [bot_id] => 1
            [pattern] => no results
            [thatpattern] => 
            [template] => SEM RESPOSTA
            [topic] => 
            [score] => 261
            [track_score] => current bot (250 points), no thatpattern to match (1 point), common word match: no (1 points), uncommon word match: results (8 points)
        )

)
 
-----------------------
06-04-2019 03:12:33.34266[2][4] - Elapsed time: 0.036 milliseconds
[find_aiml.php][get_highest_scoring_row][642]
Final candidates:

Array
(
    [0] => Array
        (
            [aiml_id] => -1
            [bot_id] => 1
            [pattern] => no results
            [thatpattern] => 
            [template] => SEM RESPOSTA
            [topic] => 
            [score] => 261
            [track_score] => current bot (250 points), no thatpattern to match (1 point), common word match: no (1 points), uncommon word match: results (8 points)
        )

)

 
-----------------------
06-04-2019 03:12:33.34324[4][4] - Elapsed time: 0.583 milliseconds
[find_aiml.php][get_highest_scoring_row][697]
Best Response: Array
(
    [aiml_id] => -1
    [bot_id] => 1
    [pattern] => no results
    [thatpattern] => 
    [template] => SEM RESPOSTA
    [topic] => 
    [score] => 261
    [track_score] => current bot (250 points), no thatpattern to match (1 point), common word match: no (1 points), uncommon word match: results (8 points)
)
 
-----------------------
06-04-2019 03:12:33.34326[2][4] - Elapsed time: 0.019 milliseconds
[find_aiml.php][get_highest_scoring_row][698]
No results found, so none to pick from. 
-----------------------
06-04-2019 03:12:33.34335[4][4] - Elapsed time: 0.087 milliseconds
[find_aiml.php][get_aiml_to_parse][960]
Will be parsing id:-1 (no results) 
-----------------------
06-04-2019 03:12:33.34336[3][4] - Elapsed time: 0.015 milliseconds
[parse_aiml.php][parse_matched_aiml][213]
Run the aiml parse in normal mode (normal or srai) 
-----------------------
06-04-2019 03:12:33.34337[2][4] - Elapsed time: 0.014 milliseconds
[parse_aiml.php][set_wildcards][297]
Setting Wildcards. Pattern = 'no results' 
-----------------------
06-04-2019 03:12:33.34339[4][4] - Elapsed time: 0.012 milliseconds
[parse_aiml.php][set_wildcards][329]
Checking for wildcards in pattern-side THAT 
-----------------------
06-04-2019 03:12:33.34340[4][4] - Elapsed time: 0.012 milliseconds
[parse_aiml.php][set_wildcards][361]
Checking for wildcards in pattern-side TOPIC 
-----------------------
06-04-2019 03:12:33.34343[2][4] - Elapsed time: 0.029 milliseconds
[parse_aiml.php][set_wildcards][394]
AIML array now = Array
(
    [aiml_id] => -1
    [html_template] => 
    [lookingfor] => EE
    [pattern] => no results
    [score] => 261
    [stars] => Array
        (
        )

    [template] => SEM RESPOSTA
    [thatpattern] => 
    [that_stars] => Array
        (
            [1] => 
        )

    [topic] => 
    [topic_stars] => Array
        (
        )

    [user_raw] => ee
)
 
-----------------------
06-04-2019 03:12:33.34344[2][4] - Elapsed time: 0.015 milliseconds
[parse_aiml_as_XML.php][parse_aiml_as_XML][22]
Parsing the AIML template as XML 
-----------------------
06-04-2019 03:12:33.34346[2][4] - Elapsed time: 0.012 milliseconds
[parse_aiml_as_XML.php][add_text_tags][93]
Adding some TEXT tags into the template, just because I can... 
-----------------------
06-04-2019 03:12:33.34350[4][4] - Elapsed time: 0.046 milliseconds
[parse_aiml_as_XML.php][add_text_tags][120]
Returning template:
<template><text>SEM RESPOSTA</text></template> 
-----------------------
06-04-2019 03:12:33.34370[2][4] - Elapsed time: 0.200 milliseconds
[parse_aiml_as_XML.php][parseTemplateRecursive][201]
Recursively parsing the AIML template. 
-----------------------
06-04-2019 03:12:33.34378[4][4] - Elapsed time: 0.081 milliseconds
[parse_aiml_as_XML.php][parseTemplateRecursive][214]
Processing element template at level 0. element XML = <?xml version="1.0"?>
<template><text>SEM RESPOSTA</text></template>
 
-----------------------
06-04-2019 03:12:33.34380[4][4] - Elapsed time: 0.016 milliseconds
[parse_aiml_as_XML.php][parseTemplateRecursive][242]
function parse_template_tag does not exist. Parsing tag as text. 
-----------------------
06-04-2019 03:12:33.34382[2][4] - Elapsed time: 0.021 milliseconds
[parse_aiml_as_XML.php][parseTemplateRecursive][201]
Recursively parsing the AIML template. 
-----------------------
06-04-2019 03:12:33.34385[4][4] - Elapsed time: 0.028 milliseconds
[parse_aiml_as_XML.php][parseTemplateRecursive][214]
Processing element text at level 1. element XML = <text>SEM RESPOSTA</text> 
-----------------------
06-04-2019 03:12:33.34388[4][4] - Elapsed time: 0.029 milliseconds
[parse_aiml_as_XML.php][parseTemplateRecursive][225]
Function parse_text_tag does exist. Processing now. 
-----------------------
06-04-2019 03:12:33.34389[4][4] - Elapsed time: 0.012 milliseconds
[parse_aiml_as_XML.php][parseTemplateRecursive][229]
Passing element text to the parse_text_tag function 
-----------------------
06-04-2019 03:12:33.34390[2][4] - Elapsed time: 0.010 milliseconds
[parse_aiml_as_XML.php][parse_text_tag][281]
Parsing a TEXT tag. 
-----------------------
06-04-2019 03:12:33.34391[4][4] - Elapsed time: 0.012 milliseconds
[parse_aiml_as_XML.php][parseTemplateRecursive][234]
Adding 'SEM RESPOSTA' to the response array. tag name is text 
-----------------------
06-04-2019 03:12:33.34392[2][4] - Elapsed time: 0.013 milliseconds
[parse_aiml_as_XML.php][implode_recursive][137]
Imploding an array into a string. (recursively, if necessary) 
-----------------------
06-04-2019 03:12:33.34394[2][4] - Elapsed time: 0.012 milliseconds
[parse_aiml_as_XML.php][implode_recursive][138]
Input: Array
(
    [0] => SEM RESPOSTA
)

 
-----------------------
06-04-2019 03:12:33.34395[4][4] - Elapsed time: 0.011 milliseconds
[parse_aiml_as_XML.php][implode_recursive][155]
The variable $input is of type array 
-----------------------
06-04-2019 03:12:33.34396[4][4] - Elapsed time: 0.013 milliseconds
[parse_aiml_as_XML.php][implode_recursive][185]
Imploding complete. Returning 'SEM RESPOSTA' 
-----------------------
06-04-2019 03:12:33.34397[4][4] - Elapsed time: 0.011 milliseconds
[parse_aiml_as_XML.php][parseTemplateRecursive][262]
Adding 'SEM RESPOSTA' to the response array. tag name is template. 
-----------------------
06-04-2019 03:12:33.34399[2][4] - Elapsed time: 0.017 milliseconds
[parse_aiml_as_XML.php][implode_recursive][137]
Imploding an array into a string. (recursively, if necessary) 
-----------------------
06-04-2019 03:12:33.34400[2][4] - Elapsed time: 0.014 milliseconds
[parse_aiml_as_XML.php][implode_recursive][138]
Input: Array
(
    [0] => SEM RESPOSTA
)

 
-----------------------
06-04-2019 03:12:33.34401[4][4] - Elapsed time: 0.010 milliseconds
[parse_aiml_as_XML.php][implode_recursive][155]
The variable $input is of type array 
-----------------------
06-04-2019 03:12:33.34402[4][4] - Elapsed time: 0.012 milliseconds
[parse_aiml_as_XML.php][implode_recursive][185]
Imploding complete. Returning 'SEM RESPOSTA' 
-----------------------
06-04-2019 03:12:33.34404[4][4] - Elapsed time: 0.014 milliseconds
[parse_aiml_as_XML.php][parse_aiml_as_XML][47]
Completed parsing the template. The bot will say: SEM RESPOSTA 
-----------------------
06-04-2019 03:12:33.34405[4][4] - Elapsed time: 0.015 milliseconds
[parse_aiml.php][parse_matched_aiml][227]
normal - Saving for next turn 
-----------------------
06-04-2019 03:12:33.34406[4][4] - Elapsed time: 0.011 milliseconds
[parse_aiml.php][save_for_nextturn][271]
Saving that and that_raw for next turn 
-----------------------
06-04-2019 03:12:33.34407[2][4] - Elapsed time: 0.011 milliseconds
[intialise_conversation.php][push_on_front_convoArr][226]
Pushing 'SEM RESPOSTA' to the front of the [that_raw] array 
-----------------------
06-04-2019 03:12:33.34409[4][4] - Elapsed time: 0.021 milliseconds
[intialise_conversation.php][load_blank_array_element][62]
Loading blank that_raw array 
-----------------------
06-04-2019 03:12:33.34415[2][4] - Elapsed time: 0.053 milliseconds
[intialise_conversation.php][push_on_front_convoArr][226]
Pushing 'SEM RESPOSTA' to the front of the [that] array 
-----------------------
06-04-2019 03:12:33.34416[4][4] - Elapsed time: 0.016 milliseconds
[intialise_conversation.php][load_blank_array_element][62]
Loading blank that array 
-----------------------
06-04-2019 03:12:33.34418[4][4] - Elapsed time: 0.020 milliseconds
[parse_aiml.php][clean_that][251]
Cleaning up the ~THAT~ tag: 'SEM RESPOSTA' 
-----------------------
06-04-2019 03:12:33.34420[4][4] - Elapsed time: 0.014 milliseconds
[misc_functions.php][normalize_text][125]
Begin normalization - text = 'SEM RESPOSTA' 
-----------------------
06-04-2019 03:12:33.34422[4][4] - Elapsed time: 0.025 milliseconds
[misc_functions.php][normalize_text][150]
Normalization complete. Text = 'SEM RESPOSTA' 
-----------------------
06-04-2019 03:12:33.34423[4][4] - Elapsed time: 0.012 milliseconds
[parse_aiml.php][clean_that][258]
Cleaning Complete. output = 'SEM RESPOSTA' 
-----------------------
06-04-2019 03:12:33.34425[2][4] - Elapsed time: 0.019 milliseconds
[intialise_conversation.php][push_on_front_convoArr][226]
Pushing 'SEM RESPOSTA' to the front of the [parsed_template] array 
-----------------------
06-04-2019 03:12:33.34427[4][4] - Elapsed time: 0.014 milliseconds
[intialise_conversation.php][load_blank_array_element][62]
Loading blank parsed_template array 
-----------------------
06-04-2019 03:12:33.34429[2][4] - Elapsed time: 0.018 milliseconds
[intialise_conversation.php][push_on_front_convoArr][226]
Pushing 'SEM RESPOSTA' to the front of the [template] array 
-----------------------
06-04-2019 03:12:33.34430[4][4] - Elapsed time: 0.014 milliseconds
[intialise_conversation.php][load_blank_array_element][62]
Loading blank template array 
-----------------------
06-04-2019 03:12:33.34432[2][4] - Elapsed time: 0.023 milliseconds
[intialise_conversation.php][log_conversation][403]
Saving the conversation to the DB. 
-----------------------
06-04-2019 03:12:33.34435[3][4] - Elapsed time: 0.022 milliseconds
[intialise_conversation.php][log_conversation][442]
Saving conservation SQL: INSERT INTO `devncom_ia_golden`.`conversation_log` (
      `id` ,
      `input` ,
      `response` ,
      `user_id` ,
      `convo_id` ,
      `bot_id` ,
      `timestamp`
    )
    VALUES (
      NULL ,
      'ee',
      'SEM RESPOSTA',
      603,
      554197196485,
      1,
      CURRENT_TIMESTAMP
    ) 
-----------------------
06-04-2019 03:12:33.34812[4][4] - Elapsed time: 3.776 milliseconds
[intialise_conversation.php][write_to_session][140]
Saving to session 
-----------------------
06-04-2019 03:12:33.34831[3][4] - Elapsed time: 0.189 milliseconds
[display_conversation.php][get_conversation_to_display][59]
get_conversation SQL: SELECT * FROM `devncom_ia_golden`.`conversation_log` WHERE
        `user_id` = :user_id
        AND `bot_id` = :bot_id
        AND `convo_id` = :convo_id
        ORDER BY id DESC  LIMIT 1 
-----------------------
06-04-2019 03:12:33.34848[2][4] - Elapsed time: 0.173 milliseconds
[display_conversation.php][get_conversation_to_display][77]
Found '1' lines of conversation 
-----------------------
06-04-2019 03:12:33.34851[4][4] - Elapsed time: 0.022 milliseconds
[display_conversation.php][get_conversation][92]
Processing conversation as html 
-----------------------
06-04-2019 03:12:33.34854[4][4] - Elapsed time: 0.030 milliseconds
[display_conversation.php][get_html][135]
Returning HTML 
-----------------------
06-04-2019 03:12:33.34951[2][4] - Elapsed time: 0.975 milliseconds
[conversation_start.php][Called outside of function][297]
Closing Database 
-----------------------
06-04-2019 03:12:33.34955[0][4] - Elapsed time: 0.036 milliseconds
[conversation_start.php][Called outside of function][303]
Conversation Ending. Elapsed time: 29.997 milliseconds. 
-----------------------
Debug Level: 4
-----------------------
Debug Mode: 1
-----------------------
CONVERSATION ARRAY
-----------------------
Array
(
    [say] => ee
    [conversation] => Array
        (
            [convo_id] => 554197196485
            [bot_name] => Net Bot
            [bot_id] => 1
            [format] => html
            [unknown_user] => Entrou
            [user_id] => 603
            [totallines] => 1
            [user_name] => Entrou
            [rawSay] => ee
            [conversation_lines] => 1
            [remember_up_to] => 10
            [debugemail] => contato@devn1.com.br
            [debug_level] => 4
            [debugmode] => 1
            [save_state] => database
            [default_aiml_pattern] => LINHA DE RECOLHA ALEATÓRIA2
            [bot_parent_id] => 1
            [aimlData] => Array
                (
                    [aiml_id] => -1
                    [bot_id] => 1
                    [pattern] => no results
                    [thatpattern] => 
                    [template] => SEM RESPOSTA
                    [topic] => 
                    [score] => 261
                    [track_score] => current bot (250 points), no thatpattern to match (1 point), common word match: no (1 points), uncommon word match: results (8 points)
                )

        )

    [aiml] => Array
        (
            [user_raw] => ee
            [lookingfor] => EE
            [pattern] => no results
            [thatpattern] => 
            [template] => SEM RESPOSTA
            [html_template] => 
            [topic] => 
            [score] => 261
            [aiml_id] => -1
            [stars] => Array
                (
                )

            [that_stars] => Array
                (
                    [1] => 
                )

            [topic_stars] => Array
                (
                )

            [parsed_template] => SEM RESPOSTA
        )

    [client_properties] => Array
        (
            [ip_address] => 138.204.25.228
            [name] => Entrou
        )

    [time_start] => 1554531153.3195
    [user_say] => Array
        (
            [1] => EE
            [2] => 
            [3] => 
            [4] => 
            [5] => 
            [6] => 
            [7] => 
            [8] => 
            [9] => 
            [10] => 
        )

    [input] => Array
        (
            [1] => ee
            [2] => 
            [3] => 
            [4] => 
            [5] => 
            [6] => 
            [7] => 
            [8] => 
            [9] => 
            [10] => 
        )

    [that_raw] => Array
        (
            [1] => Array
                (
                    [1] => 
                    [2] => SEM RESPOSTA
                )

            [2] => 
            [3] => 
            [4] => 
            [5] => 
            [6] => 
            [7] => 
            [8] => 
            [9] => 
            [10] => 
            [12] => 
        )

    [that] => Array
        (
            [1] => Array
                (
                    [1] => SEM RESPOSTA
                )

            [2] => 
            [3] => 
            [4] => 
            [5] => 
            [6] => 
            [7] => 
            [8] => 
            [9] => 
            [10] => 
            [12] => 
        )

    [parsed_template] => Array
        (
            [1] => SEM RESPOSTA
            [2] => 
            [3] => 
            [4] => 
            [5] => 
            [6] => 
            [7] => 
            [8] => 
            [9] => 
            [10] => 
        )

    [template] => Array
        (
            [1] => SEM RESPOSTA
            [2] => 
            [3] => 
            [4] => 
            [5] => 
            [6] => 
            [7] => 
            [8] => 
            [9] => 
            [10] => 
        )

    [send_to_user] => <div class="usersay">Entrou: ee</div><div class="botsay">Net Bot: SEM RESPOSTA</div>
)

-----------------------
Total execution time: 29.997 Milliseconds. Goodbye.