08-05-2019 13:45:24.10338[0][4] - Elapsed time: 2.650 milliseconds
[conversation_start.php][Called outside of function][91]
Conversation starting. Current system specs:
Program O version:            2.6.11
Server Software:              Apache
PHP Version:                  5.6.40
OS:                           Linux
OS Version:                   #1 SMP Wed Sep 26 15:12:11 UTC 2018
MySQL Version:                5.7.26
Multi-byte functions enabled: true 
-----------------------
08-05-2019 13:45:24.10683[4][4] - Elapsed time: 3.444 milliseconds
[load_aimlfunctions.php][Called outside of function][16]
AIML function include files loaded 
-----------------------
08-05-2019 13:45:24.10802[4][4] - Elapsed time: 1.194 milliseconds
[load_convofunctions.php][Called outside of function][16]
Convofunction include files loaded 
-----------------------
08-05-2019 13:45:24.10823[4][4] - Elapsed time: 0.214 milliseconds
[load_userfunctions.php][Called outside of function][14]
userfunctions include files loaded 
-----------------------
08-05-2019 13:45:24.10934[4][4] - Elapsed time: 1.109 milliseconds
[load_addons.php][Called outside of function][19]
Loading addons 
-----------------------
08-05-2019 13:45:24.10936[4][4] - Elapsed time: 0.020 milliseconds
[conversation_start.php][Called outside of function][104]
Loaded all Includes 
-----------------------
08-05-2019 13:45:24.10953[0][4] - Elapsed time: 0.166 milliseconds
[conversation_start.php][Called outside of function][159]
Debug level: 4
session ID = 554198562096 
-----------------------
08-05-2019 13:45:24.10954[4][4] - Elapsed time: 0.015 milliseconds
[conversation_start.php][Called outside of function][162]
Conversation continuing. User said 'sair'. 
-----------------------
08-05-2019 13:45:24.10959[4][4] - Elapsed time: 0.045 milliseconds
[intialise_conversation.php][read_from_session][155]
Reading from session 
-----------------------
08-05-2019 13:45:24.10960[4][4] - Elapsed time: 0.015 milliseconds
[intialise_conversation.php][load_default_bot_values][110]
Loading db bot personality properties 
-----------------------
08-05-2019 13:45:24.10963[3][4] - Elapsed time: 0.026 milliseconds
[intialise_conversation.php][load_default_bot_values][118]
load db bot personality values SQL: SELECT * FROM `devncom_ia_golden`.`botpersonality` WHERE `bot_id` = 1; 
-----------------------
08-05-2019 13:45:24.10998[4][4] - Elapsed time: 0.352 milliseconds
[intialise_conversation.php][check_set_convo_id][643]
Obtaining the convo id from form vars. Value: 554198562096 
-----------------------
08-05-2019 13:45:24.11000[2][4] - Elapsed time: 0.020 milliseconds
[intialise_conversation.php][check_set_bot][581]
Checking and/or setting the current bot. 
-----------------------
08-05-2019 13:45:24.11002[3][4] - Elapsed time: 0.014 milliseconds
[intialise_conversation.php][check_set_bot][599]
Making sure the bot exists. SQL = SELECT * FROM `devncom_ia_golden`.`bots` WHERE bot_id = 1 AND `bot_active` = 1; 
-----------------------
08-05-2019 13:45:24.11023[2][4] - Elapsed time: 0.217 milliseconds
[intialise_conversation.php][check_set_bot][616]
BOT ID: 1 
-----------------------
08-05-2019 13:45:24.11025[2][4] - Elapsed time: 0.017 milliseconds
[intialise_conversation.php][check_set_user][672]
Checking and setting the user info, as needed. 
-----------------------
08-05-2019 13:45:24.11075[2][4] - Elapsed time: 0.501 milliseconds
[handle_user.php][intisaliseUser][82]
Initializing user. 
-----------------------
08-05-2019 13:45:24.11096[3][4] - Elapsed time: 0.206 milliseconds
[handle_user.php][intisaliseUser][128]
intisaliseUser #1113 SQL: INSERT INTO `users`
        (`id`, `user_name`, `session_id`, `bot_id`, `chatlines`,`ip`, `referer`, `browser`, `date_logged_on` , `last_update`    , `state`)
 VALUES (NULL, 'Entrou'  , 554198562096   , 1 , '0'        , '34.74.77.119', ''      , 'Mozilla/4.0 (compatible; MSIE 8.0; Windows NT 6.0)'      , CURRENT_TIMESTAMP, CURRENT_TIMESTAMP, ''     ); 
-----------------------
08-05-2019 13:45:24.11115[3][4] - Elapsed time: 0.193 milliseconds
[intialise_conversation.php][check_set_user][705]
Loading client properties from the DB - sql:
SELECT `name`, `value` FROM `devncom_ia_golden`.`client_properties` WHERE `user_id` = 1113 AND `bot_id` = 1; 
-----------------------
08-05-2019 13:45:24.11858[2][4] - Elapsed time: 7.434 milliseconds
[spell_checker.php][run_spell_checker_say][36]
Starting function and setting timestamp. 
-----------------------
08-05-2019 13:45:24.11867[2][4] - Elapsed time: 0.083 milliseconds
[spell_checker.php][spell_check][60]
Preforming a spel chek on sair. 
-----------------------
08-05-2019 13:45:24.11870[2][4] - Elapsed time: 0.032 milliseconds
[spell_checker.php][load_spelling_list][117]
Loading the spellcheck list from the DB. 
-----------------------
08-05-2019 13:45:24.11916[4][4] - Elapsed time: 0.462 milliseconds
[misc_functions.php][normalize_text][125]
Begin normalization - text = 'sair' 
-----------------------
08-05-2019 13:45:24.11928[4][4] - Elapsed time: 0.117 milliseconds
[misc_functions.php][normalize_text][150]
Normalization complete. Text = 'SAIR' 
-----------------------
08-05-2019 13:45:24.11929[2][4] - Elapsed time: 0.017 milliseconds
[conversation_start.php][Called outside of function][237]
Details:
User say: SAIR
Convo id: 554198562096
Bot id: 1
Format: html 
-----------------------
08-05-2019 13:45:24.11932[4][4] - Elapsed time: 0.024 milliseconds
[intialise_conversation.php][check_set_format][752]
Using format: html 
-----------------------
08-05-2019 13:45:24.11934[2][4] - Elapsed time: 0.018 milliseconds
[intialise_conversation.php][load_that][769]
Loading the THAT array. 
-----------------------
08-05-2019 13:45:24.11935[3][4] - Elapsed time: 0.017 milliseconds
[intialise_conversation.php][load_that][784]
Getting conversation log entries for the current user. SQL:
SELECT `input`, `response` FROM `devncom_ia_golden`.`conversation_log` WHERE `user_id` = 1113 AND `bot_id` = 1 ORDER BY `id` DESC limit 10; 
-----------------------
08-05-2019 13:45:24.24122[4][4] - Elapsed time: 121.866 milliseconds
[intialise_conversation.php][load_that][856]
Couldn't find any previous inputs or responses. 
-----------------------
08-05-2019 13:45:24.24229[2][4] - Elapsed time: 1.071 milliseconds
[intialise_conversation.php][load_bot_config][343]
Loading config data for the current bot. 
-----------------------
08-05-2019 13:45:24.24233[3][4] - Elapsed time: 0.036 milliseconds
[intialise_conversation.php][load_bot_config][352]
load bot config SQL: SELECT * FROM `devncom_ia_golden`.`bots` WHERE bot_id = 1; 
-----------------------
08-05-2019 13:45:24.24254[4][4] - Elapsed time: 0.217 milliseconds
[intialise_conversation.php][load_bot_config][357]
Loading bot details from the database. 
-----------------------
08-05-2019 13:45:24.24257[0][4] - Elapsed time: 0.026 milliseconds
[conversation_start.php][Called outside of function][257]
Default debug level = 4 
-----------------------
08-05-2019 13:45:24.24258[0][4] - Elapsed time: 0.011 milliseconds
[conversation_start.php][Called outside of function][259]
Current debug level = 4 
-----------------------
08-05-2019 13:45:24.24260[0][4] - Elapsed time: 0.015 milliseconds
[conversation_start.php][Called outside of function][272]
Say = SAIR: raw say = sair 
-----------------------
08-05-2019 13:45:24.24261[4][4] - Elapsed time: 0.012 milliseconds
[intialise_conversation.php][add_new_conversation_vars][184]
New conversation vars 
-----------------------
08-05-2019 13:45:24.24262[2][4] - Elapsed time: 0.009 milliseconds
[intialise_conversation.php][push_on_front_convoArr][226]
Pushing 'SAIR' to the front of the [user_say] array 
-----------------------
08-05-2019 13:45:24.24265[4][4] - Elapsed time: 0.033 milliseconds
[intialise_conversation.php][load_blank_array_element][62]
Loading blank user_say array 
-----------------------
08-05-2019 13:45:24.24268[0][4] - Elapsed time: 0.031 milliseconds
[intialise_conversation.php][add_new_conversation_vars][188]
User RAW = sair, RAW say = sair 
-----------------------
08-05-2019 13:45:24.24269[2][4] - Elapsed time: 0.012 milliseconds
[intialise_conversation.php][push_on_front_convoArr][226]
Pushing 'sair' to the front of the [input] array 
-----------------------
08-05-2019 13:45:24.24271[4][4] - Elapsed time: 0.012 milliseconds
[intialise_conversation.php][load_blank_array_element][62]
Loading blank input array 
-----------------------
08-05-2019 13:45:24.24273[4][4] - Elapsed time: 0.022 milliseconds
[make_conversation.php][make_conversation][22]
Making conversation 
-----------------------
08-05-2019 13:45:24.24274[4][4] - Elapsed time: 0.016 milliseconds
[misc_functions.php][normalize_text][125]
Begin normalization - text = 'SAIR' 
-----------------------
08-05-2019 13:45:24.24282[4][4] - Elapsed time: 0.079 milliseconds
[misc_functions.php][normalize_text][150]
Normalization complete. Text = 'SAIR' 
-----------------------
08-05-2019 13:45:24.24284[4][4] - Elapsed time: 0.021 milliseconds
[find_aiml.php][get_aiml_to_parse][909]
Running all functions to get the correct aiml from the DB 
-----------------------
08-05-2019 13:45:24.24853[4][4] - Elapsed time: 5.684 milliseconds
[find_aiml.php][find_userdefined_aiml][821]
Looking for user defined responses 
-----------------------
08-05-2019 13:45:24.24858[3][4] - Elapsed time: 0.054 milliseconds
[find_aiml.php][find_userdefined_aiml][870]
User defined SQL:
SELECT `id`, `bot_id`, `pattern`, `thatpattern`, `template` FROM `devncom_ia_golden`.`aiml_userdefined` WHERE
    `bot_id` = 1 AND
    `user_id` = 554198562096
    AND (
        'SAIR' LIKE (REPLACE(REPLACE(`pattern`, '*', '%'), '_', '%')))
   ORDER BY `id` ASC, `pattern` ASC, `thatpattern` ASC; 
-----------------------
08-05-2019 13:45:24.24887[2][4] - Elapsed time: 0.293 milliseconds
[find_aiml.php][find_userdefined_aiml][896]
User defined rows found: '0' 
-----------------------
08-05-2019 13:45:24.24909[4][4] - Elapsed time: 0.215 milliseconds
[find_aiml.php][find_aiml_matches][975]
Finding the aiml matches from the DB 
-----------------------
08-05-2019 13:45:24.24910[4][4] - Elapsed time: 0.015 milliseconds
[find_aiml.php][find_aiml_matches][981]
Bot ID = 1. Bot Parent ID = 1. 
-----------------------
08-05-2019 13:45:24.25426[4][4] - Elapsed time: 5.152 milliseconds
[find_aiml.php][find_aiml_matches][992]
Stored topic = '' 
-----------------------
08-05-2019 13:45:24.25430[3][4] - Elapsed time: 0.045 milliseconds
[find_aiml.php][find_aiml_matches][1052]
Core Match AIML sql:
SELECT `id`, `bot_id`, `pattern`, `thatpattern`, `topic`, `filename`, `template` FROM `devncom_ia_golden`.`aiml` WHERE
    bot_id = 1 AND (
        'SAIR' LIKE (REPLACE(REPLACE(`pattern`, '*', '%'), '_', '%'))
        OR `pattern` LIKE 'LINHA DE RECOLHA ALEATÓRIA2'
    )
    # ORDER BY `id` ASC, `topic` DESC, `pattern` ASC, `thatpattern` ASC; 
-----------------------
08-05-2019 13:45:24.25458[3][4] - Elapsed time: 0.280 milliseconds
[find_aiml.php][find_aiml_matches][1054]
Query Process time... 
-----------------------
08-05-2019 13:45:24.25460[2][4] - Elapsed time: 0.020 milliseconds
[find_aiml.php][find_aiml_matches][1061]
FOUND: (1) potential AIML matches 
-----------------------
08-05-2019 13:45:24.25991[4][4] - Elapsed time: 5.305 milliseconds
[find_aiml.php][unset_all_bad_pattern_matches][48]
NEW FUNC Searching through 1 rows to unset bad matches 
-----------------------
08-05-2019 13:45:24.25993[4][4] - Elapsed time: 0.023 milliseconds
[find_aiml.php][unset_all_bad_pattern_matches][62]
Blue 5 to Blue leader. Starting my run now! Looking for 'SAIR' 
-----------------------
08-05-2019 13:45:24.25999[4][4] - Elapsed time: 0.065 milliseconds
[find_aiml.php][unset_all_bad_pattern_matches][195]
Found 1 relevant rows 
-----------------------
08-05-2019 13:45:24.26001[4][4] - Elapsed time: 0.018 milliseconds
[find_aiml.php][score_matches][255]
Scoring the matches. 
-----------------------
08-05-2019 13:45:24.26629[4][4] - Elapsed time: 6.276 milliseconds
[find_aiml.php][score_matches][548]
Sorted array $allrows:
Array
(
    [0] => Array
        (
            [id] => 4567
            [bot_id] => 1
            [pattern] => *SAIR*
            [thatpattern] => 
            [topic] => 
            [filename] => admin_added.aiml
            [template] => Seu nome foi removido de nossa lista, desculpe o inconveniente.
            [score] => 259
            [current_that] => 
            [aiml_id] => 4567
            [track_score] => current bot (250 points), no thatpattern to match (1 point), uncommon word match: *sair* (8 points)
        )

)
 
-----------------------
08-05-2019 13:45:24.26635[2][4] - Elapsed time: 0.058 milliseconds
[find_aiml.php][get_highest_scoring_row][642]
Final candidates:

Array
(
    [0] => Array
        (
            [id] => 4567
            [bot_id] => 1
            [pattern] => *SAIR*
            [thatpattern] => 
            [topic] => 
            [filename] => admin_added.aiml
            [template] => Seu nome foi removido de nossa lista, desculpe o inconveniente.
            [score] => 259
            [current_that] => 
            [aiml_id] => 4567
            [track_score] => current bot (250 points), no thatpattern to match (1 point), uncommon word match: *sair* (8 points)
        )

)

 
-----------------------
08-05-2019 13:45:24.26703[4][4] - Elapsed time: 0.687 milliseconds
[find_aiml.php][get_highest_scoring_row][697]
Best Response: Array
(
    [id] => 4567
    [bot_id] => 1
    [pattern] => *SAIR*
    [thatpattern] => 
    [topic] => 
    [filename] => admin_added.aiml
    [template] => Seu nome foi removido de nossa lista, desculpe o inconveniente.
    [score] => 259
    [current_that] => 
    [aiml_id] => 4567
    [track_score] => current bot (250 points), no thatpattern to match (1 point), uncommon word match: *sair* (8 points)
)
 
-----------------------
08-05-2019 13:45:24.26705[2][4] - Elapsed time: 0.021 milliseconds
[find_aiml.php][get_highest_scoring_row][698]
No results found, so none to pick from. 
-----------------------
08-05-2019 13:45:24.26715[4][4] - Elapsed time: 0.095 milliseconds
[find_aiml.php][get_aiml_to_parse][960]
Will be parsing id:4567 (*SAIR*) 
-----------------------
08-05-2019 13:45:24.26716[3][4] - Elapsed time: 0.015 milliseconds
[parse_aiml.php][parse_matched_aiml][213]
Run the aiml parse in normal mode (normal or srai) 
-----------------------
08-05-2019 13:45:24.26718[2][4] - Elapsed time: 0.014 milliseconds
[parse_aiml.php][set_wildcards][297]
Setting Wildcards. Pattern = '*SAIR*' 
-----------------------
08-05-2019 13:45:24.26719[2][4] - Elapsed time: 0.012 milliseconds
[parse_aiml.php][set_wildcards][306]
We have pattern stars to process! 
-----------------------
08-05-2019 13:45:24.26720[2][4] - Elapsed time: 0.009 milliseconds
[parse_aiml.php][set_wildcards][310]
RegEx string = ~(.+)SAIR(.+)$~siuU: Searching sair for a match. 
-----------------------
08-05-2019 13:45:24.26722[2][4] - Elapsed time: 0.022 milliseconds
[parse_aiml.php][set_wildcards][324]
Something is not right here. 
-----------------------
08-05-2019 13:45:24.26723[4][4] - Elapsed time: 0.010 milliseconds
[parse_aiml.php][set_wildcards][329]
Checking for wildcards in pattern-side THAT 
-----------------------
08-05-2019 13:45:24.26724[4][4] - Elapsed time: 0.013 milliseconds
[parse_aiml.php][set_wildcards][361]
Checking for wildcards in pattern-side TOPIC 
-----------------------
08-05-2019 13:45:24.26728[2][4] - Elapsed time: 0.031 milliseconds
[parse_aiml.php][set_wildcards][394]
AIML array now = Array
(
    [aiml_id] => 4567
    [category_id] => 4567
    [html_template] => 
    [lookingfor] => SAIR
    [pattern] => *SAIR*
    [score] => 259
    [stars] => Array
        (
        )

    [template] => Seu nome foi removido de nossa lista, desculpe o inconveniente.
    [thatpattern] => 
    [that_stars] => Array
        (
            [1] => 
        )

    [topic] => 
    [topic_stars] => Array
        (
        )

    [user_raw] => sair
)
 
-----------------------
08-05-2019 13:45:24.26729[2][4] - Elapsed time: 0.015 milliseconds
[parse_aiml_as_XML.php][parse_aiml_as_XML][22]
Parsing the AIML template as XML 
-----------------------
08-05-2019 13:45:24.26730[2][4] - Elapsed time: 0.013 milliseconds
[parse_aiml_as_XML.php][add_text_tags][93]
Adding some TEXT tags into the template, just because I can... 
-----------------------
08-05-2019 13:45:24.26734[4][4] - Elapsed time: 0.036 milliseconds
[parse_aiml_as_XML.php][add_text_tags][120]
Returning template:
<template><text>Seu nome foi removido de nossa lista, desculpe o inconveniente.</text></template> 
-----------------------
08-05-2019 13:45:24.26754[2][4] - Elapsed time: 0.199 milliseconds
[parse_aiml_as_XML.php][parseTemplateRecursive][201]
Recursively parsing the AIML template. 
-----------------------
08-05-2019 13:45:24.26762[4][4] - Elapsed time: 0.082 milliseconds
[parse_aiml_as_XML.php][parseTemplateRecursive][214]
Processing element template at level 0. element XML = <?xml version="1.0"?>
<template><text>Seu nome foi removido de nossa lista, desculpe o inconveniente.</text></template>
 
-----------------------
08-05-2019 13:45:24.26764[4][4] - Elapsed time: 0.017 milliseconds
[parse_aiml_as_XML.php][parseTemplateRecursive][242]
function parse_template_tag does not exist. Parsing tag as text. 
-----------------------
08-05-2019 13:45:24.26766[2][4] - Elapsed time: 0.021 milliseconds
[parse_aiml_as_XML.php][parseTemplateRecursive][201]
Recursively parsing the AIML template. 
-----------------------
08-05-2019 13:45:24.26768[4][4] - Elapsed time: 0.027 milliseconds
[parse_aiml_as_XML.php][parseTemplateRecursive][214]
Processing element text at level 1. element XML = <text>Seu nome foi removido de nossa lista, desculpe o inconveniente.</text> 
-----------------------
08-05-2019 13:45:24.26770[4][4] - Elapsed time: 0.016 milliseconds
[parse_aiml_as_XML.php][parseTemplateRecursive][225]
Function parse_text_tag does exist. Processing now. 
-----------------------
08-05-2019 13:45:24.26772[4][4] - Elapsed time: 0.018 milliseconds
[parse_aiml_as_XML.php][parseTemplateRecursive][229]
Passing element text to the parse_text_tag function 
-----------------------
08-05-2019 13:45:24.26773[2][4] - Elapsed time: 0.012 milliseconds
[parse_aiml_as_XML.php][parse_text_tag][281]
Parsing a TEXT tag. 
-----------------------
08-05-2019 13:45:24.26774[4][4] - Elapsed time: 0.012 milliseconds
[parse_aiml_as_XML.php][parseTemplateRecursive][234]
Adding 'Seu nome foi removido de nossa lista, desculpe o inconveniente.' to the response array. tag name is text 
-----------------------
08-05-2019 13:45:24.26776[2][4] - Elapsed time: 0.015 milliseconds
[parse_aiml_as_XML.php][implode_recursive][137]
Imploding an array into a string. (recursively, if necessary) 
-----------------------
08-05-2019 13:45:24.26778[2][4] - Elapsed time: 0.023 milliseconds
[parse_aiml_as_XML.php][implode_recursive][138]
Input: Array
(
    [0] => Seu nome foi removido de nossa lista, desculpe o inconveniente.
)

 
-----------------------
08-05-2019 13:45:24.26779[4][4] - Elapsed time: 0.011 milliseconds
[parse_aiml_as_XML.php][implode_recursive][155]
The variable $input is of type array 
-----------------------
08-05-2019 13:45:24.26781[4][4] - Elapsed time: 0.014 milliseconds
[parse_aiml_as_XML.php][implode_recursive][185]
Imploding complete. Returning 'Seu nome foi removido de nossa lista, desculpe o inconveniente.' 
-----------------------
08-05-2019 13:45:24.26782[4][4] - Elapsed time: 0.011 milliseconds
[parse_aiml_as_XML.php][parseTemplateRecursive][262]
Adding 'Seu nome foi removido de nossa lista, desculpe o inconveniente.' to the response array. tag name is template. 
-----------------------
08-05-2019 13:45:24.26783[2][4] - Elapsed time: 0.015 milliseconds
[parse_aiml_as_XML.php][implode_recursive][137]
Imploding an array into a string. (recursively, if necessary) 
-----------------------
08-05-2019 13:45:24.26784[2][4] - Elapsed time: 0.012 milliseconds
[parse_aiml_as_XML.php][implode_recursive][138]
Input: Array
(
    [0] => Seu nome foi removido de nossa lista, desculpe o inconveniente.
)

 
-----------------------
08-05-2019 13:45:24.26785[4][4] - Elapsed time: 0.010 milliseconds
[parse_aiml_as_XML.php][implode_recursive][155]
The variable $input is of type array 
-----------------------
08-05-2019 13:45:24.26786[4][4] - Elapsed time: 0.011 milliseconds
[parse_aiml_as_XML.php][implode_recursive][185]
Imploding complete. Returning 'Seu nome foi removido de nossa lista, desculpe o inconveniente.' 
-----------------------
08-05-2019 13:45:24.26788[4][4] - Elapsed time: 0.014 milliseconds
[parse_aiml_as_XML.php][parse_aiml_as_XML][47]
Completed parsing the template. The bot will say: Seu nome foi removido de nossa lista, desculpe o inconveniente. 
-----------------------
08-05-2019 13:45:24.26789[4][4] - Elapsed time: 0.015 milliseconds
[parse_aiml.php][parse_matched_aiml][227]
normal - Saving for next turn 
-----------------------
08-05-2019 13:45:24.26790[4][4] - Elapsed time: 0.011 milliseconds
[parse_aiml.php][save_for_nextturn][271]
Saving that and that_raw for next turn 
-----------------------
08-05-2019 13:45:24.26792[2][4] - Elapsed time: 0.011 milliseconds
[intialise_conversation.php][push_on_front_convoArr][226]
Pushing 'Seu nome foi removido de nossa lista, desculpe o inconveniente.' to the front of the [that_raw] array 
-----------------------
08-05-2019 13:45:24.26794[4][4] - Elapsed time: 0.024 milliseconds
[intialise_conversation.php][load_blank_array_element][62]
Loading blank that_raw array 
-----------------------
08-05-2019 13:45:24.26800[2][4] - Elapsed time: 0.059 milliseconds
[intialise_conversation.php][push_on_front_convoArr][226]
Pushing 'Seu nome foi removido de nossa lista, desculpe o inconveniente.' to the front of the [that] array 
-----------------------
08-05-2019 13:45:24.26802[4][4] - Elapsed time: 0.020 milliseconds
[intialise_conversation.php][load_blank_array_element][62]
Loading blank that array 
-----------------------
08-05-2019 13:45:24.26804[4][4] - Elapsed time: 0.021 milliseconds
[parse_aiml.php][clean_that][251]
Cleaning up the ~THAT~ tag: 'Seu nome foi removido de nossa lista, desculpe o inconveniente.' 
-----------------------
08-05-2019 13:45:24.26806[4][4] - Elapsed time: 0.016 milliseconds
[misc_functions.php][normalize_text][125]
Begin normalization - text = 'Seu nome foi removido de nossa lista, desculpe o inconveniente.' 
-----------------------
08-05-2019 13:45:24.26809[4][4] - Elapsed time: 0.038 milliseconds
[misc_functions.php][normalize_text][150]
Normalization complete. Text = 'SEU NOME FOI REMOVIDO DE NOSSA LISTA DESCULPE O INCONVENIENTE' 
-----------------------
08-05-2019 13:45:24.26811[4][4] - Elapsed time: 0.012 milliseconds
[parse_aiml.php][clean_that][258]
Cleaning Complete. output = 'SEU NOME FOI REMOVIDO DE NOSSA LISTA DESCULPE O INCONVENIENTE' 
-----------------------
08-05-2019 13:45:24.26812[2][4] - Elapsed time: 0.018 milliseconds
[intialise_conversation.php][push_on_front_convoArr][226]
Pushing 'Seu nome foi removido de nossa lista, desculpe o inconveniente.' to the front of the [parsed_template] array 
-----------------------
08-05-2019 13:45:24.26814[4][4] - Elapsed time: 0.017 milliseconds
[intialise_conversation.php][load_blank_array_element][62]
Loading blank parsed_template array 
-----------------------
08-05-2019 13:45:24.26816[2][4] - Elapsed time: 0.018 milliseconds
[intialise_conversation.php][push_on_front_convoArr][226]
Pushing 'Seu nome foi removido de nossa lista, desculpe o inconveniente.' to the front of the [template] array 
-----------------------
08-05-2019 13:45:24.26817[4][4] - Elapsed time: 0.016 milliseconds
[intialise_conversation.php][load_blank_array_element][62]
Loading blank template array 
-----------------------
08-05-2019 13:45:24.26820[2][4] - Elapsed time: 0.022 milliseconds
[intialise_conversation.php][log_conversation][403]
Saving the conversation to the DB. 
-----------------------
08-05-2019 13:45:24.26822[3][4] - Elapsed time: 0.023 milliseconds
[intialise_conversation.php][log_conversation][442]
Saving conservation SQL: INSERT INTO `devncom_ia_golden`.`conversation_log` (
      `id` ,
      `input` ,
      `response` ,
      `user_id` ,
      `convo_id` ,
      `bot_id` ,
      `timestamp`
    )
    VALUES (
      NULL ,
      'sair',
      'Seu nome foi removido de nossa lista, desculpe o inconveniente.',
      1113,
      554198562096,
      1,
      CURRENT_TIMESTAMP
    ) 
-----------------------
08-05-2019 13:45:24.37072[4][4] - Elapsed time: 102.505 milliseconds
[intialise_conversation.php][write_to_session][140]
Saving to session 
-----------------------
08-05-2019 13:45:24.37098[3][4] - Elapsed time: 0.257 milliseconds
[display_conversation.php][get_conversation_to_display][59]
get_conversation SQL: SELECT * FROM `devncom_ia_golden`.`conversation_log` WHERE
        `user_id` = :user_id
        AND `bot_id` = :bot_id
        AND `convo_id` = :convo_id
        ORDER BY id DESC  LIMIT 1 
-----------------------
08-05-2019 13:45:24.37119[2][4] - Elapsed time: 0.207 milliseconds
[display_conversation.php][get_conversation_to_display][77]
Found '1' lines of conversation 
-----------------------
08-05-2019 13:45:24.37121[4][4] - Elapsed time: 0.021 milliseconds
[display_conversation.php][get_conversation][92]
Processing conversation as html 
-----------------------
08-05-2019 13:45:24.37124[4][4] - Elapsed time: 0.034 milliseconds
[display_conversation.php][get_html][135]
Returning HTML 
-----------------------
08-05-2019 13:45:24.37225[2][4] - Elapsed time: 1.010 milliseconds
[conversation_start.php][Called outside of function][297]
Closing Database 
-----------------------
08-05-2019 13:45:24.37229[0][4] - Elapsed time: 0.036 milliseconds
[conversation_start.php][Called outside of function][303]
Conversation Ending. Elapsed time: 271.541 milliseconds. 
-----------------------
Debug Level: 4
-----------------------
Debug Mode: 1
-----------------------
CONVERSATION ARRAY
-----------------------
Array
(
    [say] => sair
    [conversation] => Array
        (
            [convo_id] => 554198562096
            [bot_name] => Net Bot
            [bot_id] => 1
            [format] => html
            [unknown_user] => Entrou
            [user_id] => 1113
            [totallines] => 1
            [user_name] => Entrou
            [rawSay] => sair
            [conversation_lines] => 1
            [remember_up_to] => 10
            [debugemail] => contato@devn1.com.br
            [debug_level] => 4
            [debugmode] => 1
            [save_state] => database
            [default_aiml_pattern] => LINHA DE RECOLHA ALEATÓRIA2
            [bot_parent_id] => 1
            [aimlData] => Array
                (
                    [id] => 4567
                    [bot_id] => 1
                    [pattern] => *SAIR*
                    [thatpattern] => 
                    [topic] => 
                    [filename] => admin_added.aiml
                    [template] => Seu nome foi removido de nossa lista, desculpe o inconveniente.
                    [score] => 259
                    [current_that] => 
                    [aiml_id] => 4567
                    [track_score] => current bot (250 points), no thatpattern to match (1 point), uncommon word match: *sair* (8 points)
                )

        )

    [aiml] => Array
        (
            [user_raw] => sair
            [lookingfor] => SAIR
            [category_id] => 4567
            [pattern] => *SAIR*
            [thatpattern] => 
            [template] => Seu nome foi removido de nossa lista, desculpe o inconveniente.
            [html_template] => 
            [topic] => 
            [score] => 259
            [aiml_id] => 4567
            [stars] => Array
                (
                )

            [that_stars] => Array
                (
                    [1] => 
                )

            [topic_stars] => Array
                (
                )

            [parsed_template] => Seu nome foi removido de nossa lista, desculpe o inconveniente.
        )

    [client_properties] => Array
        (
            [ip_address] => 34.74.77.119
            [name] => Entrou
        )

    [time_start] => 1557333924.1007
    [user_say] => Array
        (
            [1] => SAIR
            [2] => 
            [3] => 
            [4] => 
            [5] => 
            [6] => 
            [7] => 
            [8] => 
            [9] => 
            [10] => 
        )

    [input] => Array
        (
            [1] => sair
            [2] => 
            [3] => 
            [4] => 
            [5] => 
            [6] => 
            [7] => 
            [8] => 
            [9] => 
            [10] => 
        )

    [that_raw] => Array
        (
            [1] => Array
                (
                    [1] => 
                    [2] => Seu nome foi removido de nossa lista, desculpe o inconveniente.
                )

            [2] => 
            [3] => 
            [4] => 
            [5] => 
            [6] => 
            [7] => 
            [8] => 
            [9] => 
            [10] => 
            [12] => 
        )

    [that] => Array
        (
            [1] => Array
                (
                    [1] => SEU NOME FOI REMOVIDO DE NOSSA LISTA DESCULPE O INCONVENIENTE
                )

            [2] => 
            [3] => 
            [4] => 
            [5] => 
            [6] => 
            [7] => 
            [8] => 
            [9] => 
            [10] => 
            [12] => 
        )

    [parsed_template] => Array
        (
            [1] => Seu nome foi removido de nossa lista, desculpe o inconveniente.
            [2] => 
            [3] => 
            [4] => 
            [5] => 
            [6] => 
            [7] => 
            [8] => 
            [9] => 
            [10] => 
        )

    [template] => Array
        (
            [1] => Seu nome foi removido de nossa lista, desculpe o inconveniente.
            [2] => 
            [3] => 
            [4] => 
            [5] => 
            [6] => 
            [7] => 
            [8] => 
            [9] => 
            [10] => 
        )

    [send_to_user] => <div class="usersay">Entrou: sair</div><div class="botsay">Net Bot: Seu nome foi removido de nossa lista, desculpe o inconveniente.</div>
)

-----------------------
Total execution time: 271.541 Milliseconds. Goodbye.