06-04-2019 15:17:29.29545[0][4] - Elapsed time: 2.426 milliseconds
[conversation_start.php][Called outside of function][91]
Conversation starting. Current system specs:
Program O version:            2.6.11
Server Software:              Apache
PHP Version:                  5.6.40
OS:                           Linux
OS Version:                   #1 SMP Wed Sep 26 15:12:11 UTC 2018
MySQL Version:                5.7.25
Multi-byte functions enabled: true 
-----------------------
06-04-2019 15:17:29.30065[4][4] - Elapsed time: 5.200 milliseconds
[load_aimlfunctions.php][Called outside of function][16]
AIML function include files loaded 
-----------------------
06-04-2019 15:17:29.30221[4][4] - Elapsed time: 1.564 milliseconds
[load_convofunctions.php][Called outside of function][16]
Convofunction include files loaded 
-----------------------
06-04-2019 15:17:29.30243[4][4] - Elapsed time: 0.218 milliseconds
[load_userfunctions.php][Called outside of function][14]
userfunctions include files loaded 
-----------------------
06-04-2019 15:17:29.30371[4][4] - Elapsed time: 1.280 milliseconds
[load_addons.php][Called outside of function][19]
Loading addons 
-----------------------
06-04-2019 15:17:29.30374[4][4] - Elapsed time: 0.027 milliseconds
[conversation_start.php][Called outside of function][104]
Loaded all Includes 
-----------------------
06-04-2019 15:17:29.30396[0][4] - Elapsed time: 0.218 milliseconds
[conversation_start.php][Called outside of function][159]
Debug level: 4
session ID = 554195717566 
-----------------------
06-04-2019 15:17:29.30397[4][4] - Elapsed time: 0.017 milliseconds
[conversation_start.php][Called outside of function][162]
Conversation continuing. User said 'Você.     Pode- medalha.    O.    Selnome'. 
-----------------------
06-04-2019 15:17:29.30404[4][4] - Elapsed time: 0.072 milliseconds
[intialise_conversation.php][read_from_session][155]
Reading from session 
-----------------------
06-04-2019 15:17:29.30406[4][4] - Elapsed time: 0.020 milliseconds
[intialise_conversation.php][load_default_bot_values][110]
Loading db bot personality properties 
-----------------------
06-04-2019 15:17:29.30409[3][4] - Elapsed time: 0.025 milliseconds
[intialise_conversation.php][load_default_bot_values][118]
load db bot personality values SQL: SELECT * FROM `devncom_ia_golden`.`botpersonality` WHERE `bot_id` = 1; 
-----------------------
06-04-2019 15:17:29.30454[4][4] - Elapsed time: 0.447 milliseconds
[intialise_conversation.php][check_set_convo_id][643]
Obtaining the convo id from form vars. Value: 554195717566 
-----------------------
06-04-2019 15:17:29.30457[2][4] - Elapsed time: 0.030 milliseconds
[intialise_conversation.php][check_set_bot][581]
Checking and/or setting the current bot. 
-----------------------
06-04-2019 15:17:29.30459[3][4] - Elapsed time: 0.021 milliseconds
[intialise_conversation.php][check_set_bot][599]
Making sure the bot exists. SQL = SELECT * FROM `devncom_ia_golden`.`bots` WHERE bot_id = 1 AND `bot_active` = 1; 
-----------------------
06-04-2019 15:17:29.30491[2][4] - Elapsed time: 0.325 milliseconds
[intialise_conversation.php][check_set_bot][616]
BOT ID: 1 
-----------------------
06-04-2019 15:17:29.30494[2][4] - Elapsed time: 0.023 milliseconds
[intialise_conversation.php][check_set_user][672]
Checking and setting the user info, as needed. 
-----------------------
06-04-2019 15:17:29.30536[3][4] - Elapsed time: 0.425 milliseconds
[intialise_conversation.php][check_set_user][705]
Loading client properties from the DB - sql:
SELECT `name`, `value` FROM `devncom_ia_golden`.`client_properties` WHERE `user_id` = 617 AND `bot_id` = 1; 
-----------------------
06-04-2019 15:17:29.30582[2][4] - Elapsed time: 0.457 milliseconds
[spell_checker.php][run_spell_checker_say][36]
Starting function and setting timestamp. 
-----------------------
06-04-2019 15:17:29.30591[2][4] - Elapsed time: 0.089 milliseconds
[spell_checker.php][spell_check][60]
Preforming a spel chek on Você. 
-----------------------
06-04-2019 15:17:29.30594[2][4] - Elapsed time: 0.033 milliseconds
[spell_checker.php][load_spelling_list][117]
Loading the spellcheck list from the DB. 
-----------------------
06-04-2019 15:17:29.30624[2][4] - Elapsed time: 0.300 milliseconds
[spell_checker.php][spell_check][60]
Preforming a spel chek on .. 
-----------------------
06-04-2019 15:17:29.30630[2][4] - Elapsed time: 0.064 milliseconds
[spell_checker.php][spell_check][60]
Preforming a spel chek on  . 
-----------------------
06-04-2019 15:17:29.30636[2][4] - Elapsed time: 0.054 milliseconds
[spell_checker.php][spell_check][60]
Preforming a spel chek on  . 
-----------------------
06-04-2019 15:17:29.30641[2][4] - Elapsed time: 0.052 milliseconds
[spell_checker.php][spell_check][60]
Preforming a spel chek on  . 
-----------------------
06-04-2019 15:17:29.30646[2][4] - Elapsed time: 0.052 milliseconds
[spell_checker.php][spell_check][60]
Preforming a spel chek on  . 
-----------------------
06-04-2019 15:17:29.30651[2][4] - Elapsed time: 0.052 milliseconds
[spell_checker.php][spell_check][60]
Preforming a spel chek on  . 
-----------------------
06-04-2019 15:17:29.30657[2][4] - Elapsed time: 0.053 milliseconds
[spell_checker.php][spell_check][60]
Preforming a spel chek on Pode. 
-----------------------
06-04-2019 15:17:29.30663[2][4] - Elapsed time: 0.061 milliseconds
[spell_checker.php][spell_check][60]
Preforming a spel chek on -. 
-----------------------
06-04-2019 15:17:29.30668[2][4] - Elapsed time: 0.053 milliseconds
[spell_checker.php][spell_check][60]
Preforming a spel chek on  . 
-----------------------
06-04-2019 15:17:29.30674[2][4] - Elapsed time: 0.055 milliseconds
[spell_checker.php][spell_check][60]
Preforming a spel chek on medalha. 
-----------------------
06-04-2019 15:17:29.30680[2][4] - Elapsed time: 0.064 milliseconds
[spell_checker.php][spell_check][60]
Preforming a spel chek on .. 
-----------------------
06-04-2019 15:17:29.30685[2][4] - Elapsed time: 0.052 milliseconds
[spell_checker.php][spell_check][60]
Preforming a spel chek on  . 
-----------------------
06-04-2019 15:17:29.30692[2][4] - Elapsed time: 0.065 milliseconds
[spell_checker.php][spell_check][60]
Preforming a spel chek on  . 
-----------------------
06-04-2019 15:17:29.30697[2][4] - Elapsed time: 0.053 milliseconds
[spell_checker.php][spell_check][60]
Preforming a spel chek on  . 
-----------------------
06-04-2019 15:17:29.30703[2][4] - Elapsed time: 0.062 milliseconds
[spell_checker.php][spell_check][60]
Preforming a spel chek on  . 
-----------------------
06-04-2019 15:17:29.30709[2][4] - Elapsed time: 0.060 milliseconds
[spell_checker.php][spell_check][60]
Preforming a spel chek on O. 
-----------------------
06-04-2019 15:17:29.30715[2][4] - Elapsed time: 0.054 milliseconds
[spell_checker.php][spell_check][60]
Preforming a spel chek on .. 
-----------------------
06-04-2019 15:17:29.30720[2][4] - Elapsed time: 0.053 milliseconds
[spell_checker.php][spell_check][60]
Preforming a spel chek on  . 
-----------------------
06-04-2019 15:17:29.30725[2][4] - Elapsed time: 0.052 milliseconds
[spell_checker.php][spell_check][60]
Preforming a spel chek on  . 
-----------------------
06-04-2019 15:17:29.30730[2][4] - Elapsed time: 0.052 milliseconds
[spell_checker.php][spell_check][60]
Preforming a spel chek on  . 
-----------------------
06-04-2019 15:17:29.30735[2][4] - Elapsed time: 0.052 milliseconds
[spell_checker.php][spell_check][60]
Preforming a spel chek on  . 
-----------------------
06-04-2019 15:17:29.30741[2][4] - Elapsed time: 0.056 milliseconds
[spell_checker.php][spell_check][60]
Preforming a spel chek on Selnome. 
-----------------------
06-04-2019 15:17:29.30749[4][4] - Elapsed time: 0.083 milliseconds
[misc_functions.php][normalize_text][125]
Begin normalization - text = 'Você.     Pode- medalha.    O.    Selnome' 
-----------------------
06-04-2019 15:17:29.30757[4][4] - Elapsed time: 0.072 milliseconds
[misc_functions.php][normalize_text][150]
Normalization complete. Text = 'VOCÊ PODE MEDALHA O SELNOME' 
-----------------------
06-04-2019 15:17:29.30758[2][4] - Elapsed time: 0.013 milliseconds
[conversation_start.php][Called outside of function][237]
Details:
User say: VOCÊ PODE MEDALHA O SELNOME
Convo id: 554195717566
Bot id: 1
Format: html 
-----------------------
06-04-2019 15:17:29.30760[4][4] - Elapsed time: 0.017 milliseconds
[intialise_conversation.php][check_set_format][752]
Using format: html 
-----------------------
06-04-2019 15:17:29.30761[2][4] - Elapsed time: 0.011 milliseconds
[intialise_conversation.php][load_that][769]
Loading the THAT array. 
-----------------------
06-04-2019 15:17:29.30762[3][4] - Elapsed time: 0.016 milliseconds
[intialise_conversation.php][load_that][784]
Getting conversation log entries for the current user. SQL:
SELECT `input`, `response` FROM `devncom_ia_golden`.`conversation_log` WHERE `user_id` = 617 AND `bot_id` = 1 ORDER BY `id` DESC limit 10; 
-----------------------
06-04-2019 15:17:29.30855[1][4] - Elapsed time: 0.924 milliseconds
[intialise_conversation.php][load_that][804]
Inputs returned:Array
(
    [0] => Você.    Pode-mefa
)
 
-----------------------
06-04-2019 15:17:29.30856[4][4] - Elapsed time: 0.017 milliseconds
[intialise_conversation.php][load_that][805]
Loading previous responses into the ~THAT~ array. 
-----------------------
06-04-2019 15:17:29.30857[1][4] - Elapsed time: 0.011 milliseconds
[intialise_conversation.php][load_that][806]
Responses returned:Array
(
    [0] => SEM RESPOSTA
)
 
-----------------------
06-04-2019 15:17:29.30860[2][4] - Elapsed time: 0.026 milliseconds
[parse_aiml_as_XML.php][implode_recursive][137]
Imploding an array into a string. (recursively, if necessary) 
-----------------------
06-04-2019 15:17:29.30862[2][4] - Elapsed time: 0.016 milliseconds
[parse_aiml_as_XML.php][implode_recursive][138]
Input: Array
(
    [0] => SEM RESPOSTA
)

 
-----------------------
06-04-2019 15:17:29.30863[4][4] - Elapsed time: 0.016 milliseconds
[parse_aiml_as_XML.php][implode_recursive][155]
The variable $input is of type array 
-----------------------
06-04-2019 15:17:29.30866[4][4] - Elapsed time: 0.022 milliseconds
[parse_aiml_as_XML.php][implode_recursive][185]
Imploding complete. Returning 'SEM RESPOSTA' 
-----------------------
06-04-2019 15:17:29.30867[4][4] - Elapsed time: 0.018 milliseconds
[parse_aiml.php][clean_that][251]
Cleaning up the ~THAT~ tag: 'SEM RESPOSTA' 
-----------------------
06-04-2019 15:17:29.30869[4][4] - Elapsed time: 0.017 milliseconds
[misc_functions.php][normalize_text][125]
Begin normalization - text = 'SEM RESPOSTA' 
-----------------------
06-04-2019 15:17:29.30872[4][4] - Elapsed time: 0.034 milliseconds
[misc_functions.php][normalize_text][150]
Normalization complete. Text = 'SEM RESPOSTA' 
-----------------------
06-04-2019 15:17:29.30874[4][4] - Elapsed time: 0.012 milliseconds
[parse_aiml.php][clean_that][258]
Cleaning Complete. output = 'SEM RESPOSTA' 
-----------------------
06-04-2019 15:17:29.30875[2][4] - Elapsed time: 0.012 milliseconds
[intialise_conversation.php][push_on_front_convoArr][226]
Pushing 'SEM RESPOSTA' to the front of the [that] array 
-----------------------
06-04-2019 15:17:29.30877[4][4] - Elapsed time: 0.026 milliseconds
[intialise_conversation.php][load_blank_array_element][62]
Loading blank that array 
-----------------------
06-04-2019 15:17:29.30881[4][4] - Elapsed time: 0.038 milliseconds
[parse_aiml.php][clean_that][251]
Cleaning up the ~THAT~ tag: 'SEM RESPOSTA' 
-----------------------
06-04-2019 15:17:29.30882[4][4] - Elapsed time: 0.011 milliseconds
[misc_functions.php][normalize_text][125]
Begin normalization - text = 'SEM RESPOSTA' 
-----------------------
06-04-2019 15:17:29.30885[4][4] - Elapsed time: 0.022 milliseconds
[misc_functions.php][normalize_text][150]
Normalization complete. Text = 'SEM RESPOSTA' 
-----------------------
06-04-2019 15:17:29.30886[4][4] - Elapsed time: 0.011 milliseconds
[parse_aiml.php][clean_that][258]
Cleaning Complete. output = 'SEM RESPOSTA' 
-----------------------
06-04-2019 15:17:29.30889[4][4] - Elapsed time: 0.034 milliseconds
[intialise_conversation.php][load_that][835]
Loading previous user inputs into the ~INPUT~ array. 
-----------------------
06-04-2019 15:17:29.30891[2][4] - Elapsed time: 0.016 milliseconds
[parse_aiml_as_XML.php][implode_recursive][137]
Imploding an array into a string. (recursively, if necessary) 
-----------------------
06-04-2019 15:17:29.30892[2][4] - Elapsed time: 0.014 milliseconds
[parse_aiml_as_XML.php][implode_recursive][138]
Input: Array
(
    [0] => Você
    [1] =>     Pode-mefa
)

 
-----------------------
06-04-2019 15:17:29.30893[4][4] - Elapsed time: 0.014 milliseconds
[parse_aiml_as_XML.php][implode_recursive][155]
The variable $input is of type array 
-----------------------
06-04-2019 15:17:29.30895[4][4] - Elapsed time: 0.012 milliseconds
[parse_aiml_as_XML.php][implode_recursive][185]
Imploding complete. Returning 'Você   Pode-mefa' 
-----------------------
06-04-2019 15:17:29.30896[4][4] - Elapsed time: 0.012 milliseconds
[parse_aiml.php][clean_that][251]
Cleaning up the ~THAT~ tag: 'Você   Pode-mefa' 
-----------------------
06-04-2019 15:17:29.30897[4][4] - Elapsed time: 0.011 milliseconds
[misc_functions.php][normalize_text][125]
Begin normalization - text = 'Você   Pode-mefa' 
-----------------------
06-04-2019 15:17:29.30899[4][4] - Elapsed time: 0.023 milliseconds
[misc_functions.php][normalize_text][150]
Normalization complete. Text = 'VOCÊ PODE MEFA' 
-----------------------
06-04-2019 15:17:29.30900[4][4] - Elapsed time: 0.012 milliseconds
[parse_aiml.php][clean_that][258]
Cleaning Complete. output = 'VOCÊ PODE MEFA' 
-----------------------
06-04-2019 15:17:29.30901[2][4] - Elapsed time: 0.010 milliseconds
[intialise_conversation.php][push_on_front_convoArr][226]
Pushing 'VOCÊ PODE MEFA' to the front of the [input] array 
-----------------------
06-04-2019 15:17:29.30903[4][4] - Elapsed time: 0.013 milliseconds
[intialise_conversation.php][load_blank_array_element][62]
Loading blank input array 
-----------------------
06-04-2019 15:17:29.30991[2][4] - Elapsed time: 0.880 milliseconds
[intialise_conversation.php][load_bot_config][343]
Loading config data for the current bot. 
-----------------------
06-04-2019 15:17:29.30993[3][4] - Elapsed time: 0.022 milliseconds
[intialise_conversation.php][load_bot_config][352]
load bot config SQL: SELECT * FROM `devncom_ia_golden`.`bots` WHERE bot_id = 1; 
-----------------------
06-04-2019 15:17:29.31010[4][4] - Elapsed time: 0.166 milliseconds
[intialise_conversation.php][load_bot_config][357]
Loading bot details from the database. 
-----------------------
06-04-2019 15:17:29.31012[0][4] - Elapsed time: 0.024 milliseconds
[conversation_start.php][Called outside of function][257]
Default debug level = 4 
-----------------------
06-04-2019 15:17:29.31013[0][4] - Elapsed time: 0.012 milliseconds
[conversation_start.php][Called outside of function][259]
Current debug level = 4 
-----------------------
06-04-2019 15:17:29.31014[0][4] - Elapsed time: 0.014 milliseconds
[conversation_start.php][Called outside of function][272]
Say = VOCÊ PODE MEDALHA O SELNOME: raw say = Você.     Pode- medalha.    O.    Selnome 
-----------------------
06-04-2019 15:17:29.31016[4][4] - Elapsed time: 0.012 milliseconds
[intialise_conversation.php][add_new_conversation_vars][184]
New conversation vars 
-----------------------
06-04-2019 15:17:29.31017[2][4] - Elapsed time: 0.011 milliseconds
[intialise_conversation.php][push_on_front_convoArr][226]
Pushing 'VOCÊ PODE MEDALHA O SELNOME' to the front of the [user_say] array 
-----------------------
06-04-2019 15:17:29.31018[4][4] - Elapsed time: 0.016 milliseconds
[intialise_conversation.php][load_blank_array_element][62]
Loading blank user_say array 
-----------------------
06-04-2019 15:17:29.31020[0][4] - Elapsed time: 0.020 milliseconds
[intialise_conversation.php][add_new_conversation_vars][188]
User RAW = Você.     Pode- medalha.    O.    Selnome, RAW say = Você.     Pode- medalha.    O.    Selnome 
-----------------------
06-04-2019 15:17:29.31022[2][4] - Elapsed time: 0.014 milliseconds
[intialise_conversation.php][push_on_front_convoArr][226]
Pushing 'Você.     Pode- medalha.    O.    Selnome' to the front of the [input] array 
-----------------------
06-04-2019 15:17:29.31024[4][4] - Elapsed time: 0.021 milliseconds
[make_conversation.php][make_conversation][22]
Making conversation 
-----------------------
06-04-2019 15:17:29.31025[4][4] - Elapsed time: 0.011 milliseconds
[misc_functions.php][normalize_text][125]
Begin normalization - text = 'VOCÊ PODE MEDALHA O SELNOME' 
-----------------------
06-04-2019 15:17:29.31027[4][4] - Elapsed time: 0.024 milliseconds
[misc_functions.php][normalize_text][150]
Normalization complete. Text = 'VOCÊ PODE MEDALHA O SELNOME' 
-----------------------
06-04-2019 15:17:29.31029[4][4] - Elapsed time: 0.012 milliseconds
[find_aiml.php][get_aiml_to_parse][909]
Running all functions to get the correct aiml from the DB 
-----------------------
06-04-2019 15:17:29.31071[4][4] - Elapsed time: 0.421 milliseconds
[find_aiml.php][find_userdefined_aiml][821]
Looking for user defined responses 
-----------------------
06-04-2019 15:17:29.31075[3][4] - Elapsed time: 0.041 milliseconds
[find_aiml.php][find_userdefined_aiml][870]
User defined SQL:
SELECT `id`, `bot_id`, `pattern`, `thatpattern`, `template` FROM `devncom_ia_golden`.`aiml_userdefined` WHERE
    `bot_id` = 1 AND
    `user_id` = 554195717566
    AND (
        'VOCÊ PODE MEDALHA O SELNOME' LIKE (REPLACE(REPLACE(`pattern`, '*', '%'), '_', '%'))
        OR 'SEM RESPOSTA' LIKE (REPLACE(REPLACE(`thatpattern`, '*', '%'), '_', '%')))
   ORDER BY `id` ASC, `pattern` ASC, `thatpattern` ASC; 
-----------------------
06-04-2019 15:17:29.31100[2][4] - Elapsed time: 0.256 milliseconds
[find_aiml.php][find_userdefined_aiml][896]
User defined rows found: '0' 
-----------------------
06-04-2019 15:17:29.31103[4][4] - Elapsed time: 0.029 milliseconds
[find_aiml.php][find_aiml_matches][975]
Finding the aiml matches from the DB 
-----------------------
06-04-2019 15:17:29.31105[4][4] - Elapsed time: 0.021 milliseconds
[find_aiml.php][find_aiml_matches][981]
Bot ID = 1. Bot Parent ID = 1. 
-----------------------
06-04-2019 15:17:29.31147[4][4] - Elapsed time: 0.412 milliseconds
[find_aiml.php][find_aiml_matches][992]
Stored topic = '' 
-----------------------
06-04-2019 15:17:29.31151[3][4] - Elapsed time: 0.041 milliseconds
[find_aiml.php][find_aiml_matches][1052]
Core Match AIML sql:
SELECT `id`, `bot_id`, `pattern`, `thatpattern`, `topic`, `filename`, `template` FROM `devncom_ia_golden`.`aiml` WHERE
    bot_id = 1 AND (
        'VOCÊ PODE MEDALHA O SELNOME' LIKE (REPLACE(REPLACE(`pattern`, '*', '%'), '_', '%'))
        OR 'SEM RESPOSTA' LIKE (REPLACE(REPLACE(`thatpattern`, '*', '%'), '_', '%'))
        OR `pattern` LIKE 'LINHA DE RECOLHA ALEATÓRIA2'
    )
    # ORDER BY `id` ASC, `topic` DESC, `pattern` ASC, `thatpattern` ASC; 
-----------------------
06-04-2019 15:17:29.31175[3][4] - Elapsed time: 0.241 milliseconds
[find_aiml.php][find_aiml_matches][1054]
Query Process time... 
-----------------------
06-04-2019 15:17:29.31188[1][4] - Elapsed time: 0.130 milliseconds
[find_aiml.php][find_aiml_matches][1082]
Error: FOUND NO AIML matches in DB. 
-----------------------
06-04-2019 15:17:29.31192[4][4] - Elapsed time: 0.040 milliseconds
[find_aiml.php][get_convo_var][727]
Get from ConvoArr [conversation][default_aiml_pattern][1][1] 
-----------------------
06-04-2019 15:17:29.31194[4][4] - Elapsed time: 0.025 milliseconds
[find_aiml.php][get_convo_var][757]
Get from ConvoArr [conversation][default_aiml_pattern][1][1] FOUND: ConvoArr Value = 'LINHA DE RECOLHA ALEATÓRIA2' 
-----------------------
06-04-2019 15:17:29.31221[2][4] - Elapsed time: 0.269 milliseconds
[misc_functions.php][addUnknownInput][232]
Entry successfully added! 
-----------------------
06-04-2019 15:17:29.31224[1][4] - Elapsed time: 0.027 milliseconds
[find_aiml.php][find_aiml_matches][1084]
Added input 'VOCÊ PODE MEDALHA O SELNOME' to the unknown_inputs table. 
-----------------------
06-04-2019 15:17:29.31257[1][4] - Elapsed time: 0.335 milliseconds
[find_aiml.php][unset_all_bad_pattern_matches][35]
Current THAT = SEM RESPOSTA 
-----------------------
06-04-2019 15:17:29.31260[4][4] - Elapsed time: 0.030 milliseconds
[find_aiml.php][unset_all_bad_pattern_matches][48]
NEW FUNC Searching through 1 rows to unset bad matches 
-----------------------
06-04-2019 15:17:29.31262[1][4] - Elapsed time: 0.015 milliseconds
[find_aiml.php][unset_all_bad_pattern_matches][56]
Returning error as no results where found 
-----------------------
06-04-2019 15:17:29.31264[4][4] - Elapsed time: 0.019 milliseconds
[find_aiml.php][score_matches][255]
Scoring the matches. 
-----------------------
06-04-2019 15:17:29.31316[4][4] - Elapsed time: 0.518 milliseconds
[find_aiml.php][score_matches][548]
Sorted array $allrows:
Array
(
    [0] => Array
        (
            [aiml_id] => -1
            [bot_id] => 1
            [pattern] => no results
            [thatpattern] => 
            [template] => SEM RESPOSTA
            [topic] => 
            [score] => 261
            [track_score] => current bot (250 points), no thatpattern to match (1 point), common word match: no (1 points), uncommon word match: results (8 points)
        )

)
 
-----------------------
06-04-2019 15:17:29.31320[2][4] - Elapsed time: 0.043 milliseconds
[find_aiml.php][get_highest_scoring_row][642]
Final candidates:

Array
(
    [0] => Array
        (
            [aiml_id] => -1
            [bot_id] => 1
            [pattern] => no results
            [thatpattern] => 
            [template] => SEM RESPOSTA
            [topic] => 
            [score] => 261
            [track_score] => current bot (250 points), no thatpattern to match (1 point), common word match: no (1 points), uncommon word match: results (8 points)
        )

)

 
-----------------------
06-04-2019 15:17:29.31389[4][4] - Elapsed time: 0.696 milliseconds
[find_aiml.php][get_highest_scoring_row][697]
Best Response: Array
(
    [aiml_id] => -1
    [bot_id] => 1
    [pattern] => no results
    [thatpattern] => 
    [template] => SEM RESPOSTA
    [topic] => 
    [score] => 261
    [track_score] => current bot (250 points), no thatpattern to match (1 point), common word match: no (1 points), uncommon word match: results (8 points)
)
 
-----------------------
06-04-2019 15:17:29.31392[2][4] - Elapsed time: 0.023 milliseconds
[find_aiml.php][get_highest_scoring_row][698]
No results found, so none to pick from. 
-----------------------
06-04-2019 15:17:29.31400[4][4] - Elapsed time: 0.086 milliseconds
[find_aiml.php][get_aiml_to_parse][960]
Will be parsing id:-1 (no results) 
-----------------------
06-04-2019 15:17:29.31403[3][4] - Elapsed time: 0.022 milliseconds
[parse_aiml.php][parse_matched_aiml][213]
Run the aiml parse in normal mode (normal or srai) 
-----------------------
06-04-2019 15:17:29.31405[2][4] - Elapsed time: 0.023 milliseconds
[parse_aiml.php][set_wildcards][297]
Setting Wildcards. Pattern = 'no results' 
-----------------------
06-04-2019 15:17:29.31407[4][4] - Elapsed time: 0.020 milliseconds
[parse_aiml.php][set_wildcards][329]
Checking for wildcards in pattern-side THAT 
-----------------------
06-04-2019 15:17:29.31410[4][4] - Elapsed time: 0.034 milliseconds
[parse_aiml.php][set_wildcards][361]
Checking for wildcards in pattern-side TOPIC 
-----------------------
06-04-2019 15:17:29.31414[2][4] - Elapsed time: 0.032 milliseconds
[parse_aiml.php][set_wildcards][394]
AIML array now = Array
(
    [aiml_id] => -1
    [html_template] => 
    [lookingfor] => VOCÊ PODE MEDALHA O SELNOME
    [pattern] => no results
    [score] => 261
    [stars] => Array
        (
        )

    [template] => SEM RESPOSTA
    [thatpattern] => 
    [that_stars] => Array
        (
            [1] => 
        )

    [topic] => 
    [topic_stars] => Array
        (
        )

    [user_raw] => Você.     Pode- medalha.    O.    Selnome
)
 
-----------------------
06-04-2019 15:17:29.31415[2][4] - Elapsed time: 0.019 milliseconds
[parse_aiml_as_XML.php][parse_aiml_as_XML][22]
Parsing the AIML template as XML 
-----------------------
06-04-2019 15:17:29.31417[2][4] - Elapsed time: 0.015 milliseconds
[parse_aiml_as_XML.php][add_text_tags][93]
Adding some TEXT tags into the template, just because I can... 
-----------------------
06-04-2019 15:17:29.31421[4][4] - Elapsed time: 0.045 milliseconds
[parse_aiml_as_XML.php][add_text_tags][120]
Returning template:
<template><text>SEM RESPOSTA</text></template> 
-----------------------
06-04-2019 15:17:29.31445[2][4] - Elapsed time: 0.240 milliseconds
[parse_aiml_as_XML.php][parseTemplateRecursive][201]
Recursively parsing the AIML template. 
-----------------------
06-04-2019 15:17:29.31454[4][4] - Elapsed time: 0.086 milliseconds
[parse_aiml_as_XML.php][parseTemplateRecursive][214]
Processing element template at level 0. element XML = <?xml version="1.0"?>
<template><text>SEM RESPOSTA</text></template>
 
-----------------------
06-04-2019 15:17:29.31456[4][4] - Elapsed time: 0.020 milliseconds
[parse_aiml_as_XML.php][parseTemplateRecursive][242]
function parse_template_tag does not exist. Parsing tag as text. 
-----------------------
06-04-2019 15:17:29.31460[2][4] - Elapsed time: 0.037 milliseconds
[parse_aiml_as_XML.php][parseTemplateRecursive][201]
Recursively parsing the AIML template. 
-----------------------
06-04-2019 15:17:29.31463[4][4] - Elapsed time: 0.032 milliseconds
[parse_aiml_as_XML.php][parseTemplateRecursive][214]
Processing element text at level 1. element XML = <text>SEM RESPOSTA</text> 
-----------------------
06-04-2019 15:17:29.31464[4][4] - Elapsed time: 0.015 milliseconds
[parse_aiml_as_XML.php][parseTemplateRecursive][225]
Function parse_text_tag does exist. Processing now. 
-----------------------
06-04-2019 15:17:29.31466[4][4] - Elapsed time: 0.015 milliseconds
[parse_aiml_as_XML.php][parseTemplateRecursive][229]
Passing element text to the parse_text_tag function 
-----------------------
06-04-2019 15:17:29.31467[2][4] - Elapsed time: 0.014 milliseconds
[parse_aiml_as_XML.php][parse_text_tag][281]
Parsing a TEXT tag. 
-----------------------
06-04-2019 15:17:29.31469[4][4] - Elapsed time: 0.015 milliseconds
[parse_aiml_as_XML.php][parseTemplateRecursive][234]
Adding 'SEM RESPOSTA' to the response array. tag name is text 
-----------------------
06-04-2019 15:17:29.31470[2][4] - Elapsed time: 0.015 milliseconds
[parse_aiml_as_XML.php][implode_recursive][137]
Imploding an array into a string. (recursively, if necessary) 
-----------------------
06-04-2019 15:17:29.31472[2][4] - Elapsed time: 0.014 milliseconds
[parse_aiml_as_XML.php][implode_recursive][138]
Input: Array
(
    [0] => SEM RESPOSTA
)

 
-----------------------
06-04-2019 15:17:29.31473[4][4] - Elapsed time: 0.013 milliseconds
[parse_aiml_as_XML.php][implode_recursive][155]
The variable $input is of type array 
-----------------------
06-04-2019 15:17:29.31474[4][4] - Elapsed time: 0.014 milliseconds
[parse_aiml_as_XML.php][implode_recursive][185]
Imploding complete. Returning 'SEM RESPOSTA' 
-----------------------
06-04-2019 15:17:29.31476[4][4] - Elapsed time: 0.013 milliseconds
[parse_aiml_as_XML.php][parseTemplateRecursive][262]
Adding 'SEM RESPOSTA' to the response array. tag name is template. 
-----------------------
06-04-2019 15:17:29.31478[2][4] - Elapsed time: 0.019 milliseconds
[parse_aiml_as_XML.php][implode_recursive][137]
Imploding an array into a string. (recursively, if necessary) 
-----------------------
06-04-2019 15:17:29.31479[2][4] - Elapsed time: 0.013 milliseconds
[parse_aiml_as_XML.php][implode_recursive][138]
Input: Array
(
    [0] => SEM RESPOSTA
)

 
-----------------------
06-04-2019 15:17:29.31480[4][4] - Elapsed time: 0.012 milliseconds
[parse_aiml_as_XML.php][implode_recursive][155]
The variable $input is of type array 
-----------------------
06-04-2019 15:17:29.31481[4][4] - Elapsed time: 0.013 milliseconds
[parse_aiml_as_XML.php][implode_recursive][185]
Imploding complete. Returning 'SEM RESPOSTA' 
-----------------------
06-04-2019 15:17:29.31483[4][4] - Elapsed time: 0.016 milliseconds
[parse_aiml_as_XML.php][parse_aiml_as_XML][47]
Completed parsing the template. The bot will say: SEM RESPOSTA 
-----------------------
06-04-2019 15:17:29.31485[4][4] - Elapsed time: 0.020 milliseconds
[parse_aiml.php][parse_matched_aiml][227]
normal - Saving for next turn 
-----------------------
06-04-2019 15:17:29.31487[4][4] - Elapsed time: 0.024 milliseconds
[parse_aiml.php][save_for_nextturn][271]
Saving that and that_raw for next turn 
-----------------------
06-04-2019 15:17:29.31489[2][4] - Elapsed time: 0.014 milliseconds
[intialise_conversation.php][push_on_front_convoArr][226]
Pushing 'SEM RESPOSTA' to the front of the [that_raw] array 
-----------------------
06-04-2019 15:17:29.31491[4][4] - Elapsed time: 0.020 milliseconds
[intialise_conversation.php][load_blank_array_element][62]
Loading blank that_raw array 
-----------------------
06-04-2019 15:17:29.31494[2][4] - Elapsed time: 0.035 milliseconds
[intialise_conversation.php][push_on_front_convoArr][226]
Pushing 'SEM RESPOSTA' to the front of the [that] array 
-----------------------
06-04-2019 15:17:29.31497[4][4] - Elapsed time: 0.023 milliseconds
[parse_aiml.php][clean_that][251]
Cleaning up the ~THAT~ tag: 'SEM RESPOSTA' 
-----------------------
06-04-2019 15:17:29.31498[4][4] - Elapsed time: 0.015 milliseconds
[misc_functions.php][normalize_text][125]
Begin normalization - text = 'SEM RESPOSTA' 
-----------------------
06-04-2019 15:17:29.31501[4][4] - Elapsed time: 0.027 milliseconds
[misc_functions.php][normalize_text][150]
Normalization complete. Text = 'SEM RESPOSTA' 
-----------------------
06-04-2019 15:17:29.31502[4][4] - Elapsed time: 0.013 milliseconds
[parse_aiml.php][clean_that][258]
Cleaning Complete. output = 'SEM RESPOSTA' 
-----------------------
06-04-2019 15:17:29.31505[2][4] - Elapsed time: 0.028 milliseconds
[intialise_conversation.php][push_on_front_convoArr][226]
Pushing 'SEM RESPOSTA' to the front of the [parsed_template] array 
-----------------------
06-04-2019 15:17:29.31507[4][4] - Elapsed time: 0.023 milliseconds
[intialise_conversation.php][load_blank_array_element][62]
Loading blank parsed_template array 
-----------------------
06-04-2019 15:17:29.31509[2][4] - Elapsed time: 0.020 milliseconds
[intialise_conversation.php][push_on_front_convoArr][226]
Pushing 'SEM RESPOSTA' to the front of the [template] array 
-----------------------
06-04-2019 15:17:29.31511[4][4] - Elapsed time: 0.017 milliseconds
[intialise_conversation.php][load_blank_array_element][62]
Loading blank template array 
-----------------------
06-04-2019 15:17:29.31514[2][4] - Elapsed time: 0.029 milliseconds
[intialise_conversation.php][log_conversation][403]
Saving the conversation to the DB. 
-----------------------
06-04-2019 15:17:29.31517[3][4] - Elapsed time: 0.030 milliseconds
[intialise_conversation.php][log_conversation][442]
Saving conservation SQL: INSERT INTO `devncom_ia_golden`.`conversation_log` (
      `id` ,
      `input` ,
      `response` ,
      `user_id` ,
      `convo_id` ,
      `bot_id` ,
      `timestamp`
    )
    VALUES (
      NULL ,
      'Você.     Pode- medalha.    O.    Selnome',
      'SEM RESPOSTA',
      617,
      554195717566,
      1,
      CURRENT_TIMESTAMP
    ) 
-----------------------
06-04-2019 15:17:29.32190[4][4] - Elapsed time: 6.734 milliseconds
[intialise_conversation.php][write_to_session][140]
Saving to session 
-----------------------
06-04-2019 15:17:29.32210[3][4] - Elapsed time: 0.199 milliseconds
[display_conversation.php][get_conversation_to_display][59]
get_conversation SQL: SELECT * FROM `devncom_ia_golden`.`conversation_log` WHERE
        `user_id` = :user_id
        AND `bot_id` = :bot_id
        AND `convo_id` = :convo_id
        ORDER BY id DESC  LIMIT 1 
-----------------------
06-04-2019 15:17:29.32229[2][4] - Elapsed time: 0.191 milliseconds
[display_conversation.php][get_conversation_to_display][77]
Found '1' lines of conversation 
-----------------------
06-04-2019 15:17:29.32232[4][4] - Elapsed time: 0.024 milliseconds
[display_conversation.php][get_conversation][92]
Processing conversation as html 
-----------------------
06-04-2019 15:17:29.32234[4][4] - Elapsed time: 0.025 milliseconds
[display_conversation.php][get_html][135]
Returning HTML 
-----------------------
06-04-2019 15:17:29.32330[2][4] - Elapsed time: 0.960 milliseconds
[conversation_start.php][Called outside of function][297]
Closing Database 
-----------------------
06-04-2019 15:17:29.32334[0][4] - Elapsed time: 0.037 milliseconds
[conversation_start.php][Called outside of function][303]
Conversation Ending. Elapsed time: 30.298 milliseconds. 
-----------------------
Debug Level: 4
-----------------------
Debug Mode: 1
-----------------------
CONVERSATION ARRAY
-----------------------
Array
(
    [say] => Você.     Pode- medalha.    O.    Selnome
    [conversation] => Array
        (
            [convo_id] => 554195717566
            [bot_name] => Net Bot
            [bot_id] => 1
            [format] => html
            [unknown_user] => Entrou
            [user_name] => Entrou
            [user_id] => 617
            [totallines] => 1
            [rawSay] => Você.     Pode- medalha.    O.    Selnome
            [conversation_lines] => 1
            [remember_up_to] => 10
            [debugemail] => contato@devn1.com.br
            [debug_level] => 4
            [debugmode] => 1
            [save_state] => database
            [default_aiml_pattern] => LINHA DE RECOLHA ALEATÓRIA2
            [bot_parent_id] => 1
            [aimlData] => Array
                (
                    [aiml_id] => -1
                    [bot_id] => 1
                    [pattern] => no results
                    [thatpattern] => 
                    [template] => SEM RESPOSTA
                    [topic] => 
                    [score] => 261
                    [track_score] => current bot (250 points), no thatpattern to match (1 point), common word match: no (1 points), uncommon word match: results (8 points)
                )

        )

    [aiml] => Array
        (
            [user_raw] => Você.     Pode- medalha.    O.    Selnome
            [lookingfor] => VOCÊ PODE MEDALHA O SELNOME
            [pattern] => no results
            [thatpattern] => 
            [template] => SEM RESPOSTA
            [html_template] => 
            [topic] => 
            [score] => 261
            [aiml_id] => -1
            [stars] => Array
                (
                )

            [that_stars] => Array
                (
                    [1] => 
                )

            [topic_stars] => Array
                (
                )

            [parsed_template] => SEM RESPOSTA
        )

    [client_properties] => Array
        (
            [ip_address] => 35.203.191.19
            [name] => Entrou
        )

    [raw_that] => Array
        (
            [1] => Array
                (
                    [0] => SEM RESPOSTA
                )

        )

    [that] => Array
        (
            [1] => Array
                (
                    [1] => SEM RESPOSTA
                )

            [2] => Array
                (
                    [1] => SEM RESPOSTA
                )

            [3] => 
            [4] => 
            [5] => 
            [6] => 
            [7] => 
            [8] => 
            [9] => 
            [10] => 
            [12] => 
        )

    [input] => Array
        (
            [1] => Você. Pode- medalha. O. Selnome
            [2] => VOCÊ PODE MEFA
            [3] => 
            [4] => 
            [5] => 
            [6] => 
            [7] => 
            [8] => 
            [9] => 
            [10] => 
        )

    [time_start] => 1554574649.293
    [user_say] => Array
        (
            [1] => VOCÊ PODE MEDALHA O SELNOME
            [2] => 
            [3] => 
            [4] => 
            [5] => 
            [6] => 
            [7] => 
            [8] => 
            [9] => 
            [10] => 
        )

    [that_raw] => Array
        (
            [1] => Array
                (
                    [1] => 
                    [2] => SEM RESPOSTA
                )

            [2] => 
            [3] => 
            [4] => 
            [5] => 
            [6] => 
            [7] => 
            [8] => 
            [9] => 
            [10] => 
            [12] => 
        )

    [parsed_template] => Array
        (
            [1] => SEM RESPOSTA
            [2] => 
            [3] => 
            [4] => 
            [5] => 
            [6] => 
            [7] => 
            [8] => 
            [9] => 
            [10] => 
        )

    [template] => Array
        (
            [1] => SEM RESPOSTA
            [2] => 
            [3] => 
            [4] => 
            [5] => 
            [6] => 
            [7] => 
            [8] => 
            [9] => 
            [10] => 
        )

    [send_to_user] => <div class="usersay">Entrou: Você.     Pode- medalha.    O.    Selnome</div><div class="botsay">Net Bot: SEM RESPOSTA</div>
)

-----------------------
Total execution time: 30.298 Milliseconds. Goodbye.