06-04-2019 03:16:44.81383[0][4] - Elapsed time: 3.428 milliseconds
[conversation_start.php][Called outside of function][91]
Conversation starting. Current system specs:
Program O version:            2.6.11
Server Software:              Apache
PHP Version:                  5.6.40
OS:                           Linux
OS Version:                   #1 SMP Wed Sep 26 15:12:11 UTC 2018
MySQL Version:                5.7.25
Multi-byte functions enabled: true 
-----------------------
06-04-2019 03:16:44.81750[4][4] - Elapsed time: 3.661 milliseconds
[load_aimlfunctions.php][Called outside of function][16]
AIML function include files loaded 
-----------------------
06-04-2019 03:16:44.81921[4][4] - Elapsed time: 1.710 milliseconds
[load_convofunctions.php][Called outside of function][16]
Convofunction include files loaded 
-----------------------
06-04-2019 03:16:44.81971[4][4] - Elapsed time: 0.507 milliseconds
[load_userfunctions.php][Called outside of function][14]
userfunctions include files loaded 
-----------------------
06-04-2019 03:16:44.82131[4][4] - Elapsed time: 1.593 milliseconds
[load_addons.php][Called outside of function][19]
Loading addons 
-----------------------
06-04-2019 03:16:44.82134[4][4] - Elapsed time: 0.029 milliseconds
[conversation_start.php][Called outside of function][104]
Loaded all Includes 
-----------------------
06-04-2019 03:16:44.82153[0][4] - Elapsed time: 0.199 milliseconds
[conversation_start.php][Called outside of function][159]
Debug level: 4
session ID = 554196650354 
-----------------------
06-04-2019 03:16:44.82155[4][4] - Elapsed time: 0.021 milliseconds
[conversation_start.php][Called outside of function][162]
Conversation continuing. User said ''. 
-----------------------
06-04-2019 03:16:44.82158[4][4] - Elapsed time: 0.024 milliseconds
[intialise_conversation.php][intialise_convoArray][29]
Intialising conversation 
-----------------------
06-04-2019 03:16:44.82160[4][4] - Elapsed time: 0.017 milliseconds
[intialise_conversation.php][load_blank_array_element][62]
Loading blank topic array 
-----------------------
06-04-2019 03:16:44.82162[4][4] - Elapsed time: 0.027 milliseconds
[intialise_conversation.php][load_blank_array_element][62]
Loading blank that array 
-----------------------
06-04-2019 03:16:44.82165[4][4] - Elapsed time: 0.022 milliseconds
[intialise_conversation.php][load_blank_array_element][62]
Loading blank star array 
-----------------------
06-04-2019 03:16:44.82166[4][4] - Elapsed time: 0.018 milliseconds
[intialise_conversation.php][load_blank_array_element][62]
Loading blank input array 
-----------------------
06-04-2019 03:16:44.82168[4][4] - Elapsed time: 0.019 milliseconds
[intialise_conversation.php][load_blank_stack][85]
Loading blank stack 
-----------------------
06-04-2019 03:16:44.82170[4][4] - Elapsed time: 0.022 milliseconds
[intialise_conversation.php][load_default_bot_values][110]
Loading db bot personality properties 
-----------------------
06-04-2019 03:16:44.82173[3][4] - Elapsed time: 0.027 milliseconds
[intialise_conversation.php][load_default_bot_values][118]
load db bot personality values SQL: SELECT * FROM `devncom_ia_golden`.`botpersonality` WHERE `bot_id` = 1; 
-----------------------
06-04-2019 03:16:44.82211[2][4] - Elapsed time: 0.378 milliseconds
[handle_user.php][load_new_client_defaults][24]
Loading client defaults 
-----------------------
06-04-2019 03:16:44.82213[2][4] - Elapsed time: 0.024 milliseconds
[conversation_start.php][Called outside of function][291]
Conversation initialized, awaiting user 
-----------------------
06-04-2019 03:16:44.82220[2][4] - Elapsed time: 0.070 milliseconds
[conversation_start.php][Called outside of function][297]
Closing Database 
-----------------------
06-04-2019 03:16:44.82223[0][4] - Elapsed time: 0.029 milliseconds
[conversation_start.php][Called outside of function][303]
Conversation Ending. Elapsed time: 11.813 milliseconds. 
-----------------------
Debug Level: 4
-----------------------
Debug Mode: 1
-----------------------
CONVERSATION ARRAY
-----------------------
Array
(
    [conversation] => Array
        (
        )

    [topic] => Array
        (
            [1] => 
            [2] => 
            [3] => 
            [4] => 
            [5] => 
            [6] => 
            [7] => 
            [8] => 
            [9] => 
            [10] => 
            [11] => 
        )

    [that] => Array
        (
            [1] => 
            [2] => 
            [3] => 
            [4] => 
            [5] => 
            [6] => 
            [7] => 
            [8] => 
            [9] => 
            [10] => 
            [11] => 
        )

    [star] => Array
        (
            [1] => 
            [2] => 
            [3] => 
            [4] => 
            [5] => 
            [6] => 
            [7] => 
            [8] => 
            [9] => 
            [10] => 
            [11] => 
        )

    [input] => Array
        (
            [1] => 
            [2] => 
            [3] => 
            [4] => 
            [5] => 
            [6] => 
            [7] => 
            [8] => 
            [9] => 
            [10] => 
            [11] => 
        )

    [stack] => Array
        (
            [top] => om
            [second] => om
            [third] => om
            [fourth] => om
            [fifth] => om
            [sixth] => om
            [seventh] => om
            [last] => om
        )

    [client_properties] => Array
        (
            [name] => Seeker
            [id] => 554196650354
        )

    [send_to_user] => User input not detected.
)

-----------------------
Total execution time: 11.813 Milliseconds. Goodbye.