05-04-2019 07:33:49.94790[0][4] - Elapsed time: 2.550 milliseconds
[conversation_start.php][Called outside of function][91]
Conversation starting. Current system specs:
Program O version:            2.6.11
Server Software:              Apache
PHP Version:                  5.6.40
OS:                           Linux
OS Version:                   #1 SMP Wed Sep 26 15:12:11 UTC 2018
MySQL Version:                5.7.25
Multi-byte functions enabled: true 
-----------------------
05-04-2019 07:33:49.95218[4][4] - Elapsed time: 4.288 milliseconds
[load_aimlfunctions.php][Called outside of function][16]
AIML function include files loaded 
-----------------------
05-04-2019 07:33:49.95341[4][4] - Elapsed time: 1.227 milliseconds
[load_convofunctions.php][Called outside of function][16]
Convofunction include files loaded 
-----------------------
05-04-2019 07:33:49.95363[4][4] - Elapsed time: 0.221 milliseconds
[load_userfunctions.php][Called outside of function][14]
userfunctions include files loaded 
-----------------------
05-04-2019 07:33:49.95481[4][4] - Elapsed time: 1.181 milliseconds
[load_addons.php][Called outside of function][19]
Loading addons 
-----------------------
05-04-2019 07:33:49.95483[4][4] - Elapsed time: 0.019 milliseconds
[conversation_start.php][Called outside of function][104]
Loaded all Includes 
-----------------------
05-04-2019 07:33:49.95519[0][4] - Elapsed time: 0.358 milliseconds
[conversation_start.php][Called outside of function][159]
Debug level: 4
session ID = 554198081374 
-----------------------
05-04-2019 07:33:49.95528[4][4] - Elapsed time: 0.086 milliseconds
[conversation_start.php][Called outside of function][162]
Conversation continuing. User said 'Bom dia até anteontem eu tinha 5,10 pontos e vcs estão abaixando porque'. 
-----------------------
05-04-2019 07:33:49.95552[4][4] - Elapsed time: 0.246 milliseconds
[intialise_conversation.php][read_from_session][155]
Reading from session 
-----------------------
05-04-2019 07:33:49.95554[4][4] - Elapsed time: 0.023 milliseconds
[intialise_conversation.php][load_default_bot_values][110]
Loading db bot personality properties 
-----------------------
05-04-2019 07:33:49.95557[3][4] - Elapsed time: 0.028 milliseconds
[intialise_conversation.php][load_default_bot_values][118]
load db bot personality values SQL: SELECT * FROM `devncom_ia_golden`.`botpersonality` WHERE `bot_id` = 1; 
-----------------------
05-04-2019 07:33:49.95599[4][4] - Elapsed time: 0.422 milliseconds
[intialise_conversation.php][check_set_convo_id][643]
Obtaining the convo id from form vars. Value: 554198081374 
-----------------------
05-04-2019 07:33:49.95603[2][4] - Elapsed time: 0.040 milliseconds
[intialise_conversation.php][check_set_bot][581]
Checking and/or setting the current bot. 
-----------------------
05-04-2019 07:33:49.95605[3][4] - Elapsed time: 0.015 milliseconds
[intialise_conversation.php][check_set_bot][599]
Making sure the bot exists. SQL = SELECT * FROM `devncom_ia_golden`.`bots` WHERE bot_id = 1 AND `bot_active` = 1; 
-----------------------
05-04-2019 07:33:49.95628[2][4] - Elapsed time: 0.232 milliseconds
[intialise_conversation.php][check_set_bot][616]
BOT ID: 1 
-----------------------
05-04-2019 07:33:49.95630[2][4] - Elapsed time: 0.017 milliseconds
[intialise_conversation.php][check_set_user][672]
Checking and setting the user info, as needed. 
-----------------------
05-04-2019 07:33:49.95667[2][4] - Elapsed time: 0.372 milliseconds
[handle_user.php][intisaliseUser][82]
Initializing user. 
-----------------------
05-04-2019 07:33:49.95689[3][4] - Elapsed time: 0.224 milliseconds
[handle_user.php][intisaliseUser][128]
intisaliseUser #568 SQL: INSERT INTO `users`
        (`id`, `user_name`, `session_id`, `bot_id`, `chatlines`,`ip`, `referer`, `browser`, `date_logged_on` , `last_update`    , `state`)
 VALUES (NULL, 'Entrou'  , 554198081374   , 1 , '0'        , '138.204.25.228', ''      , 'Mozilla/4.0 (compatible; MSIE 8.0; Windows NT 6.0)'      , CURRENT_TIMESTAMP, CURRENT_TIMESTAMP, ''     ); 
-----------------------
05-04-2019 07:33:49.95728[3][4] - Elapsed time: 0.383 milliseconds
[intialise_conversation.php][check_set_user][705]
Loading client properties from the DB - sql:
SELECT `name`, `value` FROM `devncom_ia_golden`.`client_properties` WHERE `user_id` = 568 AND `bot_id` = 1; 
-----------------------
05-04-2019 07:33:49.95773[2][4] - Elapsed time: 0.454 milliseconds
[spell_checker.php][run_spell_checker_say][36]
Starting function and setting timestamp. 
-----------------------
05-04-2019 07:33:49.95780[2][4] - Elapsed time: 0.071 milliseconds
[spell_checker.php][spell_check][60]
Preforming a spel chek on Bom. 
-----------------------
05-04-2019 07:33:49.95783[2][4] - Elapsed time: 0.027 milliseconds
[spell_checker.php][load_spelling_list][117]
Loading the spellcheck list from the DB. 
-----------------------
05-04-2019 07:33:49.95817[2][4] - Elapsed time: 0.340 milliseconds
[spell_checker.php][spell_check][60]
Preforming a spel chek on  . 
-----------------------
05-04-2019 07:33:49.95828[2][4] - Elapsed time: 0.106 milliseconds
[spell_checker.php][spell_check][60]
Preforming a spel chek on dia. 
-----------------------
05-04-2019 07:33:49.95836[2][4] - Elapsed time: 0.087 milliseconds
[spell_checker.php][spell_check][60]
Preforming a spel chek on  . 
-----------------------
05-04-2019 07:33:49.95842[2][4] - Elapsed time: 0.057 milliseconds
[spell_checker.php][spell_check][60]
Preforming a spel chek on até. 
-----------------------
05-04-2019 07:33:49.95848[2][4] - Elapsed time: 0.059 milliseconds
[spell_checker.php][spell_check][60]
Preforming a spel chek on  . 
-----------------------
05-04-2019 07:33:49.95853[2][4] - Elapsed time: 0.055 milliseconds
[spell_checker.php][spell_check][60]
Preforming a spel chek on anteontem. 
-----------------------
05-04-2019 07:33:49.95860[2][4] - Elapsed time: 0.068 milliseconds
[spell_checker.php][spell_check][60]
Preforming a spel chek on  . 
-----------------------
05-04-2019 07:33:49.95866[2][4] - Elapsed time: 0.055 milliseconds
[spell_checker.php][spell_check][60]
Preforming a spel chek on eu. 
-----------------------
05-04-2019 07:33:49.95871[2][4] - Elapsed time: 0.058 milliseconds
[spell_checker.php][spell_check][60]
Preforming a spel chek on  . 
-----------------------
05-04-2019 07:33:49.95877[2][4] - Elapsed time: 0.055 milliseconds
[spell_checker.php][spell_check][60]
Preforming a spel chek on tinha. 
-----------------------
05-04-2019 07:33:49.95884[2][4] - Elapsed time: 0.067 milliseconds
[spell_checker.php][spell_check][60]
Preforming a spel chek on  . 
-----------------------
05-04-2019 07:33:49.95889[2][4] - Elapsed time: 0.057 milliseconds
[spell_checker.php][spell_check][60]
Preforming a spel chek on 5. 
-----------------------
05-04-2019 07:33:49.95896[2][4] - Elapsed time: 0.066 milliseconds
[spell_checker.php][spell_check][60]
Preforming a spel chek on ,. 
-----------------------
05-04-2019 07:33:49.95904[2][4] - Elapsed time: 0.082 milliseconds
[spell_checker.php][spell_check][60]
Preforming a spel chek on 1. 
-----------------------
05-04-2019 07:33:49.95911[2][4] - Elapsed time: 0.069 milliseconds
[spell_checker.php][spell_check][60]
Preforming a spel chek on 0. 
-----------------------
05-04-2019 07:33:49.95937[2][4] - Elapsed time: 0.261 milliseconds
[spell_checker.php][spell_check][60]
Preforming a spel chek on  . 
-----------------------
05-04-2019 07:33:49.95943[2][4] - Elapsed time: 0.062 milliseconds
[spell_checker.php][spell_check][60]
Preforming a spel chek on pontos. 
-----------------------
05-04-2019 07:33:49.95950[2][4] - Elapsed time: 0.067 milliseconds
[spell_checker.php][spell_check][60]
Preforming a spel chek on  . 
-----------------------
05-04-2019 07:33:49.95955[2][4] - Elapsed time: 0.055 milliseconds
[spell_checker.php][spell_check][60]
Preforming a spel chek on e. 
-----------------------
05-04-2019 07:33:49.95961[2][4] - Elapsed time: 0.055 milliseconds
[spell_checker.php][spell_check][60]
Preforming a spel chek on  . 
-----------------------
05-04-2019 07:33:49.95967[2][4] - Elapsed time: 0.055 milliseconds
[spell_checker.php][spell_check][60]
Preforming a spel chek on vcs. 
-----------------------
05-04-2019 07:33:49.95972[2][4] - Elapsed time: 0.056 milliseconds
[spell_checker.php][spell_check][60]
Preforming a spel chek on  . 
-----------------------
05-04-2019 07:33:49.95978[2][4] - Elapsed time: 0.055 milliseconds
[spell_checker.php][spell_check][60]
Preforming a spel chek on estão. 
-----------------------
05-04-2019 07:33:49.95985[2][4] - Elapsed time: 0.071 milliseconds
[spell_checker.php][spell_check][60]
Preforming a spel chek on  . 
-----------------------
05-04-2019 07:33:49.95991[2][4] - Elapsed time: 0.065 milliseconds
[spell_checker.php][spell_check][60]
Preforming a spel chek on abaixando. 
-----------------------
05-04-2019 07:33:49.95998[2][4] - Elapsed time: 0.064 milliseconds
[spell_checker.php][spell_check][60]
Preforming a spel chek on  . 
-----------------------
05-04-2019 07:33:49.96006[2][4] - Elapsed time: 0.081 milliseconds
[spell_checker.php][spell_check][60]
Preforming a spel chek on porque. 
-----------------------
05-04-2019 07:33:49.96014[4][4] - Elapsed time: 0.087 milliseconds
[misc_functions.php][normalize_text][125]
Begin normalization - text = 'Bom dia até anteontem eu tinha 5,10 pontos e vcs estão abaixando porque' 
-----------------------
05-04-2019 07:33:49.96024[4][4] - Elapsed time: 0.093 milliseconds
[misc_functions.php][normalize_text][150]
Normalization complete. Text = 'BOM DIA ATÉ ANTEONTEM EU TINHA 5 10 PONTOS E VCS ESTÃO ABAIXANDO PORQUE' 
-----------------------
05-04-2019 07:33:49.96025[2][4] - Elapsed time: 0.014 milliseconds
[conversation_start.php][Called outside of function][237]
Details:
User say: BOM DIA ATÉ ANTEONTEM EU TINHA 5 10 PONTOS E VCS ESTÃO ABAIXANDO PORQUE
Convo id: 554198081374
Bot id: 1
Format: html 
-----------------------
05-04-2019 07:33:49.96027[4][4] - Elapsed time: 0.022 milliseconds
[intialise_conversation.php][check_set_format][752]
Using format: html 
-----------------------
05-04-2019 07:33:49.96028[2][4] - Elapsed time: 0.012 milliseconds
[intialise_conversation.php][load_that][769]
Loading the THAT array. 
-----------------------
05-04-2019 07:33:49.96030[3][4] - Elapsed time: 0.014 milliseconds
[intialise_conversation.php][load_that][784]
Getting conversation log entries for the current user. SQL:
SELECT `input`, `response` FROM `devncom_ia_golden`.`conversation_log` WHERE `user_id` = 568 AND `bot_id` = 1 ORDER BY `id` DESC limit 10; 
-----------------------
05-04-2019 07:33:49.96112[4][4] - Elapsed time: 0.819 milliseconds
[intialise_conversation.php][load_that][856]
Couldn't find any previous inputs or responses. 
-----------------------
05-04-2019 07:33:49.96202[2][4] - Elapsed time: 0.906 milliseconds
[intialise_conversation.php][load_bot_config][343]
Loading config data for the current bot. 
-----------------------
05-04-2019 07:33:49.96205[3][4] - Elapsed time: 0.023 milliseconds
[intialise_conversation.php][load_bot_config][352]
load bot config SQL: SELECT * FROM `devncom_ia_golden`.`bots` WHERE bot_id = 1; 
-----------------------
05-04-2019 07:33:49.96222[4][4] - Elapsed time: 0.169 milliseconds
[intialise_conversation.php][load_bot_config][357]
Loading bot details from the database. 
-----------------------
05-04-2019 07:33:49.96224[0][4] - Elapsed time: 0.024 milliseconds
[conversation_start.php][Called outside of function][257]
Default debug level = 4 
-----------------------
05-04-2019 07:33:49.96225[0][4] - Elapsed time: 0.011 milliseconds
[conversation_start.php][Called outside of function][259]
Current debug level = 4 
-----------------------
05-04-2019 07:33:49.96227[0][4] - Elapsed time: 0.014 milliseconds
[conversation_start.php][Called outside of function][272]
Say = BOM DIA ATÉ ANTEONTEM EU TINHA 5 10 PONTOS E VCS ESTÃO ABAIXANDO PORQUE: raw say = Bom dia até anteontem eu tinha 5,10 pontos e vcs estão abaixando porque 
-----------------------
05-04-2019 07:33:49.96228[4][4] - Elapsed time: 0.012 milliseconds
[intialise_conversation.php][add_new_conversation_vars][184]
New conversation vars 
-----------------------
05-04-2019 07:33:49.96229[2][4] - Elapsed time: 0.011 milliseconds
[intialise_conversation.php][push_on_front_convoArr][226]
Pushing 'BOM DIA ATÉ ANTEONTEM EU TINHA 5 10 PONTOS E VCS ESTÃO ABAIXANDO PORQUE' to the front of the [user_say] array 
-----------------------
05-04-2019 07:33:49.96232[4][4] - Elapsed time: 0.034 milliseconds
[intialise_conversation.php][load_blank_array_element][62]
Loading blank user_say array 
-----------------------
05-04-2019 07:33:49.96237[0][4] - Elapsed time: 0.053 milliseconds
[intialise_conversation.php][add_new_conversation_vars][188]
User RAW = Bom dia até anteontem eu tinha 5,10 pontos e vcs estão abaixando porque, RAW say = Bom dia até anteontem eu tinha 5,10 pontos e vcs estão abaixando porque 
-----------------------
05-04-2019 07:33:49.96240[2][4] - Elapsed time: 0.021 milliseconds
[intialise_conversation.php][push_on_front_convoArr][226]
Pushing 'Bom dia até anteontem eu tinha 5,10 pontos e vcs estão abaixando porque' to the front of the [input] array 
-----------------------
05-04-2019 07:33:49.96242[4][4] - Elapsed time: 0.028 milliseconds
[intialise_conversation.php][load_blank_array_element][62]
Loading blank input array 
-----------------------
05-04-2019 07:33:49.96245[4][4] - Elapsed time: 0.029 milliseconds
[make_conversation.php][make_conversation][22]
Making conversation 
-----------------------
05-04-2019 07:33:49.96247[4][4] - Elapsed time: 0.018 milliseconds
[misc_functions.php][normalize_text][125]
Begin normalization - text = 'BOM DIA ATÉ ANTEONTEM EU TINHA 5 10 PONTOS E VCS ESTÃO ABAIXANDO PORQUE' 
-----------------------
05-04-2019 07:33:49.96252[4][4] - Elapsed time: 0.050 milliseconds
[misc_functions.php][normalize_text][150]
Normalization complete. Text = 'BOM DIA ATÉ ANTEONTEM EU TINHA 5 10 PONTOS E VCS ESTÃO ABAIXANDO PORQUE' 
-----------------------
05-04-2019 07:33:49.96254[4][4] - Elapsed time: 0.020 milliseconds
[find_aiml.php][get_aiml_to_parse][909]
Running all functions to get the correct aiml from the DB 
-----------------------
05-04-2019 07:33:49.96288[4][4] - Elapsed time: 0.336 milliseconds
[find_aiml.php][find_userdefined_aiml][821]
Looking for user defined responses 
-----------------------
05-04-2019 07:33:49.96292[3][4] - Elapsed time: 0.042 milliseconds
[find_aiml.php][find_userdefined_aiml][870]
User defined SQL:
SELECT `id`, `bot_id`, `pattern`, `thatpattern`, `template` FROM `devncom_ia_golden`.`aiml_userdefined` WHERE
    `bot_id` = 1 AND
    `user_id` = 554198081374
    AND (
        'BOM DIA ATÉ ANTEONTEM EU TINHA 5 10 PONTOS E VCS ESTÃO ABAIXANDO PORQUE' LIKE (REPLACE(REPLACE(`pattern`, '*', '%'), '_', '%')))
   ORDER BY `id` ASC, `pattern` ASC, `thatpattern` ASC; 
-----------------------
05-04-2019 07:33:49.96316[2][4] - Elapsed time: 0.241 milliseconds
[find_aiml.php][find_userdefined_aiml][896]
User defined rows found: '0' 
-----------------------
05-04-2019 07:33:49.96318[4][4] - Elapsed time: 0.019 milliseconds
[find_aiml.php][find_aiml_matches][975]
Finding the aiml matches from the DB 
-----------------------
05-04-2019 07:33:49.96319[4][4] - Elapsed time: 0.013 milliseconds
[find_aiml.php][find_aiml_matches][981]
Bot ID = 1. Bot Parent ID = 1. 
-----------------------
05-04-2019 07:33:49.96350[4][4] - Elapsed time: 0.306 milliseconds
[find_aiml.php][find_aiml_matches][992]
Stored topic = '' 
-----------------------
05-04-2019 07:33:49.96353[3][4] - Elapsed time: 0.033 milliseconds
[find_aiml.php][find_aiml_matches][1052]
Core Match AIML sql:
SELECT `id`, `bot_id`, `pattern`, `thatpattern`, `topic`, `filename`, `template` FROM `devncom_ia_golden`.`aiml` WHERE
    bot_id = 1 AND (
        'BOM DIA ATÉ ANTEONTEM EU TINHA 5 10 PONTOS E VCS ESTÃO ABAIXANDO PORQUE' LIKE (REPLACE(REPLACE(`pattern`, '*', '%'), '_', '%'))
        OR `pattern` LIKE 'LINHA DE RECOLHA ALEATÓRIA2'
    )
    # ORDER BY `id` ASC, `topic` DESC, `pattern` ASC, `thatpattern` ASC; 
-----------------------
05-04-2019 07:33:49.96374[3][4] - Elapsed time: 0.210 milliseconds
[find_aiml.php][find_aiml_matches][1054]
Query Process time... 
-----------------------
05-04-2019 07:33:49.96376[1][4] - Elapsed time: 0.019 milliseconds
[find_aiml.php][find_aiml_matches][1082]
Error: FOUND NO AIML matches in DB. 
-----------------------
05-04-2019 07:33:49.96378[4][4] - Elapsed time: 0.020 milliseconds
[find_aiml.php][get_convo_var][727]
Get from ConvoArr [conversation][default_aiml_pattern][1][1] 
-----------------------
05-04-2019 07:33:49.96380[4][4] - Elapsed time: 0.017 milliseconds
[find_aiml.php][get_convo_var][757]
Get from ConvoArr [conversation][default_aiml_pattern][1][1] FOUND: ConvoArr Value = 'LINHA DE RECOLHA ALEATÓRIA2' 
-----------------------
05-04-2019 07:33:49.96399[2][4] - Elapsed time: 0.197 milliseconds
[misc_functions.php][addUnknownInput][232]
Entry successfully added! 
-----------------------
05-04-2019 07:33:49.96404[1][4] - Elapsed time: 0.043 milliseconds
[find_aiml.php][find_aiml_matches][1084]
Added input 'BOM DIA ATÉ ANTEONTEM EU TINHA 5 10 PONTOS E VCS ESTÃO ABAIXANDO PORQUE' to the unknown_inputs table. 
-----------------------
05-04-2019 07:33:49.96436[4][4] - Elapsed time: 0.325 milliseconds
[find_aiml.php][unset_all_bad_pattern_matches][48]
NEW FUNC Searching through 1 rows to unset bad matches 
-----------------------
05-04-2019 07:33:49.96438[1][4] - Elapsed time: 0.019 milliseconds
[find_aiml.php][unset_all_bad_pattern_matches][56]
Returning error as no results where found 
-----------------------
05-04-2019 07:33:49.96440[4][4] - Elapsed time: 0.014 milliseconds
[find_aiml.php][score_matches][255]
Scoring the matches. 
-----------------------
05-04-2019 07:33:49.96493[4][4] - Elapsed time: 0.536 milliseconds
[find_aiml.php][score_matches][548]
Sorted array $allrows:
Array
(
    [0] => Array
        (
            [aiml_id] => -1
            [bot_id] => 1
            [pattern] => no results
            [thatpattern] => 
            [template] => SEM RESPOSTA
            [topic] => 
            [score] => 261
            [track_score] => current bot (250 points), no thatpattern to match (1 point), common word match: no (1 points), uncommon word match: results (8 points)
        )

)
 
-----------------------
05-04-2019 07:33:49.96497[2][4] - Elapsed time: 0.038 milliseconds
[find_aiml.php][get_highest_scoring_row][642]
Final candidates:

Array
(
    [0] => Array
        (
            [aiml_id] => -1
            [bot_id] => 1
            [pattern] => no results
            [thatpattern] => 
            [template] => SEM RESPOSTA
            [topic] => 
            [score] => 261
            [track_score] => current bot (250 points), no thatpattern to match (1 point), common word match: no (1 points), uncommon word match: results (8 points)
        )

)

 
-----------------------
05-04-2019 07:33:49.96561[4][4] - Elapsed time: 0.642 milliseconds
[find_aiml.php][get_highest_scoring_row][697]
Best Response: Array
(
    [aiml_id] => -1
    [bot_id] => 1
    [pattern] => no results
    [thatpattern] => 
    [template] => SEM RESPOSTA
    [topic] => 
    [score] => 261
    [track_score] => current bot (250 points), no thatpattern to match (1 point), common word match: no (1 points), uncommon word match: results (8 points)
)
 
-----------------------
05-04-2019 07:33:49.96564[2][4] - Elapsed time: 0.027 milliseconds
[find_aiml.php][get_highest_scoring_row][698]
No results found, so none to pick from. 
-----------------------
05-04-2019 07:33:49.96572[4][4] - Elapsed time: 0.083 milliseconds
[find_aiml.php][get_aiml_to_parse][960]
Will be parsing id:-1 (no results) 
-----------------------
05-04-2019 07:33:49.96574[3][4] - Elapsed time: 0.015 milliseconds
[parse_aiml.php][parse_matched_aiml][213]
Run the aiml parse in normal mode (normal or srai) 
-----------------------
05-04-2019 07:33:49.96575[2][4] - Elapsed time: 0.014 milliseconds
[parse_aiml.php][set_wildcards][297]
Setting Wildcards. Pattern = 'no results' 
-----------------------
05-04-2019 07:33:49.96576[4][4] - Elapsed time: 0.012 milliseconds
[parse_aiml.php][set_wildcards][329]
Checking for wildcards in pattern-side THAT 
-----------------------
05-04-2019 07:33:49.96578[4][4] - Elapsed time: 0.013 milliseconds
[parse_aiml.php][set_wildcards][361]
Checking for wildcards in pattern-side TOPIC 
-----------------------
05-04-2019 07:33:49.96580[2][4] - Elapsed time: 0.025 milliseconds
[parse_aiml.php][set_wildcards][394]
AIML array now = Array
(
    [aiml_id] => -1
    [html_template] => 
    [lookingfor] => BOM DIA ATÉ ANTEONTEM EU TINHA 5 10 PONTOS E VCS ESTÃO ABAIXANDO PORQUE
    [pattern] => no results
    [score] => 261
    [stars] => Array
        (
        )

    [template] => SEM RESPOSTA
    [thatpattern] => 
    [that_stars] => Array
        (
            [1] => 
        )

    [topic] => 
    [topic_stars] => Array
        (
        )

    [user_raw] => Bom dia até anteontem eu tinha 5,10 pontos e vcs estão abaixando porque
)
 
-----------------------
05-04-2019 07:33:49.96582[2][4] - Elapsed time: 0.015 milliseconds
[parse_aiml_as_XML.php][parse_aiml_as_XML][22]
Parsing the AIML template as XML 
-----------------------
05-04-2019 07:33:49.96583[2][4] - Elapsed time: 0.013 milliseconds
[parse_aiml_as_XML.php][add_text_tags][93]
Adding some TEXT tags into the template, just because I can... 
-----------------------
05-04-2019 07:33:49.96587[4][4] - Elapsed time: 0.041 milliseconds
[parse_aiml_as_XML.php][add_text_tags][120]
Returning template:
<template><text>SEM RESPOSTA</text></template> 
-----------------------
05-04-2019 07:33:49.96609[2][4] - Elapsed time: 0.218 milliseconds
[parse_aiml_as_XML.php][parseTemplateRecursive][201]
Recursively parsing the AIML template. 
-----------------------
05-04-2019 07:33:49.96618[4][4] - Elapsed time: 0.088 milliseconds
[parse_aiml_as_XML.php][parseTemplateRecursive][214]
Processing element template at level 0. element XML = <?xml version="1.0"?>
<template><text>SEM RESPOSTA</text></template>
 
-----------------------
05-04-2019 07:33:49.96619[4][4] - Elapsed time: 0.019 milliseconds
[parse_aiml_as_XML.php][parseTemplateRecursive][242]
function parse_template_tag does not exist. Parsing tag as text. 
-----------------------
05-04-2019 07:33:49.96622[2][4] - Elapsed time: 0.023 milliseconds
[parse_aiml_as_XML.php][parseTemplateRecursive][201]
Recursively parsing the AIML template. 
-----------------------
05-04-2019 07:33:49.96626[4][4] - Elapsed time: 0.039 milliseconds
[parse_aiml_as_XML.php][parseTemplateRecursive][214]
Processing element text at level 1. element XML = <text>SEM RESPOSTA</text> 
-----------------------
05-04-2019 07:33:49.96628[4][4] - Elapsed time: 0.023 milliseconds
[parse_aiml_as_XML.php][parseTemplateRecursive][225]
Function parse_text_tag does exist. Processing now. 
-----------------------
05-04-2019 07:33:49.96630[4][4] - Elapsed time: 0.018 milliseconds
[parse_aiml_as_XML.php][parseTemplateRecursive][229]
Passing element text to the parse_text_tag function 
-----------------------
05-04-2019 07:33:49.96632[2][4] - Elapsed time: 0.019 milliseconds
[parse_aiml_as_XML.php][parse_text_tag][281]
Parsing a TEXT tag. 
-----------------------
05-04-2019 07:33:49.96634[4][4] - Elapsed time: 0.022 milliseconds
[parse_aiml_as_XML.php][parseTemplateRecursive][234]
Adding 'SEM RESPOSTA' to the response array. tag name is text 
-----------------------
05-04-2019 07:33:49.96636[2][4] - Elapsed time: 0.025 milliseconds
[parse_aiml_as_XML.php][implode_recursive][137]
Imploding an array into a string. (recursively, if necessary) 
-----------------------
05-04-2019 07:33:49.96638[2][4] - Elapsed time: 0.022 milliseconds
[parse_aiml_as_XML.php][implode_recursive][138]
Input: Array
(
    [0] => SEM RESPOSTA
)

 
-----------------------
05-04-2019 07:33:49.96641[4][4] - Elapsed time: 0.021 milliseconds
[parse_aiml_as_XML.php][implode_recursive][155]
The variable $input is of type array 
-----------------------
05-04-2019 07:33:49.96643[4][4] - Elapsed time: 0.023 milliseconds
[parse_aiml_as_XML.php][implode_recursive][185]
Imploding complete. Returning 'SEM RESPOSTA' 
-----------------------
05-04-2019 07:33:49.96645[4][4] - Elapsed time: 0.021 milliseconds
[parse_aiml_as_XML.php][parseTemplateRecursive][262]
Adding 'SEM RESPOSTA' to the response array. tag name is template. 
-----------------------
05-04-2019 07:33:49.96648[2][4] - Elapsed time: 0.027 milliseconds
[parse_aiml_as_XML.php][implode_recursive][137]
Imploding an array into a string. (recursively, if necessary) 
-----------------------
05-04-2019 07:33:49.96650[2][4] - Elapsed time: 0.020 milliseconds
[parse_aiml_as_XML.php][implode_recursive][138]
Input: Array
(
    [0] => SEM RESPOSTA
)

 
-----------------------
05-04-2019 07:33:49.96651[4][4] - Elapsed time: 0.017 milliseconds
[parse_aiml_as_XML.php][implode_recursive][155]
The variable $input is of type array 
-----------------------
05-04-2019 07:33:49.96653[4][4] - Elapsed time: 0.019 milliseconds
[parse_aiml_as_XML.php][implode_recursive][185]
Imploding complete. Returning 'SEM RESPOSTA' 
-----------------------
05-04-2019 07:33:49.96656[4][4] - Elapsed time: 0.023 milliseconds
[parse_aiml_as_XML.php][parse_aiml_as_XML][47]
Completed parsing the template. The bot will say: SEM RESPOSTA 
-----------------------
05-04-2019 07:33:49.96658[4][4] - Elapsed time: 0.025 milliseconds
[parse_aiml.php][parse_matched_aiml][227]
normal - Saving for next turn 
-----------------------
05-04-2019 07:33:49.96660[4][4] - Elapsed time: 0.018 milliseconds
[parse_aiml.php][save_for_nextturn][271]
Saving that and that_raw for next turn 
-----------------------
05-04-2019 07:33:49.96662[2][4] - Elapsed time: 0.020 milliseconds
[intialise_conversation.php][push_on_front_convoArr][226]
Pushing 'SEM RESPOSTA' to the front of the [that_raw] array 
-----------------------
05-04-2019 07:33:49.96665[4][4] - Elapsed time: 0.028 milliseconds
[intialise_conversation.php][load_blank_array_element][62]
Loading blank that_raw array 
-----------------------
05-04-2019 07:33:49.96673[2][4] - Elapsed time: 0.081 milliseconds
[intialise_conversation.php][push_on_front_convoArr][226]
Pushing 'SEM RESPOSTA' to the front of the [that] array 
-----------------------
05-04-2019 07:33:49.96676[4][4] - Elapsed time: 0.030 milliseconds
[intialise_conversation.php][load_blank_array_element][62]
Loading blank that array 
-----------------------
05-04-2019 07:33:49.96679[4][4] - Elapsed time: 0.037 milliseconds
[parse_aiml.php][clean_that][251]
Cleaning up the ~THAT~ tag: 'SEM RESPOSTA' 
-----------------------
05-04-2019 07:33:49.96682[4][4] - Elapsed time: 0.023 milliseconds
[misc_functions.php][normalize_text][125]
Begin normalization - text = 'SEM RESPOSTA' 
-----------------------
05-04-2019 07:33:49.96686[4][4] - Elapsed time: 0.039 milliseconds
[misc_functions.php][normalize_text][150]
Normalization complete. Text = 'SEM RESPOSTA' 
-----------------------
05-04-2019 07:33:49.96688[4][4] - Elapsed time: 0.024 milliseconds
[parse_aiml.php][clean_that][258]
Cleaning Complete. output = 'SEM RESPOSTA' 
-----------------------
05-04-2019 07:33:49.96691[2][4] - Elapsed time: 0.030 milliseconds
[intialise_conversation.php][push_on_front_convoArr][226]
Pushing 'SEM RESPOSTA' to the front of the [parsed_template] array 
-----------------------
05-04-2019 07:33:49.96694[4][4] - Elapsed time: 0.026 milliseconds
[intialise_conversation.php][load_blank_array_element][62]
Loading blank parsed_template array 
-----------------------
05-04-2019 07:33:49.96697[2][4] - Elapsed time: 0.032 milliseconds
[intialise_conversation.php][push_on_front_convoArr][226]
Pushing 'SEM RESPOSTA' to the front of the [template] array 
-----------------------
05-04-2019 07:33:49.96699[4][4] - Elapsed time: 0.025 milliseconds
[intialise_conversation.php][load_blank_array_element][62]
Loading blank template array 
-----------------------
05-04-2019 07:33:49.96705[2][4] - Elapsed time: 0.052 milliseconds
[intialise_conversation.php][log_conversation][403]
Saving the conversation to the DB. 
-----------------------
05-04-2019 07:33:49.96707[3][4] - Elapsed time: 0.026 milliseconds
[intialise_conversation.php][log_conversation][442]
Saving conservation SQL: INSERT INTO `devncom_ia_golden`.`conversation_log` (
      `id` ,
      `input` ,
      `response` ,
      `user_id` ,
      `convo_id` ,
      `bot_id` ,
      `timestamp`
    )
    VALUES (
      NULL ,
      'Bom dia até anteontem eu tinha 5,10 pontos e vcs estão abaixando porque',
      'SEM RESPOSTA',
      568,
      554198081374,
      1,
      CURRENT_TIMESTAMP
    ) 
-----------------------
05-04-2019 07:33:49.97124[4][4] - Elapsed time: 4.166 milliseconds
[intialise_conversation.php][write_to_session][140]
Saving to session 
-----------------------
05-04-2019 07:33:49.97156[3][4] - Elapsed time: 0.322 milliseconds
[display_conversation.php][get_conversation_to_display][59]
get_conversation SQL: SELECT * FROM `devncom_ia_golden`.`conversation_log` WHERE
        `user_id` = :user_id
        AND `bot_id` = :bot_id
        AND `convo_id` = :convo_id
        ORDER BY id DESC  LIMIT 1 
-----------------------
05-04-2019 07:33:49.97177[2][4] - Elapsed time: 0.205 milliseconds
[display_conversation.php][get_conversation_to_display][77]
Found '1' lines of conversation 
-----------------------
05-04-2019 07:33:49.97180[4][4] - Elapsed time: 0.035 milliseconds
[display_conversation.php][get_conversation][92]
Processing conversation as html 
-----------------------
05-04-2019 07:33:49.97184[4][4] - Elapsed time: 0.036 milliseconds
[display_conversation.php][get_html][135]
Returning HTML 
-----------------------
05-04-2019 07:33:49.97292[2][4] - Elapsed time: 1.087 milliseconds
[conversation_start.php][Called outside of function][297]
Closing Database 
-----------------------
05-04-2019 07:33:49.97298[0][4] - Elapsed time: 0.054 milliseconds
[conversation_start.php][Called outside of function][303]
Conversation Ending. Elapsed time: 27.609 milliseconds. 
-----------------------
Debug Level: 4
-----------------------
Debug Mode: 1
-----------------------
CONVERSATION ARRAY
-----------------------
Array
(
    [say] => Bom dia até anteontem eu tinha 5,10 pontos e vcs estão abaixando porque
    [conversation] => Array
        (
            [convo_id] => 554198081374
            [bot_name] => Net Bot
            [bot_id] => 1
            [format] => html
            [unknown_user] => Entrou
            [user_id] => 568
            [totallines] => 1
            [user_name] => Entrou
            [rawSay] => Bom dia até anteontem eu tinha 5,10 pontos e vcs estão abaixando porque
            [conversation_lines] => 1
            [remember_up_to] => 10
            [debugemail] => contato@devn1.com.br
            [debug_level] => 4
            [debugmode] => 1
            [save_state] => database
            [default_aiml_pattern] => LINHA DE RECOLHA ALEATÓRIA2
            [bot_parent_id] => 1
            [aimlData] => Array
                (
                    [aiml_id] => -1
                    [bot_id] => 1
                    [pattern] => no results
                    [thatpattern] => 
                    [template] => SEM RESPOSTA
                    [topic] => 
                    [score] => 261
                    [track_score] => current bot (250 points), no thatpattern to match (1 point), common word match: no (1 points), uncommon word match: results (8 points)
                )

        )

    [aiml] => Array
        (
            [user_raw] => Bom dia até anteontem eu tinha 5,10 pontos e vcs estão abaixando porque
            [lookingfor] => BOM DIA ATÉ ANTEONTEM EU TINHA 5 10 PONTOS E VCS ESTÃO ABAIXANDO PORQUE
            [pattern] => no results
            [thatpattern] => 
            [template] => SEM RESPOSTA
            [html_template] => 
            [topic] => 
            [score] => 261
            [aiml_id] => -1
            [stars] => Array
                (
                )

            [that_stars] => Array
                (
                    [1] => 
                )

            [topic_stars] => Array
                (
                )

            [parsed_template] => SEM RESPOSTA
        )

    [client_properties] => Array
        (
            [ip_address] => 138.204.25.228
            [name] => Entrou
        )

    [time_start] => 1554460429.9453
    [user_say] => Array
        (
            [1] => BOM DIA ATÉ ANTEONTEM EU TINHA 5 10 PONTOS E VCS ESTÃO ABAIXANDO PORQUE
            [2] => 
            [3] => 
            [4] => 
            [5] => 
            [6] => 
            [7] => 
            [8] => 
            [9] => 
            [10] => 
        )

    [input] => Array
        (
            [1] => Bom dia até anteontem eu tinha 5,10 pontos e vcs estão abaixando porque
            [2] => 
            [3] => 
            [4] => 
            [5] => 
            [6] => 
            [7] => 
            [8] => 
            [9] => 
            [10] => 
        )

    [that_raw] => Array
        (
            [1] => Array
                (
                    [1] => 
                    [2] => SEM RESPOSTA
                )

            [2] => 
            [3] => 
            [4] => 
            [5] => 
            [6] => 
            [7] => 
            [8] => 
            [9] => 
            [10] => 
            [12] => 
        )

    [that] => Array
        (
            [1] => Array
                (
                    [1] => SEM RESPOSTA
                )

            [2] => 
            [3] => 
            [4] => 
            [5] => 
            [6] => 
            [7] => 
            [8] => 
            [9] => 
            [10] => 
            [12] => 
        )

    [parsed_template] => Array
        (
            [1] => SEM RESPOSTA
            [2] => 
            [3] => 
            [4] => 
            [5] => 
            [6] => 
            [7] => 
            [8] => 
            [9] => 
            [10] => 
        )

    [template] => Array
        (
            [1] => SEM RESPOSTA
            [2] => 
            [3] => 
            [4] => 
            [5] => 
            [6] => 
            [7] => 
            [8] => 
            [9] => 
            [10] => 
        )

    [send_to_user] => <div class="usersay">Entrou: Bom dia até anteontem eu tinha 5,10 pontos e vcs estão abaixando porque</div><div class="botsay">Net Bot: SEM RESPOSTA</div>
)

-----------------------
Total execution time: 27.609 Milliseconds. Goodbye.