01-05-2019 13:19:27.78036[0][4] - Elapsed time: 2.038 milliseconds
[conversation_start.php][Called outside of function][91]
Conversation starting. Current system specs:
Program O version:            2.6.11
Server Software:              Apache
PHP Version:                  5.6.40
OS:                           Linux
OS Version:                   #1 SMP Wed Sep 26 15:12:11 UTC 2018
MySQL Version:                5.7.26
Multi-byte functions enabled: true 
-----------------------
01-05-2019 13:19:27.78346[4][4] - Elapsed time: 3.092 milliseconds
[load_aimlfunctions.php][Called outside of function][16]
AIML function include files loaded 
-----------------------
01-05-2019 13:19:27.78456[4][4] - Elapsed time: 1.108 milliseconds
[load_convofunctions.php][Called outside of function][16]
Convofunction include files loaded 
-----------------------
01-05-2019 13:19:27.78480[4][4] - Elapsed time: 0.233 milliseconds
[load_userfunctions.php][Called outside of function][14]
userfunctions include files loaded 
-----------------------
01-05-2019 13:19:27.78587[4][4] - Elapsed time: 1.069 milliseconds
[load_addons.php][Called outside of function][19]
Loading addons 
-----------------------
01-05-2019 13:19:27.78588[4][4] - Elapsed time: 0.018 milliseconds
[conversation_start.php][Called outside of function][104]
Loaded all Includes 
-----------------------
01-05-2019 13:19:27.78603[0][4] - Elapsed time: 0.143 milliseconds
[conversation_start.php][Called outside of function][159]
Debug level: 4
session ID = 554199293884 
-----------------------
01-05-2019 13:19:27.78604[4][4] - Elapsed time: 0.013 milliseconds
[conversation_start.php][Called outside of function][162]
Conversation continuing. User said 'Sair'. 
-----------------------
01-05-2019 13:19:27.78610[4][4] - Elapsed time: 0.058 milliseconds
[intialise_conversation.php][read_from_session][155]
Reading from session 
-----------------------
01-05-2019 13:19:27.78612[4][4] - Elapsed time: 0.026 milliseconds
[intialise_conversation.php][load_default_bot_values][110]
Loading db bot personality properties 
-----------------------
01-05-2019 13:19:27.78614[3][4] - Elapsed time: 0.014 milliseconds
[intialise_conversation.php][load_default_bot_values][118]
load db bot personality values SQL: SELECT * FROM `devncom_ia_golden`.`botpersonality` WHERE `bot_id` = 1; 
-----------------------
01-05-2019 13:19:27.78637[4][4] - Elapsed time: 0.232 milliseconds
[intialise_conversation.php][check_set_convo_id][643]
Obtaining the convo id from form vars. Value: 554199293884 
-----------------------
01-05-2019 13:19:27.78639[2][4] - Elapsed time: 0.018 milliseconds
[intialise_conversation.php][check_set_bot][581]
Checking and/or setting the current bot. 
-----------------------
01-05-2019 13:19:27.78640[3][4] - Elapsed time: 0.013 milliseconds
[intialise_conversation.php][check_set_bot][599]
Making sure the bot exists. SQL = SELECT * FROM `devncom_ia_golden`.`bots` WHERE bot_id = 1 AND `bot_active` = 1; 
-----------------------
01-05-2019 13:19:27.78662[2][4] - Elapsed time: 0.217 milliseconds
[intialise_conversation.php][check_set_bot][616]
BOT ID: 1 
-----------------------
01-05-2019 13:19:27.78664[2][4] - Elapsed time: 0.018 milliseconds
[intialise_conversation.php][check_set_user][672]
Checking and setting the user info, as needed. 
-----------------------
01-05-2019 13:19:27.78725[2][4] - Elapsed time: 0.614 milliseconds
[handle_user.php][intisaliseUser][82]
Initializing user. 
-----------------------
01-05-2019 13:19:27.78744[3][4] - Elapsed time: 0.194 milliseconds
[handle_user.php][intisaliseUser][128]
intisaliseUser #1021 SQL: INSERT INTO `users`
        (`id`, `user_name`, `session_id`, `bot_id`, `chatlines`,`ip`, `referer`, `browser`, `date_logged_on` , `last_update`    , `state`)
 VALUES (NULL, 'Entrou'  , 554199293884   , 1 , '0'        , '35.247.42.175', ''      , 'Mozilla/4.0 (compatible; MSIE 8.0; Windows NT 6.0)'      , CURRENT_TIMESTAMP, CURRENT_TIMESTAMP, ''     ); 
-----------------------
01-05-2019 13:19:27.78762[3][4] - Elapsed time: 0.178 milliseconds
[intialise_conversation.php][check_set_user][705]
Loading client properties from the DB - sql:
SELECT `name`, `value` FROM `devncom_ia_golden`.`client_properties` WHERE `user_id` = 1021 AND `bot_id` = 1; 
-----------------------
01-05-2019 13:19:27.78946[2][4] - Elapsed time: 1.837 milliseconds
[spell_checker.php][run_spell_checker_say][36]
Starting function and setting timestamp. 
-----------------------
01-05-2019 13:19:27.78951[2][4] - Elapsed time: 0.052 milliseconds
[spell_checker.php][spell_check][60]
Preforming a spel chek on Sair. 
-----------------------
01-05-2019 13:19:27.78954[2][4] - Elapsed time: 0.025 milliseconds
[spell_checker.php][load_spelling_list][117]
Loading the spellcheck list from the DB. 
-----------------------
01-05-2019 13:19:27.78982[4][4] - Elapsed time: 0.281 milliseconds
[misc_functions.php][normalize_text][125]
Begin normalization - text = 'Sair' 
-----------------------
01-05-2019 13:19:27.78989[4][4] - Elapsed time: 0.073 milliseconds
[misc_functions.php][normalize_text][150]
Normalization complete. Text = 'SAIR' 
-----------------------
01-05-2019 13:19:27.78990[2][4] - Elapsed time: 0.014 milliseconds
[conversation_start.php][Called outside of function][237]
Details:
User say: SAIR
Convo id: 554199293884
Bot id: 1
Format: html 
-----------------------
01-05-2019 13:19:27.78992[4][4] - Elapsed time: 0.015 milliseconds
[intialise_conversation.php][check_set_format][752]
Using format: html 
-----------------------
01-05-2019 13:19:27.78993[2][4] - Elapsed time: 0.011 milliseconds
[intialise_conversation.php][load_that][769]
Loading the THAT array. 
-----------------------
01-05-2019 13:19:27.78994[3][4] - Elapsed time: 0.014 milliseconds
[intialise_conversation.php][load_that][784]
Getting conversation log entries for the current user. SQL:
SELECT `input`, `response` FROM `devncom_ia_golden`.`conversation_log` WHERE `user_id` = 1021 AND `bot_id` = 1 ORDER BY `id` DESC limit 10; 
-----------------------
01-05-2019 13:19:27.82897[4][4] - Elapsed time: 39.023 milliseconds
[intialise_conversation.php][load_that][856]
Couldn't find any previous inputs or responses. 
-----------------------
01-05-2019 13:19:27.82955[2][4] - Elapsed time: 0.584 milliseconds
[intialise_conversation.php][load_bot_config][343]
Loading config data for the current bot. 
-----------------------
01-05-2019 13:19:27.82957[3][4] - Elapsed time: 0.022 milliseconds
[intialise_conversation.php][load_bot_config][352]
load bot config SQL: SELECT * FROM `devncom_ia_golden`.`bots` WHERE bot_id = 1; 
-----------------------
01-05-2019 13:19:27.82978[4][4] - Elapsed time: 0.209 milliseconds
[intialise_conversation.php][load_bot_config][357]
Loading bot details from the database. 
-----------------------
01-05-2019 13:19:27.82981[0][4] - Elapsed time: 0.025 milliseconds
[conversation_start.php][Called outside of function][257]
Default debug level = 4 
-----------------------
01-05-2019 13:19:27.82982[0][4] - Elapsed time: 0.017 milliseconds
[conversation_start.php][Called outside of function][259]
Current debug level = 4 
-----------------------
01-05-2019 13:19:27.82983[0][4] - Elapsed time: 0.010 milliseconds
[conversation_start.php][Called outside of function][272]
Say = SAIR: raw say = Sair 
-----------------------
01-05-2019 13:19:27.82984[4][4] - Elapsed time: 0.011 milliseconds
[intialise_conversation.php][add_new_conversation_vars][184]
New conversation vars 
-----------------------
01-05-2019 13:19:27.82985[2][4] - Elapsed time: 0.010 milliseconds
[intialise_conversation.php][push_on_front_convoArr][226]
Pushing 'SAIR' to the front of the [user_say] array 
-----------------------
01-05-2019 13:19:27.82989[4][4] - Elapsed time: 0.034 milliseconds
[intialise_conversation.php][load_blank_array_element][62]
Loading blank user_say array 
-----------------------
01-05-2019 13:19:27.82992[0][4] - Elapsed time: 0.026 milliseconds
[intialise_conversation.php][add_new_conversation_vars][188]
User RAW = Sair, RAW say = Sair 
-----------------------
01-05-2019 13:19:27.82993[2][4] - Elapsed time: 0.010 milliseconds
[intialise_conversation.php][push_on_front_convoArr][226]
Pushing 'Sair' to the front of the [input] array 
-----------------------
01-05-2019 13:19:27.82994[4][4] - Elapsed time: 0.012 milliseconds
[intialise_conversation.php][load_blank_array_element][62]
Loading blank input array 
-----------------------
01-05-2019 13:19:27.82995[4][4] - Elapsed time: 0.017 milliseconds
[make_conversation.php][make_conversation][22]
Making conversation 
-----------------------
01-05-2019 13:19:27.82996[4][4] - Elapsed time: 0.009 milliseconds
[misc_functions.php][normalize_text][125]
Begin normalization - text = 'SAIR' 
-----------------------
01-05-2019 13:19:27.82999[4][4] - Elapsed time: 0.027 milliseconds
[misc_functions.php][normalize_text][150]
Normalization complete. Text = 'SAIR' 
-----------------------
01-05-2019 13:19:27.83000[4][4] - Elapsed time: 0.011 milliseconds
[find_aiml.php][get_aiml_to_parse][909]
Running all functions to get the correct aiml from the DB 
-----------------------
01-05-2019 13:19:27.83158[4][4] - Elapsed time: 1.580 milliseconds
[find_aiml.php][find_userdefined_aiml][821]
Looking for user defined responses 
-----------------------
01-05-2019 13:19:27.83162[3][4] - Elapsed time: 0.042 milliseconds
[find_aiml.php][find_userdefined_aiml][870]
User defined SQL:
SELECT `id`, `bot_id`, `pattern`, `thatpattern`, `template` FROM `devncom_ia_golden`.`aiml_userdefined` WHERE
    `bot_id` = 1 AND
    `user_id` = 554199293884
    AND (
        'SAIR' LIKE (REPLACE(REPLACE(`pattern`, '*', '%'), '_', '%')))
   ORDER BY `id` ASC, `pattern` ASC, `thatpattern` ASC; 
-----------------------
01-05-2019 13:19:27.83186[2][4] - Elapsed time: 0.239 milliseconds
[find_aiml.php][find_userdefined_aiml][896]
User defined rows found: '0' 
-----------------------
01-05-2019 13:19:27.83189[4][4] - Elapsed time: 0.026 milliseconds
[find_aiml.php][find_aiml_matches][975]
Finding the aiml matches from the DB 
-----------------------
01-05-2019 13:19:27.83190[4][4] - Elapsed time: 0.011 milliseconds
[find_aiml.php][find_aiml_matches][981]
Bot ID = 1. Bot Parent ID = 1. 
-----------------------
01-05-2019 13:19:27.83345[4][4] - Elapsed time: 1.548 milliseconds
[find_aiml.php][find_aiml_matches][992]
Stored topic = '' 
-----------------------
01-05-2019 13:19:27.83348[3][4] - Elapsed time: 0.035 milliseconds
[find_aiml.php][find_aiml_matches][1052]
Core Match AIML sql:
SELECT `id`, `bot_id`, `pattern`, `thatpattern`, `topic`, `filename`, `template` FROM `devncom_ia_golden`.`aiml` WHERE
    bot_id = 1 AND (
        'SAIR' LIKE (REPLACE(REPLACE(`pattern`, '*', '%'), '_', '%'))
        OR `pattern` LIKE 'LINHA DE RECOLHA ALEATÓRIA2'
    )
    # ORDER BY `id` ASC, `topic` DESC, `pattern` ASC, `thatpattern` ASC; 
-----------------------
01-05-2019 13:19:27.83372[3][4] - Elapsed time: 0.238 milliseconds
[find_aiml.php][find_aiml_matches][1054]
Query Process time... 
-----------------------
01-05-2019 13:19:27.83374[2][4] - Elapsed time: 0.020 milliseconds
[find_aiml.php][find_aiml_matches][1061]
FOUND: (1) potential AIML matches 
-----------------------
01-05-2019 13:19:27.83533[4][4] - Elapsed time: 1.588 milliseconds
[find_aiml.php][unset_all_bad_pattern_matches][48]
NEW FUNC Searching through 1 rows to unset bad matches 
-----------------------
01-05-2019 13:19:27.83535[4][4] - Elapsed time: 0.020 milliseconds
[find_aiml.php][unset_all_bad_pattern_matches][62]
Blue 5 to Blue leader. Starting my run now! Looking for 'SAIR' 
-----------------------
01-05-2019 13:19:27.83541[4][4] - Elapsed time: 0.061 milliseconds
[find_aiml.php][unset_all_bad_pattern_matches][195]
Found 1 relevant rows 
-----------------------
01-05-2019 13:19:27.83542[4][4] - Elapsed time: 0.015 milliseconds
[find_aiml.php][score_matches][255]
Scoring the matches. 
-----------------------
01-05-2019 13:19:27.83733[4][4] - Elapsed time: 1.902 milliseconds
[find_aiml.php][score_matches][548]
Sorted array $allrows:
Array
(
    [0] => Array
        (
            [id] => 4567
            [bot_id] => 1
            [pattern] => *SAIR*
            [thatpattern] => 
            [topic] => 
            [filename] => admin_added.aiml
            [template] => Seu nome foi removido de nossa lista, desculpe o inconveniente.
            [score] => 259
            [current_that] => 
            [aiml_id] => 4567
            [track_score] => current bot (250 points), no thatpattern to match (1 point), uncommon word match: *sair* (8 points)
        )

)
 
-----------------------
01-05-2019 13:19:27.83736[2][4] - Elapsed time: 0.033 milliseconds
[find_aiml.php][get_highest_scoring_row][642]
Final candidates:

Array
(
    [0] => Array
        (
            [id] => 4567
            [bot_id] => 1
            [pattern] => *SAIR*
            [thatpattern] => 
            [topic] => 
            [filename] => admin_added.aiml
            [template] => Seu nome foi removido de nossa lista, desculpe o inconveniente.
            [score] => 259
            [current_that] => 
            [aiml_id] => 4567
            [track_score] => current bot (250 points), no thatpattern to match (1 point), uncommon word match: *sair* (8 points)
        )

)

 
-----------------------
01-05-2019 13:19:27.83775[4][4] - Elapsed time: 0.390 milliseconds
[find_aiml.php][get_highest_scoring_row][697]
Best Response: Array
(
    [id] => 4567
    [bot_id] => 1
    [pattern] => *SAIR*
    [thatpattern] => 
    [topic] => 
    [filename] => admin_added.aiml
    [template] => Seu nome foi removido de nossa lista, desculpe o inconveniente.
    [score] => 259
    [current_that] => 
    [aiml_id] => 4567
    [track_score] => current bot (250 points), no thatpattern to match (1 point), uncommon word match: *sair* (8 points)
)
 
-----------------------
01-05-2019 13:19:27.83776[2][4] - Elapsed time: 0.016 milliseconds
[find_aiml.php][get_highest_scoring_row][698]
No results found, so none to pick from. 
-----------------------
01-05-2019 13:19:27.83785[4][4] - Elapsed time: 0.080 milliseconds
[find_aiml.php][get_aiml_to_parse][960]
Will be parsing id:4567 (*SAIR*) 
-----------------------
01-05-2019 13:19:27.83786[3][4] - Elapsed time: 0.014 milliseconds
[parse_aiml.php][parse_matched_aiml][213]
Run the aiml parse in normal mode (normal or srai) 
-----------------------
01-05-2019 13:19:27.83787[2][4] - Elapsed time: 0.013 milliseconds
[parse_aiml.php][set_wildcards][297]
Setting Wildcards. Pattern = '*SAIR*' 
-----------------------
01-05-2019 13:19:27.83788[2][4] - Elapsed time: 0.011 milliseconds
[parse_aiml.php][set_wildcards][306]
We have pattern stars to process! 
-----------------------
01-05-2019 13:19:27.83789[2][4] - Elapsed time: 0.010 milliseconds
[parse_aiml.php][set_wildcards][310]
RegEx string = ~(.+)SAIR(.+)$~siuU: Searching Sair for a match. 
-----------------------
01-05-2019 13:19:27.83791[2][4] - Elapsed time: 0.021 milliseconds
[parse_aiml.php][set_wildcards][324]
Something is not right here. 
-----------------------
01-05-2019 13:19:27.83792[4][4] - Elapsed time: 0.010 milliseconds
[parse_aiml.php][set_wildcards][329]
Checking for wildcards in pattern-side THAT 
-----------------------
01-05-2019 13:19:27.83793[4][4] - Elapsed time: 0.009 milliseconds
[parse_aiml.php][set_wildcards][361]
Checking for wildcards in pattern-side TOPIC 
-----------------------
01-05-2019 13:19:27.83795[2][4] - Elapsed time: 0.021 milliseconds
[parse_aiml.php][set_wildcards][394]
AIML array now = Array
(
    [aiml_id] => 4567
    [category_id] => 4567
    [html_template] => 
    [lookingfor] => SAIR
    [pattern] => *SAIR*
    [score] => 259
    [stars] => Array
        (
        )

    [template] => Seu nome foi removido de nossa lista, desculpe o inconveniente.
    [thatpattern] => 
    [that_stars] => Array
        (
            [1] => 
        )

    [topic] => 
    [topic_stars] => Array
        (
        )

    [user_raw] => Sair
)
 
-----------------------
01-05-2019 13:19:27.83797[2][4] - Elapsed time: 0.014 milliseconds
[parse_aiml_as_XML.php][parse_aiml_as_XML][22]
Parsing the AIML template as XML 
-----------------------
01-05-2019 13:19:27.83798[2][4] - Elapsed time: 0.012 milliseconds
[parse_aiml_as_XML.php][add_text_tags][93]
Adding some TEXT tags into the template, just because I can... 
-----------------------
01-05-2019 13:19:27.83801[4][4] - Elapsed time: 0.031 milliseconds
[parse_aiml_as_XML.php][add_text_tags][120]
Returning template:
<template><text>Seu nome foi removido de nossa lista, desculpe o inconveniente.</text></template> 
-----------------------
01-05-2019 13:19:27.83820[2][4] - Elapsed time: 0.185 milliseconds
[parse_aiml_as_XML.php][parseTemplateRecursive][201]
Recursively parsing the AIML template. 
-----------------------
01-05-2019 13:19:27.83827[4][4] - Elapsed time: 0.078 milliseconds
[parse_aiml_as_XML.php][parseTemplateRecursive][214]
Processing element template at level 0. element XML = <?xml version="1.0"?>
<template><text>Seu nome foi removido de nossa lista, desculpe o inconveniente.</text></template>
 
-----------------------
01-05-2019 13:19:27.83829[4][4] - Elapsed time: 0.016 milliseconds
[parse_aiml_as_XML.php][parseTemplateRecursive][242]
function parse_template_tag does not exist. Parsing tag as text. 
-----------------------
01-05-2019 13:19:27.83831[2][4] - Elapsed time: 0.020 milliseconds
[parse_aiml_as_XML.php][parseTemplateRecursive][201]
Recursively parsing the AIML template. 
-----------------------
01-05-2019 13:19:27.83834[4][4] - Elapsed time: 0.026 milliseconds
[parse_aiml_as_XML.php][parseTemplateRecursive][214]
Processing element text at level 1. element XML = <text>Seu nome foi removido de nossa lista, desculpe o inconveniente.</text> 
-----------------------
01-05-2019 13:19:27.83835[4][4] - Elapsed time: 0.014 milliseconds
[parse_aiml_as_XML.php][parseTemplateRecursive][225]
Function parse_text_tag does exist. Processing now. 
-----------------------
01-05-2019 13:19:27.83836[4][4] - Elapsed time: 0.010 milliseconds
[parse_aiml_as_XML.php][parseTemplateRecursive][229]
Passing element text to the parse_text_tag function 
-----------------------
01-05-2019 13:19:27.83837[2][4] - Elapsed time: 0.010 milliseconds
[parse_aiml_as_XML.php][parse_text_tag][281]
Parsing a TEXT tag. 
-----------------------
01-05-2019 13:19:27.83838[4][4] - Elapsed time: 0.011 milliseconds
[parse_aiml_as_XML.php][parseTemplateRecursive][234]
Adding 'Seu nome foi removido de nossa lista, desculpe o inconveniente.' to the response array. tag name is text 
-----------------------
01-05-2019 13:19:27.83839[2][4] - Elapsed time: 0.012 milliseconds
[parse_aiml_as_XML.php][implode_recursive][137]
Imploding an array into a string. (recursively, if necessary) 
-----------------------
01-05-2019 13:19:27.83840[2][4] - Elapsed time: 0.011 milliseconds
[parse_aiml_as_XML.php][implode_recursive][138]
Input: Array
(
    [0] => Seu nome foi removido de nossa lista, desculpe o inconveniente.
)

 
-----------------------
01-05-2019 13:19:27.83841[4][4] - Elapsed time: 0.011 milliseconds
[parse_aiml_as_XML.php][implode_recursive][155]
The variable $input is of type array 
-----------------------
01-05-2019 13:19:27.83843[4][4] - Elapsed time: 0.013 milliseconds
[parse_aiml_as_XML.php][implode_recursive][185]
Imploding complete. Returning 'Seu nome foi removido de nossa lista, desculpe o inconveniente.' 
-----------------------
01-05-2019 13:19:27.83844[4][4] - Elapsed time: 0.010 milliseconds
[parse_aiml_as_XML.php][parseTemplateRecursive][262]
Adding 'Seu nome foi removido de nossa lista, desculpe o inconveniente.' to the response array. tag name is template. 
-----------------------
01-05-2019 13:19:27.83845[2][4] - Elapsed time: 0.016 milliseconds
[parse_aiml_as_XML.php][implode_recursive][137]
Imploding an array into a string. (recursively, if necessary) 
-----------------------
01-05-2019 13:19:27.83847[2][4] - Elapsed time: 0.012 milliseconds
[parse_aiml_as_XML.php][implode_recursive][138]
Input: Array
(
    [0] => Seu nome foi removido de nossa lista, desculpe o inconveniente.
)

 
-----------------------
01-05-2019 13:19:27.83848[4][4] - Elapsed time: 0.010 milliseconds
[parse_aiml_as_XML.php][implode_recursive][155]
The variable $input is of type array 
-----------------------
01-05-2019 13:19:27.83849[4][4] - Elapsed time: 0.010 milliseconds
[parse_aiml_as_XML.php][implode_recursive][185]
Imploding complete. Returning 'Seu nome foi removido de nossa lista, desculpe o inconveniente.' 
-----------------------
01-05-2019 13:19:27.83850[4][4] - Elapsed time: 0.014 milliseconds
[parse_aiml_as_XML.php][parse_aiml_as_XML][47]
Completed parsing the template. The bot will say: Seu nome foi removido de nossa lista, desculpe o inconveniente. 
-----------------------
01-05-2019 13:19:27.83852[4][4] - Elapsed time: 0.016 milliseconds
[parse_aiml.php][parse_matched_aiml][227]
normal - Saving for next turn 
-----------------------
01-05-2019 13:19:27.83853[4][4] - Elapsed time: 0.011 milliseconds
[parse_aiml.php][save_for_nextturn][271]
Saving that and that_raw for next turn 
-----------------------
01-05-2019 13:19:27.83854[2][4] - Elapsed time: 0.011 milliseconds
[intialise_conversation.php][push_on_front_convoArr][226]
Pushing 'Seu nome foi removido de nossa lista, desculpe o inconveniente.' to the front of the [that_raw] array 
-----------------------
01-05-2019 13:19:27.83856[4][4] - Elapsed time: 0.025 milliseconds
[intialise_conversation.php][load_blank_array_element][62]
Loading blank that_raw array 
-----------------------
01-05-2019 13:19:27.83861[2][4] - Elapsed time: 0.044 milliseconds
[intialise_conversation.php][push_on_front_convoArr][226]
Pushing 'Seu nome foi removido de nossa lista, desculpe o inconveniente.' to the front of the [that] array 
-----------------------
01-05-2019 13:19:27.83862[4][4] - Elapsed time: 0.018 milliseconds
[intialise_conversation.php][load_blank_array_element][62]
Loading blank that array 
-----------------------
01-05-2019 13:19:27.83865[4][4] - Elapsed time: 0.021 milliseconds
[parse_aiml.php][clean_that][251]
Cleaning up the ~THAT~ tag: 'Seu nome foi removido de nossa lista, desculpe o inconveniente.' 
-----------------------
01-05-2019 13:19:27.83866[4][4] - Elapsed time: 0.013 milliseconds
[misc_functions.php][normalize_text][125]
Begin normalization - text = 'Seu nome foi removido de nossa lista, desculpe o inconveniente.' 
-----------------------
01-05-2019 13:19:27.83869[4][4] - Elapsed time: 0.033 milliseconds
[misc_functions.php][normalize_text][150]
Normalization complete. Text = 'SEU NOME FOI REMOVIDO DE NOSSA LISTA DESCULPE O INCONVENIENTE' 
-----------------------
01-05-2019 13:19:27.83870[4][4] - Elapsed time: 0.012 milliseconds
[parse_aiml.php][clean_that][258]
Cleaning Complete. output = 'SEU NOME FOI REMOVIDO DE NOSSA LISTA DESCULPE O INCONVENIENTE' 
-----------------------
01-05-2019 13:19:27.83872[2][4] - Elapsed time: 0.018 milliseconds
[intialise_conversation.php][push_on_front_convoArr][226]
Pushing 'Seu nome foi removido de nossa lista, desculpe o inconveniente.' to the front of the [parsed_template] array 
-----------------------
01-05-2019 13:19:27.83875[4][4] - Elapsed time: 0.023 milliseconds
[intialise_conversation.php][load_blank_array_element][62]
Loading blank parsed_template array 
-----------------------
01-05-2019 13:19:27.83877[2][4] - Elapsed time: 0.027 milliseconds
[intialise_conversation.php][push_on_front_convoArr][226]
Pushing 'Seu nome foi removido de nossa lista, desculpe o inconveniente.' to the front of the [template] array 
-----------------------
01-05-2019 13:19:27.83879[4][4] - Elapsed time: 0.023 milliseconds
[intialise_conversation.php][load_blank_array_element][62]
Loading blank template array 
-----------------------
01-05-2019 13:19:27.83882[2][4] - Elapsed time: 0.022 milliseconds
[intialise_conversation.php][log_conversation][403]
Saving the conversation to the DB. 
-----------------------
01-05-2019 13:19:27.83884[3][4] - Elapsed time: 0.023 milliseconds
[intialise_conversation.php][log_conversation][442]
Saving conservation SQL: INSERT INTO `devncom_ia_golden`.`conversation_log` (
      `id` ,
      `input` ,
      `response` ,
      `user_id` ,
      `convo_id` ,
      `bot_id` ,
      `timestamp`
    )
    VALUES (
      NULL ,
      'Sair',
      'Seu nome foi removido de nossa lista, desculpe o inconveniente.',
      1021,
      554199293884,
      1,
      CURRENT_TIMESTAMP
    ) 
-----------------------
01-05-2019 13:19:27.86830[4][4] - Elapsed time: 29.463 milliseconds
[intialise_conversation.php][write_to_session][140]
Saving to session 
-----------------------
01-05-2019 13:19:27.86852[3][4] - Elapsed time: 0.214 milliseconds
[display_conversation.php][get_conversation_to_display][59]
get_conversation SQL: SELECT * FROM `devncom_ia_golden`.`conversation_log` WHERE
        `user_id` = :user_id
        AND `bot_id` = :bot_id
        AND `convo_id` = :convo_id
        ORDER BY id DESC  LIMIT 1 
-----------------------
01-05-2019 13:19:27.86871[2][4] - Elapsed time: 0.189 milliseconds
[display_conversation.php][get_conversation_to_display][77]
Found '1' lines of conversation 
-----------------------
01-05-2019 13:19:27.86873[4][4] - Elapsed time: 0.023 milliseconds
[display_conversation.php][get_conversation][92]
Processing conversation as html 
-----------------------
01-05-2019 13:19:27.86875[4][4] - Elapsed time: 0.021 milliseconds
[display_conversation.php][get_html][135]
Returning HTML 
-----------------------
01-05-2019 13:19:27.86977[2][4] - Elapsed time: 1.024 milliseconds
[conversation_start.php][Called outside of function][297]
Closing Database 
-----------------------
01-05-2019 13:19:27.86982[0][4] - Elapsed time: 0.044 milliseconds
[conversation_start.php][Called outside of function][303]
Conversation Ending. Elapsed time: 91.467 milliseconds. 
-----------------------
Debug Level: 4
-----------------------
Debug Mode: 1
-----------------------
CONVERSATION ARRAY
-----------------------
Array
(
    [say] => Sair
    [conversation] => Array
        (
            [convo_id] => 554199293884
            [bot_name] => Net Bot
            [bot_id] => 1
            [format] => html
            [unknown_user] => Entrou
            [user_id] => 1021
            [totallines] => 1
            [user_name] => Entrou
            [rawSay] => Sair
            [conversation_lines] => 1
            [remember_up_to] => 10
            [debugemail] => contato@devn1.com.br
            [debug_level] => 4
            [debugmode] => 1
            [save_state] => database
            [default_aiml_pattern] => LINHA DE RECOLHA ALEATÓRIA2
            [bot_parent_id] => 1
            [aimlData] => Array
                (
                    [id] => 4567
                    [bot_id] => 1
                    [pattern] => *SAIR*
                    [thatpattern] => 
                    [topic] => 
                    [filename] => admin_added.aiml
                    [template] => Seu nome foi removido de nossa lista, desculpe o inconveniente.
                    [score] => 259
                    [current_that] => 
                    [aiml_id] => 4567
                    [track_score] => current bot (250 points), no thatpattern to match (1 point), uncommon word match: *sair* (8 points)
                )

        )

    [aiml] => Array
        (
            [user_raw] => Sair
            [lookingfor] => SAIR
            [category_id] => 4567
            [pattern] => *SAIR*
            [thatpattern] => 
            [template] => Seu nome foi removido de nossa lista, desculpe o inconveniente.
            [html_template] => 
            [topic] => 
            [score] => 259
            [aiml_id] => 4567
            [stars] => Array
                (
                )

            [that_stars] => Array
                (
                    [1] => 
                )

            [topic_stars] => Array
                (
                )

            [parsed_template] => Seu nome foi removido de nossa lista, desculpe o inconveniente.
        )

    [client_properties] => Array
        (
            [ip_address] => 35.247.42.175
            [name] => Entrou
        )

    [time_start] => 1556727567.7783
    [user_say] => Array
        (
            [1] => SAIR
            [2] => 
            [3] => 
            [4] => 
            [5] => 
            [6] => 
            [7] => 
            [8] => 
            [9] => 
            [10] => 
        )

    [input] => Array
        (
            [1] => Sair
            [2] => 
            [3] => 
            [4] => 
            [5] => 
            [6] => 
            [7] => 
            [8] => 
            [9] => 
            [10] => 
        )

    [that_raw] => Array
        (
            [1] => Array
                (
                    [1] => 
                    [2] => Seu nome foi removido de nossa lista, desculpe o inconveniente.
                )

            [2] => 
            [3] => 
            [4] => 
            [5] => 
            [6] => 
            [7] => 
            [8] => 
            [9] => 
            [10] => 
            [12] => 
        )

    [that] => Array
        (
            [1] => Array
                (
                    [1] => SEU NOME FOI REMOVIDO DE NOSSA LISTA DESCULPE O INCONVENIENTE
                )

            [2] => 
            [3] => 
            [4] => 
            [5] => 
            [6] => 
            [7] => 
            [8] => 
            [9] => 
            [10] => 
            [12] => 
        )

    [parsed_template] => Array
        (
            [1] => Seu nome foi removido de nossa lista, desculpe o inconveniente.
            [2] => 
            [3] => 
            [4] => 
            [5] => 
            [6] => 
            [7] => 
            [8] => 
            [9] => 
            [10] => 
        )

    [template] => Array
        (
            [1] => Seu nome foi removido de nossa lista, desculpe o inconveniente.
            [2] => 
            [3] => 
            [4] => 
            [5] => 
            [6] => 
            [7] => 
            [8] => 
            [9] => 
            [10] => 
        )

    [send_to_user] => <div class="usersay">Entrou: Sair</div><div class="botsay">Net Bot: Seu nome foi removido de nossa lista, desculpe o inconveniente.</div>
)

-----------------------
Total execution time: 91.467 Milliseconds. Goodbye.