05-04-2019 06:13:56.88674[0][4] - Elapsed time: 2.296 milliseconds
[conversation_start.php][Called outside of function][91]
Conversation starting. Current system specs:
Program O version:            2.6.11
Server Software:              Apache
PHP Version:                  5.6.40
OS:                           Linux
OS Version:                   #1 SMP Wed Sep 26 15:12:11 UTC 2018
MySQL Version:                5.7.25
Multi-byte functions enabled: true 
-----------------------
05-04-2019 06:13:56.89011[4][4] - Elapsed time: 3.374 milliseconds
[load_aimlfunctions.php][Called outside of function][16]
AIML function include files loaded 
-----------------------
05-04-2019 06:13:56.89121[4][4] - Elapsed time: 1.096 milliseconds
[load_convofunctions.php][Called outside of function][16]
Convofunction include files loaded 
-----------------------
05-04-2019 06:13:56.89141[4][4] - Elapsed time: 0.204 milliseconds
[load_userfunctions.php][Called outside of function][14]
userfunctions include files loaded 
-----------------------
05-04-2019 06:13:56.89247[4][4] - Elapsed time: 1.055 milliseconds
[load_addons.php][Called outside of function][19]
Loading addons 
-----------------------
05-04-2019 06:13:56.89248[4][4] - Elapsed time: 0.017 milliseconds
[conversation_start.php][Called outside of function][104]
Loaded all Includes 
-----------------------
05-04-2019 06:13:56.89266[0][4] - Elapsed time: 0.180 milliseconds
[conversation_start.php][Called outside of function][159]
Debug level: 4
session ID = 554188124384 
-----------------------
05-04-2019 06:13:56.89268[4][4] - Elapsed time: 0.013 milliseconds
[conversation_start.php][Called outside of function][162]
Conversation continuing. User said 'Bom dia..eu perco pontos mesmo sem usar?'. 
-----------------------
05-04-2019 06:13:56.89276[4][4] - Elapsed time: 0.082 milliseconds
[intialise_conversation.php][read_from_session][155]
Reading from session 
-----------------------
05-04-2019 06:13:56.89278[4][4] - Elapsed time: 0.017 milliseconds
[intialise_conversation.php][load_default_bot_values][110]
Loading db bot personality properties 
-----------------------
05-04-2019 06:13:56.89280[3][4] - Elapsed time: 0.025 milliseconds
[intialise_conversation.php][load_default_bot_values][118]
load db bot personality values SQL: SELECT * FROM `devncom_ia_golden`.`botpersonality` WHERE `bot_id` = 1; 
-----------------------
05-04-2019 06:13:56.89304[4][4] - Elapsed time: 0.240 milliseconds
[intialise_conversation.php][check_set_convo_id][643]
Obtaining the convo id from form vars. Value: 554188124384 
-----------------------
05-04-2019 06:13:56.89307[2][4] - Elapsed time: 0.025 milliseconds
[intialise_conversation.php][check_set_bot][581]
Checking and/or setting the current bot. 
-----------------------
05-04-2019 06:13:56.89308[3][4] - Elapsed time: 0.014 milliseconds
[intialise_conversation.php][check_set_bot][599]
Making sure the bot exists. SQL = SELECT * FROM `devncom_ia_golden`.`bots` WHERE bot_id = 1 AND `bot_active` = 1; 
-----------------------
05-04-2019 06:13:56.89324[2][4] - Elapsed time: 0.159 milliseconds
[intialise_conversation.php][check_set_bot][616]
BOT ID: 1 
-----------------------
05-04-2019 06:13:56.89325[2][4] - Elapsed time: 0.016 milliseconds
[intialise_conversation.php][check_set_user][672]
Checking and setting the user info, as needed. 
-----------------------
05-04-2019 06:13:56.89351[2][4] - Elapsed time: 0.258 milliseconds
[handle_user.php][intisaliseUser][82]
Initializing user. 
-----------------------
05-04-2019 06:13:56.89368[3][4] - Elapsed time: 0.170 milliseconds
[handle_user.php][intisaliseUser][128]
intisaliseUser #566 SQL: INSERT INTO `users`
        (`id`, `user_name`, `session_id`, `bot_id`, `chatlines`,`ip`, `referer`, `browser`, `date_logged_on` , `last_update`    , `state`)
 VALUES (NULL, 'Entrou'  , 554188124384   , 1 , '0'        , '138.204.25.228', ''      , 'Mozilla/4.0 (compatible; MSIE 8.0; Windows NT 6.0)'      , CURRENT_TIMESTAMP, CURRENT_TIMESTAMP, ''     ); 
-----------------------
05-04-2019 06:13:56.89381[3][4] - Elapsed time: 0.126 milliseconds
[intialise_conversation.php][check_set_user][705]
Loading client properties from the DB - sql:
SELECT `name`, `value` FROM `devncom_ia_golden`.`client_properties` WHERE `user_id` = 566 AND `bot_id` = 1; 
-----------------------
05-04-2019 06:13:56.89413[2][4] - Elapsed time: 0.318 milliseconds
[spell_checker.php][run_spell_checker_say][36]
Starting function and setting timestamp. 
-----------------------
05-04-2019 06:13:56.89420[2][4] - Elapsed time: 0.074 milliseconds
[spell_checker.php][spell_check][60]
Preforming a spel chek on Bom. 
-----------------------
05-04-2019 06:13:56.89423[2][4] - Elapsed time: 0.028 milliseconds
[spell_checker.php][load_spelling_list][117]
Loading the spellcheck list from the DB. 
-----------------------
05-04-2019 06:13:56.89444[2][4] - Elapsed time: 0.214 milliseconds
[spell_checker.php][spell_check][60]
Preforming a spel chek on  . 
-----------------------
05-04-2019 06:13:56.89451[2][4] - Elapsed time: 0.064 milliseconds
[spell_checker.php][spell_check][60]
Preforming a spel chek on dia. 
-----------------------
05-04-2019 06:13:56.89456[2][4] - Elapsed time: 0.055 milliseconds
[spell_checker.php][spell_check][60]
Preforming a spel chek on .. 
-----------------------
05-04-2019 06:13:56.89461[2][4] - Elapsed time: 0.052 milliseconds
[spell_checker.php][spell_check][60]
Preforming a spel chek on .. 
-----------------------
05-04-2019 06:13:56.89467[2][4] - Elapsed time: 0.053 milliseconds
[spell_checker.php][spell_check][60]
Preforming a spel chek on eu. 
-----------------------
05-04-2019 06:13:56.89474[2][4] - Elapsed time: 0.071 milliseconds
[spell_checker.php][spell_check][60]
Preforming a spel chek on  . 
-----------------------
05-04-2019 06:13:56.89482[2][4] - Elapsed time: 0.082 milliseconds
[spell_checker.php][spell_check][60]
Preforming a spel chek on perco. 
-----------------------
05-04-2019 06:13:56.89491[2][4] - Elapsed time: 0.087 milliseconds
[spell_checker.php][spell_check][60]
Preforming a spel chek on  . 
-----------------------
05-04-2019 06:13:56.89496[2][4] - Elapsed time: 0.055 milliseconds
[spell_checker.php][spell_check][60]
Preforming a spel chek on pontos. 
-----------------------
05-04-2019 06:13:56.89504[2][4] - Elapsed time: 0.076 milliseconds
[spell_checker.php][spell_check][60]
Preforming a spel chek on  . 
-----------------------
05-04-2019 06:13:56.89509[2][4] - Elapsed time: 0.053 milliseconds
[spell_checker.php][spell_check][60]
Preforming a spel chek on mesmo. 
-----------------------
05-04-2019 06:13:56.89515[2][4] - Elapsed time: 0.062 milliseconds
[spell_checker.php][spell_check][60]
Preforming a spel chek on  . 
-----------------------
05-04-2019 06:13:56.89521[2][4] - Elapsed time: 0.052 milliseconds
[spell_checker.php][spell_check][60]
Preforming a spel chek on sem. 
-----------------------
05-04-2019 06:13:56.89526[2][4] - Elapsed time: 0.055 milliseconds
[spell_checker.php][spell_check][60]
Preforming a spel chek on  . 
-----------------------
05-04-2019 06:13:56.89531[2][4] - Elapsed time: 0.053 milliseconds
[spell_checker.php][spell_check][60]
Preforming a spel chek on usar. 
-----------------------
05-04-2019 06:13:56.89538[2][4] - Elapsed time: 0.066 milliseconds
[spell_checker.php][spell_check][60]
Preforming a spel chek on ?. 
-----------------------
05-04-2019 06:13:56.89545[4][4] - Elapsed time: 0.067 milliseconds
[misc_functions.php][normalize_text][125]
Begin normalization - text = 'Bom dia..eu perco pontos mesmo sem usar?' 
-----------------------
05-04-2019 06:13:56.89553[4][4] - Elapsed time: 0.086 milliseconds
[misc_functions.php][normalize_text][150]
Normalization complete. Text = 'BOM DIA EU PERCO PONTOS MESMO SEM USAR' 
-----------------------
05-04-2019 06:13:56.89555[2][4] - Elapsed time: 0.014 milliseconds
[conversation_start.php][Called outside of function][237]
Details:
User say: BOM DIA EU PERCO PONTOS MESMO SEM USAR
Convo id: 554188124384
Bot id: 1
Format: html 
-----------------------
05-04-2019 06:13:56.89556[4][4] - Elapsed time: 0.016 milliseconds
[intialise_conversation.php][check_set_format][752]
Using format: html 
-----------------------
05-04-2019 06:13:56.89557[2][4] - Elapsed time: 0.010 milliseconds
[intialise_conversation.php][load_that][769]
Loading the THAT array. 
-----------------------
05-04-2019 06:13:56.89559[3][4] - Elapsed time: 0.015 milliseconds
[intialise_conversation.php][load_that][784]
Getting conversation log entries for the current user. SQL:
SELECT `input`, `response` FROM `devncom_ia_golden`.`conversation_log` WHERE `user_id` = 566 AND `bot_id` = 1 ORDER BY `id` DESC limit 10; 
-----------------------
05-04-2019 06:13:56.89635[4][4] - Elapsed time: 0.767 milliseconds
[intialise_conversation.php][load_that][856]
Couldn't find any previous inputs or responses. 
-----------------------
05-04-2019 06:13:56.89743[2][4] - Elapsed time: 1.074 milliseconds
[intialise_conversation.php][load_bot_config][343]
Loading config data for the current bot. 
-----------------------
05-04-2019 06:13:56.89745[3][4] - Elapsed time: 0.022 milliseconds
[intialise_conversation.php][load_bot_config][352]
load bot config SQL: SELECT * FROM `devncom_ia_golden`.`bots` WHERE bot_id = 1; 
-----------------------
05-04-2019 06:13:56.89760[4][4] - Elapsed time: 0.148 milliseconds
[intialise_conversation.php][load_bot_config][357]
Loading bot details from the database. 
-----------------------
05-04-2019 06:13:56.89762[0][4] - Elapsed time: 0.023 milliseconds
[conversation_start.php][Called outside of function][257]
Default debug level = 4 
-----------------------
05-04-2019 06:13:56.89763[0][4] - Elapsed time: 0.010 milliseconds
[conversation_start.php][Called outside of function][259]
Current debug level = 4 
-----------------------
05-04-2019 06:13:56.89765[0][4] - Elapsed time: 0.019 milliseconds
[conversation_start.php][Called outside of function][272]
Say = BOM DIA EU PERCO PONTOS MESMO SEM USAR: raw say = Bom dia..eu perco pontos mesmo sem usar? 
-----------------------
05-04-2019 06:13:56.89766[4][4] - Elapsed time: 0.013 milliseconds
[intialise_conversation.php][add_new_conversation_vars][184]
New conversation vars 
-----------------------
05-04-2019 06:13:56.89767[2][4] - Elapsed time: 0.010 milliseconds
[intialise_conversation.php][push_on_front_convoArr][226]
Pushing 'BOM DIA EU PERCO PONTOS MESMO SEM USAR' to the front of the [user_say] array 
-----------------------
05-04-2019 06:13:56.89771[4][4] - Elapsed time: 0.036 milliseconds
[intialise_conversation.php][load_blank_array_element][62]
Loading blank user_say array 
-----------------------
05-04-2019 06:13:56.89775[0][4] - Elapsed time: 0.039 milliseconds
[intialise_conversation.php][add_new_conversation_vars][188]
User RAW = Bom dia..eu perco pontos mesmo sem usar?, RAW say = Bom dia..eu perco pontos mesmo sem usar? 
-----------------------
05-04-2019 06:13:56.89776[2][4] - Elapsed time: 0.017 milliseconds
[intialise_conversation.php][push_on_front_convoArr][226]
Pushing 'Bom dia..eu perco pontos mesmo sem usar?' to the front of the [input] array 
-----------------------
05-04-2019 06:13:56.89778[4][4] - Elapsed time: 0.017 milliseconds
[intialise_conversation.php][load_blank_array_element][62]
Loading blank input array 
-----------------------
05-04-2019 06:13:56.89780[4][4] - Elapsed time: 0.018 milliseconds
[make_conversation.php][make_conversation][22]
Making conversation 
-----------------------
05-04-2019 06:13:56.89781[4][4] - Elapsed time: 0.012 milliseconds
[misc_functions.php][normalize_text][125]
Begin normalization - text = 'BOM DIA EU PERCO PONTOS MESMO SEM USAR' 
-----------------------
05-04-2019 06:13:56.89784[4][4] - Elapsed time: 0.031 milliseconds
[misc_functions.php][normalize_text][150]
Normalization complete. Text = 'BOM DIA EU PERCO PONTOS MESMO SEM USAR' 
-----------------------
05-04-2019 06:13:56.89786[4][4] - Elapsed time: 0.012 milliseconds
[find_aiml.php][get_aiml_to_parse][909]
Running all functions to get the correct aiml from the DB 
-----------------------
05-04-2019 06:13:56.89817[4][4] - Elapsed time: 0.313 milliseconds
[find_aiml.php][find_userdefined_aiml][821]
Looking for user defined responses 
-----------------------
05-04-2019 06:13:56.89821[3][4] - Elapsed time: 0.043 milliseconds
[find_aiml.php][find_userdefined_aiml][870]
User defined SQL:
SELECT `id`, `bot_id`, `pattern`, `thatpattern`, `template` FROM `devncom_ia_golden`.`aiml_userdefined` WHERE
    `bot_id` = 1 AND
    `user_id` = 554188124384
    AND (
        'BOM DIA EU PERCO PONTOS MESMO SEM USAR' LIKE (REPLACE(REPLACE(`pattern`, '*', '%'), '_', '%')))
   ORDER BY `id` ASC, `pattern` ASC, `thatpattern` ASC; 
-----------------------
05-04-2019 06:13:56.89835[2][4] - Elapsed time: 0.140 milliseconds
[find_aiml.php][find_userdefined_aiml][896]
User defined rows found: '0' 
-----------------------
05-04-2019 06:13:56.89837[4][4] - Elapsed time: 0.018 milliseconds
[find_aiml.php][find_aiml_matches][975]
Finding the aiml matches from the DB 
-----------------------
05-04-2019 06:13:56.89838[4][4] - Elapsed time: 0.011 milliseconds
[find_aiml.php][find_aiml_matches][981]
Bot ID = 1. Bot Parent ID = 1. 
-----------------------
05-04-2019 06:13:56.89868[4][4] - Elapsed time: 0.299 milliseconds
[find_aiml.php][find_aiml_matches][992]
Stored topic = '' 
-----------------------
05-04-2019 06:13:56.89872[3][4] - Elapsed time: 0.040 milliseconds
[find_aiml.php][find_aiml_matches][1052]
Core Match AIML sql:
SELECT `id`, `bot_id`, `pattern`, `thatpattern`, `topic`, `filename`, `template` FROM `devncom_ia_golden`.`aiml` WHERE
    bot_id = 1 AND (
        'BOM DIA EU PERCO PONTOS MESMO SEM USAR' LIKE (REPLACE(REPLACE(`pattern`, '*', '%'), '_', '%'))
        OR `pattern` LIKE 'LINHA DE RECOLHA ALEATÓRIA2'
    )
    # ORDER BY `id` ASC, `topic` DESC, `pattern` ASC, `thatpattern` ASC; 
-----------------------
05-04-2019 06:13:56.89887[3][4] - Elapsed time: 0.154 milliseconds
[find_aiml.php][find_aiml_matches][1054]
Query Process time... 
-----------------------
05-04-2019 06:13:56.89889[1][4] - Elapsed time: 0.019 milliseconds
[find_aiml.php][find_aiml_matches][1082]
Error: FOUND NO AIML matches in DB. 
-----------------------
05-04-2019 06:13:56.89891[4][4] - Elapsed time: 0.019 milliseconds
[find_aiml.php][get_convo_var][727]
Get from ConvoArr [conversation][default_aiml_pattern][1][1] 
-----------------------
05-04-2019 06:13:56.89893[4][4] - Elapsed time: 0.015 milliseconds
[find_aiml.php][get_convo_var][757]
Get from ConvoArr [conversation][default_aiml_pattern][1][1] FOUND: ConvoArr Value = 'LINHA DE RECOLHA ALEATÓRIA2' 
-----------------------
05-04-2019 06:13:56.89908[2][4] - Elapsed time: 0.151 milliseconds
[misc_functions.php][addUnknownInput][232]
Entry successfully added! 
-----------------------
05-04-2019 06:13:56.89910[1][4] - Elapsed time: 0.018 milliseconds
[find_aiml.php][find_aiml_matches][1084]
Added input 'BOM DIA EU PERCO PONTOS MESMO SEM USAR' to the unknown_inputs table. 
-----------------------
05-04-2019 06:13:56.89940[4][4] - Elapsed time: 0.305 milliseconds
[find_aiml.php][unset_all_bad_pattern_matches][48]
NEW FUNC Searching through 1 rows to unset bad matches 
-----------------------
05-04-2019 06:13:56.89942[1][4] - Elapsed time: 0.019 milliseconds
[find_aiml.php][unset_all_bad_pattern_matches][56]
Returning error as no results where found 
-----------------------
05-04-2019 06:13:56.89943[4][4] - Elapsed time: 0.014 milliseconds
[find_aiml.php][score_matches][255]
Scoring the matches. 
-----------------------
05-04-2019 06:13:56.89998[4][4] - Elapsed time: 0.547 milliseconds
[find_aiml.php][score_matches][548]
Sorted array $allrows:
Array
(
    [0] => Array
        (
            [aiml_id] => -1
            [bot_id] => 1
            [pattern] => no results
            [thatpattern] => 
            [template] => SEM RESPOSTA
            [topic] => 
            [score] => 261
            [track_score] => current bot (250 points), no thatpattern to match (1 point), common word match: no (1 points), uncommon word match: results (8 points)
        )

)
 
-----------------------
05-04-2019 06:13:56.90002[2][4] - Elapsed time: 0.044 milliseconds
[find_aiml.php][get_highest_scoring_row][642]
Final candidates:

Array
(
    [0] => Array
        (
            [aiml_id] => -1
            [bot_id] => 1
            [pattern] => no results
            [thatpattern] => 
            [template] => SEM RESPOSTA
            [topic] => 
            [score] => 261
            [track_score] => current bot (250 points), no thatpattern to match (1 point), common word match: no (1 points), uncommon word match: results (8 points)
        )

)

 
-----------------------
05-04-2019 06:13:56.90061[4][4] - Elapsed time: 0.582 milliseconds
[find_aiml.php][get_highest_scoring_row][697]
Best Response: Array
(
    [aiml_id] => -1
    [bot_id] => 1
    [pattern] => no results
    [thatpattern] => 
    [template] => SEM RESPOSTA
    [topic] => 
    [score] => 261
    [track_score] => current bot (250 points), no thatpattern to match (1 point), common word match: no (1 points), uncommon word match: results (8 points)
)
 
-----------------------
05-04-2019 06:13:56.90062[2][4] - Elapsed time: 0.018 milliseconds
[find_aiml.php][get_highest_scoring_row][698]
No results found, so none to pick from. 
-----------------------
05-04-2019 06:13:56.90072[4][4] - Elapsed time: 0.099 milliseconds
[find_aiml.php][get_aiml_to_parse][960]
Will be parsing id:-1 (no results) 
-----------------------
05-04-2019 06:13:56.90074[3][4] - Elapsed time: 0.018 milliseconds
[parse_aiml.php][parse_matched_aiml][213]
Run the aiml parse in normal mode (normal or srai) 
-----------------------
05-04-2019 06:13:56.90075[2][4] - Elapsed time: 0.014 milliseconds
[parse_aiml.php][set_wildcards][297]
Setting Wildcards. Pattern = 'no results' 
-----------------------
05-04-2019 06:13:56.90077[4][4] - Elapsed time: 0.012 milliseconds
[parse_aiml.php][set_wildcards][329]
Checking for wildcards in pattern-side THAT 
-----------------------
05-04-2019 06:13:56.90078[4][4] - Elapsed time: 0.014 milliseconds
[parse_aiml.php][set_wildcards][361]
Checking for wildcards in pattern-side TOPIC 
-----------------------
05-04-2019 06:13:56.90081[2][4] - Elapsed time: 0.032 milliseconds
[parse_aiml.php][set_wildcards][394]
AIML array now = Array
(
    [aiml_id] => -1
    [html_template] => 
    [lookingfor] => BOM DIA EU PERCO PONTOS MESMO SEM USAR
    [pattern] => no results
    [score] => 261
    [stars] => Array
        (
        )

    [template] => SEM RESPOSTA
    [thatpattern] => 
    [that_stars] => Array
        (
            [1] => 
        )

    [topic] => 
    [topic_stars] => Array
        (
        )

    [user_raw] => Bom dia..eu perco pontos mesmo sem usar?
)
 
-----------------------
05-04-2019 06:13:56.90083[2][4] - Elapsed time: 0.015 milliseconds
[parse_aiml_as_XML.php][parse_aiml_as_XML][22]
Parsing the AIML template as XML 
-----------------------
05-04-2019 06:13:56.90084[2][4] - Elapsed time: 0.013 milliseconds
[parse_aiml_as_XML.php][add_text_tags][93]
Adding some TEXT tags into the template, just because I can... 
-----------------------
05-04-2019 06:13:56.90088[4][4] - Elapsed time: 0.041 milliseconds
[parse_aiml_as_XML.php][add_text_tags][120]
Returning template:
<template><text>SEM RESPOSTA</text></template> 
-----------------------
05-04-2019 06:13:56.90105[2][4] - Elapsed time: 0.167 milliseconds
[parse_aiml_as_XML.php][parseTemplateRecursive][201]
Recursively parsing the AIML template. 
-----------------------
05-04-2019 06:13:56.90112[4][4] - Elapsed time: 0.071 milliseconds
[parse_aiml_as_XML.php][parseTemplateRecursive][214]
Processing element template at level 0. element XML = <?xml version="1.0"?>
<template><text>SEM RESPOSTA</text></template>
 
-----------------------
05-04-2019 06:13:56.90114[4][4] - Elapsed time: 0.017 milliseconds
[parse_aiml_as_XML.php][parseTemplateRecursive][242]
function parse_template_tag does not exist. Parsing tag as text. 
-----------------------
05-04-2019 06:13:56.90116[2][4] - Elapsed time: 0.021 milliseconds
[parse_aiml_as_XML.php][parseTemplateRecursive][201]
Recursively parsing the AIML template. 
-----------------------
05-04-2019 06:13:56.90118[4][4] - Elapsed time: 0.026 milliseconds
[parse_aiml_as_XML.php][parseTemplateRecursive][214]
Processing element text at level 1. element XML = <text>SEM RESPOSTA</text> 
-----------------------
05-04-2019 06:13:56.90120[4][4] - Elapsed time: 0.014 milliseconds
[parse_aiml_as_XML.php][parseTemplateRecursive][225]
Function parse_text_tag does exist. Processing now. 
-----------------------
05-04-2019 06:13:56.90121[4][4] - Elapsed time: 0.015 milliseconds
[parse_aiml_as_XML.php][parseTemplateRecursive][229]
Passing element text to the parse_text_tag function 
-----------------------
05-04-2019 06:13:56.90122[2][4] - Elapsed time: 0.011 milliseconds
[parse_aiml_as_XML.php][parse_text_tag][281]
Parsing a TEXT tag. 
-----------------------
05-04-2019 06:13:56.90124[4][4] - Elapsed time: 0.011 milliseconds
[parse_aiml_as_XML.php][parseTemplateRecursive][234]
Adding 'SEM RESPOSTA' to the response array. tag name is text 
-----------------------
05-04-2019 06:13:56.90125[2][4] - Elapsed time: 0.013 milliseconds
[parse_aiml_as_XML.php][implode_recursive][137]
Imploding an array into a string. (recursively, if necessary) 
-----------------------
05-04-2019 06:13:56.90126[2][4] - Elapsed time: 0.012 milliseconds
[parse_aiml_as_XML.php][implode_recursive][138]
Input: Array
(
    [0] => SEM RESPOSTA
)

 
-----------------------
05-04-2019 06:13:56.90127[4][4] - Elapsed time: 0.012 milliseconds
[parse_aiml_as_XML.php][implode_recursive][155]
The variable $input is of type array 
-----------------------
05-04-2019 06:13:56.90128[4][4] - Elapsed time: 0.013 milliseconds
[parse_aiml_as_XML.php][implode_recursive][185]
Imploding complete. Returning 'SEM RESPOSTA' 
-----------------------
05-04-2019 06:13:56.90130[4][4] - Elapsed time: 0.012 milliseconds
[parse_aiml_as_XML.php][parseTemplateRecursive][262]
Adding 'SEM RESPOSTA' to the response array. tag name is template. 
-----------------------
05-04-2019 06:13:56.90131[2][4] - Elapsed time: 0.017 milliseconds
[parse_aiml_as_XML.php][implode_recursive][137]
Imploding an array into a string. (recursively, if necessary) 
-----------------------
05-04-2019 06:13:56.90133[2][4] - Elapsed time: 0.012 milliseconds
[parse_aiml_as_XML.php][implode_recursive][138]
Input: Array
(
    [0] => SEM RESPOSTA
)

 
-----------------------
05-04-2019 06:13:56.90134[4][4] - Elapsed time: 0.011 milliseconds
[parse_aiml_as_XML.php][implode_recursive][155]
The variable $input is of type array 
-----------------------
05-04-2019 06:13:56.90135[4][4] - Elapsed time: 0.012 milliseconds
[parse_aiml_as_XML.php][implode_recursive][185]
Imploding complete. Returning 'SEM RESPOSTA' 
-----------------------
05-04-2019 06:13:56.90136[4][4] - Elapsed time: 0.014 milliseconds
[parse_aiml_as_XML.php][parse_aiml_as_XML][47]
Completed parsing the template. The bot will say: SEM RESPOSTA 
-----------------------
05-04-2019 06:13:56.90138[4][4] - Elapsed time: 0.015 milliseconds
[parse_aiml.php][parse_matched_aiml][227]
normal - Saving for next turn 
-----------------------
05-04-2019 06:13:56.90139[4][4] - Elapsed time: 0.014 milliseconds
[parse_aiml.php][save_for_nextturn][271]
Saving that and that_raw for next turn 
-----------------------
05-04-2019 06:13:56.90140[2][4] - Elapsed time: 0.012 milliseconds
[intialise_conversation.php][push_on_front_convoArr][226]
Pushing 'SEM RESPOSTA' to the front of the [that_raw] array 
-----------------------
05-04-2019 06:13:56.90142[4][4] - Elapsed time: 0.017 milliseconds
[intialise_conversation.php][load_blank_array_element][62]
Loading blank that_raw array 
-----------------------
05-04-2019 06:13:56.90147[2][4] - Elapsed time: 0.050 milliseconds
[intialise_conversation.php][push_on_front_convoArr][226]
Pushing 'SEM RESPOSTA' to the front of the [that] array 
-----------------------
05-04-2019 06:13:56.90149[4][4] - Elapsed time: 0.017 milliseconds
[intialise_conversation.php][load_blank_array_element][62]
Loading blank that array 
-----------------------
05-04-2019 06:13:56.90151[4][4] - Elapsed time: 0.021 milliseconds
[parse_aiml.php][clean_that][251]
Cleaning up the ~THAT~ tag: 'SEM RESPOSTA' 
-----------------------
05-04-2019 06:13:56.90152[4][4] - Elapsed time: 0.013 milliseconds
[misc_functions.php][normalize_text][125]
Begin normalization - text = 'SEM RESPOSTA' 
-----------------------
05-04-2019 06:13:56.90155[4][4] - Elapsed time: 0.027 milliseconds
[misc_functions.php][normalize_text][150]
Normalization complete. Text = 'SEM RESPOSTA' 
-----------------------
05-04-2019 06:13:56.90156[4][4] - Elapsed time: 0.013 milliseconds
[parse_aiml.php][clean_that][258]
Cleaning Complete. output = 'SEM RESPOSTA' 
-----------------------
05-04-2019 06:13:56.90158[2][4] - Elapsed time: 0.019 milliseconds
[intialise_conversation.php][push_on_front_convoArr][226]
Pushing 'SEM RESPOSTA' to the front of the [parsed_template] array 
-----------------------
05-04-2019 06:13:56.90160[4][4] - Elapsed time: 0.016 milliseconds
[intialise_conversation.php][load_blank_array_element][62]
Loading blank parsed_template array 
-----------------------
05-04-2019 06:13:56.90161[2][4] - Elapsed time: 0.018 milliseconds
[intialise_conversation.php][push_on_front_convoArr][226]
Pushing 'SEM RESPOSTA' to the front of the [template] array 
-----------------------
05-04-2019 06:13:56.90163[4][4] - Elapsed time: 0.015 milliseconds
[intialise_conversation.php][load_blank_array_element][62]
Loading blank template array 
-----------------------
05-04-2019 06:13:56.90165[2][4] - Elapsed time: 0.023 milliseconds
[intialise_conversation.php][log_conversation][403]
Saving the conversation to the DB. 
-----------------------
05-04-2019 06:13:56.90168[3][4] - Elapsed time: 0.023 milliseconds
[intialise_conversation.php][log_conversation][442]
Saving conservation SQL: INSERT INTO `devncom_ia_golden`.`conversation_log` (
      `id` ,
      `input` ,
      `response` ,
      `user_id` ,
      `convo_id` ,
      `bot_id` ,
      `timestamp`
    )
    VALUES (
      NULL ,
      'Bom dia..eu perco pontos mesmo sem usar?',
      'SEM RESPOSTA',
      566,
      554188124384,
      1,
      CURRENT_TIMESTAMP
    ) 
-----------------------
05-04-2019 06:13:56.90504[4][4] - Elapsed time: 3.359 milliseconds
[intialise_conversation.php][write_to_session][140]
Saving to session 
-----------------------
05-04-2019 06:13:56.90518[3][4] - Elapsed time: 0.148 milliseconds
[display_conversation.php][get_conversation_to_display][59]
get_conversation SQL: SELECT * FROM `devncom_ia_golden`.`conversation_log` WHERE
        `user_id` = :user_id
        AND `bot_id` = :bot_id
        AND `convo_id` = :convo_id
        ORDER BY id DESC  LIMIT 1 
-----------------------
05-04-2019 06:13:56.90535[2][4] - Elapsed time: 0.167 milliseconds
[display_conversation.php][get_conversation_to_display][77]
Found '1' lines of conversation 
-----------------------
05-04-2019 06:13:56.90537[4][4] - Elapsed time: 0.023 milliseconds
[display_conversation.php][get_conversation][92]
Processing conversation as html 
-----------------------
05-04-2019 06:13:56.90540[4][4] - Elapsed time: 0.029 milliseconds
[display_conversation.php][get_html][135]
Returning HTML 
-----------------------
05-04-2019 06:13:56.90632[2][4] - Elapsed time: 0.920 milliseconds
[conversation_start.php][Called outside of function][297]
Closing Database 
-----------------------
05-04-2019 06:13:56.90636[0][4] - Elapsed time: 0.039 milliseconds
[conversation_start.php][Called outside of function][303]
Conversation Ending. Elapsed time: 21.900 milliseconds. 
-----------------------
Debug Level: 4
-----------------------
Debug Mode: 1
-----------------------
CONVERSATION ARRAY
-----------------------
Array
(
    [say] => Bom dia..eu perco pontos mesmo sem usar?
    [conversation] => Array
        (
            [convo_id] => 554188124384
            [bot_name] => Net Bot
            [bot_id] => 1
            [format] => html
            [unknown_user] => Entrou
            [user_id] => 566
            [totallines] => 1
            [user_name] => Entrou
            [rawSay] => Bom dia..eu perco pontos mesmo sem usar?
            [conversation_lines] => 1
            [remember_up_to] => 10
            [debugemail] => contato@devn1.com.br
            [debug_level] => 4
            [debugmode] => 1
            [save_state] => database
            [default_aiml_pattern] => LINHA DE RECOLHA ALEATÓRIA2
            [bot_parent_id] => 1
            [aimlData] => Array
                (
                    [aiml_id] => -1
                    [bot_id] => 1
                    [pattern] => no results
                    [thatpattern] => 
                    [template] => SEM RESPOSTA
                    [topic] => 
                    [score] => 261
                    [track_score] => current bot (250 points), no thatpattern to match (1 point), common word match: no (1 points), uncommon word match: results (8 points)
                )

        )

    [aiml] => Array
        (
            [user_raw] => Bom dia..eu perco pontos mesmo sem usar?
            [lookingfor] => BOM DIA EU PERCO PONTOS MESMO SEM USAR
            [pattern] => no results
            [thatpattern] => 
            [template] => SEM RESPOSTA
            [html_template] => 
            [topic] => 
            [score] => 261
            [aiml_id] => -1
            [stars] => Array
                (
                )

            [that_stars] => Array
                (
                    [1] => 
                )

            [topic_stars] => Array
                (
                )

            [parsed_template] => SEM RESPOSTA
        )

    [client_properties] => Array
        (
            [ip_address] => 138.204.25.228
            [name] => Entrou
        )

    [time_start] => 1554455636.8844
    [user_say] => Array
        (
            [1] => BOM DIA EU PERCO PONTOS MESMO SEM USAR
            [2] => 
            [3] => 
            [4] => 
            [5] => 
            [6] => 
            [7] => 
            [8] => 
            [9] => 
            [10] => 
        )

    [input] => Array
        (
            [1] => Bom dia..eu perco pontos mesmo sem usar?
            [2] => 
            [3] => 
            [4] => 
            [5] => 
            [6] => 
            [7] => 
            [8] => 
            [9] => 
            [10] => 
        )

    [that_raw] => Array
        (
            [1] => Array
                (
                    [1] => 
                    [2] => SEM RESPOSTA
                )

            [2] => 
            [3] => 
            [4] => 
            [5] => 
            [6] => 
            [7] => 
            [8] => 
            [9] => 
            [10] => 
            [12] => 
        )

    [that] => Array
        (
            [1] => Array
                (
                    [1] => SEM RESPOSTA
                )

            [2] => 
            [3] => 
            [4] => 
            [5] => 
            [6] => 
            [7] => 
            [8] => 
            [9] => 
            [10] => 
            [12] => 
        )

    [parsed_template] => Array
        (
            [1] => SEM RESPOSTA
            [2] => 
            [3] => 
            [4] => 
            [5] => 
            [6] => 
            [7] => 
            [8] => 
            [9] => 
            [10] => 
        )

    [template] => Array
        (
            [1] => SEM RESPOSTA
            [2] => 
            [3] => 
            [4] => 
            [5] => 
            [6] => 
            [7] => 
            [8] => 
            [9] => 
            [10] => 
        )

    [send_to_user] => <div class="usersay">Entrou: Bom dia..eu perco pontos mesmo sem usar?</div><div class="botsay">Net Bot: SEM RESPOSTA</div>
)

-----------------------
Total execution time: 21.900 Milliseconds. Goodbye.