10-04-2019 19:55:21.76415[0][4] - Elapsed time: 2.985 milliseconds
[conversation_start.php][Called outside of function][91]
Conversation starting. Current system specs:
Program O version:            2.6.11
Server Software:              Apache
PHP Version:                  5.6.40
OS:                           Linux
OS Version:                   #1 SMP Wed Sep 26 15:12:11 UTC 2018
MySQL Version:                5.7.25
Multi-byte functions enabled: true 
-----------------------
10-04-2019 19:55:21.76760[4][4] - Elapsed time: 3.445 milliseconds
[load_aimlfunctions.php][Called outside of function][16]
AIML function include files loaded 
-----------------------
10-04-2019 19:55:21.76870[4][4] - Elapsed time: 1.104 milliseconds
[load_convofunctions.php][Called outside of function][16]
Convofunction include files loaded 
-----------------------
10-04-2019 19:55:21.76893[4][4] - Elapsed time: 0.234 milliseconds
[load_userfunctions.php][Called outside of function][14]
userfunctions include files loaded 
-----------------------
10-04-2019 19:55:21.77055[4][4] - Elapsed time: 1.619 milliseconds
[load_addons.php][Called outside of function][19]
Loading addons 
-----------------------
10-04-2019 19:55:21.77058[4][4] - Elapsed time: 0.027 milliseconds
[conversation_start.php][Called outside of function][104]
Loaded all Includes 
-----------------------
10-04-2019 19:55:21.77078[0][4] - Elapsed time: 0.196 milliseconds
[conversation_start.php][Called outside of function][159]
Debug level: 4
session ID = 554197139035 
-----------------------
10-04-2019 19:55:21.77079[4][4] - Elapsed time: 0.018 milliseconds
[conversation_start.php][Called outside of function][162]
Conversation continuing. User said 'Já mandei uns 6 sair hahaha'. 
-----------------------
10-04-2019 19:55:21.77085[4][4] - Elapsed time: 0.056 milliseconds
[intialise_conversation.php][read_from_session][155]
Reading from session 
-----------------------
10-04-2019 19:55:21.77087[4][4] - Elapsed time: 0.020 milliseconds
[intialise_conversation.php][load_default_bot_values][110]
Loading db bot personality properties 
-----------------------
10-04-2019 19:55:21.77089[3][4] - Elapsed time: 0.020 milliseconds
[intialise_conversation.php][load_default_bot_values][118]
load db bot personality values SQL: SELECT * FROM `devncom_ia_golden`.`botpersonality` WHERE `bot_id` = 1; 
-----------------------
10-04-2019 19:55:21.77123[4][4] - Elapsed time: 0.345 milliseconds
[intialise_conversation.php][check_set_convo_id][643]
Obtaining the convo id from form vars. Value: 554197139035 
-----------------------
10-04-2019 19:55:21.77126[2][4] - Elapsed time: 0.028 milliseconds
[intialise_conversation.php][check_set_bot][581]
Checking and/or setting the current bot. 
-----------------------
10-04-2019 19:55:21.77128[3][4] - Elapsed time: 0.020 milliseconds
[intialise_conversation.php][check_set_bot][599]
Making sure the bot exists. SQL = SELECT * FROM `devncom_ia_golden`.`bots` WHERE bot_id = 1 AND `bot_active` = 1; 
-----------------------
10-04-2019 19:55:21.77149[2][4] - Elapsed time: 0.205 milliseconds
[intialise_conversation.php][check_set_bot][616]
BOT ID: 1 
-----------------------
10-04-2019 19:55:21.77150[2][4] - Elapsed time: 0.016 milliseconds
[intialise_conversation.php][check_set_user][672]
Checking and setting the user info, as needed. 
-----------------------
10-04-2019 19:55:21.77183[2][4] - Elapsed time: 0.328 milliseconds
[handle_user.php][intisaliseUser][82]
Initializing user. 
-----------------------
10-04-2019 19:55:21.77200[3][4] - Elapsed time: 0.173 milliseconds
[handle_user.php][intisaliseUser][128]
intisaliseUser #742 SQL: INSERT INTO `users`
        (`id`, `user_name`, `session_id`, `bot_id`, `chatlines`,`ip`, `referer`, `browser`, `date_logged_on` , `last_update`    , `state`)
 VALUES (NULL, 'Entrou'  , 554197139035   , 1 , '0'        , '34.73.44.204', ''      , 'Mozilla/4.0 (compatible; MSIE 8.0; Windows NT 6.0)'      , CURRENT_TIMESTAMP, CURRENT_TIMESTAMP, ''     ); 
-----------------------
10-04-2019 19:55:21.77215[3][4] - Elapsed time: 0.146 milliseconds
[intialise_conversation.php][check_set_user][705]
Loading client properties from the DB - sql:
SELECT `name`, `value` FROM `devncom_ia_golden`.`client_properties` WHERE `user_id` = 742 AND `bot_id` = 1; 
-----------------------
10-04-2019 19:55:21.77265[2][4] - Elapsed time: 0.501 milliseconds
[spell_checker.php][run_spell_checker_say][36]
Starting function and setting timestamp. 
-----------------------
10-04-2019 19:55:21.77272[2][4] - Elapsed time: 0.073 milliseconds
[spell_checker.php][spell_check][60]
Preforming a spel chek on Já. 
-----------------------
10-04-2019 19:55:21.77275[2][4] - Elapsed time: 0.023 milliseconds
[spell_checker.php][load_spelling_list][117]
Loading the spellcheck list from the DB. 
-----------------------
10-04-2019 19:55:21.77302[2][4] - Elapsed time: 0.275 milliseconds
[spell_checker.php][spell_check][60]
Preforming a spel chek on  . 
-----------------------
10-04-2019 19:55:21.77309[2][4] - Elapsed time: 0.067 milliseconds
[spell_checker.php][spell_check][60]
Preforming a spel chek on mandei. 
-----------------------
10-04-2019 19:55:21.77315[2][4] - Elapsed time: 0.064 milliseconds
[spell_checker.php][spell_check][60]
Preforming a spel chek on  . 
-----------------------
10-04-2019 19:55:21.77321[2][4] - Elapsed time: 0.053 milliseconds
[spell_checker.php][spell_check][60]
Preforming a spel chek on uns. 
-----------------------
10-04-2019 19:55:21.77327[2][4] - Elapsed time: 0.063 milliseconds
[spell_checker.php][spell_check][60]
Preforming a spel chek on  . 
-----------------------
10-04-2019 19:55:21.77332[2][4] - Elapsed time: 0.055 milliseconds
[spell_checker.php][spell_check][60]
Preforming a spel chek on 6. 
-----------------------
10-04-2019 19:55:21.77340[2][4] - Elapsed time: 0.073 milliseconds
[spell_checker.php][spell_check][60]
Preforming a spel chek on  . 
-----------------------
10-04-2019 19:55:21.77345[2][4] - Elapsed time: 0.053 milliseconds
[spell_checker.php][spell_check][60]
Preforming a spel chek on sair. 
-----------------------
10-04-2019 19:55:21.77351[2][4] - Elapsed time: 0.056 milliseconds
[spell_checker.php][spell_check][60]
Preforming a spel chek on  . 
-----------------------
10-04-2019 19:55:21.77356[2][4] - Elapsed time: 0.054 milliseconds
[spell_checker.php][spell_check][60]
Preforming a spel chek on hahaha. 
-----------------------
10-04-2019 19:55:21.77363[4][4] - Elapsed time: 0.073 milliseconds
[misc_functions.php][normalize_text][125]
Begin normalization - text = 'Já mandei uns 6 sair hahaha' 
-----------------------
10-04-2019 19:55:21.77371[4][4] - Elapsed time: 0.074 milliseconds
[misc_functions.php][normalize_text][150]
Normalization complete. Text = 'JÁ MANDEI UNS 6 SAIR HAHAHA' 
-----------------------
10-04-2019 19:55:21.77372[2][4] - Elapsed time: 0.013 milliseconds
[conversation_start.php][Called outside of function][237]
Details:
User say: JÁ MANDEI UNS 6 SAIR HAHAHA
Convo id: 554197139035
Bot id: 1
Format: html 
-----------------------
10-04-2019 19:55:21.77374[4][4] - Elapsed time: 0.016 milliseconds
[intialise_conversation.php][check_set_format][752]
Using format: html 
-----------------------
10-04-2019 19:55:21.77375[2][4] - Elapsed time: 0.010 milliseconds
[intialise_conversation.php][load_that][769]
Loading the THAT array. 
-----------------------
10-04-2019 19:55:21.77376[3][4] - Elapsed time: 0.014 milliseconds
[intialise_conversation.php][load_that][784]
Getting conversation log entries for the current user. SQL:
SELECT `input`, `response` FROM `devncom_ia_golden`.`conversation_log` WHERE `user_id` = 742 AND `bot_id` = 1 ORDER BY `id` DESC limit 10; 
-----------------------
10-04-2019 19:55:21.77840[4][4] - Elapsed time: 4.640 milliseconds
[intialise_conversation.php][load_that][856]
Couldn't find any previous inputs or responses. 
-----------------------
10-04-2019 19:55:21.77937[2][4] - Elapsed time: 0.968 milliseconds
[intialise_conversation.php][load_bot_config][343]
Loading config data for the current bot. 
-----------------------
10-04-2019 19:55:21.77941[3][4] - Elapsed time: 0.047 milliseconds
[intialise_conversation.php][load_bot_config][352]
load bot config SQL: SELECT * FROM `devncom_ia_golden`.`bots` WHERE bot_id = 1; 
-----------------------
10-04-2019 19:55:21.77962[4][4] - Elapsed time: 0.210 milliseconds
[intialise_conversation.php][load_bot_config][357]
Loading bot details from the database. 
-----------------------
10-04-2019 19:55:21.77965[0][4] - Elapsed time: 0.023 milliseconds
[conversation_start.php][Called outside of function][257]
Default debug level = 4 
-----------------------
10-04-2019 19:55:21.77969[0][4] - Elapsed time: 0.041 milliseconds
[conversation_start.php][Called outside of function][259]
Current debug level = 4 
-----------------------
10-04-2019 19:55:21.77972[0][4] - Elapsed time: 0.026 milliseconds
[conversation_start.php][Called outside of function][272]
Say = JÁ MANDEI UNS 6 SAIR HAHAHA: raw say = Já mandei uns 6 sair hahaha 
-----------------------
10-04-2019 19:55:21.77973[4][4] - Elapsed time: 0.019 milliseconds
[intialise_conversation.php][add_new_conversation_vars][184]
New conversation vars 
-----------------------
10-04-2019 19:55:21.77975[2][4] - Elapsed time: 0.016 milliseconds
[intialise_conversation.php][push_on_front_convoArr][226]
Pushing 'JÁ MANDEI UNS 6 SAIR HAHAHA' to the front of the [user_say] array 
-----------------------
10-04-2019 19:55:21.77979[4][4] - Elapsed time: 0.044 milliseconds
[intialise_conversation.php][load_blank_array_element][62]
Loading blank user_say array 
-----------------------
10-04-2019 19:55:21.77984[0][4] - Elapsed time: 0.047 milliseconds
[intialise_conversation.php][add_new_conversation_vars][188]
User RAW = Já mandei uns 6 sair hahaha, RAW say = Já mandei uns 6 sair hahaha 
-----------------------
10-04-2019 19:55:21.77985[2][4] - Elapsed time: 0.013 milliseconds
[intialise_conversation.php][push_on_front_convoArr][226]
Pushing 'Já mandei uns 6 sair hahaha' to the front of the [input] array 
-----------------------
10-04-2019 19:55:21.77987[4][4] - Elapsed time: 0.014 milliseconds
[intialise_conversation.php][load_blank_array_element][62]
Loading blank input array 
-----------------------
10-04-2019 19:55:21.77989[4][4] - Elapsed time: 0.019 milliseconds
[make_conversation.php][make_conversation][22]
Making conversation 
-----------------------
10-04-2019 19:55:21.77990[4][4] - Elapsed time: 0.010 milliseconds
[misc_functions.php][normalize_text][125]
Begin normalization - text = 'JÁ MANDEI UNS 6 SAIR HAHAHA' 
-----------------------
10-04-2019 19:55:21.77993[4][4] - Elapsed time: 0.030 milliseconds
[misc_functions.php][normalize_text][150]
Normalization complete. Text = 'JÁ MANDEI UNS 6 SAIR HAHAHA' 
-----------------------
10-04-2019 19:55:21.77994[4][4] - Elapsed time: 0.012 milliseconds
[find_aiml.php][get_aiml_to_parse][909]
Running all functions to get the correct aiml from the DB 
-----------------------
10-04-2019 19:55:21.78047[4][4] - Elapsed time: 0.531 milliseconds
[find_aiml.php][find_userdefined_aiml][821]
Looking for user defined responses 
-----------------------
10-04-2019 19:55:21.78051[3][4] - Elapsed time: 0.039 milliseconds
[find_aiml.php][find_userdefined_aiml][870]
User defined SQL:
SELECT `id`, `bot_id`, `pattern`, `thatpattern`, `template` FROM `devncom_ia_golden`.`aiml_userdefined` WHERE
    `bot_id` = 1 AND
    `user_id` = 554197139035
    AND (
        'JÁ MANDEI UNS 6 SAIR HAHAHA' LIKE (REPLACE(REPLACE(`pattern`, '*', '%'), '_', '%')))
   ORDER BY `id` ASC, `pattern` ASC, `thatpattern` ASC; 
-----------------------
10-04-2019 19:55:21.78069[2][4] - Elapsed time: 0.184 milliseconds
[find_aiml.php][find_userdefined_aiml][896]
User defined rows found: '0' 
-----------------------
10-04-2019 19:55:21.78071[4][4] - Elapsed time: 0.019 milliseconds
[find_aiml.php][find_aiml_matches][975]
Finding the aiml matches from the DB 
-----------------------
10-04-2019 19:55:21.78072[4][4] - Elapsed time: 0.011 milliseconds
[find_aiml.php][find_aiml_matches][981]
Bot ID = 1. Bot Parent ID = 1. 
-----------------------
10-04-2019 19:55:21.78129[4][4] - Elapsed time: 0.570 milliseconds
[find_aiml.php][find_aiml_matches][992]
Stored topic = '' 
-----------------------
10-04-2019 19:55:21.78133[3][4] - Elapsed time: 0.035 milliseconds
[find_aiml.php][find_aiml_matches][1052]
Core Match AIML sql:
SELECT `id`, `bot_id`, `pattern`, `thatpattern`, `topic`, `filename`, `template` FROM `devncom_ia_golden`.`aiml` WHERE
    bot_id = 1 AND (
        'JÁ MANDEI UNS 6 SAIR HAHAHA' LIKE (REPLACE(REPLACE(`pattern`, '*', '%'), '_', '%'))
        OR `pattern` LIKE 'LINHA DE RECOLHA ALEATÓRIA2'
    )
    # ORDER BY `id` ASC, `topic` DESC, `pattern` ASC, `thatpattern` ASC; 
-----------------------
10-04-2019 19:55:21.78159[3][4] - Elapsed time: 0.258 milliseconds
[find_aiml.php][find_aiml_matches][1054]
Query Process time... 
-----------------------
10-04-2019 19:55:21.78161[2][4] - Elapsed time: 0.027 milliseconds
[find_aiml.php][find_aiml_matches][1061]
FOUND: (1) potential AIML matches 
-----------------------
10-04-2019 19:55:21.78210[4][4] - Elapsed time: 0.492 milliseconds
[find_aiml.php][unset_all_bad_pattern_matches][48]
NEW FUNC Searching through 1 rows to unset bad matches 
-----------------------
10-04-2019 19:55:21.78212[4][4] - Elapsed time: 0.018 milliseconds
[find_aiml.php][unset_all_bad_pattern_matches][62]
Blue 5 to Blue leader. Starting my run now! Looking for 'JÁ MANDEI UNS 6 SAIR HAHAHA' 
-----------------------
10-04-2019 19:55:21.78219[4][4] - Elapsed time: 0.066 milliseconds
[find_aiml.php][unset_all_bad_pattern_matches][195]
Found 1 relevant rows 
-----------------------
10-04-2019 19:55:21.78220[4][4] - Elapsed time: 0.015 milliseconds
[find_aiml.php][score_matches][255]
Scoring the matches. 
-----------------------
10-04-2019 19:55:21.78285[4][4] - Elapsed time: 0.650 milliseconds
[find_aiml.php][score_matches][548]
Sorted array $allrows:
Array
(
    [0] => Array
        (
            [id] => 4567
            [bot_id] => 1
            [pattern] => *SAIR*
            [thatpattern] => 
            [topic] => 
            [filename] => admin_added.aiml
            [template] => Seu nome foi removido de nossa lista, desculpe o inconveniente.
            [score] => 259
            [current_that] => 
            [aiml_id] => 4567
            [track_score] => current bot (250 points), no thatpattern to match (1 point), uncommon word match: *sair* (8 points)
        )

)
 
-----------------------
10-04-2019 19:55:21.78290[2][4] - Elapsed time: 0.043 milliseconds
[find_aiml.php][get_highest_scoring_row][642]
Final candidates:

Array
(
    [0] => Array
        (
            [id] => 4567
            [bot_id] => 1
            [pattern] => *SAIR*
            [thatpattern] => 
            [topic] => 
            [filename] => admin_added.aiml
            [template] => Seu nome foi removido de nossa lista, desculpe o inconveniente.
            [score] => 259
            [current_that] => 
            [aiml_id] => 4567
            [track_score] => current bot (250 points), no thatpattern to match (1 point), uncommon word match: *sair* (8 points)
        )

)

 
-----------------------
10-04-2019 19:55:21.78351[4][4] - Elapsed time: 0.610 milliseconds
[find_aiml.php][get_highest_scoring_row][697]
Best Response: Array
(
    [id] => 4567
    [bot_id] => 1
    [pattern] => *SAIR*
    [thatpattern] => 
    [topic] => 
    [filename] => admin_added.aiml
    [template] => Seu nome foi removido de nossa lista, desculpe o inconveniente.
    [score] => 259
    [current_that] => 
    [aiml_id] => 4567
    [track_score] => current bot (250 points), no thatpattern to match (1 point), uncommon word match: *sair* (8 points)
)
 
-----------------------
10-04-2019 19:55:21.78353[2][4] - Elapsed time: 0.019 milliseconds
[find_aiml.php][get_highest_scoring_row][698]
No results found, so none to pick from. 
-----------------------
10-04-2019 19:55:21.78361[4][4] - Elapsed time: 0.084 milliseconds
[find_aiml.php][get_aiml_to_parse][960]
Will be parsing id:4567 (*SAIR*) 
-----------------------
10-04-2019 19:55:21.78362[3][4] - Elapsed time: 0.014 milliseconds
[parse_aiml.php][parse_matched_aiml][213]
Run the aiml parse in normal mode (normal or srai) 
-----------------------
10-04-2019 19:55:21.78364[2][4] - Elapsed time: 0.014 milliseconds
[parse_aiml.php][set_wildcards][297]
Setting Wildcards. Pattern = '*SAIR*' 
-----------------------
10-04-2019 19:55:21.78365[2][4] - Elapsed time: 0.011 milliseconds
[parse_aiml.php][set_wildcards][306]
We have pattern stars to process! 
-----------------------
10-04-2019 19:55:21.78366[2][4] - Elapsed time: 0.010 milliseconds
[parse_aiml.php][set_wildcards][310]
RegEx string = ~(.+)SAIR(.+)$~siuU: Searching Já mandei uns 6 sair hahaha for a match. 
-----------------------
10-04-2019 19:55:21.78369[2][4] - Elapsed time: 0.031 milliseconds
[parse_aiml.php][set_wildcards][313]
Array
(
    [0] => Array
        (
            [0] => Já mandei uns 6 sair hahaha
        )

    [1] => Array
        (
            [0] => Já mandei uns 6 
        )

    [2] => Array
        (
            [0] =>  hahaha
        )

)
 
-----------------------
10-04-2019 19:55:21.78371[2][4] - Elapsed time: 0.016 milliseconds
[parse_aiml.php][set_wildcards][318]
Adding 'Já mandei uns 6' to the stars stack. 
-----------------------
10-04-2019 19:55:21.78372[2][4] - Elapsed time: 0.015 milliseconds
[parse_aiml.php][set_wildcards][320]
Star array = Array
(
    [1] => Já mandei uns 6
)
 
-----------------------
10-04-2019 19:55:21.78373[2][4] - Elapsed time: 0.012 milliseconds
[parse_aiml.php][set_wildcards][318]
Adding 'hahaha' to the stars stack. 
-----------------------
10-04-2019 19:55:21.78374[2][4] - Elapsed time: 0.011 milliseconds
[parse_aiml.php][set_wildcards][320]
Star array = Array
(
    [1] => Já mandei uns 6
    [2] => hahaha
)
 
-----------------------
10-04-2019 19:55:21.78375[4][4] - Elapsed time: 0.010 milliseconds
[parse_aiml.php][set_wildcards][329]
Checking for wildcards in pattern-side THAT 
-----------------------
10-04-2019 19:55:21.78376[4][4] - Elapsed time: 0.010 milliseconds
[parse_aiml.php][set_wildcards][361]
Checking for wildcards in pattern-side TOPIC 
-----------------------
10-04-2019 19:55:21.78379[2][4] - Elapsed time: 0.026 milliseconds
[parse_aiml.php][set_wildcards][394]
AIML array now = Array
(
    [aiml_id] => 4567
    [category_id] => 4567
    [html_template] => 
    [lookingfor] => JÁ MANDEI UNS 6 SAIR HAHAHA
    [pattern] => *SAIR*
    [score] => 259
    [stars] => Array
        (
            [1] => Já mandei uns 6
            [2] => hahaha
        )

    [template] => Seu nome foi removido de nossa lista, desculpe o inconveniente.
    [thatpattern] => 
    [that_stars] => Array
        (
            [1] => 
        )

    [topic] => 
    [topic_stars] => Array
        (
        )

    [user_raw] => Já mandei uns 6 sair hahaha
)
 
-----------------------
10-04-2019 19:55:21.78380[2][4] - Elapsed time: 0.015 milliseconds
[parse_aiml_as_XML.php][parse_aiml_as_XML][22]
Parsing the AIML template as XML 
-----------------------
10-04-2019 19:55:21.78382[2][4] - Elapsed time: 0.013 milliseconds
[parse_aiml_as_XML.php][add_text_tags][93]
Adding some TEXT tags into the template, just because I can... 
-----------------------
10-04-2019 19:55:21.78385[4][4] - Elapsed time: 0.033 milliseconds
[parse_aiml_as_XML.php][add_text_tags][120]
Returning template:
<template><text>Seu nome foi removido de nossa lista, desculpe o inconveniente.</text></template> 
-----------------------
10-04-2019 19:55:21.78407[2][4] - Elapsed time: 0.217 milliseconds
[parse_aiml_as_XML.php][parseTemplateRecursive][201]
Recursively parsing the AIML template. 
-----------------------
10-04-2019 19:55:21.78414[4][4] - Elapsed time: 0.072 milliseconds
[parse_aiml_as_XML.php][parseTemplateRecursive][214]
Processing element template at level 0. element XML = <?xml version="1.0"?>
<template><text>Seu nome foi removido de nossa lista, desculpe o inconveniente.</text></template>
 
-----------------------
10-04-2019 19:55:21.78416[4][4] - Elapsed time: 0.017 milliseconds
[parse_aiml_as_XML.php][parseTemplateRecursive][242]
function parse_template_tag does not exist. Parsing tag as text. 
-----------------------
10-04-2019 19:55:21.78418[2][4] - Elapsed time: 0.021 milliseconds
[parse_aiml_as_XML.php][parseTemplateRecursive][201]
Recursively parsing the AIML template. 
-----------------------
10-04-2019 19:55:21.78421[4][4] - Elapsed time: 0.028 milliseconds
[parse_aiml_as_XML.php][parseTemplateRecursive][214]
Processing element text at level 1. element XML = <text>Seu nome foi removido de nossa lista, desculpe o inconveniente.</text> 
-----------------------
10-04-2019 19:55:21.78422[4][4] - Elapsed time: 0.014 milliseconds
[parse_aiml_as_XML.php][parseTemplateRecursive][225]
Function parse_text_tag does exist. Processing now. 
-----------------------
10-04-2019 19:55:21.78423[4][4] - Elapsed time: 0.011 milliseconds
[parse_aiml_as_XML.php][parseTemplateRecursive][229]
Passing element text to the parse_text_tag function 
-----------------------
10-04-2019 19:55:21.78425[2][4] - Elapsed time: 0.020 milliseconds
[parse_aiml_as_XML.php][parse_text_tag][281]
Parsing a TEXT tag. 
-----------------------
10-04-2019 19:55:21.78427[4][4] - Elapsed time: 0.016 milliseconds
[parse_aiml_as_XML.php][parseTemplateRecursive][234]
Adding 'Seu nome foi removido de nossa lista, desculpe o inconveniente.' to the response array. tag name is text 
-----------------------
10-04-2019 19:55:21.78428[2][4] - Elapsed time: 0.013 milliseconds
[parse_aiml_as_XML.php][implode_recursive][137]
Imploding an array into a string. (recursively, if necessary) 
-----------------------
10-04-2019 19:55:21.78429[2][4] - Elapsed time: 0.012 milliseconds
[parse_aiml_as_XML.php][implode_recursive][138]
Input: Array
(
    [0] => Seu nome foi removido de nossa lista, desculpe o inconveniente.
)

 
-----------------------
10-04-2019 19:55:21.78430[4][4] - Elapsed time: 0.012 milliseconds
[parse_aiml_as_XML.php][implode_recursive][155]
The variable $input is of type array 
-----------------------
10-04-2019 19:55:21.78432[4][4] - Elapsed time: 0.014 milliseconds
[parse_aiml_as_XML.php][implode_recursive][185]
Imploding complete. Returning 'Seu nome foi removido de nossa lista, desculpe o inconveniente.' 
-----------------------
10-04-2019 19:55:21.78433[4][4] - Elapsed time: 0.011 milliseconds
[parse_aiml_as_XML.php][parseTemplateRecursive][262]
Adding 'Seu nome foi removido de nossa lista, desculpe o inconveniente.' to the response array. tag name is template. 
-----------------------
10-04-2019 19:55:21.78435[2][4] - Elapsed time: 0.017 milliseconds
[parse_aiml_as_XML.php][implode_recursive][137]
Imploding an array into a string. (recursively, if necessary) 
-----------------------
10-04-2019 19:55:21.78436[2][4] - Elapsed time: 0.012 milliseconds
[parse_aiml_as_XML.php][implode_recursive][138]
Input: Array
(
    [0] => Seu nome foi removido de nossa lista, desculpe o inconveniente.
)

 
-----------------------
10-04-2019 19:55:21.78437[4][4] - Elapsed time: 0.011 milliseconds
[parse_aiml_as_XML.php][implode_recursive][155]
The variable $input is of type array 
-----------------------
10-04-2019 19:55:21.78439[4][4] - Elapsed time: 0.021 milliseconds
[parse_aiml_as_XML.php][implode_recursive][185]
Imploding complete. Returning 'Seu nome foi removido de nossa lista, desculpe o inconveniente.' 
-----------------------
10-04-2019 19:55:21.78441[4][4] - Elapsed time: 0.016 milliseconds
[parse_aiml_as_XML.php][parse_aiml_as_XML][47]
Completed parsing the template. The bot will say: Seu nome foi removido de nossa lista, desculpe o inconveniente. 
-----------------------
10-04-2019 19:55:21.78442[4][4] - Elapsed time: 0.016 milliseconds
[parse_aiml.php][parse_matched_aiml][227]
normal - Saving for next turn 
-----------------------
10-04-2019 19:55:21.78444[4][4] - Elapsed time: 0.014 milliseconds
[parse_aiml.php][save_for_nextturn][271]
Saving that and that_raw for next turn 
-----------------------
10-04-2019 19:55:21.78445[2][4] - Elapsed time: 0.012 milliseconds
[intialise_conversation.php][push_on_front_convoArr][226]
Pushing 'Seu nome foi removido de nossa lista, desculpe o inconveniente.' to the front of the [that_raw] array 
-----------------------
10-04-2019 19:55:21.78447[4][4] - Elapsed time: 0.020 milliseconds
[intialise_conversation.php][load_blank_array_element][62]
Loading blank that_raw array 
-----------------------
10-04-2019 19:55:21.78453[2][4] - Elapsed time: 0.060 milliseconds
[intialise_conversation.php][push_on_front_convoArr][226]
Pushing 'Seu nome foi removido de nossa lista, desculpe o inconveniente.' to the front of the [that] array 
-----------------------
10-04-2019 19:55:21.78456[4][4] - Elapsed time: 0.030 milliseconds
[intialise_conversation.php][load_blank_array_element][62]
Loading blank that array 
-----------------------
10-04-2019 19:55:21.78459[4][4] - Elapsed time: 0.034 milliseconds
[parse_aiml.php][clean_that][251]
Cleaning up the ~THAT~ tag: 'Seu nome foi removido de nossa lista, desculpe o inconveniente.' 
-----------------------
10-04-2019 19:55:21.78461[4][4] - Elapsed time: 0.016 milliseconds
[misc_functions.php][normalize_text][125]
Begin normalization - text = 'Seu nome foi removido de nossa lista, desculpe o inconveniente.' 
-----------------------
10-04-2019 19:55:21.78464[4][4] - Elapsed time: 0.035 milliseconds
[misc_functions.php][normalize_text][150]
Normalization complete. Text = 'SEU NOME FOI REMOVIDO DE NOSSA LISTA DESCULPE O INCONVENIENTE' 
-----------------------
10-04-2019 19:55:21.78466[4][4] - Elapsed time: 0.013 milliseconds
[parse_aiml.php][clean_that][258]
Cleaning Complete. output = 'SEU NOME FOI REMOVIDO DE NOSSA LISTA DESCULPE O INCONVENIENTE' 
-----------------------
10-04-2019 19:55:21.78468[2][4] - Elapsed time: 0.023 milliseconds
[intialise_conversation.php][push_on_front_convoArr][226]
Pushing 'Seu nome foi removido de nossa lista, desculpe o inconveniente.' to the front of the [parsed_template] array 
-----------------------
10-04-2019 19:55:21.78470[4][4] - Elapsed time: 0.019 milliseconds
[intialise_conversation.php][load_blank_array_element][62]
Loading blank parsed_template array 
-----------------------
10-04-2019 19:55:21.78472[2][4] - Elapsed time: 0.019 milliseconds
[intialise_conversation.php][push_on_front_convoArr][226]
Pushing 'Seu nome foi removido de nossa lista, desculpe o inconveniente.' to the front of the [template] array 
-----------------------
10-04-2019 19:55:21.78473[4][4] - Elapsed time: 0.017 milliseconds
[intialise_conversation.php][load_blank_array_element][62]
Loading blank template array 
-----------------------
10-04-2019 19:55:21.78476[2][4] - Elapsed time: 0.023 milliseconds
[intialise_conversation.php][log_conversation][403]
Saving the conversation to the DB. 
-----------------------
10-04-2019 19:55:21.78478[3][4] - Elapsed time: 0.023 milliseconds
[intialise_conversation.php][log_conversation][442]
Saving conservation SQL: INSERT INTO `devncom_ia_golden`.`conversation_log` (
      `id` ,
      `input` ,
      `response` ,
      `user_id` ,
      `convo_id` ,
      `bot_id` ,
      `timestamp`
    )
    VALUES (
      NULL ,
      'Já mandei uns 6 sair hahaha',
      'Seu nome foi removido de nossa lista, desculpe o inconveniente.',
      742,
      554197139035,
      1,
      CURRENT_TIMESTAMP
    ) 
-----------------------
10-04-2019 19:55:21.79156[4][4] - Elapsed time: 6.778 milliseconds
[intialise_conversation.php][write_to_session][140]
Saving to session 
-----------------------
10-04-2019 19:55:21.79180[3][4] - Elapsed time: 0.237 milliseconds
[display_conversation.php][get_conversation_to_display][59]
get_conversation SQL: SELECT * FROM `devncom_ia_golden`.`conversation_log` WHERE
        `user_id` = :user_id
        AND `bot_id` = :bot_id
        AND `convo_id` = :convo_id
        ORDER BY id DESC  LIMIT 1 
-----------------------
10-04-2019 19:55:21.79199[2][4] - Elapsed time: 0.197 milliseconds
[display_conversation.php][get_conversation_to_display][77]
Found '1' lines of conversation 
-----------------------
10-04-2019 19:55:21.79202[4][4] - Elapsed time: 0.024 milliseconds
[display_conversation.php][get_conversation][92]
Processing conversation as html 
-----------------------
10-04-2019 19:55:21.79205[4][4] - Elapsed time: 0.033 milliseconds
[display_conversation.php][get_html][135]
Returning HTML 
-----------------------
10-04-2019 19:55:21.79303[2][4] - Elapsed time: 0.984 milliseconds
[conversation_start.php][Called outside of function][297]
Closing Database 
-----------------------
10-04-2019 19:55:21.79307[0][4] - Elapsed time: 0.040 milliseconds
[conversation_start.php][Called outside of function][303]
Conversation Ending. Elapsed time: 31.890 milliseconds. 
-----------------------
Debug Level: 4
-----------------------
Debug Mode: 1
-----------------------
CONVERSATION ARRAY
-----------------------
Array
(
    [say] => Já mandei uns 6 sair hahaha
    [conversation] => Array
        (
            [convo_id] => 554197139035
            [bot_name] => Net Bot
            [bot_id] => 1
            [format] => html
            [unknown_user] => Entrou
            [user_id] => 742
            [totallines] => 1
            [user_name] => Entrou
            [rawSay] => Já mandei uns 6 sair hahaha
            [conversation_lines] => 1
            [remember_up_to] => 10
            [debugemail] => contato@devn1.com.br
            [debug_level] => 4
            [debugmode] => 1
            [save_state] => database
            [default_aiml_pattern] => LINHA DE RECOLHA ALEATÓRIA2
            [bot_parent_id] => 1
            [aimlData] => Array
                (
                    [id] => 4567
                    [bot_id] => 1
                    [pattern] => *SAIR*
                    [thatpattern] => 
                    [topic] => 
                    [filename] => admin_added.aiml
                    [template] => Seu nome foi removido de nossa lista, desculpe o inconveniente.
                    [score] => 259
                    [current_that] => 
                    [aiml_id] => 4567
                    [track_score] => current bot (250 points), no thatpattern to match (1 point), uncommon word match: *sair* (8 points)
                )

        )

    [aiml] => Array
        (
            [user_raw] => Já mandei uns 6 sair hahaha
            [lookingfor] => JÁ MANDEI UNS 6 SAIR HAHAHA
            [category_id] => 4567
            [pattern] => *SAIR*
            [thatpattern] => 
            [template] => Seu nome foi removido de nossa lista, desculpe o inconveniente.
            [html_template] => 
            [topic] => 
            [score] => 259
            [aiml_id] => 4567
            [stars] => Array
                (
                    [1] => Já mandei uns 6
                    [2] => hahaha
                )

            [that_stars] => Array
                (
                    [1] => 
                )

            [topic_stars] => Array
                (
                )

            [parsed_template] => Seu nome foi removido de nossa lista, desculpe o inconveniente.
        )

    [client_properties] => Array
        (
            [ip_address] => 34.73.44.204
            [name] => Entrou
        )

    [time_start] => 1554936921.7612
    [user_say] => Array
        (
            [1] => JÁ MANDEI UNS 6 SAIR HAHAHA
            [2] => 
            [3] => 
            [4] => 
            [5] => 
            [6] => 
            [7] => 
            [8] => 
            [9] => 
            [10] => 
        )

    [input] => Array
        (
            [1] => Já mandei uns 6 sair hahaha
            [2] => 
            [3] => 
            [4] => 
            [5] => 
            [6] => 
            [7] => 
            [8] => 
            [9] => 
            [10] => 
        )

    [that_raw] => Array
        (
            [1] => Array
                (
                    [1] => 
                    [2] => Seu nome foi removido de nossa lista, desculpe o inconveniente.
                )

            [2] => 
            [3] => 
            [4] => 
            [5] => 
            [6] => 
            [7] => 
            [8] => 
            [9] => 
            [10] => 
            [12] => 
        )

    [that] => Array
        (
            [1] => Array
                (
                    [1] => SEU NOME FOI REMOVIDO DE NOSSA LISTA DESCULPE O INCONVENIENTE
                )

            [2] => 
            [3] => 
            [4] => 
            [5] => 
            [6] => 
            [7] => 
            [8] => 
            [9] => 
            [10] => 
            [12] => 
        )

    [parsed_template] => Array
        (
            [1] => Seu nome foi removido de nossa lista, desculpe o inconveniente.
            [2] => 
            [3] => 
            [4] => 
            [5] => 
            [6] => 
            [7] => 
            [8] => 
            [9] => 
            [10] => 
        )

    [template] => Array
        (
            [1] => Seu nome foi removido de nossa lista, desculpe o inconveniente.
            [2] => 
            [3] => 
            [4] => 
            [5] => 
            [6] => 
            [7] => 
            [8] => 
            [9] => 
            [10] => 
        )

    [send_to_user] => <div class="usersay">Entrou: Já mandei uns 6 sair hahaha</div><div class="botsay">Net Bot: Seu nome foi removido de nossa lista, desculpe o inconveniente.</div>
)

-----------------------
Total execution time: 31.890 Milliseconds. Goodbye.