01-05-2019 16:54:56.45591[0][4] - Elapsed time: 3.396 milliseconds
[conversation_start.php][Called outside of function][91]
Conversation starting. Current system specs:
Program O version:            2.6.11
Server Software:              Apache
PHP Version:                  5.6.40
OS:                           Linux
OS Version:                   #1 SMP Wed Sep 26 15:12:11 UTC 2018
MySQL Version:                5.7.26
Multi-byte functions enabled: true 
-----------------------
01-05-2019 16:54:56.45963[4][4] - Elapsed time: 3.715 milliseconds
[load_aimlfunctions.php][Called outside of function][16]
AIML function include files loaded 
-----------------------
01-05-2019 16:54:56.46109[4][4] - Elapsed time: 1.465 milliseconds
[load_convofunctions.php][Called outside of function][16]
Convofunction include files loaded 
-----------------------
01-05-2019 16:54:56.46134[4][4] - Elapsed time: 0.250 milliseconds
[load_userfunctions.php][Called outside of function][14]
userfunctions include files loaded 
-----------------------
01-05-2019 16:54:56.46268[4][4] - Elapsed time: 1.344 milliseconds
[load_addons.php][Called outside of function][19]
Loading addons 
-----------------------
01-05-2019 16:54:56.46270[4][4] - Elapsed time: 0.018 milliseconds
[conversation_start.php][Called outside of function][104]
Loaded all Includes 
-----------------------
01-05-2019 16:54:56.46287[0][4] - Elapsed time: 0.170 milliseconds
[conversation_start.php][Called outside of function][159]
Debug level: 4
session ID = 554196434382 
-----------------------
01-05-2019 16:54:56.46289[4][4] - Elapsed time: 0.016 milliseconds
[conversation_start.php][Called outside of function][162]
Conversation continuing. User said 'sair'. 
-----------------------
01-05-2019 16:54:56.46293[4][4] - Elapsed time: 0.044 milliseconds
[intialise_conversation.php][read_from_session][155]
Reading from session 
-----------------------
01-05-2019 16:54:56.46295[4][4] - Elapsed time: 0.015 milliseconds
[intialise_conversation.php][load_default_bot_values][110]
Loading db bot personality properties 
-----------------------
01-05-2019 16:54:56.46296[3][4] - Elapsed time: 0.017 milliseconds
[intialise_conversation.php][load_default_bot_values][118]
load db bot personality values SQL: SELECT * FROM `devncom_ia_golden`.`botpersonality` WHERE `bot_id` = 1; 
-----------------------
01-05-2019 16:54:56.46327[4][4] - Elapsed time: 0.303 milliseconds
[intialise_conversation.php][check_set_convo_id][643]
Obtaining the convo id from form vars. Value: 554196434382 
-----------------------
01-05-2019 16:54:56.46329[2][4] - Elapsed time: 0.028 milliseconds
[intialise_conversation.php][check_set_bot][581]
Checking and/or setting the current bot. 
-----------------------
01-05-2019 16:54:56.46332[3][4] - Elapsed time: 0.023 milliseconds
[intialise_conversation.php][check_set_bot][599]
Making sure the bot exists. SQL = SELECT * FROM `devncom_ia_golden`.`bots` WHERE bot_id = 1 AND `bot_active` = 1; 
-----------------------
01-05-2019 16:54:56.46358[2][4] - Elapsed time: 0.260 milliseconds
[intialise_conversation.php][check_set_bot][616]
BOT ID: 1 
-----------------------
01-05-2019 16:54:56.46360[2][4] - Elapsed time: 0.018 milliseconds
[intialise_conversation.php][check_set_user][672]
Checking and setting the user info, as needed. 
-----------------------
01-05-2019 16:54:56.46397[2][4] - Elapsed time: 0.379 milliseconds
[handle_user.php][intisaliseUser][82]
Initializing user. 
-----------------------
01-05-2019 16:54:56.46418[3][4] - Elapsed time: 0.207 milliseconds
[handle_user.php][intisaliseUser][128]
intisaliseUser #1029 SQL: INSERT INTO `users`
        (`id`, `user_name`, `session_id`, `bot_id`, `chatlines`,`ip`, `referer`, `browser`, `date_logged_on` , `last_update`    , `state`)
 VALUES (NULL, 'Entrou'  , 554196434382   , 1 , '0'        , '35.236.35.236', ''      , 'Mozilla/4.0 (compatible; MSIE 8.0; Windows NT 6.0)'      , CURRENT_TIMESTAMP, CURRENT_TIMESTAMP, ''     ); 
-----------------------
01-05-2019 16:54:56.46431[3][4] - Elapsed time: 0.130 milliseconds
[intialise_conversation.php][check_set_user][705]
Loading client properties from the DB - sql:
SELECT `name`, `value` FROM `devncom_ia_golden`.`client_properties` WHERE `user_id` = 1029 AND `bot_id` = 1; 
-----------------------
01-05-2019 16:54:56.46609[2][4] - Elapsed time: 1.783 milliseconds
[spell_checker.php][run_spell_checker_say][36]
Starting function and setting timestamp. 
-----------------------
01-05-2019 16:54:56.46616[2][4] - Elapsed time: 0.064 milliseconds
[spell_checker.php][spell_check][60]
Preforming a spel chek on sair. 
-----------------------
01-05-2019 16:54:56.46618[2][4] - Elapsed time: 0.025 milliseconds
[spell_checker.php][load_spelling_list][117]
Loading the spellcheck list from the DB. 
-----------------------
01-05-2019 16:54:56.46639[4][4] - Elapsed time: 0.203 milliseconds
[misc_functions.php][normalize_text][125]
Begin normalization - text = 'sair' 
-----------------------
01-05-2019 16:54:56.46647[4][4] - Elapsed time: 0.083 milliseconds
[misc_functions.php][normalize_text][150]
Normalization complete. Text = 'SAIR' 
-----------------------
01-05-2019 16:54:56.46648[2][4] - Elapsed time: 0.013 milliseconds
[conversation_start.php][Called outside of function][237]
Details:
User say: SAIR
Convo id: 554196434382
Bot id: 1
Format: html 
-----------------------
01-05-2019 16:54:56.46650[4][4] - Elapsed time: 0.020 milliseconds
[intialise_conversation.php][check_set_format][752]
Using format: html 
-----------------------
01-05-2019 16:54:56.46651[2][4] - Elapsed time: 0.010 milliseconds
[intialise_conversation.php][load_that][769]
Loading the THAT array. 
-----------------------
01-05-2019 16:54:56.46653[3][4] - Elapsed time: 0.015 milliseconds
[intialise_conversation.php][load_that][784]
Getting conversation log entries for the current user. SQL:
SELECT `input`, `response` FROM `devncom_ia_golden`.`conversation_log` WHERE `user_id` = 1029 AND `bot_id` = 1 ORDER BY `id` DESC limit 10; 
-----------------------
01-05-2019 16:54:56.50669[4][4] - Elapsed time: 40.162 milliseconds
[intialise_conversation.php][load_that][856]
Couldn't find any previous inputs or responses. 
-----------------------
01-05-2019 16:54:56.50765[2][4] - Elapsed time: 0.960 milliseconds
[intialise_conversation.php][load_bot_config][343]
Loading config data for the current bot. 
-----------------------
01-05-2019 16:54:56.50768[3][4] - Elapsed time: 0.027 milliseconds
[intialise_conversation.php][load_bot_config][352]
load bot config SQL: SELECT * FROM `devncom_ia_golden`.`bots` WHERE bot_id = 1; 
-----------------------
01-05-2019 16:54:56.50788[4][4] - Elapsed time: 0.201 milliseconds
[intialise_conversation.php][load_bot_config][357]
Loading bot details from the database. 
-----------------------
01-05-2019 16:54:56.50791[0][4] - Elapsed time: 0.028 milliseconds
[conversation_start.php][Called outside of function][257]
Default debug level = 4 
-----------------------
01-05-2019 16:54:56.50792[0][4] - Elapsed time: 0.010 milliseconds
[conversation_start.php][Called outside of function][259]
Current debug level = 4 
-----------------------
01-05-2019 16:54:56.50793[0][4] - Elapsed time: 0.014 milliseconds
[conversation_start.php][Called outside of function][272]
Say = SAIR: raw say = sair 
-----------------------
01-05-2019 16:54:56.50794[4][4] - Elapsed time: 0.011 milliseconds
[intialise_conversation.php][add_new_conversation_vars][184]
New conversation vars 
-----------------------
01-05-2019 16:54:56.50795[2][4] - Elapsed time: 0.009 milliseconds
[intialise_conversation.php][push_on_front_convoArr][226]
Pushing 'SAIR' to the front of the [user_say] array 
-----------------------
01-05-2019 16:54:56.50798[4][4] - Elapsed time: 0.031 milliseconds
[intialise_conversation.php][load_blank_array_element][62]
Loading blank user_say array 
-----------------------
01-05-2019 16:54:56.50801[0][4] - Elapsed time: 0.031 milliseconds
[intialise_conversation.php][add_new_conversation_vars][188]
User RAW = sair, RAW say = sair 
-----------------------
01-05-2019 16:54:56.50802[2][4] - Elapsed time: 0.011 milliseconds
[intialise_conversation.php][push_on_front_convoArr][226]
Pushing 'sair' to the front of the [input] array 
-----------------------
01-05-2019 16:54:56.50804[4][4] - Elapsed time: 0.013 milliseconds
[intialise_conversation.php][load_blank_array_element][62]
Loading blank input array 
-----------------------
01-05-2019 16:54:56.50805[4][4] - Elapsed time: 0.016 milliseconds
[make_conversation.php][make_conversation][22]
Making conversation 
-----------------------
01-05-2019 16:54:56.50806[4][4] - Elapsed time: 0.009 milliseconds
[misc_functions.php][normalize_text][125]
Begin normalization - text = 'SAIR' 
-----------------------
01-05-2019 16:54:56.50809[4][4] - Elapsed time: 0.027 milliseconds
[misc_functions.php][normalize_text][150]
Normalization complete. Text = 'SAIR' 
-----------------------
01-05-2019 16:54:56.50810[4][4] - Elapsed time: 0.011 milliseconds
[find_aiml.php][get_aiml_to_parse][909]
Running all functions to get the correct aiml from the DB 
-----------------------
01-05-2019 16:54:56.50976[4][4] - Elapsed time: 1.657 milliseconds
[find_aiml.php][find_userdefined_aiml][821]
Looking for user defined responses 
-----------------------
01-05-2019 16:54:56.50979[3][4] - Elapsed time: 0.034 milliseconds
[find_aiml.php][find_userdefined_aiml][870]
User defined SQL:
SELECT `id`, `bot_id`, `pattern`, `thatpattern`, `template` FROM `devncom_ia_golden`.`aiml_userdefined` WHERE
    `bot_id` = 1 AND
    `user_id` = 554196434382
    AND (
        'SAIR' LIKE (REPLACE(REPLACE(`pattern`, '*', '%'), '_', '%')))
   ORDER BY `id` ASC, `pattern` ASC, `thatpattern` ASC; 
-----------------------
01-05-2019 16:54:56.50992[2][4] - Elapsed time: 0.135 milliseconds
[find_aiml.php][find_userdefined_aiml][896]
User defined rows found: '0' 
-----------------------
01-05-2019 16:54:56.50995[4][4] - Elapsed time: 0.022 milliseconds
[find_aiml.php][find_aiml_matches][975]
Finding the aiml matches from the DB 
-----------------------
01-05-2019 16:54:56.50996[4][4] - Elapsed time: 0.011 milliseconds
[find_aiml.php][find_aiml_matches][981]
Bot ID = 1. Bot Parent ID = 1. 
-----------------------
01-05-2019 16:54:56.51167[4][4] - Elapsed time: 1.707 milliseconds
[find_aiml.php][find_aiml_matches][992]
Stored topic = '' 
-----------------------
01-05-2019 16:54:56.51170[3][4] - Elapsed time: 0.037 milliseconds
[find_aiml.php][find_aiml_matches][1052]
Core Match AIML sql:
SELECT `id`, `bot_id`, `pattern`, `thatpattern`, `topic`, `filename`, `template` FROM `devncom_ia_golden`.`aiml` WHERE
    bot_id = 1 AND (
        'SAIR' LIKE (REPLACE(REPLACE(`pattern`, '*', '%'), '_', '%'))
        OR `pattern` LIKE 'LINHA DE RECOLHA ALEATÓRIA2'
    )
    # ORDER BY `id` ASC, `topic` DESC, `pattern` ASC, `thatpattern` ASC; 
-----------------------
01-05-2019 16:54:56.51192[3][4] - Elapsed time: 0.214 milliseconds
[find_aiml.php][find_aiml_matches][1054]
Query Process time... 
-----------------------
01-05-2019 16:54:56.51194[2][4] - Elapsed time: 0.020 milliseconds
[find_aiml.php][find_aiml_matches][1061]
FOUND: (1) potential AIML matches 
-----------------------
01-05-2019 16:54:56.51355[4][4] - Elapsed time: 1.618 milliseconds
[find_aiml.php][unset_all_bad_pattern_matches][48]
NEW FUNC Searching through 1 rows to unset bad matches 
-----------------------
01-05-2019 16:54:56.51358[4][4] - Elapsed time: 0.022 milliseconds
[find_aiml.php][unset_all_bad_pattern_matches][62]
Blue 5 to Blue leader. Starting my run now! Looking for 'SAIR' 
-----------------------
01-05-2019 16:54:56.51367[4][4] - Elapsed time: 0.098 milliseconds
[find_aiml.php][unset_all_bad_pattern_matches][195]
Found 1 relevant rows 
-----------------------
01-05-2019 16:54:56.51370[4][4] - Elapsed time: 0.023 milliseconds
[find_aiml.php][score_matches][255]
Scoring the matches. 
-----------------------
01-05-2019 16:54:56.51600[4][4] - Elapsed time: 2.304 milliseconds
[find_aiml.php][score_matches][548]
Sorted array $allrows:
Array
(
    [0] => Array
        (
            [id] => 4567
            [bot_id] => 1
            [pattern] => *SAIR*
            [thatpattern] => 
            [topic] => 
            [filename] => admin_added.aiml
            [template] => Seu nome foi removido de nossa lista, desculpe o inconveniente.
            [score] => 259
            [current_that] => 
            [aiml_id] => 4567
            [track_score] => current bot (250 points), no thatpattern to match (1 point), uncommon word match: *sair* (8 points)
        )

)
 
-----------------------
01-05-2019 16:54:56.51606[2][4] - Elapsed time: 0.062 milliseconds
[find_aiml.php][get_highest_scoring_row][642]
Final candidates:

Array
(
    [0] => Array
        (
            [id] => 4567
            [bot_id] => 1
            [pattern] => *SAIR*
            [thatpattern] => 
            [topic] => 
            [filename] => admin_added.aiml
            [template] => Seu nome foi removido de nossa lista, desculpe o inconveniente.
            [score] => 259
            [current_that] => 
            [aiml_id] => 4567
            [track_score] => current bot (250 points), no thatpattern to match (1 point), uncommon word match: *sair* (8 points)
        )

)

 
-----------------------
01-05-2019 16:54:56.51672[4][4] - Elapsed time: 0.654 milliseconds
[find_aiml.php][get_highest_scoring_row][697]
Best Response: Array
(
    [id] => 4567
    [bot_id] => 1
    [pattern] => *SAIR*
    [thatpattern] => 
    [topic] => 
    [filename] => admin_added.aiml
    [template] => Seu nome foi removido de nossa lista, desculpe o inconveniente.
    [score] => 259
    [current_that] => 
    [aiml_id] => 4567
    [track_score] => current bot (250 points), no thatpattern to match (1 point), uncommon word match: *sair* (8 points)
)
 
-----------------------
01-05-2019 16:54:56.51674[2][4] - Elapsed time: 0.020 milliseconds
[find_aiml.php][get_highest_scoring_row][698]
No results found, so none to pick from. 
-----------------------
01-05-2019 16:54:56.51682[4][4] - Elapsed time: 0.079 milliseconds
[find_aiml.php][get_aiml_to_parse][960]
Will be parsing id:4567 (*SAIR*) 
-----------------------
01-05-2019 16:54:56.51683[3][4] - Elapsed time: 0.014 milliseconds
[parse_aiml.php][parse_matched_aiml][213]
Run the aiml parse in normal mode (normal or srai) 
-----------------------
01-05-2019 16:54:56.51684[2][4] - Elapsed time: 0.013 milliseconds
[parse_aiml.php][set_wildcards][297]
Setting Wildcards. Pattern = '*SAIR*' 
-----------------------
01-05-2019 16:54:56.51686[2][4] - Elapsed time: 0.012 milliseconds
[parse_aiml.php][set_wildcards][306]
We have pattern stars to process! 
-----------------------
01-05-2019 16:54:56.51687[2][4] - Elapsed time: 0.010 milliseconds
[parse_aiml.php][set_wildcards][310]
RegEx string = ~(.+)SAIR(.+)$~siuU: Searching sair for a match. 
-----------------------
01-05-2019 16:54:56.51689[2][4] - Elapsed time: 0.020 milliseconds
[parse_aiml.php][set_wildcards][324]
Something is not right here. 
-----------------------
01-05-2019 16:54:56.51690[4][4] - Elapsed time: 0.010 milliseconds
[parse_aiml.php][set_wildcards][329]
Checking for wildcards in pattern-side THAT 
-----------------------
01-05-2019 16:54:56.51691[4][4] - Elapsed time: 0.012 milliseconds
[parse_aiml.php][set_wildcards][361]
Checking for wildcards in pattern-side TOPIC 
-----------------------
01-05-2019 16:54:56.51693[2][4] - Elapsed time: 0.027 milliseconds
[parse_aiml.php][set_wildcards][394]
AIML array now = Array
(
    [aiml_id] => 4567
    [category_id] => 4567
    [html_template] => 
    [lookingfor] => SAIR
    [pattern] => *SAIR*
    [score] => 259
    [stars] => Array
        (
        )

    [template] => Seu nome foi removido de nossa lista, desculpe o inconveniente.
    [thatpattern] => 
    [that_stars] => Array
        (
            [1] => 
        )

    [topic] => 
    [topic_stars] => Array
        (
        )

    [user_raw] => sair
)
 
-----------------------
01-05-2019 16:54:56.51695[2][4] - Elapsed time: 0.015 milliseconds
[parse_aiml_as_XML.php][parse_aiml_as_XML][22]
Parsing the AIML template as XML 
-----------------------
01-05-2019 16:54:56.51696[2][4] - Elapsed time: 0.012 milliseconds
[parse_aiml_as_XML.php][add_text_tags][93]
Adding some TEXT tags into the template, just because I can... 
-----------------------
01-05-2019 16:54:56.51699[4][4] - Elapsed time: 0.034 milliseconds
[parse_aiml_as_XML.php][add_text_tags][120]
Returning template:
<template><text>Seu nome foi removido de nossa lista, desculpe o inconveniente.</text></template> 
-----------------------
01-05-2019 16:54:56.51739[2][4] - Elapsed time: 0.398 milliseconds
[parse_aiml_as_XML.php][parseTemplateRecursive][201]
Recursively parsing the AIML template. 
-----------------------
01-05-2019 16:54:56.51749[4][4] - Elapsed time: 0.095 milliseconds
[parse_aiml_as_XML.php][parseTemplateRecursive][214]
Processing element template at level 0. element XML = <?xml version="1.0"?>
<template><text>Seu nome foi removido de nossa lista, desculpe o inconveniente.</text></template>
 
-----------------------
01-05-2019 16:54:56.51750[4][4] - Elapsed time: 0.017 milliseconds
[parse_aiml_as_XML.php][parseTemplateRecursive][242]
function parse_template_tag does not exist. Parsing tag as text. 
-----------------------
01-05-2019 16:54:56.51753[2][4] - Elapsed time: 0.022 milliseconds
[parse_aiml_as_XML.php][parseTemplateRecursive][201]
Recursively parsing the AIML template. 
-----------------------
01-05-2019 16:54:56.51757[4][4] - Elapsed time: 0.043 milliseconds
[parse_aiml_as_XML.php][parseTemplateRecursive][214]
Processing element text at level 1. element XML = <text>Seu nome foi removido de nossa lista, desculpe o inconveniente.</text> 
-----------------------
01-05-2019 16:54:56.51758[4][4] - Elapsed time: 0.014 milliseconds
[parse_aiml_as_XML.php][parseTemplateRecursive][225]
Function parse_text_tag does exist. Processing now. 
-----------------------
01-05-2019 16:54:56.51760[4][4] - Elapsed time: 0.011 milliseconds
[parse_aiml_as_XML.php][parseTemplateRecursive][229]
Passing element text to the parse_text_tag function 
-----------------------
01-05-2019 16:54:56.51761[2][4] - Elapsed time: 0.010 milliseconds
[parse_aiml_as_XML.php][parse_text_tag][281]
Parsing a TEXT tag. 
-----------------------
01-05-2019 16:54:56.51762[4][4] - Elapsed time: 0.012 milliseconds
[parse_aiml_as_XML.php][parseTemplateRecursive][234]
Adding 'Seu nome foi removido de nossa lista, desculpe o inconveniente.' to the response array. tag name is text 
-----------------------
01-05-2019 16:54:56.51763[2][4] - Elapsed time: 0.017 milliseconds
[parse_aiml_as_XML.php][implode_recursive][137]
Imploding an array into a string. (recursively, if necessary) 
-----------------------
01-05-2019 16:54:56.51765[2][4] - Elapsed time: 0.012 milliseconds
[parse_aiml_as_XML.php][implode_recursive][138]
Input: Array
(
    [0] => Seu nome foi removido de nossa lista, desculpe o inconveniente.
)

 
-----------------------
01-05-2019 16:54:56.51766[4][4] - Elapsed time: 0.011 milliseconds
[parse_aiml_as_XML.php][implode_recursive][155]
The variable $input is of type array 
-----------------------
01-05-2019 16:54:56.51767[4][4] - Elapsed time: 0.012 milliseconds
[parse_aiml_as_XML.php][implode_recursive][185]
Imploding complete. Returning 'Seu nome foi removido de nossa lista, desculpe o inconveniente.' 
-----------------------
01-05-2019 16:54:56.51768[4][4] - Elapsed time: 0.011 milliseconds
[parse_aiml_as_XML.php][parseTemplateRecursive][262]
Adding 'Seu nome foi removido de nossa lista, desculpe o inconveniente.' to the response array. tag name is template. 
-----------------------
01-05-2019 16:54:56.51770[2][4] - Elapsed time: 0.017 milliseconds
[parse_aiml_as_XML.php][implode_recursive][137]
Imploding an array into a string. (recursively, if necessary) 
-----------------------
01-05-2019 16:54:56.51771[2][4] - Elapsed time: 0.013 milliseconds
[parse_aiml_as_XML.php][implode_recursive][138]
Input: Array
(
    [0] => Seu nome foi removido de nossa lista, desculpe o inconveniente.
)

 
-----------------------
01-05-2019 16:54:56.51772[4][4] - Elapsed time: 0.011 milliseconds
[parse_aiml_as_XML.php][implode_recursive][155]
The variable $input is of type array 
-----------------------
01-05-2019 16:54:56.51773[4][4] - Elapsed time: 0.011 milliseconds
[parse_aiml_as_XML.php][implode_recursive][185]
Imploding complete. Returning 'Seu nome foi removido de nossa lista, desculpe o inconveniente.' 
-----------------------
01-05-2019 16:54:56.51775[4][4] - Elapsed time: 0.015 milliseconds
[parse_aiml_as_XML.php][parse_aiml_as_XML][47]
Completed parsing the template. The bot will say: Seu nome foi removido de nossa lista, desculpe o inconveniente. 
-----------------------
01-05-2019 16:54:56.51776[4][4] - Elapsed time: 0.017 milliseconds
[parse_aiml.php][parse_matched_aiml][227]
normal - Saving for next turn 
-----------------------
01-05-2019 16:54:56.51778[4][4] - Elapsed time: 0.011 milliseconds
[parse_aiml.php][save_for_nextturn][271]
Saving that and that_raw for next turn 
-----------------------
01-05-2019 16:54:56.51779[2][4] - Elapsed time: 0.011 milliseconds
[intialise_conversation.php][push_on_front_convoArr][226]
Pushing 'Seu nome foi removido de nossa lista, desculpe o inconveniente.' to the front of the [that_raw] array 
-----------------------
01-05-2019 16:54:56.51781[4][4] - Elapsed time: 0.019 milliseconds
[intialise_conversation.php][load_blank_array_element][62]
Loading blank that_raw array 
-----------------------
01-05-2019 16:54:56.51785[2][4] - Elapsed time: 0.050 milliseconds
[intialise_conversation.php][push_on_front_convoArr][226]
Pushing 'Seu nome foi removido de nossa lista, desculpe o inconveniente.' to the front of the [that] array 
-----------------------
01-05-2019 16:54:56.51787[4][4] - Elapsed time: 0.019 milliseconds
[intialise_conversation.php][load_blank_array_element][62]
Loading blank that array 
-----------------------
01-05-2019 16:54:56.51789[4][4] - Elapsed time: 0.021 milliseconds
[parse_aiml.php][clean_that][251]
Cleaning up the ~THAT~ tag: 'Seu nome foi removido de nossa lista, desculpe o inconveniente.' 
-----------------------
01-05-2019 16:54:56.51791[4][4] - Elapsed time: 0.013 milliseconds
[misc_functions.php][normalize_text][125]
Begin normalization - text = 'Seu nome foi removido de nossa lista, desculpe o inconveniente.' 
-----------------------
01-05-2019 16:54:56.51794[4][4] - Elapsed time: 0.034 milliseconds
[misc_functions.php][normalize_text][150]
Normalization complete. Text = 'SEU NOME FOI REMOVIDO DE NOSSA LISTA DESCULPE O INCONVENIENTE' 
-----------------------
01-05-2019 16:54:56.51795[4][4] - Elapsed time: 0.011 milliseconds
[parse_aiml.php][clean_that][258]
Cleaning Complete. output = 'SEU NOME FOI REMOVIDO DE NOSSA LISTA DESCULPE O INCONVENIENTE' 
-----------------------
01-05-2019 16:54:56.51797[2][4] - Elapsed time: 0.019 milliseconds
[intialise_conversation.php][push_on_front_convoArr][226]
Pushing 'Seu nome foi removido de nossa lista, desculpe o inconveniente.' to the front of the [parsed_template] array 
-----------------------
01-05-2019 16:54:56.51799[4][4] - Elapsed time: 0.017 milliseconds
[intialise_conversation.php][load_blank_array_element][62]
Loading blank parsed_template array 
-----------------------
01-05-2019 16:54:56.51801[2][4] - Elapsed time: 0.018 milliseconds
[intialise_conversation.php][push_on_front_convoArr][226]
Pushing 'Seu nome foi removido de nossa lista, desculpe o inconveniente.' to the front of the [template] array 
-----------------------
01-05-2019 16:54:56.51802[4][4] - Elapsed time: 0.016 milliseconds
[intialise_conversation.php][load_blank_array_element][62]
Loading blank template array 
-----------------------
01-05-2019 16:54:56.51804[2][4] - Elapsed time: 0.022 milliseconds
[intialise_conversation.php][log_conversation][403]
Saving the conversation to the DB. 
-----------------------
01-05-2019 16:54:56.51807[3][4] - Elapsed time: 0.022 milliseconds
[intialise_conversation.php][log_conversation][442]
Saving conservation SQL: INSERT INTO `devncom_ia_golden`.`conversation_log` (
      `id` ,
      `input` ,
      `response` ,
      `user_id` ,
      `convo_id` ,
      `bot_id` ,
      `timestamp`
    )
    VALUES (
      NULL ,
      'sair',
      'Seu nome foi removido de nossa lista, desculpe o inconveniente.',
      1029,
      554196434382,
      1,
      CURRENT_TIMESTAMP
    ) 
-----------------------
01-05-2019 16:54:56.54820[4][4] - Elapsed time: 30.129 milliseconds
[intialise_conversation.php][write_to_session][140]
Saving to session 
-----------------------
01-05-2019 16:54:56.54841[3][4] - Elapsed time: 0.218 milliseconds
[display_conversation.php][get_conversation_to_display][59]
get_conversation SQL: SELECT * FROM `devncom_ia_golden`.`conversation_log` WHERE
        `user_id` = :user_id
        AND `bot_id` = :bot_id
        AND `convo_id` = :convo_id
        ORDER BY id DESC  LIMIT 1 
-----------------------
01-05-2019 16:54:56.54860[2][4] - Elapsed time: 0.184 milliseconds
[display_conversation.php][get_conversation_to_display][77]
Found '1' lines of conversation 
-----------------------
01-05-2019 16:54:56.54862[4][4] - Elapsed time: 0.022 milliseconds
[display_conversation.php][get_conversation][92]
Processing conversation as html 
-----------------------
01-05-2019 16:54:56.54865[4][4] - Elapsed time: 0.025 milliseconds
[display_conversation.php][get_html][135]
Returning HTML 
-----------------------
01-05-2019 16:54:56.54960[2][4] - Elapsed time: 0.955 milliseconds
[conversation_start.php][Called outside of function][297]
Closing Database 
-----------------------
01-05-2019 16:54:56.54964[0][4] - Elapsed time: 0.039 milliseconds
[conversation_start.php][Called outside of function][303]
Conversation Ending. Elapsed time: 97.107 milliseconds. 
-----------------------
Debug Level: 4
-----------------------
Debug Mode: 1
-----------------------
CONVERSATION ARRAY
-----------------------
Array
(
    [say] => sair
    [conversation] => Array
        (
            [convo_id] => 554196434382
            [bot_name] => Net Bot
            [bot_id] => 1
            [format] => html
            [unknown_user] => Entrou
            [user_id] => 1029
            [totallines] => 1
            [user_name] => Entrou
            [rawSay] => sair
            [conversation_lines] => 1
            [remember_up_to] => 10
            [debugemail] => contato@devn1.com.br
            [debug_level] => 4
            [debugmode] => 1
            [save_state] => database
            [default_aiml_pattern] => LINHA DE RECOLHA ALEATÓRIA2
            [bot_parent_id] => 1
            [aimlData] => Array
                (
                    [id] => 4567
                    [bot_id] => 1
                    [pattern] => *SAIR*
                    [thatpattern] => 
                    [topic] => 
                    [filename] => admin_added.aiml
                    [template] => Seu nome foi removido de nossa lista, desculpe o inconveniente.
                    [score] => 259
                    [current_that] => 
                    [aiml_id] => 4567
                    [track_score] => current bot (250 points), no thatpattern to match (1 point), uncommon word match: *sair* (8 points)
                )

        )

    [aiml] => Array
        (
            [user_raw] => sair
            [lookingfor] => SAIR
            [category_id] => 4567
            [pattern] => *SAIR*
            [thatpattern] => 
            [template] => Seu nome foi removido de nossa lista, desculpe o inconveniente.
            [html_template] => 
            [topic] => 
            [score] => 259
            [aiml_id] => 4567
            [stars] => Array
                (
                )

            [that_stars] => Array
                (
                    [1] => 
                )

            [topic_stars] => Array
                (
                )

            [parsed_template] => Seu nome foi removido de nossa lista, desculpe o inconveniente.
        )

    [client_properties] => Array
        (
            [ip_address] => 35.236.35.236
            [name] => Entrou
        )

    [time_start] => 1556740496.4525
    [user_say] => Array
        (
            [1] => SAIR
            [2] => 
            [3] => 
            [4] => 
            [5] => 
            [6] => 
            [7] => 
            [8] => 
            [9] => 
            [10] => 
        )

    [input] => Array
        (
            [1] => sair
            [2] => 
            [3] => 
            [4] => 
            [5] => 
            [6] => 
            [7] => 
            [8] => 
            [9] => 
            [10] => 
        )

    [that_raw] => Array
        (
            [1] => Array
                (
                    [1] => 
                    [2] => Seu nome foi removido de nossa lista, desculpe o inconveniente.
                )

            [2] => 
            [3] => 
            [4] => 
            [5] => 
            [6] => 
            [7] => 
            [8] => 
            [9] => 
            [10] => 
            [12] => 
        )

    [that] => Array
        (
            [1] => Array
                (
                    [1] => SEU NOME FOI REMOVIDO DE NOSSA LISTA DESCULPE O INCONVENIENTE
                )

            [2] => 
            [3] => 
            [4] => 
            [5] => 
            [6] => 
            [7] => 
            [8] => 
            [9] => 
            [10] => 
            [12] => 
        )

    [parsed_template] => Array
        (
            [1] => Seu nome foi removido de nossa lista, desculpe o inconveniente.
            [2] => 
            [3] => 
            [4] => 
            [5] => 
            [6] => 
            [7] => 
            [8] => 
            [9] => 
            [10] => 
        )

    [template] => Array
        (
            [1] => Seu nome foi removido de nossa lista, desculpe o inconveniente.
            [2] => 
            [3] => 
            [4] => 
            [5] => 
            [6] => 
            [7] => 
            [8] => 
            [9] => 
            [10] => 
        )

    [send_to_user] => <div class="usersay">Entrou: sair</div><div class="botsay">Net Bot: Seu nome foi removido de nossa lista, desculpe o inconveniente.</div>
)

-----------------------
Total execution time: 97.107 Milliseconds. Goodbye.