24-04-2019 16:46:07.40878[0][4] - Elapsed time: 1.118 milliseconds
[conversation_start.php][Called outside of function][91]
Conversation starting. Current system specs:
Program O version:            2.6.11
Server Software:              Apache
PHP Version:                  5.6.40
OS:                           Linux
OS Version:                   #1 SMP Wed Sep 26 15:12:11 UTC 2018
MySQL Version:                5.7.25
Multi-byte functions enabled: true 
-----------------------
24-04-2019 16:46:07.40901[4][4] - Elapsed time: 0.232 milliseconds
[load_aimlfunctions.php][Called outside of function][16]
AIML function include files loaded 
-----------------------
24-04-2019 16:46:07.40917[4][4] - Elapsed time: 0.156 milliseconds
[load_convofunctions.php][Called outside of function][16]
Convofunction include files loaded 
-----------------------
24-04-2019 16:46:07.40923[4][4] - Elapsed time: 0.061 milliseconds
[load_userfunctions.php][Called outside of function][14]
userfunctions include files loaded 
-----------------------
24-04-2019 16:46:07.40957[4][4] - Elapsed time: 0.339 milliseconds
[load_addons.php][Called outside of function][19]
Loading addons 
-----------------------
24-04-2019 16:46:07.40958[4][4] - Elapsed time: 0.012 milliseconds
[conversation_start.php][Called outside of function][104]
Loaded all Includes 
-----------------------
24-04-2019 16:46:07.40974[0][4] - Elapsed time: 0.158 milliseconds
[conversation_start.php][Called outside of function][159]
Debug level: 4
session ID = 554199715381 
-----------------------
24-04-2019 16:46:07.40975[4][4] - Elapsed time: 0.012 milliseconds
[conversation_start.php][Called outside of function][162]
Conversation continuing. User said 'Sair'. 
-----------------------
24-04-2019 16:46:07.40977[4][4] - Elapsed time: 0.020 milliseconds
[intialise_conversation.php][read_from_session][155]
Reading from session 
-----------------------
24-04-2019 16:46:07.40978[4][4] - Elapsed time: 0.012 milliseconds
[intialise_conversation.php][load_default_bot_values][110]
Loading db bot personality properties 
-----------------------
24-04-2019 16:46:07.40980[3][4] - Elapsed time: 0.018 milliseconds
[intialise_conversation.php][load_default_bot_values][118]
load db bot personality values SQL: SELECT * FROM `devncom_ia_golden`.`botpersonality` WHERE `bot_id` = 1; 
-----------------------
24-04-2019 16:46:07.40999[4][4] - Elapsed time: 0.189 milliseconds
[intialise_conversation.php][check_set_convo_id][643]
Obtaining the convo id from form vars. Value: 554199715381 
-----------------------
24-04-2019 16:46:07.41001[2][4] - Elapsed time: 0.017 milliseconds
[intialise_conversation.php][check_set_bot][581]
Checking and/or setting the current bot. 
-----------------------
24-04-2019 16:46:07.41002[3][4] - Elapsed time: 0.015 milliseconds
[intialise_conversation.php][check_set_bot][599]
Making sure the bot exists. SQL = SELECT * FROM `devncom_ia_golden`.`bots` WHERE bot_id = 1 AND `bot_active` = 1; 
-----------------------
24-04-2019 16:46:07.41046[2][4] - Elapsed time: 0.443 milliseconds
[intialise_conversation.php][check_set_bot][616]
BOT ID: 1 
-----------------------
24-04-2019 16:46:07.41048[2][4] - Elapsed time: 0.018 milliseconds
[intialise_conversation.php][check_set_user][672]
Checking and setting the user info, as needed. 
-----------------------
24-04-2019 16:46:07.41091[3][4] - Elapsed time: 0.432 milliseconds
[intialise_conversation.php][check_set_user][705]
Loading client properties from the DB - sql:
SELECT `name`, `value` FROM `devncom_ia_golden`.`client_properties` WHERE `user_id` = 920 AND `bot_id` = 1; 
-----------------------
24-04-2019 16:46:07.41194[2][4] - Elapsed time: 1.029 milliseconds
[spell_checker.php][run_spell_checker_say][36]
Starting function and setting timestamp. 
-----------------------
24-04-2019 16:46:07.41198[2][4] - Elapsed time: 0.042 milliseconds
[spell_checker.php][spell_check][60]
Preforming a spel chek on Sair. 
-----------------------
24-04-2019 16:46:07.41201[2][4] - Elapsed time: 0.024 milliseconds
[spell_checker.php][load_spelling_list][117]
Loading the spellcheck list from the DB. 
-----------------------
24-04-2019 16:46:07.41228[4][4] - Elapsed time: 0.271 milliseconds
[misc_functions.php][normalize_text][125]
Begin normalization - text = 'Sair' 
-----------------------
24-04-2019 16:46:07.41234[4][4] - Elapsed time: 0.061 milliseconds
[misc_functions.php][normalize_text][150]
Normalization complete. Text = 'SAIR' 
-----------------------
24-04-2019 16:46:07.41235[2][4] - Elapsed time: 0.012 milliseconds
[conversation_start.php][Called outside of function][237]
Details:
User say: SAIR
Convo id: 554199715381
Bot id: 1
Format: html 
-----------------------
24-04-2019 16:46:07.41237[4][4] - Elapsed time: 0.015 milliseconds
[intialise_conversation.php][check_set_format][752]
Using format: html 
-----------------------
24-04-2019 16:46:07.41238[2][4] - Elapsed time: 0.011 milliseconds
[intialise_conversation.php][load_that][769]
Loading the THAT array. 
-----------------------
24-04-2019 16:46:07.41239[3][4] - Elapsed time: 0.015 milliseconds
[intialise_conversation.php][load_that][784]
Getting conversation log entries for the current user. SQL:
SELECT `input`, `response` FROM `devncom_ia_golden`.`conversation_log` WHERE `user_id` = 920 AND `bot_id` = 1 ORDER BY `id` DESC limit 10; 
-----------------------
24-04-2019 16:46:07.43279[1][4] - Elapsed time: 20.391 milliseconds
[intialise_conversation.php][load_that][804]
Inputs returned:Array
(
    [0] => Sair
)
 
-----------------------
24-04-2019 16:46:07.43282[4][4] - Elapsed time: 0.039 milliseconds
[intialise_conversation.php][load_that][805]
Loading previous responses into the ~THAT~ array. 
-----------------------
24-04-2019 16:46:07.43284[1][4] - Elapsed time: 0.018 milliseconds
[intialise_conversation.php][load_that][806]
Responses returned:Array
(
    [0] => Seu nome foi removido de nossa lista, desculpe o inconveniente.
)
 
-----------------------
24-04-2019 16:46:07.43287[2][4] - Elapsed time: 0.033 milliseconds
[parse_aiml_as_XML.php][implode_recursive][137]
Imploding an array into a string. (recursively, if necessary) 
-----------------------
24-04-2019 16:46:07.43289[2][4] - Elapsed time: 0.017 milliseconds
[parse_aiml_as_XML.php][implode_recursive][138]
Input: Array
(
    [0] => Seu nome foi removido de nossa lista
    [1] =>  desculpe o inconveniente
    [2] => 
)

 
-----------------------
24-04-2019 16:46:07.43291[4][4] - Elapsed time: 0.017 milliseconds
[parse_aiml_as_XML.php][implode_recursive][155]
The variable $input is of type array 
-----------------------
24-04-2019 16:46:07.43293[4][4] - Elapsed time: 0.019 milliseconds
[parse_aiml_as_XML.php][implode_recursive][185]
Imploding complete. Returning 'Seu nome foi removido de nossa lista desculpe o inconveniente ' 
-----------------------
24-04-2019 16:46:07.43294[4][4] - Elapsed time: 0.016 milliseconds
[parse_aiml.php][clean_that][251]
Cleaning up the ~THAT~ tag: 'Seu nome foi removido de nossa lista desculpe o inconveniente ' 
-----------------------
24-04-2019 16:46:07.43296[4][4] - Elapsed time: 0.016 milliseconds
[misc_functions.php][normalize_text][125]
Begin normalization - text = 'Seu nome foi removido de nossa lista desculpe o inconveniente ' 
-----------------------
24-04-2019 16:46:07.43302[4][4] - Elapsed time: 0.063 milliseconds
[misc_functions.php][normalize_text][150]
Normalization complete. Text = 'SEU NOME FOI REMOVIDO DE NOSSA LISTA DESCULPE O INCONVENIENTE' 
-----------------------
24-04-2019 16:46:07.43304[4][4] - Elapsed time: 0.015 milliseconds
[parse_aiml.php][clean_that][258]
Cleaning Complete. output = 'SEU NOME FOI REMOVIDO DE NOSSA LISTA DESCULPE O INCONVENIENTE' 
-----------------------
24-04-2019 16:46:07.43305[2][4] - Elapsed time: 0.017 milliseconds
[intialise_conversation.php][push_on_front_convoArr][226]
Pushing 'SEU NOME FOI REMOVIDO DE NOSSA LISTA DESCULPE O INCONVENIENTE' to the front of the [that] array 
-----------------------
24-04-2019 16:46:07.43311[4][4] - Elapsed time: 0.051 milliseconds
[intialise_conversation.php][load_blank_array_element][62]
Loading blank that array 
-----------------------
24-04-2019 16:46:07.43317[4][4] - Elapsed time: 0.066 milliseconds
[parse_aiml.php][clean_that][251]
Cleaning up the ~THAT~ tag: 'SEU NOME FOI REMOVIDO DE NOSSA LISTA DESCULPE O INCONVENIENTE' 
-----------------------
24-04-2019 16:46:07.43319[4][4] - Elapsed time: 0.018 milliseconds
[misc_functions.php][normalize_text][125]
Begin normalization - text = 'SEU NOME FOI REMOVIDO DE NOSSA LISTA DESCULPE O INCONVENIENTE' 
-----------------------
24-04-2019 16:46:07.43323[4][4] - Elapsed time: 0.041 milliseconds
[misc_functions.php][normalize_text][150]
Normalization complete. Text = 'SEU NOME FOI REMOVIDO DE NOSSA LISTA DESCULPE O INCONVENIENTE' 
-----------------------
24-04-2019 16:46:07.43327[4][4] - Elapsed time: 0.041 milliseconds
[parse_aiml.php][clean_that][258]
Cleaning Complete. output = 'SEU NOME FOI REMOVIDO DE NOSSA LISTA DESCULPE O INCONVENIENTE' 
-----------------------
24-04-2019 16:46:07.43333[4][4] - Elapsed time: 0.055 milliseconds
[intialise_conversation.php][load_that][835]
Loading previous user inputs into the ~INPUT~ array. 
-----------------------
24-04-2019 16:46:07.43335[2][4] - Elapsed time: 0.020 milliseconds
[parse_aiml_as_XML.php][implode_recursive][137]
Imploding an array into a string. (recursively, if necessary) 
-----------------------
24-04-2019 16:46:07.43337[2][4] - Elapsed time: 0.019 milliseconds
[parse_aiml_as_XML.php][implode_recursive][138]
Input: Array
(
    [0] => Sair
)

 
-----------------------
24-04-2019 16:46:07.43338[4][4] - Elapsed time: 0.015 milliseconds
[parse_aiml_as_XML.php][implode_recursive][155]
The variable $input is of type array 
-----------------------
24-04-2019 16:46:07.43340[4][4] - Elapsed time: 0.015 milliseconds
[parse_aiml_as_XML.php][implode_recursive][185]
Imploding complete. Returning 'Sair' 
-----------------------
24-04-2019 16:46:07.43341[4][4] - Elapsed time: 0.015 milliseconds
[parse_aiml.php][clean_that][251]
Cleaning up the ~THAT~ tag: 'Sair' 
-----------------------
24-04-2019 16:46:07.43343[4][4] - Elapsed time: 0.015 milliseconds
[misc_functions.php][normalize_text][125]
Begin normalization - text = 'Sair' 
-----------------------
24-04-2019 16:46:07.43347[4][4] - Elapsed time: 0.041 milliseconds
[misc_functions.php][normalize_text][150]
Normalization complete. Text = 'SAIR' 
-----------------------
24-04-2019 16:46:07.43348[4][4] - Elapsed time: 0.015 milliseconds
[parse_aiml.php][clean_that][258]
Cleaning Complete. output = 'SAIR' 
-----------------------
24-04-2019 16:46:07.43350[2][4] - Elapsed time: 0.014 milliseconds
[intialise_conversation.php][push_on_front_convoArr][226]
Pushing 'SAIR' to the front of the [input] array 
-----------------------
24-04-2019 16:46:07.43352[4][4] - Elapsed time: 0.019 milliseconds
[intialise_conversation.php][load_blank_array_element][62]
Loading blank input array 
-----------------------
24-04-2019 16:46:07.43438[2][4] - Elapsed time: 0.868 milliseconds
[intialise_conversation.php][load_bot_config][343]
Loading config data for the current bot. 
-----------------------
24-04-2019 16:46:07.43444[3][4] - Elapsed time: 0.057 milliseconds
[intialise_conversation.php][load_bot_config][352]
load bot config SQL: SELECT * FROM `devncom_ia_golden`.`bots` WHERE bot_id = 1; 
-----------------------
24-04-2019 16:46:07.43475[4][4] - Elapsed time: 0.312 milliseconds
[intialise_conversation.php][load_bot_config][357]
Loading bot details from the database. 
-----------------------
24-04-2019 16:46:07.43479[0][4] - Elapsed time: 0.034 milliseconds
[conversation_start.php][Called outside of function][257]
Default debug level = 4 
-----------------------
24-04-2019 16:46:07.43481[0][4] - Elapsed time: 0.021 milliseconds
[conversation_start.php][Called outside of function][259]
Current debug level = 4 
-----------------------
24-04-2019 16:46:07.43482[0][4] - Elapsed time: 0.017 milliseconds
[conversation_start.php][Called outside of function][272]
Say = SAIR: raw say = Sair 
-----------------------
24-04-2019 16:46:07.43484[4][4] - Elapsed time: 0.018 milliseconds
[intialise_conversation.php][add_new_conversation_vars][184]
New conversation vars 
-----------------------
24-04-2019 16:46:07.43486[2][4] - Elapsed time: 0.016 milliseconds
[intialise_conversation.php][push_on_front_convoArr][226]
Pushing 'SAIR' to the front of the [user_say] array 
-----------------------
24-04-2019 16:46:07.43488[4][4] - Elapsed time: 0.025 milliseconds
[intialise_conversation.php][load_blank_array_element][62]
Loading blank user_say array 
-----------------------
24-04-2019 16:46:07.43491[0][4] - Elapsed time: 0.030 milliseconds
[intialise_conversation.php][add_new_conversation_vars][188]
User RAW = Sair, RAW say = Sair 
-----------------------
24-04-2019 16:46:07.43493[2][4] - Elapsed time: 0.017 milliseconds
[intialise_conversation.php][push_on_front_convoArr][226]
Pushing 'Sair' to the front of the [input] array 
-----------------------
24-04-2019 16:46:07.43496[4][4] - Elapsed time: 0.029 milliseconds
[make_conversation.php][make_conversation][22]
Making conversation 
-----------------------
24-04-2019 16:46:07.43497[4][4] - Elapsed time: 0.016 milliseconds
[misc_functions.php][normalize_text][125]
Begin normalization - text = 'SAIR' 
-----------------------
24-04-2019 16:46:07.43501[4][4] - Elapsed time: 0.038 milliseconds
[misc_functions.php][normalize_text][150]
Normalization complete. Text = 'SAIR' 
-----------------------
24-04-2019 16:46:07.43503[4][4] - Elapsed time: 0.021 milliseconds
[find_aiml.php][get_aiml_to_parse][909]
Running all functions to get the correct aiml from the DB 
-----------------------
24-04-2019 16:46:07.43667[4][4] - Elapsed time: 1.636 milliseconds
[find_aiml.php][find_userdefined_aiml][821]
Looking for user defined responses 
-----------------------
24-04-2019 16:46:07.43676[3][4] - Elapsed time: 0.086 milliseconds
[find_aiml.php][find_userdefined_aiml][870]
User defined SQL:
SELECT `id`, `bot_id`, `pattern`, `thatpattern`, `template` FROM `devncom_ia_golden`.`aiml_userdefined` WHERE
    `bot_id` = 1 AND
    `user_id` = 554199715381
    AND (
        'SAIR' LIKE (REPLACE(REPLACE(`pattern`, '*', '%'), '_', '%'))
        OR 'SEU NOME FOI REMOVIDO DE NOSSA LISTA DESCULPE O INCONVENIENTE' LIKE (REPLACE(REPLACE(`thatpattern`, '*', '%'), '_', '%')))
   ORDER BY `id` ASC, `pattern` ASC, `thatpattern` ASC; 
-----------------------
24-04-2019 16:46:07.43696[2][4] - Elapsed time: 0.207 milliseconds
[find_aiml.php][find_userdefined_aiml][896]
User defined rows found: '0' 
-----------------------
24-04-2019 16:46:07.43700[4][4] - Elapsed time: 0.032 milliseconds
[find_aiml.php][find_aiml_matches][975]
Finding the aiml matches from the DB 
-----------------------
24-04-2019 16:46:07.43701[4][4] - Elapsed time: 0.018 milliseconds
[find_aiml.php][find_aiml_matches][981]
Bot ID = 1. Bot Parent ID = 1. 
-----------------------
24-04-2019 16:46:07.43860[4][4] - Elapsed time: 1.585 milliseconds
[find_aiml.php][find_aiml_matches][992]
Stored topic = '' 
-----------------------
24-04-2019 16:46:07.43869[3][4] - Elapsed time: 0.094 milliseconds
[find_aiml.php][find_aiml_matches][1052]
Core Match AIML sql:
SELECT `id`, `bot_id`, `pattern`, `thatpattern`, `topic`, `filename`, `template` FROM `devncom_ia_golden`.`aiml` WHERE
    bot_id = 1 AND (
        'SAIR' LIKE (REPLACE(REPLACE(`pattern`, '*', '%'), '_', '%'))
        OR 'SEU NOME FOI REMOVIDO DE NOSSA LISTA DESCULPE O INCONVENIENTE' LIKE (REPLACE(REPLACE(`thatpattern`, '*', '%'), '_', '%'))
        OR `pattern` LIKE 'LINHA DE RECOLHA ALEATÓRIA2'
    )
    # ORDER BY `id` ASC, `topic` DESC, `pattern` ASC, `thatpattern` ASC; 
-----------------------
24-04-2019 16:46:07.43897[3][4] - Elapsed time: 0.275 milliseconds
[find_aiml.php][find_aiml_matches][1054]
Query Process time... 
-----------------------
24-04-2019 16:46:07.43900[2][4] - Elapsed time: 0.029 milliseconds
[find_aiml.php][find_aiml_matches][1061]
FOUND: (1) potential AIML matches 
-----------------------
24-04-2019 16:46:07.44061[1][4] - Elapsed time: 1.619 milliseconds
[find_aiml.php][unset_all_bad_pattern_matches][35]
Current THAT = SEU NOME FOI REMOVIDO DE NOSSA LISTA DESCULPE O INCONVENIENTE 
-----------------------
24-04-2019 16:46:07.44066[4][4] - Elapsed time: 0.048 milliseconds
[find_aiml.php][unset_all_bad_pattern_matches][48]
NEW FUNC Searching through 1 rows to unset bad matches 
-----------------------
24-04-2019 16:46:07.44070[4][4] - Elapsed time: 0.034 milliseconds
[find_aiml.php][unset_all_bad_pattern_matches][62]
Blue 5 to Blue leader. Starting my run now! Looking for 'SAIR' 
-----------------------
24-04-2019 16:46:07.44080[4][4] - Elapsed time: 0.104 milliseconds
[find_aiml.php][unset_all_bad_pattern_matches][195]
Found 1 relevant rows 
-----------------------
24-04-2019 16:46:07.44083[4][4] - Elapsed time: 0.033 milliseconds
[find_aiml.php][score_matches][255]
Scoring the matches. 
-----------------------
24-04-2019 16:46:07.44251[4][4] - Elapsed time: 1.674 milliseconds
[find_aiml.php][score_matches][548]
Sorted array $allrows:
Array
(
    [0] => Array
        (
            [id] => 4567
            [bot_id] => 1
            [pattern] => *SAIR*
            [thatpattern] => 
            [topic] => 
            [filename] => admin_added.aiml
            [template] => Seu nome foi removido de nossa lista, desculpe o inconveniente.
            [score] => 259
            [current_that] => seu nome foi removido de nossa lista desculpe o inconveniente
            [aiml_id] => 4567
            [track_score] => current bot (250 points), no thatpattern to match (1 point), uncommon word match: *sair* (8 points)
        )

)
 
-----------------------
24-04-2019 16:46:07.44256[2][4] - Elapsed time: 0.052 milliseconds
[find_aiml.php][get_highest_scoring_row][642]
Final candidates:

Array
(
    [0] => Array
        (
            [id] => 4567
            [bot_id] => 1
            [pattern] => *SAIR*
            [thatpattern] => 
            [topic] => 
            [filename] => admin_added.aiml
            [template] => Seu nome foi removido de nossa lista, desculpe o inconveniente.
            [score] => 259
            [current_that] => seu nome foi removido de nossa lista desculpe o inconveniente
            [aiml_id] => 4567
            [track_score] => current bot (250 points), no thatpattern to match (1 point), uncommon word match: *sair* (8 points)
        )

)

 
-----------------------
24-04-2019 16:46:07.44314[4][4] - Elapsed time: 0.582 milliseconds
[find_aiml.php][get_highest_scoring_row][697]
Best Response: Array
(
    [id] => 4567
    [bot_id] => 1
    [pattern] => *SAIR*
    [thatpattern] => 
    [topic] => 
    [filename] => admin_added.aiml
    [template] => Seu nome foi removido de nossa lista, desculpe o inconveniente.
    [score] => 259
    [current_that] => seu nome foi removido de nossa lista desculpe o inconveniente
    [aiml_id] => 4567
    [track_score] => current bot (250 points), no thatpattern to match (1 point), uncommon word match: *sair* (8 points)
)
 
-----------------------
24-04-2019 16:46:07.44317[2][4] - Elapsed time: 0.027 milliseconds
[find_aiml.php][get_highest_scoring_row][698]
No results found, so none to pick from. 
-----------------------
24-04-2019 16:46:07.44330[4][4] - Elapsed time: 0.126 milliseconds
[find_aiml.php][get_aiml_to_parse][960]
Will be parsing id:4567 (*SAIR*) 
-----------------------
24-04-2019 16:46:07.44332[3][4] - Elapsed time: 0.025 milliseconds
[parse_aiml.php][parse_matched_aiml][213]
Run the aiml parse in normal mode (normal or srai) 
-----------------------
24-04-2019 16:46:07.44335[2][4] - Elapsed time: 0.026 milliseconds
[parse_aiml.php][set_wildcards][297]
Setting Wildcards. Pattern = '*SAIR*' 
-----------------------
24-04-2019 16:46:07.44337[2][4] - Elapsed time: 0.024 milliseconds
[parse_aiml.php][set_wildcards][306]
We have pattern stars to process! 
-----------------------
24-04-2019 16:46:07.44339[2][4] - Elapsed time: 0.018 milliseconds
[parse_aiml.php][set_wildcards][310]
RegEx string = ~(.+)SAIR(.+)$~siuU: Searching Sair for a match. 
-----------------------
24-04-2019 16:46:07.44343[2][4] - Elapsed time: 0.046 milliseconds
[parse_aiml.php][set_wildcards][324]
Something is not right here. 
-----------------------
24-04-2019 16:46:07.44345[4][4] - Elapsed time: 0.019 milliseconds
[parse_aiml.php][set_wildcards][329]
Checking for wildcards in pattern-side THAT 
-----------------------
24-04-2019 16:46:07.44347[4][4] - Elapsed time: 0.020 milliseconds
[parse_aiml.php][set_wildcards][361]
Checking for wildcards in pattern-side TOPIC 
-----------------------
24-04-2019 16:46:07.44351[2][4] - Elapsed time: 0.039 milliseconds
[parse_aiml.php][set_wildcards][394]
AIML array now = Array
(
    [aiml_id] => 4567
    [category_id] => 4567
    [html_template] => 
    [lookingfor] => SAIR
    [pattern] => *SAIR*
    [score] => 259
    [stars] => Array
        (
        )

    [template] => Seu nome foi removido de nossa lista, desculpe o inconveniente.
    [thatpattern] => 
    [that_stars] => Array
        (
            [1] => 
        )

    [topic] => 
    [topic_stars] => Array
        (
        )

    [user_raw] => Sair
)
 
-----------------------
24-04-2019 16:46:07.44354[2][4] - Elapsed time: 0.028 milliseconds
[parse_aiml_as_XML.php][parse_aiml_as_XML][22]
Parsing the AIML template as XML 
-----------------------
24-04-2019 16:46:07.44356[2][4] - Elapsed time: 0.025 milliseconds
[parse_aiml_as_XML.php][add_text_tags][93]
Adding some TEXT tags into the template, just because I can... 
-----------------------
24-04-2019 16:46:07.44362[4][4] - Elapsed time: 0.052 milliseconds
[parse_aiml_as_XML.php][add_text_tags][120]
Returning template:
<template><text>Seu nome foi removido de nossa lista, desculpe o inconveniente.</text></template> 
-----------------------
24-04-2019 16:46:07.44384[2][4] - Elapsed time: 0.225 milliseconds
[parse_aiml_as_XML.php][parseTemplateRecursive][201]
Recursively parsing the AIML template. 
-----------------------
24-04-2019 16:46:07.44395[4][4] - Elapsed time: 0.104 milliseconds
[parse_aiml_as_XML.php][parseTemplateRecursive][214]
Processing element template at level 0. element XML = <?xml version="1.0"?>
<template><text>Seu nome foi removido de nossa lista, desculpe o inconveniente.</text></template>
 
-----------------------
24-04-2019 16:46:07.44399[4][4] - Elapsed time: 0.048 milliseconds
[parse_aiml_as_XML.php][parseTemplateRecursive][242]
function parse_template_tag does not exist. Parsing tag as text. 
-----------------------
24-04-2019 16:46:07.44403[2][4] - Elapsed time: 0.035 milliseconds
[parse_aiml_as_XML.php][parseTemplateRecursive][201]
Recursively parsing the AIML template. 
-----------------------
24-04-2019 16:46:07.44407[4][4] - Elapsed time: 0.039 milliseconds
[parse_aiml_as_XML.php][parseTemplateRecursive][214]
Processing element text at level 1. element XML = <text>Seu nome foi removido de nossa lista, desculpe o inconveniente.</text> 
-----------------------
24-04-2019 16:46:07.44409[4][4] - Elapsed time: 0.027 milliseconds
[parse_aiml_as_XML.php][parseTemplateRecursive][225]
Function parse_text_tag does exist. Processing now. 
-----------------------
24-04-2019 16:46:07.44412[4][4] - Elapsed time: 0.021 milliseconds
[parse_aiml_as_XML.php][parseTemplateRecursive][229]
Passing element text to the parse_text_tag function 
-----------------------
24-04-2019 16:46:07.44413[2][4] - Elapsed time: 0.019 milliseconds
[parse_aiml_as_XML.php][parse_text_tag][281]
Parsing a TEXT tag. 
-----------------------
24-04-2019 16:46:07.44416[4][4] - Elapsed time: 0.022 milliseconds
[parse_aiml_as_XML.php][parseTemplateRecursive][234]
Adding 'Seu nome foi removido de nossa lista, desculpe o inconveniente.' to the response array. tag name is text 
-----------------------
24-04-2019 16:46:07.44418[2][4] - Elapsed time: 0.023 milliseconds
[parse_aiml_as_XML.php][implode_recursive][137]
Imploding an array into a string. (recursively, if necessary) 
-----------------------
24-04-2019 16:46:07.44420[2][4] - Elapsed time: 0.021 milliseconds
[parse_aiml_as_XML.php][implode_recursive][138]
Input: Array
(
    [0] => Seu nome foi removido de nossa lista, desculpe o inconveniente.
)

 
-----------------------
24-04-2019 16:46:07.44422[4][4] - Elapsed time: 0.019 milliseconds
[parse_aiml_as_XML.php][implode_recursive][155]
The variable $input is of type array 
-----------------------
24-04-2019 16:46:07.44424[4][4] - Elapsed time: 0.024 milliseconds
[parse_aiml_as_XML.php][implode_recursive][185]
Imploding complete. Returning 'Seu nome foi removido de nossa lista, desculpe o inconveniente.' 
-----------------------
24-04-2019 16:46:07.44426[4][4] - Elapsed time: 0.019 milliseconds
[parse_aiml_as_XML.php][parseTemplateRecursive][262]
Adding 'Seu nome foi removido de nossa lista, desculpe o inconveniente.' to the response array. tag name is template. 
-----------------------
24-04-2019 16:46:07.44429[2][4] - Elapsed time: 0.030 milliseconds
[parse_aiml_as_XML.php][implode_recursive][137]
Imploding an array into a string. (recursively, if necessary) 
-----------------------
24-04-2019 16:46:07.44432[2][4] - Elapsed time: 0.023 milliseconds
[parse_aiml_as_XML.php][implode_recursive][138]
Input: Array
(
    [0] => Seu nome foi removido de nossa lista, desculpe o inconveniente.
)

 
-----------------------
24-04-2019 16:46:07.44433[4][4] - Elapsed time: 0.019 milliseconds
[parse_aiml_as_XML.php][implode_recursive][155]
The variable $input is of type array 
-----------------------
24-04-2019 16:46:07.44436[4][4] - Elapsed time: 0.020 milliseconds
[parse_aiml_as_XML.php][implode_recursive][185]
Imploding complete. Returning 'Seu nome foi removido de nossa lista, desculpe o inconveniente.' 
-----------------------
24-04-2019 16:46:07.44438[4][4] - Elapsed time: 0.027 milliseconds
[parse_aiml_as_XML.php][parse_aiml_as_XML][47]
Completed parsing the template. The bot will say: Seu nome foi removido de nossa lista, desculpe o inconveniente. 
-----------------------
24-04-2019 16:46:07.44441[4][4] - Elapsed time: 0.026 milliseconds
[parse_aiml.php][parse_matched_aiml][227]
normal - Saving for next turn 
-----------------------
24-04-2019 16:46:07.44443[4][4] - Elapsed time: 0.019 milliseconds
[parse_aiml.php][save_for_nextturn][271]
Saving that and that_raw for next turn 
-----------------------
24-04-2019 16:46:07.44445[2][4] - Elapsed time: 0.021 milliseconds
[intialise_conversation.php][push_on_front_convoArr][226]
Pushing 'Seu nome foi removido de nossa lista, desculpe o inconveniente.' to the front of the [that_raw] array 
-----------------------
24-04-2019 16:46:07.44448[4][4] - Elapsed time: 0.031 milliseconds
[intialise_conversation.php][load_blank_array_element][62]
Loading blank that_raw array 
-----------------------
24-04-2019 16:46:07.44453[2][4] - Elapsed time: 0.051 milliseconds
[intialise_conversation.php][push_on_front_convoArr][226]
Pushing 'Seu nome foi removido de nossa lista, desculpe o inconveniente.' to the front of the [that] array 
-----------------------
24-04-2019 16:46:07.44457[4][4] - Elapsed time: 0.041 milliseconds
[parse_aiml.php][clean_that][251]
Cleaning up the ~THAT~ tag: 'Seu nome foi removido de nossa lista, desculpe o inconveniente.' 
-----------------------
24-04-2019 16:46:07.44460[4][4] - Elapsed time: 0.024 milliseconds
[misc_functions.php][normalize_text][125]
Begin normalization - text = 'Seu nome foi removido de nossa lista, desculpe o inconveniente.' 
-----------------------
24-04-2019 16:46:07.44465[4][4] - Elapsed time: 0.056 milliseconds
[misc_functions.php][normalize_text][150]
Normalization complete. Text = 'SEU NOME FOI REMOVIDO DE NOSSA LISTA DESCULPE O INCONVENIENTE' 
-----------------------
24-04-2019 16:46:07.44467[4][4] - Elapsed time: 0.022 milliseconds
[parse_aiml.php][clean_that][258]
Cleaning Complete. output = 'SEU NOME FOI REMOVIDO DE NOSSA LISTA DESCULPE O INCONVENIENTE' 
-----------------------
24-04-2019 16:46:07.44472[2][4] - Elapsed time: 0.045 milliseconds
[intialise_conversation.php][push_on_front_convoArr][226]
Pushing 'Seu nome foi removido de nossa lista, desculpe o inconveniente.' to the front of the [parsed_template] array 
-----------------------
24-04-2019 16:46:07.44475[4][4] - Elapsed time: 0.032 milliseconds
[intialise_conversation.php][load_blank_array_element][62]
Loading blank parsed_template array 
-----------------------
24-04-2019 16:46:07.44478[2][4] - Elapsed time: 0.034 milliseconds
[intialise_conversation.php][push_on_front_convoArr][226]
Pushing 'Seu nome foi removido de nossa lista, desculpe o inconveniente.' to the front of the [template] array 
-----------------------
24-04-2019 16:46:07.44481[4][4] - Elapsed time: 0.030 milliseconds
[intialise_conversation.php][load_blank_array_element][62]
Loading blank template array 
-----------------------
24-04-2019 16:46:07.44485[2][4] - Elapsed time: 0.040 milliseconds
[intialise_conversation.php][log_conversation][403]
Saving the conversation to the DB. 
-----------------------
24-04-2019 16:46:07.44490[3][4] - Elapsed time: 0.047 milliseconds
[intialise_conversation.php][log_conversation][442]
Saving conservation SQL: INSERT INTO `devncom_ia_golden`.`conversation_log` (
      `id` ,
      `input` ,
      `response` ,
      `user_id` ,
      `convo_id` ,
      `bot_id` ,
      `timestamp`
    )
    VALUES (
      NULL ,
      'Sair',
      'Seu nome foi removido de nossa lista, desculpe o inconveniente.',
      920,
      554199715381,
      1,
      CURRENT_TIMESTAMP
    ) 
-----------------------
24-04-2019 16:46:07.47325[4][4] - Elapsed time: 28.349 milliseconds
[intialise_conversation.php][write_to_session][140]
Saving to session 
-----------------------
24-04-2019 16:46:07.47348[3][4] - Elapsed time: 0.235 milliseconds
[display_conversation.php][get_conversation_to_display][59]
get_conversation SQL: SELECT * FROM `devncom_ia_golden`.`conversation_log` WHERE
        `user_id` = :user_id
        AND `bot_id` = :bot_id
        AND `convo_id` = :convo_id
        ORDER BY id DESC  LIMIT 1 
-----------------------
24-04-2019 16:46:07.47375[2][4] - Elapsed time: 0.269 milliseconds
[display_conversation.php][get_conversation_to_display][77]
Found '1' lines of conversation 
-----------------------
24-04-2019 16:46:07.47378[4][4] - Elapsed time: 0.025 milliseconds
[display_conversation.php][get_conversation][92]
Processing conversation as html 
-----------------------
24-04-2019 16:46:07.47380[4][4] - Elapsed time: 0.026 milliseconds
[display_conversation.php][get_html][135]
Returning HTML 
-----------------------
24-04-2019 16:46:07.47482[2][4] - Elapsed time: 1.015 milliseconds
[conversation_start.php][Called outside of function][297]
Closing Database 
-----------------------
24-04-2019 16:46:07.47486[0][4] - Elapsed time: 0.044 milliseconds
[conversation_start.php][Called outside of function][303]
Conversation Ending. Elapsed time: 67.183 milliseconds. 
-----------------------
Debug Level: 4
-----------------------
Debug Mode: 1
-----------------------
CONVERSATION ARRAY
-----------------------
Array
(
    [say] => Sair
    [conversation] => Array
        (
            [convo_id] => 554199715381
            [bot_name] => Net Bot
            [bot_id] => 1
            [format] => html
            [unknown_user] => Entrou
            [user_name] => Entrou
            [user_id] => 920
            [totallines] => 1
            [rawSay] => Sair
            [conversation_lines] => 1
            [remember_up_to] => 10
            [debugemail] => contato@devn1.com.br
            [debug_level] => 4
            [debugmode] => 1
            [save_state] => database
            [default_aiml_pattern] => LINHA DE RECOLHA ALEATÓRIA2
            [bot_parent_id] => 1
            [aimlData] => Array
                (
                    [id] => 4567
                    [bot_id] => 1
                    [pattern] => *SAIR*
                    [thatpattern] => 
                    [topic] => 
                    [filename] => admin_added.aiml
                    [template] => Seu nome foi removido de nossa lista, desculpe o inconveniente.
                    [score] => 259
                    [current_that] => seu nome foi removido de nossa lista desculpe o inconveniente
                    [aiml_id] => 4567
                    [track_score] => current bot (250 points), no thatpattern to match (1 point), uncommon word match: *sair* (8 points)
                )

        )

    [aiml] => Array
        (
            [user_raw] => Sair
            [lookingfor] => SAIR
            [category_id] => 4567
            [pattern] => *SAIR*
            [thatpattern] => 
            [template] => Seu nome foi removido de nossa lista, desculpe o inconveniente.
            [html_template] => 
            [topic] => 
            [score] => 259
            [aiml_id] => 4567
            [stars] => Array
                (
                )

            [that_stars] => Array
                (
                    [1] => 
                )

            [topic_stars] => Array
                (
                )

            [parsed_template] => Seu nome foi removido de nossa lista, desculpe o inconveniente.
        )

    [client_properties] => Array
        (
            [ip_address] => 34.74.77.119
            [name] => Entrou
        )

    [raw_that] => Array
        (
            [1] => Array
                (
                    [0] => Seu nome foi removido de nossa lista, desculpe o inconveniente
                    [1] => 
                )

        )

    [that] => Array
        (
            [1] => Array
                (
                    [1] => SEU NOME FOI REMOVIDO DE NOSSA LISTA DESCULPE O INCONVENIENTE
                )

            [2] => Array
                (
                    [1] => SEU NOME FOI REMOVIDO DE NOSSA LISTA DESCULPE O INCONVENIENTE
                )

            [3] => 
            [4] => 
            [5] => 
            [6] => 
            [7] => 
            [8] => 
            [9] => 
            [10] => 
            [12] => 
        )

    [input] => Array
        (
            [1] => Sair
            [2] => SAIR
            [3] => 
            [4] => 
            [5] => 
            [6] => 
            [7] => 
            [8] => 
            [9] => 
            [10] => 
        )

    [time_start] => 1556135167.4077
    [user_say] => Array
        (
            [1] => SAIR
            [2] => 
            [3] => 
            [4] => 
            [5] => 
            [6] => 
            [7] => 
            [8] => 
            [9] => 
            [10] => 
        )

    [that_raw] => Array
        (
            [1] => Array
                (
                    [1] => 
                    [2] => Seu nome foi removido de nossa lista, desculpe o inconveniente.
                )

            [2] => 
            [3] => 
            [4] => 
            [5] => 
            [6] => 
            [7] => 
            [8] => 
            [9] => 
            [10] => 
            [12] => 
        )

    [parsed_template] => Array
        (
            [1] => Seu nome foi removido de nossa lista, desculpe o inconveniente.
            [2] => 
            [3] => 
            [4] => 
            [5] => 
            [6] => 
            [7] => 
            [8] => 
            [9] => 
            [10] => 
        )

    [template] => Array
        (
            [1] => Seu nome foi removido de nossa lista, desculpe o inconveniente.
            [2] => 
            [3] => 
            [4] => 
            [5] => 
            [6] => 
            [7] => 
            [8] => 
            [9] => 
            [10] => 
        )

    [send_to_user] => <div class="usersay">Entrou: Sair</div><div class="botsay">Net Bot: Seu nome foi removido de nossa lista, desculpe o inconveniente.</div>
)

-----------------------
Total execution time: 67.183 Milliseconds. Goodbye.