12-05-2019 14:17:09.74781[0][4] - Elapsed time: 2.400 milliseconds
[conversation_start.php][Called outside of function][91]
Conversation starting. Current system specs:
Program O version:            2.6.11
Server Software:              Apache
PHP Version:                  5.6.40
OS:                           Linux
OS Version:                   #1 SMP Wed Sep 26 15:12:11 UTC 2018
MySQL Version:                5.7.26
Multi-byte functions enabled: true 
-----------------------
12-05-2019 14:17:09.75126[4][4] - Elapsed time: 3.452 milliseconds
[load_aimlfunctions.php][Called outside of function][16]
AIML function include files loaded 
-----------------------
12-05-2019 14:17:09.75273[4][4] - Elapsed time: 1.475 milliseconds
[load_convofunctions.php][Called outside of function][16]
Convofunction include files loaded 
-----------------------
12-05-2019 14:17:09.75297[4][4] - Elapsed time: 0.233 milliseconds
[load_userfunctions.php][Called outside of function][14]
userfunctions include files loaded 
-----------------------
12-05-2019 14:17:09.75420[4][4] - Elapsed time: 1.232 milliseconds
[load_addons.php][Called outside of function][19]
Loading addons 
-----------------------
12-05-2019 14:17:09.75422[4][4] - Elapsed time: 0.020 milliseconds
[conversation_start.php][Called outside of function][104]
Loaded all Includes 
-----------------------
12-05-2019 14:17:09.75436[0][4] - Elapsed time: 0.144 milliseconds
[conversation_start.php][Called outside of function][159]
Debug level: 4
session ID = 554199893134 
-----------------------
12-05-2019 14:17:09.75437[4][4] - Elapsed time: 0.013 milliseconds
[conversation_start.php][Called outside of function][162]
Conversation continuing. User said 'Vou falar mais uma vez nao quero receber mais essas msgs'. 
-----------------------
12-05-2019 14:17:09.75444[4][4] - Elapsed time: 0.065 milliseconds
[intialise_conversation.php][read_from_session][155]
Reading from session 
-----------------------
12-05-2019 14:17:09.75445[4][4] - Elapsed time: 0.014 milliseconds
[intialise_conversation.php][load_default_bot_values][110]
Loading db bot personality properties 
-----------------------
12-05-2019 14:17:09.75447[3][4] - Elapsed time: 0.020 milliseconds
[intialise_conversation.php][load_default_bot_values][118]
load db bot personality values SQL: SELECT * FROM `devncom_ia_golden`.`botpersonality` WHERE `bot_id` = 1; 
-----------------------
12-05-2019 14:17:09.75476[4][4] - Elapsed time: 0.285 milliseconds
[intialise_conversation.php][check_set_convo_id][643]
Obtaining the convo id from form vars. Value: 554199893134 
-----------------------
12-05-2019 14:17:09.75478[2][4] - Elapsed time: 0.022 milliseconds
[intialise_conversation.php][check_set_bot][581]
Checking and/or setting the current bot. 
-----------------------
12-05-2019 14:17:09.75480[3][4] - Elapsed time: 0.015 milliseconds
[intialise_conversation.php][check_set_bot][599]
Making sure the bot exists. SQL = SELECT * FROM `devncom_ia_golden`.`bots` WHERE bot_id = 1 AND `bot_active` = 1; 
-----------------------
12-05-2019 14:17:09.75497[2][4] - Elapsed time: 0.175 milliseconds
[intialise_conversation.php][check_set_bot][616]
BOT ID: 1 
-----------------------
12-05-2019 14:17:09.75499[2][4] - Elapsed time: 0.017 milliseconds
[intialise_conversation.php][check_set_user][672]
Checking and setting the user info, as needed. 
-----------------------
12-05-2019 14:17:09.75539[2][4] - Elapsed time: 0.399 milliseconds
[handle_user.php][intisaliseUser][82]
Initializing user. 
-----------------------
12-05-2019 14:17:09.75558[3][4] - Elapsed time: 0.198 milliseconds
[handle_user.php][intisaliseUser][128]
intisaliseUser #1176 SQL: INSERT INTO `users`
        (`id`, `user_name`, `session_id`, `bot_id`, `chatlines`,`ip`, `referer`, `browser`, `date_logged_on` , `last_update`    , `state`)
 VALUES (NULL, 'Entrou'  , 554199893134   , 1 , '0'        , '34.83.229.23', ''      , 'Mozilla/4.0 (compatible; MSIE 8.0; Windows NT 6.0)'      , CURRENT_TIMESTAMP, CURRENT_TIMESTAMP, ''     ); 
-----------------------
12-05-2019 14:17:09.75572[3][4] - Elapsed time: 0.131 milliseconds
[intialise_conversation.php][check_set_user][705]
Loading client properties from the DB - sql:
SELECT `name`, `value` FROM `devncom_ia_golden`.`client_properties` WHERE `user_id` = 1176 AND `bot_id` = 1; 
-----------------------
12-05-2019 14:17:09.76191[2][4] - Elapsed time: 6.196 milliseconds
[spell_checker.php][run_spell_checker_say][36]
Starting function and setting timestamp. 
-----------------------
12-05-2019 14:17:09.76199[2][4] - Elapsed time: 0.079 milliseconds
[spell_checker.php][spell_check][60]
Preforming a spel chek on Vou. 
-----------------------
12-05-2019 14:17:09.76202[2][4] - Elapsed time: 0.026 milliseconds
[spell_checker.php][load_spelling_list][117]
Loading the spellcheck list from the DB. 
-----------------------
12-05-2019 14:17:09.76227[2][4] - Elapsed time: 0.254 milliseconds
[spell_checker.php][spell_check][60]
Preforming a spel chek on  . 
-----------------------
12-05-2019 14:17:09.76234[2][4] - Elapsed time: 0.064 milliseconds
[spell_checker.php][spell_check][60]
Preforming a spel chek on falar. 
-----------------------
12-05-2019 14:17:09.76240[2][4] - Elapsed time: 0.061 milliseconds
[spell_checker.php][spell_check][60]
Preforming a spel chek on  . 
-----------------------
12-05-2019 14:17:09.76245[2][4] - Elapsed time: 0.053 milliseconds
[spell_checker.php][spell_check][60]
Preforming a spel chek on mais. 
-----------------------
12-05-2019 14:17:09.76251[2][4] - Elapsed time: 0.056 milliseconds
[spell_checker.php][spell_check][60]
Preforming a spel chek on  . 
-----------------------
12-05-2019 14:17:09.76257[2][4] - Elapsed time: 0.065 milliseconds
[spell_checker.php][spell_check][60]
Preforming a spel chek on uma. 
-----------------------
12-05-2019 14:17:09.76263[2][4] - Elapsed time: 0.064 milliseconds
[spell_checker.php][spell_check][60]
Preforming a spel chek on  . 
-----------------------
12-05-2019 14:17:09.76269[2][4] - Elapsed time: 0.052 milliseconds
[spell_checker.php][spell_check][60]
Preforming a spel chek on vez. 
-----------------------
12-05-2019 14:17:09.76274[2][4] - Elapsed time: 0.053 milliseconds
[spell_checker.php][spell_check][60]
Preforming a spel chek on  . 
-----------------------
12-05-2019 14:17:09.76279[2][4] - Elapsed time: 0.054 milliseconds
[spell_checker.php][spell_check][60]
Preforming a spel chek on nao. 
-----------------------
12-05-2019 14:17:09.76285[2][4] - Elapsed time: 0.056 milliseconds
[spell_checker.php][spell_check][60]
Preforming a spel chek on  . 
-----------------------
12-05-2019 14:17:09.76290[2][4] - Elapsed time: 0.052 milliseconds
[spell_checker.php][spell_check][60]
Preforming a spel chek on quero. 
-----------------------
12-05-2019 14:17:09.76296[2][4] - Elapsed time: 0.059 milliseconds
[spell_checker.php][spell_check][60]
Preforming a spel chek on  . 
-----------------------
12-05-2019 14:17:09.76301[2][4] - Elapsed time: 0.052 milliseconds
[spell_checker.php][spell_check][60]
Preforming a spel chek on receber. 
-----------------------
12-05-2019 14:17:09.76307[2][4] - Elapsed time: 0.062 milliseconds
[spell_checker.php][spell_check][60]
Preforming a spel chek on  . 
-----------------------
12-05-2019 14:17:09.76313[2][4] - Elapsed time: 0.053 milliseconds
[spell_checker.php][spell_check][60]
Preforming a spel chek on mais. 
-----------------------
12-05-2019 14:17:09.76319[2][4] - Elapsed time: 0.058 milliseconds
[spell_checker.php][spell_check][60]
Preforming a spel chek on  . 
-----------------------
12-05-2019 14:17:09.76324[2][4] - Elapsed time: 0.052 milliseconds
[spell_checker.php][spell_check][60]
Preforming a spel chek on essas. 
-----------------------
12-05-2019 14:17:09.76330[2][4] - Elapsed time: 0.060 milliseconds
[spell_checker.php][spell_check][60]
Preforming a spel chek on  . 
-----------------------
12-05-2019 14:17:09.76335[2][4] - Elapsed time: 0.052 milliseconds
[spell_checker.php][spell_check][60]
Preforming a spel chek on msgs. 
-----------------------
12-05-2019 14:17:09.76341[4][4] - Elapsed time: 0.063 milliseconds
[misc_functions.php][normalize_text][125]
Begin normalization - text = 'Vou falar mais uma vez nao quero receber mais essas msgs' 
-----------------------
12-05-2019 14:17:09.76348[4][4] - Elapsed time: 0.072 milliseconds
[misc_functions.php][normalize_text][150]
Normalization complete. Text = 'VOU FALAR MAIS UMA VEZ NAO QUERO RECEBER MAIS ESSAS MSGS' 
-----------------------
12-05-2019 14:17:09.76350[2][4] - Elapsed time: 0.013 milliseconds
[conversation_start.php][Called outside of function][237]
Details:
User say: VOU FALAR MAIS UMA VEZ NAO QUERO RECEBER MAIS ESSAS MSGS
Convo id: 554199893134
Bot id: 1
Format: html 
-----------------------
12-05-2019 14:17:09.76351[4][4] - Elapsed time: 0.014 milliseconds
[intialise_conversation.php][check_set_format][752]
Using format: html 
-----------------------
12-05-2019 14:17:09.76353[2][4] - Elapsed time: 0.015 milliseconds
[intialise_conversation.php][load_that][769]
Loading the THAT array. 
-----------------------
12-05-2019 14:17:09.76355[3][4] - Elapsed time: 0.025 milliseconds
[intialise_conversation.php][load_that][784]
Getting conversation log entries for the current user. SQL:
SELECT `input`, `response` FROM `devncom_ia_golden`.`conversation_log` WHERE `user_id` = 1176 AND `bot_id` = 1 ORDER BY `id` DESC limit 10; 
-----------------------
12-05-2019 14:17:09.89177[4][4] - Elapsed time: 128.220 milliseconds
[intialise_conversation.php][load_that][856]
Couldn't find any previous inputs or responses. 
-----------------------
12-05-2019 14:17:09.89272[2][4] - Elapsed time: 0.946 milliseconds
[intialise_conversation.php][load_bot_config][343]
Loading config data for the current bot. 
-----------------------
12-05-2019 14:17:09.89275[3][4] - Elapsed time: 0.029 milliseconds
[intialise_conversation.php][load_bot_config][352]
load bot config SQL: SELECT * FROM `devncom_ia_golden`.`bots` WHERE bot_id = 1; 
-----------------------
12-05-2019 14:17:09.89294[4][4] - Elapsed time: 0.194 milliseconds
[intialise_conversation.php][load_bot_config][357]
Loading bot details from the database. 
-----------------------
12-05-2019 14:17:09.89296[0][4] - Elapsed time: 0.024 milliseconds
[conversation_start.php][Called outside of function][257]
Default debug level = 4 
-----------------------
12-05-2019 14:17:09.89298[0][4] - Elapsed time: 0.011 milliseconds
[conversation_start.php][Called outside of function][259]
Current debug level = 4 
-----------------------
12-05-2019 14:17:09.89299[0][4] - Elapsed time: 0.013 milliseconds
[conversation_start.php][Called outside of function][272]
Say = VOU FALAR MAIS UMA VEZ NAO QUERO RECEBER MAIS ESSAS MSGS: raw say = Vou falar mais uma vez nao quero receber mais essas msgs 
-----------------------
12-05-2019 14:17:09.89300[4][4] - Elapsed time: 0.012 milliseconds
[intialise_conversation.php][add_new_conversation_vars][184]
New conversation vars 
-----------------------
12-05-2019 14:17:09.89301[2][4] - Elapsed time: 0.013 milliseconds
[intialise_conversation.php][push_on_front_convoArr][226]
Pushing 'VOU FALAR MAIS UMA VEZ NAO QUERO RECEBER MAIS ESSAS MSGS' to the front of the [user_say] array 
-----------------------
12-05-2019 14:17:09.89304[4][4] - Elapsed time: 0.032 milliseconds
[intialise_conversation.php][load_blank_array_element][62]
Loading blank user_say array 
-----------------------
12-05-2019 14:17:09.89308[0][4] - Elapsed time: 0.035 milliseconds
[intialise_conversation.php][add_new_conversation_vars][188]
User RAW = Vou falar mais uma vez nao quero receber mais essas msgs, RAW say = Vou falar mais uma vez nao quero receber mais essas msgs 
-----------------------
12-05-2019 14:17:09.89309[2][4] - Elapsed time: 0.013 milliseconds
[intialise_conversation.php][push_on_front_convoArr][226]
Pushing 'Vou falar mais uma vez nao quero receber mais essas msgs' to the front of the [input] array 
-----------------------
12-05-2019 14:17:09.89311[4][4] - Elapsed time: 0.016 milliseconds
[intialise_conversation.php][load_blank_array_element][62]
Loading blank input array 
-----------------------
12-05-2019 14:17:09.89313[4][4] - Elapsed time: 0.019 milliseconds
[make_conversation.php][make_conversation][22]
Making conversation 
-----------------------
12-05-2019 14:17:09.89314[4][4] - Elapsed time: 0.011 milliseconds
[misc_functions.php][normalize_text][125]
Begin normalization - text = 'VOU FALAR MAIS UMA VEZ NAO QUERO RECEBER MAIS ESSAS MSGS' 
-----------------------
12-05-2019 14:17:09.89317[4][4] - Elapsed time: 0.036 milliseconds
[misc_functions.php][normalize_text][150]
Normalization complete. Text = 'VOU FALAR MAIS UMA VEZ NAO QUERO RECEBER MAIS ESSAS MSGS' 
-----------------------
12-05-2019 14:17:09.89319[4][4] - Elapsed time: 0.012 milliseconds
[find_aiml.php][get_aiml_to_parse][909]
Running all functions to get the correct aiml from the DB 
-----------------------
12-05-2019 14:17:09.89881[4][4] - Elapsed time: 5.619 milliseconds
[find_aiml.php][find_userdefined_aiml][821]
Looking for user defined responses 
-----------------------
12-05-2019 14:17:09.89885[3][4] - Elapsed time: 0.045 milliseconds
[find_aiml.php][find_userdefined_aiml][870]
User defined SQL:
SELECT `id`, `bot_id`, `pattern`, `thatpattern`, `template` FROM `devncom_ia_golden`.`aiml_userdefined` WHERE
    `bot_id` = 1 AND
    `user_id` = 554199893134
    AND (
        'VOU FALAR MAIS UMA VEZ NAO QUERO RECEBER MAIS ESSAS MSGS' LIKE (REPLACE(REPLACE(`pattern`, '*', '%'), '_', '%')))
   ORDER BY `id` ASC, `pattern` ASC, `thatpattern` ASC; 
-----------------------
12-05-2019 14:17:09.89902[2][4] - Elapsed time: 0.165 milliseconds
[find_aiml.php][find_userdefined_aiml][896]
User defined rows found: '0' 
-----------------------
12-05-2019 14:17:09.89903[4][4] - Elapsed time: 0.019 milliseconds
[find_aiml.php][find_aiml_matches][975]
Finding the aiml matches from the DB 
-----------------------
12-05-2019 14:17:09.89905[4][4] - Elapsed time: 0.012 milliseconds
[find_aiml.php][find_aiml_matches][981]
Bot ID = 1. Bot Parent ID = 1. 
-----------------------
12-05-2019 14:17:09.90481[4][4] - Elapsed time: 5.760 milliseconds
[find_aiml.php][find_aiml_matches][992]
Stored topic = '' 
-----------------------
12-05-2019 14:17:09.90486[3][4] - Elapsed time: 0.051 milliseconds
[find_aiml.php][find_aiml_matches][1052]
Core Match AIML sql:
SELECT `id`, `bot_id`, `pattern`, `thatpattern`, `topic`, `filename`, `template` FROM `devncom_ia_golden`.`aiml` WHERE
    bot_id = 1 AND (
        'VOU FALAR MAIS UMA VEZ NAO QUERO RECEBER MAIS ESSAS MSGS' LIKE (REPLACE(REPLACE(`pattern`, '*', '%'), '_', '%'))
        OR `pattern` LIKE 'LINHA DE RECOLHA ALEATÓRIA2'
    )
    # ORDER BY `id` ASC, `topic` DESC, `pattern` ASC, `thatpattern` ASC; 
-----------------------
12-05-2019 14:17:09.90510[3][4] - Elapsed time: 0.242 milliseconds
[find_aiml.php][find_aiml_matches][1054]
Query Process time... 
-----------------------
12-05-2019 14:17:09.90512[1][4] - Elapsed time: 0.020 milliseconds
[find_aiml.php][find_aiml_matches][1082]
Error: FOUND NO AIML matches in DB. 
-----------------------
12-05-2019 14:17:09.90514[4][4] - Elapsed time: 0.025 milliseconds
[find_aiml.php][get_convo_var][727]
Get from ConvoArr [conversation][default_aiml_pattern][1][1] 
-----------------------
12-05-2019 14:17:09.90516[4][4] - Elapsed time: 0.017 milliseconds
[find_aiml.php][get_convo_var][757]
Get from ConvoArr [conversation][default_aiml_pattern][1][1] FOUND: ConvoArr Value = 'LINHA DE RECOLHA ALEATÓRIA2' 
-----------------------
12-05-2019 14:17:09.90532[2][4] - Elapsed time: 0.163 milliseconds
[misc_functions.php][addUnknownInput][232]
Entry successfully added! 
-----------------------
12-05-2019 14:17:09.90534[1][4] - Elapsed time: 0.019 milliseconds
[find_aiml.php][find_aiml_matches][1084]
Added input 'VOU FALAR MAIS UMA VEZ NAO QUERO RECEBER MAIS ESSAS MSGS' to the unknown_inputs table. 
-----------------------
12-05-2019 14:17:09.91084[4][4] - Elapsed time: 5.491 milliseconds
[find_aiml.php][unset_all_bad_pattern_matches][48]
NEW FUNC Searching through 1 rows to unset bad matches 
-----------------------
12-05-2019 14:17:09.91086[1][4] - Elapsed time: 0.025 milliseconds
[find_aiml.php][unset_all_bad_pattern_matches][56]
Returning error as no results where found 
-----------------------
12-05-2019 14:17:09.91087[4][4] - Elapsed time: 0.014 milliseconds
[find_aiml.php][score_matches][255]
Scoring the matches. 
-----------------------
12-05-2019 14:17:09.91689[4][4] - Elapsed time: 6.019 milliseconds
[find_aiml.php][score_matches][548]
Sorted array $allrows:
Array
(
    [0] => Array
        (
            [aiml_id] => -1
            [bot_id] => 1
            [pattern] => no results
            [thatpattern] => 
            [template] => SEM RESPOSTA
            [topic] => 
            [score] => 261
            [track_score] => current bot (250 points), no thatpattern to match (1 point), common word match: no (1 points), uncommon word match: results (8 points)
        )

)
 
-----------------------
12-05-2019 14:17:09.91695[2][4] - Elapsed time: 0.054 milliseconds
[find_aiml.php][get_highest_scoring_row][642]
Final candidates:

Array
(
    [0] => Array
        (
            [aiml_id] => -1
            [bot_id] => 1
            [pattern] => no results
            [thatpattern] => 
            [template] => SEM RESPOSTA
            [topic] => 
            [score] => 261
            [track_score] => current bot (250 points), no thatpattern to match (1 point), common word match: no (1 points), uncommon word match: results (8 points)
        )

)

 
-----------------------
12-05-2019 14:17:09.91760[4][4] - Elapsed time: 0.651 milliseconds
[find_aiml.php][get_highest_scoring_row][697]
Best Response: Array
(
    [aiml_id] => -1
    [bot_id] => 1
    [pattern] => no results
    [thatpattern] => 
    [template] => SEM RESPOSTA
    [topic] => 
    [score] => 261
    [track_score] => current bot (250 points), no thatpattern to match (1 point), common word match: no (1 points), uncommon word match: results (8 points)
)
 
-----------------------
12-05-2019 14:17:09.91763[2][4] - Elapsed time: 0.031 milliseconds
[find_aiml.php][get_highest_scoring_row][698]
No results found, so none to pick from. 
-----------------------
12-05-2019 14:17:09.91772[4][4] - Elapsed time: 0.089 milliseconds
[find_aiml.php][get_aiml_to_parse][960]
Will be parsing id:-1 (no results) 
-----------------------
12-05-2019 14:17:09.91773[3][4] - Elapsed time: 0.015 milliseconds
[parse_aiml.php][parse_matched_aiml][213]
Run the aiml parse in normal mode (normal or srai) 
-----------------------
12-05-2019 14:17:09.91775[2][4] - Elapsed time: 0.014 milliseconds
[parse_aiml.php][set_wildcards][297]
Setting Wildcards. Pattern = 'no results' 
-----------------------
12-05-2019 14:17:09.91776[4][4] - Elapsed time: 0.011 milliseconds
[parse_aiml.php][set_wildcards][329]
Checking for wildcards in pattern-side THAT 
-----------------------
12-05-2019 14:17:09.91777[4][4] - Elapsed time: 0.013 milliseconds
[parse_aiml.php][set_wildcards][361]
Checking for wildcards in pattern-side TOPIC 
-----------------------
12-05-2019 14:17:09.91780[2][4] - Elapsed time: 0.030 milliseconds
[parse_aiml.php][set_wildcards][394]
AIML array now = Array
(
    [aiml_id] => -1
    [html_template] => 
    [lookingfor] => VOU FALAR MAIS UMA VEZ NAO QUERO RECEBER MAIS ESSAS MSGS
    [pattern] => no results
    [score] => 261
    [stars] => Array
        (
        )

    [template] => SEM RESPOSTA
    [thatpattern] => 
    [that_stars] => Array
        (
            [1] => 
        )

    [topic] => 
    [topic_stars] => Array
        (
        )

    [user_raw] => Vou falar mais uma vez nao quero receber mais essas msgs
)
 
-----------------------
12-05-2019 14:17:09.91782[2][4] - Elapsed time: 0.015 milliseconds
[parse_aiml_as_XML.php][parse_aiml_as_XML][22]
Parsing the AIML template as XML 
-----------------------
12-05-2019 14:17:09.91783[2][4] - Elapsed time: 0.013 milliseconds
[parse_aiml_as_XML.php][add_text_tags][93]
Adding some TEXT tags into the template, just because I can... 
-----------------------
12-05-2019 14:17:09.91787[4][4] - Elapsed time: 0.039 milliseconds
[parse_aiml_as_XML.php][add_text_tags][120]
Returning template:
<template><text>SEM RESPOSTA</text></template> 
-----------------------
12-05-2019 14:17:09.91806[2][4] - Elapsed time: 0.191 milliseconds
[parse_aiml_as_XML.php][parseTemplateRecursive][201]
Recursively parsing the AIML template. 
-----------------------
12-05-2019 14:17:09.91814[4][4] - Elapsed time: 0.083 milliseconds
[parse_aiml_as_XML.php][parseTemplateRecursive][214]
Processing element template at level 0. element XML = <?xml version="1.0"?>
<template><text>SEM RESPOSTA</text></template>
 
-----------------------
12-05-2019 14:17:09.91816[4][4] - Elapsed time: 0.017 milliseconds
[parse_aiml_as_XML.php][parseTemplateRecursive][242]
function parse_template_tag does not exist. Parsing tag as text. 
-----------------------
12-05-2019 14:17:09.91818[2][4] - Elapsed time: 0.022 milliseconds
[parse_aiml_as_XML.php][parseTemplateRecursive][201]
Recursively parsing the AIML template. 
-----------------------
12-05-2019 14:17:09.91821[4][4] - Elapsed time: 0.026 milliseconds
[parse_aiml_as_XML.php][parseTemplateRecursive][214]
Processing element text at level 1. element XML = <text>SEM RESPOSTA</text> 
-----------------------
12-05-2019 14:17:09.91822[4][4] - Elapsed time: 0.014 milliseconds
[parse_aiml_as_XML.php][parseTemplateRecursive][225]
Function parse_text_tag does exist. Processing now. 
-----------------------
12-05-2019 14:17:09.91823[4][4] - Elapsed time: 0.011 milliseconds
[parse_aiml_as_XML.php][parseTemplateRecursive][229]
Passing element text to the parse_text_tag function 
-----------------------
12-05-2019 14:17:09.91824[2][4] - Elapsed time: 0.011 milliseconds
[parse_aiml_as_XML.php][parse_text_tag][281]
Parsing a TEXT tag. 
-----------------------
12-05-2019 14:17:09.91826[4][4] - Elapsed time: 0.012 milliseconds
[parse_aiml_as_XML.php][parseTemplateRecursive][234]
Adding 'SEM RESPOSTA' to the response array. tag name is text 
-----------------------
12-05-2019 14:17:09.91827[2][4] - Elapsed time: 0.012 milliseconds
[parse_aiml_as_XML.php][implode_recursive][137]
Imploding an array into a string. (recursively, if necessary) 
-----------------------
12-05-2019 14:17:09.91828[2][4] - Elapsed time: 0.012 milliseconds
[parse_aiml_as_XML.php][implode_recursive][138]
Input: Array
(
    [0] => SEM RESPOSTA
)

 
-----------------------
12-05-2019 14:17:09.91829[4][4] - Elapsed time: 0.012 milliseconds
[parse_aiml_as_XML.php][implode_recursive][155]
The variable $input is of type array 
-----------------------
12-05-2019 14:17:09.91830[4][4] - Elapsed time: 0.014 milliseconds
[parse_aiml_as_XML.php][implode_recursive][185]
Imploding complete. Returning 'SEM RESPOSTA' 
-----------------------
12-05-2019 14:17:09.91832[4][4] - Elapsed time: 0.011 milliseconds
[parse_aiml_as_XML.php][parseTemplateRecursive][262]
Adding 'SEM RESPOSTA' to the response array. tag name is template. 
-----------------------
12-05-2019 14:17:09.91833[2][4] - Elapsed time: 0.017 milliseconds
[parse_aiml_as_XML.php][implode_recursive][137]
Imploding an array into a string. (recursively, if necessary) 
-----------------------
12-05-2019 14:17:09.91834[2][4] - Elapsed time: 0.012 milliseconds
[parse_aiml_as_XML.php][implode_recursive][138]
Input: Array
(
    [0] => SEM RESPOSTA
)

 
-----------------------
12-05-2019 14:17:09.91836[4][4] - Elapsed time: 0.011 milliseconds
[parse_aiml_as_XML.php][implode_recursive][155]
The variable $input is of type array 
-----------------------
12-05-2019 14:17:09.91837[4][4] - Elapsed time: 0.012 milliseconds
[parse_aiml_as_XML.php][implode_recursive][185]
Imploding complete. Returning 'SEM RESPOSTA' 
-----------------------
12-05-2019 14:17:09.91838[4][4] - Elapsed time: 0.016 milliseconds
[parse_aiml_as_XML.php][parse_aiml_as_XML][47]
Completed parsing the template. The bot will say: SEM RESPOSTA 
-----------------------
12-05-2019 14:17:09.91840[4][4] - Elapsed time: 0.016 milliseconds
[parse_aiml.php][parse_matched_aiml][227]
normal - Saving for next turn 
-----------------------
12-05-2019 14:17:09.91841[4][4] - Elapsed time: 0.011 milliseconds
[parse_aiml.php][save_for_nextturn][271]
Saving that and that_raw for next turn 
-----------------------
12-05-2019 14:17:09.91863[2][4] - Elapsed time: 0.218 milliseconds
[intialise_conversation.php][push_on_front_convoArr][226]
Pushing 'SEM RESPOSTA' to the front of the [that_raw] array 
-----------------------
12-05-2019 14:17:09.91865[4][4] - Elapsed time: 0.023 milliseconds
[intialise_conversation.php][load_blank_array_element][62]
Loading blank that_raw array 
-----------------------
12-05-2019 14:17:09.91871[2][4] - Elapsed time: 0.056 milliseconds
[intialise_conversation.php][push_on_front_convoArr][226]
Pushing 'SEM RESPOSTA' to the front of the [that] array 
-----------------------
12-05-2019 14:17:09.91873[4][4] - Elapsed time: 0.019 milliseconds
[intialise_conversation.php][load_blank_array_element][62]
Loading blank that array 
-----------------------
12-05-2019 14:17:09.91875[4][4] - Elapsed time: 0.025 milliseconds
[parse_aiml.php][clean_that][251]
Cleaning up the ~THAT~ tag: 'SEM RESPOSTA' 
-----------------------
12-05-2019 14:17:09.91877[4][4] - Elapsed time: 0.014 milliseconds
[misc_functions.php][normalize_text][125]
Begin normalization - text = 'SEM RESPOSTA' 
-----------------------
12-05-2019 14:17:09.91879[4][4] - Elapsed time: 0.026 milliseconds
[misc_functions.php][normalize_text][150]
Normalization complete. Text = 'SEM RESPOSTA' 
-----------------------
12-05-2019 14:17:09.91880[4][4] - Elapsed time: 0.012 milliseconds
[parse_aiml.php][clean_that][258]
Cleaning Complete. output = 'SEM RESPOSTA' 
-----------------------
12-05-2019 14:17:09.91882[2][4] - Elapsed time: 0.020 milliseconds
[intialise_conversation.php][push_on_front_convoArr][226]
Pushing 'SEM RESPOSTA' to the front of the [parsed_template] array 
-----------------------
12-05-2019 14:17:09.91884[4][4] - Elapsed time: 0.015 milliseconds
[intialise_conversation.php][load_blank_array_element][62]
Loading blank parsed_template array 
-----------------------
12-05-2019 14:17:09.91886[2][4] - Elapsed time: 0.019 milliseconds
[intialise_conversation.php][push_on_front_convoArr][226]
Pushing 'SEM RESPOSTA' to the front of the [template] array 
-----------------------
12-05-2019 14:17:09.91887[4][4] - Elapsed time: 0.015 milliseconds
[intialise_conversation.php][load_blank_array_element][62]
Loading blank template array 
-----------------------
12-05-2019 14:17:09.91890[2][4] - Elapsed time: 0.023 milliseconds
[intialise_conversation.php][log_conversation][403]
Saving the conversation to the DB. 
-----------------------
12-05-2019 14:17:09.91892[3][4] - Elapsed time: 0.023 milliseconds
[intialise_conversation.php][log_conversation][442]
Saving conservation SQL: INSERT INTO `devncom_ia_golden`.`conversation_log` (
      `id` ,
      `input` ,
      `response` ,
      `user_id` ,
      `convo_id` ,
      `bot_id` ,
      `timestamp`
    )
    VALUES (
      NULL ,
      'Vou falar mais uma vez nao quero receber mais essas msgs',
      'SEM RESPOSTA',
      1176,
      554199893134,
      1,
      CURRENT_TIMESTAMP
    ) 
-----------------------
12-05-2019 14:17:10.02471[4][4] - Elapsed time: 105.788 milliseconds
[intialise_conversation.php][write_to_session][140]
Saving to session 
-----------------------
12-05-2019 14:17:10.02493[3][4] - Elapsed time: 0.221 milliseconds
[display_conversation.php][get_conversation_to_display][59]
get_conversation SQL: SELECT * FROM `devncom_ia_golden`.`conversation_log` WHERE
        `user_id` = :user_id
        AND `bot_id` = :bot_id
        AND `convo_id` = :convo_id
        ORDER BY id DESC  LIMIT 1 
-----------------------
12-05-2019 14:17:10.02512[2][4] - Elapsed time: 0.191 milliseconds
[display_conversation.php][get_conversation_to_display][77]
Found '1' lines of conversation 
-----------------------
12-05-2019 14:17:10.02514[4][4] - Elapsed time: 0.024 milliseconds
[display_conversation.php][get_conversation][92]
Processing conversation as html 
-----------------------
12-05-2019 14:17:10.02517[4][4] - Elapsed time: 0.025 milliseconds
[display_conversation.php][get_html][135]
Returning HTML 
-----------------------
12-05-2019 14:17:10.02634[2][4] - Elapsed time: 1.167 milliseconds
[conversation_start.php][Called outside of function][297]
Closing Database 
-----------------------
12-05-2019 14:17:10.02639[0][4] - Elapsed time: 0.055 milliseconds
[conversation_start.php][Called outside of function][303]
Conversation Ending. Elapsed time: 280.961 milliseconds. 
-----------------------
Debug Level: 4
-----------------------
Debug Mode: 1
-----------------------
CONVERSATION ARRAY
-----------------------
Array
(
    [say] => Vou falar mais uma vez nao quero receber mais essas msgs
    [conversation] => Array
        (
            [convo_id] => 554199893134
            [bot_name] => Net Bot
            [bot_id] => 1
            [format] => html
            [unknown_user] => Entrou
            [user_id] => 1176
            [totallines] => 1
            [user_name] => Entrou
            [rawSay] => Vou falar mais uma vez nao quero receber mais essas msgs
            [conversation_lines] => 1
            [remember_up_to] => 10
            [debugemail] => contato@devn1.com.br
            [debug_level] => 4
            [debugmode] => 1
            [save_state] => database
            [default_aiml_pattern] => LINHA DE RECOLHA ALEATÓRIA2
            [bot_parent_id] => 1
            [aimlData] => Array
                (
                    [aiml_id] => -1
                    [bot_id] => 1
                    [pattern] => no results
                    [thatpattern] => 
                    [template] => SEM RESPOSTA
                    [topic] => 
                    [score] => 261
                    [track_score] => current bot (250 points), no thatpattern to match (1 point), common word match: no (1 points), uncommon word match: results (8 points)
                )

        )

    [aiml] => Array
        (
            [user_raw] => Vou falar mais uma vez nao quero receber mais essas msgs
            [lookingfor] => VOU FALAR MAIS UMA VEZ NAO QUERO RECEBER MAIS ESSAS MSGS
            [pattern] => no results
            [thatpattern] => 
            [template] => SEM RESPOSTA
            [html_template] => 
            [topic] => 
            [score] => 261
            [aiml_id] => -1
            [stars] => Array
                (
                )

            [that_stars] => Array
                (
                    [1] => 
                )

            [topic_stars] => Array
                (
                )

            [parsed_template] => SEM RESPOSTA
        )

    [client_properties] => Array
        (
            [ip_address] => 34.83.229.23
            [name] => Entrou
        )

    [time_start] => 1557681429.7454
    [user_say] => Array
        (
            [1] => VOU FALAR MAIS UMA VEZ NAO QUERO RECEBER MAIS ESSAS MSGS
            [2] => 
            [3] => 
            [4] => 
            [5] => 
            [6] => 
            [7] => 
            [8] => 
            [9] => 
            [10] => 
        )

    [input] => Array
        (
            [1] => Vou falar mais uma vez nao quero receber mais essas msgs
            [2] => 
            [3] => 
            [4] => 
            [5] => 
            [6] => 
            [7] => 
            [8] => 
            [9] => 
            [10] => 
        )

    [that_raw] => Array
        (
            [1] => Array
                (
                    [1] => 
                    [2] => SEM RESPOSTA
                )

            [2] => 
            [3] => 
            [4] => 
            [5] => 
            [6] => 
            [7] => 
            [8] => 
            [9] => 
            [10] => 
            [12] => 
        )

    [that] => Array
        (
            [1] => Array
                (
                    [1] => SEM RESPOSTA
                )

            [2] => 
            [3] => 
            [4] => 
            [5] => 
            [6] => 
            [7] => 
            [8] => 
            [9] => 
            [10] => 
            [12] => 
        )

    [parsed_template] => Array
        (
            [1] => SEM RESPOSTA
            [2] => 
            [3] => 
            [4] => 
            [5] => 
            [6] => 
            [7] => 
            [8] => 
            [9] => 
            [10] => 
        )

    [template] => Array
        (
            [1] => SEM RESPOSTA
            [2] => 
            [3] => 
            [4] => 
            [5] => 
            [6] => 
            [7] => 
            [8] => 
            [9] => 
            [10] => 
        )

    [send_to_user] => <div class="usersay">Entrou: Vou falar mais uma vez nao quero receber mais essas msgs</div><div class="botsay">Net Bot: SEM RESPOSTA</div>
)

-----------------------
Total execution time: 280.961 Milliseconds. Goodbye.