04-04-2019 15:34:45.56896[0][4] - Elapsed time: 4.203 milliseconds
[conversation_start.php][Called outside of function][91]
Conversation starting. Current system specs:
Program O version:            2.6.11
Server Software:              Apache
PHP Version:                  5.6.40
OS:                           Linux
OS Version:                   #1 SMP Wed Sep 26 15:12:11 UTC 2018
MySQL Version:                5.7.25
Multi-byte functions enabled: true 
-----------------------
04-04-2019 15:34:45.57370[4][4] - Elapsed time: 4.747 milliseconds
[load_aimlfunctions.php][Called outside of function][16]
AIML function include files loaded 
-----------------------
04-04-2019 15:34:45.57630[4][4] - Elapsed time: 2.601 milliseconds
[load_convofunctions.php][Called outside of function][16]
Convofunction include files loaded 
-----------------------
04-04-2019 15:34:45.57715[4][4] - Elapsed time: 0.843 milliseconds
[load_userfunctions.php][Called outside of function][14]
userfunctions include files loaded 
-----------------------
04-04-2019 15:34:45.57976[4][4] - Elapsed time: 2.613 milliseconds
[load_addons.php][Called outside of function][19]
Loading addons 
-----------------------
04-04-2019 15:34:45.57978[4][4] - Elapsed time: 0.020 milliseconds
[conversation_start.php][Called outside of function][104]
Loaded all Includes 
-----------------------
04-04-2019 15:34:45.58004[0][4] - Elapsed time: 0.263 milliseconds
[conversation_start.php][Called outside of function][159]
Debug level: 4
session ID = 554188675743 
-----------------------
04-04-2019 15:34:45.58007[4][4] - Elapsed time: 0.026 milliseconds
[conversation_start.php][Called outside of function][162]
Conversation continuing. User said '/SAIR!!'. 
-----------------------
04-04-2019 15:34:45.58016[4][4] - Elapsed time: 0.087 milliseconds
[intialise_conversation.php][read_from_session][155]
Reading from session 
-----------------------
04-04-2019 15:34:45.58018[4][4] - Elapsed time: 0.027 milliseconds
[intialise_conversation.php][load_default_bot_values][110]
Loading db bot personality properties 
-----------------------
04-04-2019 15:34:45.58022[3][4] - Elapsed time: 0.038 milliseconds
[intialise_conversation.php][load_default_bot_values][118]
load db bot personality values SQL: SELECT * FROM `devncom_ia_golden`.`botpersonality` WHERE `bot_id` = 1; 
-----------------------
04-04-2019 15:34:45.58118[4][4] - Elapsed time: 0.963 milliseconds
[intialise_conversation.php][check_set_convo_id][643]
Obtaining the convo id from form vars. Value: 554188675743 
-----------------------
04-04-2019 15:34:45.58121[2][4] - Elapsed time: 0.022 milliseconds
[intialise_conversation.php][check_set_bot][581]
Checking and/or setting the current bot. 
-----------------------
04-04-2019 15:34:45.58122[3][4] - Elapsed time: 0.015 milliseconds
[intialise_conversation.php][check_set_bot][599]
Making sure the bot exists. SQL = SELECT * FROM `devncom_ia_golden`.`bots` WHERE bot_id = 1 AND `bot_active` = 1; 
-----------------------
04-04-2019 15:34:45.58202[2][4] - Elapsed time: 0.798 milliseconds
[intialise_conversation.php][check_set_bot][616]
BOT ID: 1 
-----------------------
04-04-2019 15:34:45.58204[2][4] - Elapsed time: 0.020 milliseconds
[intialise_conversation.php][check_set_user][672]
Checking and setting the user info, as needed. 
-----------------------
04-04-2019 15:34:45.58354[2][4] - Elapsed time: 1.504 milliseconds
[handle_user.php][intisaliseUser][82]
Initializing user. 
-----------------------
04-04-2019 15:34:45.58377[3][4] - Elapsed time: 0.230 milliseconds
[handle_user.php][intisaliseUser][128]
intisaliseUser #545 SQL: INSERT INTO `users`
        (`id`, `user_name`, `session_id`, `bot_id`, `chatlines`,`ip`, `referer`, `browser`, `date_logged_on` , `last_update`    , `state`)
 VALUES (NULL, 'Entrou'  , 554188675743   , 1 , '0'        , '35.233.246.163', ''      , 'Mozilla/4.0 (compatible; MSIE 8.0; Windows NT 6.0)'      , CURRENT_TIMESTAMP, CURRENT_TIMESTAMP, ''     ); 
-----------------------
04-04-2019 15:34:45.58458[3][4] - Elapsed time: 0.805 milliseconds
[intialise_conversation.php][check_set_user][705]
Loading client properties from the DB - sql:
SELECT `name`, `value` FROM `devncom_ia_golden`.`client_properties` WHERE `user_id` = 545 AND `bot_id` = 1; 
-----------------------
04-04-2019 15:34:45.58520[2][4] - Elapsed time: 0.626 milliseconds
[spell_checker.php][run_spell_checker_say][36]
Starting function and setting timestamp. 
-----------------------
04-04-2019 15:34:45.58526[2][4] - Elapsed time: 0.054 milliseconds
[spell_checker.php][spell_check][60]
Preforming a spel chek on /. 
-----------------------
04-04-2019 15:34:45.58529[2][4] - Elapsed time: 0.029 milliseconds
[spell_checker.php][load_spelling_list][117]
Loading the spellcheck list from the DB. 
-----------------------
04-04-2019 15:34:45.58597[2][4] - Elapsed time: 0.685 milliseconds
[spell_checker.php][spell_check][60]
Preforming a spel chek on SAIR. 
-----------------------
04-04-2019 15:34:45.58605[2][4] - Elapsed time: 0.081 milliseconds
[spell_checker.php][spell_check][60]
Preforming a spel chek on !. 
-----------------------
04-04-2019 15:34:45.58611[2][4] - Elapsed time: 0.058 milliseconds
[spell_checker.php][spell_check][60]
Preforming a spel chek on !. 
-----------------------
04-04-2019 15:34:45.58617[4][4] - Elapsed time: 0.062 milliseconds
[misc_functions.php][normalize_text][125]
Begin normalization - text = '/SAIR!!' 
-----------------------
04-04-2019 15:34:45.58624[4][4] - Elapsed time: 0.071 milliseconds
[misc_functions.php][normalize_text][150]
Normalization complete. Text = 'SAIR' 
-----------------------
04-04-2019 15:34:45.58626[2][4] - Elapsed time: 0.014 milliseconds
[conversation_start.php][Called outside of function][237]
Details:
User say: SAIR
Convo id: 554188675743
Bot id: 1
Format: html 
-----------------------
04-04-2019 15:34:45.58627[4][4] - Elapsed time: 0.016 milliseconds
[intialise_conversation.php][check_set_format][752]
Using format: html 
-----------------------
04-04-2019 15:34:45.58629[2][4] - Elapsed time: 0.011 milliseconds
[intialise_conversation.php][load_that][769]
Loading the THAT array. 
-----------------------
04-04-2019 15:34:45.58630[3][4] - Elapsed time: 0.014 milliseconds
[intialise_conversation.php][load_that][784]
Getting conversation log entries for the current user. SQL:
SELECT `input`, `response` FROM `devncom_ia_golden`.`conversation_log` WHERE `user_id` = 545 AND `bot_id` = 1 ORDER BY `id` DESC limit 10; 
-----------------------
04-04-2019 15:34:45.58843[4][4] - Elapsed time: 2.131 milliseconds
[intialise_conversation.php][load_that][856]
Couldn't find any previous inputs or responses. 
-----------------------
04-04-2019 15:34:45.59016[2][4] - Elapsed time: 1.732 milliseconds
[intialise_conversation.php][load_bot_config][343]
Loading config data for the current bot. 
-----------------------
04-04-2019 15:34:45.59020[3][4] - Elapsed time: 0.037 milliseconds
[intialise_conversation.php][load_bot_config][352]
load bot config SQL: SELECT * FROM `devncom_ia_golden`.`bots` WHERE bot_id = 1; 
-----------------------
04-04-2019 15:34:45.59042[4][4] - Elapsed time: 0.219 milliseconds
[intialise_conversation.php][load_bot_config][357]
Loading bot details from the database. 
-----------------------
04-04-2019 15:34:45.59044[0][4] - Elapsed time: 0.026 milliseconds
[conversation_start.php][Called outside of function][257]
Default debug level = 4 
-----------------------
04-04-2019 15:34:45.59046[0][4] - Elapsed time: 0.011 milliseconds
[conversation_start.php][Called outside of function][259]
Current debug level = 4 
-----------------------
04-04-2019 15:34:45.59048[0][4] - Elapsed time: 0.020 milliseconds
[conversation_start.php][Called outside of function][272]
Say = SAIR: raw say = /SAIR!! 
-----------------------
04-04-2019 15:34:45.59049[4][4] - Elapsed time: 0.012 milliseconds
[intialise_conversation.php][add_new_conversation_vars][184]
New conversation vars 
-----------------------
04-04-2019 15:34:45.59050[2][4] - Elapsed time: 0.010 milliseconds
[intialise_conversation.php][push_on_front_convoArr][226]
Pushing 'SAIR' to the front of the [user_say] array 
-----------------------
04-04-2019 15:34:45.59053[4][4] - Elapsed time: 0.036 milliseconds
[intialise_conversation.php][load_blank_array_element][62]
Loading blank user_say array 
-----------------------
04-04-2019 15:34:45.59058[0][4] - Elapsed time: 0.045 milliseconds
[intialise_conversation.php][add_new_conversation_vars][188]
User RAW = /SAIR!!, RAW say = /SAIR!! 
-----------------------
04-04-2019 15:34:45.59059[2][4] - Elapsed time: 0.013 milliseconds
[intialise_conversation.php][push_on_front_convoArr][226]
Pushing '/SAIR!!' to the front of the [input] array 
-----------------------
04-04-2019 15:34:45.59061[4][4] - Elapsed time: 0.015 milliseconds
[intialise_conversation.php][load_blank_array_element][62]
Loading blank input array 
-----------------------
04-04-2019 15:34:45.59063[4][4] - Elapsed time: 0.021 milliseconds
[make_conversation.php][make_conversation][22]
Making conversation 
-----------------------
04-04-2019 15:34:45.59064[4][4] - Elapsed time: 0.010 milliseconds
[misc_functions.php][normalize_text][125]
Begin normalization - text = 'SAIR' 
-----------------------
04-04-2019 15:34:45.59067[4][4] - Elapsed time: 0.030 milliseconds
[misc_functions.php][normalize_text][150]
Normalization complete. Text = 'SAIR' 
-----------------------
04-04-2019 15:34:45.59068[4][4] - Elapsed time: 0.011 milliseconds
[find_aiml.php][get_aiml_to_parse][909]
Running all functions to get the correct aiml from the DB 
-----------------------
04-04-2019 15:34:45.59102[4][4] - Elapsed time: 0.343 milliseconds
[find_aiml.php][find_userdefined_aiml][821]
Looking for user defined responses 
-----------------------
04-04-2019 15:34:45.59105[3][4] - Elapsed time: 0.034 milliseconds
[find_aiml.php][find_userdefined_aiml][870]
User defined SQL:
SELECT `id`, `bot_id`, `pattern`, `thatpattern`, `template` FROM `devncom_ia_golden`.`aiml_userdefined` WHERE
    `bot_id` = 1 AND
    `user_id` = 554188675743
    AND (
        'SAIR' LIKE (REPLACE(REPLACE(`pattern`, '*', '%'), '_', '%')))
   ORDER BY `id` ASC, `pattern` ASC, `thatpattern` ASC; 
-----------------------
04-04-2019 15:34:45.59183[2][4] - Elapsed time: 0.774 milliseconds
[find_aiml.php][find_userdefined_aiml][896]
User defined rows found: '0' 
-----------------------
04-04-2019 15:34:45.59185[4][4] - Elapsed time: 0.025 milliseconds
[find_aiml.php][find_aiml_matches][975]
Finding the aiml matches from the DB 
-----------------------
04-04-2019 15:34:45.59187[4][4] - Elapsed time: 0.012 milliseconds
[find_aiml.php][find_aiml_matches][981]
Bot ID = 1. Bot Parent ID = 1. 
-----------------------
04-04-2019 15:34:45.59215[4][4] - Elapsed time: 0.281 milliseconds
[find_aiml.php][find_aiml_matches][992]
Stored topic = '' 
-----------------------
04-04-2019 15:34:45.59218[3][4] - Elapsed time: 0.031 milliseconds
[find_aiml.php][find_aiml_matches][1052]
Core Match AIML sql:
SELECT `id`, `bot_id`, `pattern`, `thatpattern`, `topic`, `filename`, `template` FROM `devncom_ia_golden`.`aiml` WHERE
    bot_id = 1 AND (
        'SAIR' LIKE (REPLACE(REPLACE(`pattern`, '*', '%'), '_', '%'))
        OR `pattern` LIKE 'LINHA DE RECOLHA ALEATÓRIA2'
    )
    # ORDER BY `id` ASC, `topic` DESC, `pattern` ASC, `thatpattern` ASC; 
-----------------------
04-04-2019 15:34:45.59343[3][4] - Elapsed time: 1.254 milliseconds
[find_aiml.php][find_aiml_matches][1054]
Query Process time... 
-----------------------
04-04-2019 15:34:45.59367[2][4] - Elapsed time: 0.236 milliseconds
[find_aiml.php][find_aiml_matches][1061]
FOUND: (1) potential AIML matches 
-----------------------
04-04-2019 15:34:45.59400[4][4] - Elapsed time: 0.336 milliseconds
[find_aiml.php][unset_all_bad_pattern_matches][48]
NEW FUNC Searching through 1 rows to unset bad matches 
-----------------------
04-04-2019 15:34:45.59402[4][4] - Elapsed time: 0.017 milliseconds
[find_aiml.php][unset_all_bad_pattern_matches][62]
Blue 5 to Blue leader. Starting my run now! Looking for 'SAIR' 
-----------------------
04-04-2019 15:34:45.59409[4][4] - Elapsed time: 0.067 milliseconds
[find_aiml.php][unset_all_bad_pattern_matches][195]
Found 1 relevant rows 
-----------------------
04-04-2019 15:34:45.59410[4][4] - Elapsed time: 0.015 milliseconds
[find_aiml.php][score_matches][255]
Scoring the matches. 
-----------------------
04-04-2019 15:34:45.59458[4][4] - Elapsed time: 0.474 milliseconds
[find_aiml.php][score_matches][548]
Sorted array $allrows:
Array
(
    [0] => Array
        (
            [id] => 4567
            [bot_id] => 1
            [pattern] => *SAIR*
            [thatpattern] => 
            [topic] => 
            [filename] => admin_added.aiml
            [template] => Seu nome foi removido de nossa lista, desculpe o inconveniente.
            [score] => 259
            [current_that] => 
            [aiml_id] => 4567
            [track_score] => current bot (250 points), no thatpattern to match (1 point), uncommon word match: *sair* (8 points)
        )

)
 
-----------------------
04-04-2019 15:34:45.59461[2][4] - Elapsed time: 0.034 milliseconds
[find_aiml.php][get_highest_scoring_row][642]
Final candidates:

Array
(
    [0] => Array
        (
            [id] => 4567
            [bot_id] => 1
            [pattern] => *SAIR*
            [thatpattern] => 
            [topic] => 
            [filename] => admin_added.aiml
            [template] => Seu nome foi removido de nossa lista, desculpe o inconveniente.
            [score] => 259
            [current_that] => 
            [aiml_id] => 4567
            [track_score] => current bot (250 points), no thatpattern to match (1 point), uncommon word match: *sair* (8 points)
        )

)

 
-----------------------
04-04-2019 15:34:45.59513[4][4] - Elapsed time: 0.520 milliseconds
[find_aiml.php][get_highest_scoring_row][697]
Best Response: Array
(
    [id] => 4567
    [bot_id] => 1
    [pattern] => *SAIR*
    [thatpattern] => 
    [topic] => 
    [filename] => admin_added.aiml
    [template] => Seu nome foi removido de nossa lista, desculpe o inconveniente.
    [score] => 259
    [current_that] => 
    [aiml_id] => 4567
    [track_score] => current bot (250 points), no thatpattern to match (1 point), uncommon word match: *sair* (8 points)
)
 
-----------------------
04-04-2019 15:34:45.59515[2][4] - Elapsed time: 0.016 milliseconds
[find_aiml.php][get_highest_scoring_row][698]
No results found, so none to pick from. 
-----------------------
04-04-2019 15:34:45.59523[4][4] - Elapsed time: 0.085 milliseconds
[find_aiml.php][get_aiml_to_parse][960]
Will be parsing id:4567 (*SAIR*) 
-----------------------
04-04-2019 15:34:45.59525[3][4] - Elapsed time: 0.015 milliseconds
[parse_aiml.php][parse_matched_aiml][213]
Run the aiml parse in normal mode (normal or srai) 
-----------------------
04-04-2019 15:34:45.59526[2][4] - Elapsed time: 0.013 milliseconds
[parse_aiml.php][set_wildcards][297]
Setting Wildcards. Pattern = '*SAIR*' 
-----------------------
04-04-2019 15:34:45.59527[2][4] - Elapsed time: 0.011 milliseconds
[parse_aiml.php][set_wildcards][306]
We have pattern stars to process! 
-----------------------
04-04-2019 15:34:45.59528[2][4] - Elapsed time: 0.010 milliseconds
[parse_aiml.php][set_wildcards][310]
RegEx string = ~(.+)SAIR(.+)$~siuU: Searching /SAIR!! for a match. 
-----------------------
04-04-2019 15:34:45.59531[2][4] - Elapsed time: 0.030 milliseconds
[parse_aiml.php][set_wildcards][313]
Array
(
    [0] => Array
        (
            [0] => /SAIR!!
        )

    [1] => Array
        (
            [0] => /
        )

    [2] => Array
        (
            [0] => !!
        )

)
 
-----------------------
04-04-2019 15:34:45.59533[2][4] - Elapsed time: 0.015 milliseconds
[parse_aiml.php][set_wildcards][318]
Adding ' ' to the stars stack. 
-----------------------
04-04-2019 15:34:45.59534[2][4] - Elapsed time: 0.014 milliseconds
[parse_aiml.php][set_wildcards][320]
Star array = Array
(
    [1] =>  
)
 
-----------------------
04-04-2019 15:34:45.59535[2][4] - Elapsed time: 0.012 milliseconds
[parse_aiml.php][set_wildcards][318]
Adding '  ' to the stars stack. 
-----------------------
04-04-2019 15:34:45.59536[2][4] - Elapsed time: 0.011 milliseconds
[parse_aiml.php][set_wildcards][320]
Star array = Array
(
    [1] =>  
    [2] =>   
)
 
-----------------------
04-04-2019 15:34:45.59537[4][4] - Elapsed time: 0.009 milliseconds
[parse_aiml.php][set_wildcards][329]
Checking for wildcards in pattern-side THAT 
-----------------------
04-04-2019 15:34:45.59538[4][4] - Elapsed time: 0.011 milliseconds
[parse_aiml.php][set_wildcards][361]
Checking for wildcards in pattern-side TOPIC 
-----------------------
04-04-2019 15:34:45.59541[2][4] - Elapsed time: 0.023 milliseconds
[parse_aiml.php][set_wildcards][394]
AIML array now = Array
(
    [aiml_id] => 4567
    [category_id] => 4567
    [html_template] => 
    [lookingfor] => SAIR
    [pattern] => *SAIR*
    [score] => 259
    [stars] => Array
        (
            [1] =>  
            [2] =>   
        )

    [template] => Seu nome foi removido de nossa lista, desculpe o inconveniente.
    [thatpattern] => 
    [that_stars] => Array
        (
            [1] => 
        )

    [topic] => 
    [topic_stars] => Array
        (
        )

    [user_raw] => /SAIR!!
)
 
-----------------------
04-04-2019 15:34:45.59542[2][4] - Elapsed time: 0.014 milliseconds
[parse_aiml_as_XML.php][parse_aiml_as_XML][22]
Parsing the AIML template as XML 
-----------------------
04-04-2019 15:34:45.59543[2][4] - Elapsed time: 0.013 milliseconds
[parse_aiml_as_XML.php][add_text_tags][93]
Adding some TEXT tags into the template, just because I can... 
-----------------------
04-04-2019 15:34:45.59546[4][4] - Elapsed time: 0.032 milliseconds
[parse_aiml_as_XML.php][add_text_tags][120]
Returning template:
<template><text>Seu nome foi removido de nossa lista, desculpe o inconveniente.</text></template> 
-----------------------
04-04-2019 15:34:45.59564[2][4] - Elapsed time: 0.172 milliseconds
[parse_aiml_as_XML.php][parseTemplateRecursive][201]
Recursively parsing the AIML template. 
-----------------------
04-04-2019 15:34:45.59572[4][4] - Elapsed time: 0.080 milliseconds
[parse_aiml_as_XML.php][parseTemplateRecursive][214]
Processing element template at level 0. element XML = <?xml version="1.0"?>
<template><text>Seu nome foi removido de nossa lista, desculpe o inconveniente.</text></template>
 
-----------------------
04-04-2019 15:34:45.59573[4][4] - Elapsed time: 0.016 milliseconds
[parse_aiml_as_XML.php][parseTemplateRecursive][242]
function parse_template_tag does not exist. Parsing tag as text. 
-----------------------
04-04-2019 15:34:45.59576[2][4] - Elapsed time: 0.025 milliseconds
[parse_aiml_as_XML.php][parseTemplateRecursive][201]
Recursively parsing the AIML template. 
-----------------------
04-04-2019 15:34:45.59578[4][4] - Elapsed time: 0.026 milliseconds
[parse_aiml_as_XML.php][parseTemplateRecursive][214]
Processing element text at level 1. element XML = <text>Seu nome foi removido de nossa lista, desculpe o inconveniente.</text> 
-----------------------
04-04-2019 15:34:45.59580[4][4] - Elapsed time: 0.014 milliseconds
[parse_aiml_as_XML.php][parseTemplateRecursive][225]
Function parse_text_tag does exist. Processing now. 
-----------------------
04-04-2019 15:34:45.59581[4][4] - Elapsed time: 0.011 milliseconds
[parse_aiml_as_XML.php][parseTemplateRecursive][229]
Passing element text to the parse_text_tag function 
-----------------------
04-04-2019 15:34:45.59582[2][4] - Elapsed time: 0.010 milliseconds
[parse_aiml_as_XML.php][parse_text_tag][281]
Parsing a TEXT tag. 
-----------------------
04-04-2019 15:34:45.59583[4][4] - Elapsed time: 0.012 milliseconds
[parse_aiml_as_XML.php][parseTemplateRecursive][234]
Adding 'Seu nome foi removido de nossa lista, desculpe o inconveniente.' to the response array. tag name is text 
-----------------------
04-04-2019 15:34:45.59584[2][4] - Elapsed time: 0.012 milliseconds
[parse_aiml_as_XML.php][implode_recursive][137]
Imploding an array into a string. (recursively, if necessary) 
-----------------------
04-04-2019 15:34:45.59586[2][4] - Elapsed time: 0.014 milliseconds
[parse_aiml_as_XML.php][implode_recursive][138]
Input: Array
(
    [0] => Seu nome foi removido de nossa lista, desculpe o inconveniente.
)

 
-----------------------
04-04-2019 15:34:45.59587[4][4] - Elapsed time: 0.012 milliseconds
[parse_aiml_as_XML.php][implode_recursive][155]
The variable $input is of type array 
-----------------------
04-04-2019 15:34:45.59588[4][4] - Elapsed time: 0.012 milliseconds
[parse_aiml_as_XML.php][implode_recursive][185]
Imploding complete. Returning 'Seu nome foi removido de nossa lista, desculpe o inconveniente.' 
-----------------------
04-04-2019 15:34:45.59590[4][4] - Elapsed time: 0.014 milliseconds
[parse_aiml_as_XML.php][parseTemplateRecursive][262]
Adding 'Seu nome foi removido de nossa lista, desculpe o inconveniente.' to the response array. tag name is template. 
-----------------------
04-04-2019 15:34:45.59592[2][4] - Elapsed time: 0.026 milliseconds
[parse_aiml_as_XML.php][implode_recursive][137]
Imploding an array into a string. (recursively, if necessary) 
-----------------------
04-04-2019 15:34:45.59594[2][4] - Elapsed time: 0.017 milliseconds
[parse_aiml_as_XML.php][implode_recursive][138]
Input: Array
(
    [0] => Seu nome foi removido de nossa lista, desculpe o inconveniente.
)

 
-----------------------
04-04-2019 15:34:45.59595[4][4] - Elapsed time: 0.011 milliseconds
[parse_aiml_as_XML.php][implode_recursive][155]
The variable $input is of type array 
-----------------------
04-04-2019 15:34:45.59596[4][4] - Elapsed time: 0.012 milliseconds
[parse_aiml_as_XML.php][implode_recursive][185]
Imploding complete. Returning 'Seu nome foi removido de nossa lista, desculpe o inconveniente.' 
-----------------------
04-04-2019 15:34:45.59597[4][4] - Elapsed time: 0.014 milliseconds
[parse_aiml_as_XML.php][parse_aiml_as_XML][47]
Completed parsing the template. The bot will say: Seu nome foi removido de nossa lista, desculpe o inconveniente. 
-----------------------
04-04-2019 15:34:45.59599[4][4] - Elapsed time: 0.018 milliseconds
[parse_aiml.php][parse_matched_aiml][227]
normal - Saving for next turn 
-----------------------
04-04-2019 15:34:45.59600[4][4] - Elapsed time: 0.012 milliseconds
[parse_aiml.php][save_for_nextturn][271]
Saving that and that_raw for next turn 
-----------------------
04-04-2019 15:34:45.59602[2][4] - Elapsed time: 0.011 milliseconds
[intialise_conversation.php][push_on_front_convoArr][226]
Pushing 'Seu nome foi removido de nossa lista, desculpe o inconveniente.' to the front of the [that_raw] array 
-----------------------
04-04-2019 15:34:45.59604[4][4] - Elapsed time: 0.019 milliseconds
[intialise_conversation.php][load_blank_array_element][62]
Loading blank that_raw array 
-----------------------
04-04-2019 15:34:45.59609[2][4] - Elapsed time: 0.055 milliseconds
[intialise_conversation.php][push_on_front_convoArr][226]
Pushing 'Seu nome foi removido de nossa lista, desculpe o inconveniente.' to the front of the [that] array 
-----------------------
04-04-2019 15:34:45.59611[4][4] - Elapsed time: 0.021 milliseconds
[intialise_conversation.php][load_blank_array_element][62]
Loading blank that array 
-----------------------
04-04-2019 15:34:45.59613[4][4] - Elapsed time: 0.023 milliseconds
[parse_aiml.php][clean_that][251]
Cleaning up the ~THAT~ tag: 'Seu nome foi removido de nossa lista, desculpe o inconveniente.' 
-----------------------
04-04-2019 15:34:45.59615[4][4] - Elapsed time: 0.013 milliseconds
[misc_functions.php][normalize_text][125]
Begin normalization - text = 'Seu nome foi removido de nossa lista, desculpe o inconveniente.' 
-----------------------
04-04-2019 15:34:45.59619[4][4] - Elapsed time: 0.039 milliseconds
[misc_functions.php][normalize_text][150]
Normalization complete. Text = 'SEU NOME FOI REMOVIDO DE NOSSA LISTA DESCULPE O INCONVENIENTE' 
-----------------------
04-04-2019 15:34:45.59620[4][4] - Elapsed time: 0.013 milliseconds
[parse_aiml.php][clean_that][258]
Cleaning Complete. output = 'SEU NOME FOI REMOVIDO DE NOSSA LISTA DESCULPE O INCONVENIENTE' 
-----------------------
04-04-2019 15:34:45.59622[2][4] - Elapsed time: 0.019 milliseconds
[intialise_conversation.php][push_on_front_convoArr][226]
Pushing 'Seu nome foi removido de nossa lista, desculpe o inconveniente.' to the front of the [parsed_template] array 
-----------------------
04-04-2019 15:34:45.59624[4][4] - Elapsed time: 0.018 milliseconds
[intialise_conversation.php][load_blank_array_element][62]
Loading blank parsed_template array 
-----------------------
04-04-2019 15:34:45.59625[2][4] - Elapsed time: 0.018 milliseconds
[intialise_conversation.php][push_on_front_convoArr][226]
Pushing 'Seu nome foi removido de nossa lista, desculpe o inconveniente.' to the front of the [template] array 
-----------------------
04-04-2019 15:34:45.59627[4][4] - Elapsed time: 0.016 milliseconds
[intialise_conversation.php][load_blank_array_element][62]
Loading blank template array 
-----------------------
04-04-2019 15:34:45.59629[2][4] - Elapsed time: 0.024 milliseconds
[intialise_conversation.php][log_conversation][403]
Saving the conversation to the DB. 
-----------------------
04-04-2019 15:34:45.59632[3][4] - Elapsed time: 0.022 milliseconds
[intialise_conversation.php][log_conversation][442]
Saving conservation SQL: INSERT INTO `devncom_ia_golden`.`conversation_log` (
      `id` ,
      `input` ,
      `response` ,
      `user_id` ,
      `convo_id` ,
      `bot_id` ,
      `timestamp`
    )
    VALUES (
      NULL ,
      '/SAIR!!',
      'Seu nome foi removido de nossa lista, desculpe o inconveniente.',
      545,
      554188675743,
      1,
      CURRENT_TIMESTAMP
    ) 
-----------------------
04-04-2019 15:34:45.59955[4][4] - Elapsed time: 3.230 milliseconds
[intialise_conversation.php][write_to_session][140]
Saving to session 
-----------------------
04-04-2019 15:34:45.59971[3][4] - Elapsed time: 0.163 milliseconds
[display_conversation.php][get_conversation_to_display][59]
get_conversation SQL: SELECT * FROM `devncom_ia_golden`.`conversation_log` WHERE
        `user_id` = :user_id
        AND `bot_id` = :bot_id
        AND `convo_id` = :convo_id
        ORDER BY id DESC  LIMIT 1 
-----------------------
04-04-2019 15:34:45.59987[2][4] - Elapsed time: 0.164 milliseconds
[display_conversation.php][get_conversation_to_display][77]
Found '1' lines of conversation 
-----------------------
04-04-2019 15:34:45.59990[4][4] - Elapsed time: 0.022 milliseconds
[display_conversation.php][get_conversation][92]
Processing conversation as html 
-----------------------
04-04-2019 15:34:45.59993[4][4] - Elapsed time: 0.030 milliseconds
[display_conversation.php][get_html][135]
Returning HTML 
-----------------------
04-04-2019 15:34:45.60186[2][4] - Elapsed time: 1.937 milliseconds
[conversation_start.php][Called outside of function][297]
Closing Database 
-----------------------
04-04-2019 15:34:45.60190[0][4] - Elapsed time: 0.039 milliseconds
[conversation_start.php][Called outside of function][303]
Conversation Ending. Elapsed time: 37.130 milliseconds. 
-----------------------
Debug Level: 4
-----------------------
Debug Mode: 1
-----------------------
CONVERSATION ARRAY
-----------------------
Array
(
    [say] => /SAIR!!
    [conversation] => Array
        (
            [convo_id] => 554188675743
            [bot_name] => Net Bot
            [bot_id] => 1
            [format] => html
            [unknown_user] => Entrou
            [user_id] => 545
            [totallines] => 1
            [user_name] => Entrou
            [rawSay] => /SAIR!!
            [conversation_lines] => 1
            [remember_up_to] => 10
            [debugemail] => contato@devn1.com.br
            [debug_level] => 4
            [debugmode] => 1
            [save_state] => database
            [default_aiml_pattern] => LINHA DE RECOLHA ALEATÓRIA2
            [bot_parent_id] => 1
            [aimlData] => Array
                (
                    [id] => 4567
                    [bot_id] => 1
                    [pattern] => *SAIR*
                    [thatpattern] => 
                    [topic] => 
                    [filename] => admin_added.aiml
                    [template] => Seu nome foi removido de nossa lista, desculpe o inconveniente.
                    [score] => 259
                    [current_that] => 
                    [aiml_id] => 4567
                    [track_score] => current bot (250 points), no thatpattern to match (1 point), uncommon word match: *sair* (8 points)
                )

        )

    [aiml] => Array
        (
            [user_raw] => /SAIR!!
            [lookingfor] => SAIR
            [category_id] => 4567
            [pattern] => *SAIR*
            [thatpattern] => 
            [template] => Seu nome foi removido de nossa lista, desculpe o inconveniente.
            [html_template] => 
            [topic] => 
            [score] => 259
            [aiml_id] => 4567
            [stars] => Array
                (
                    [1] =>  
                    [2] =>   
                )

            [that_stars] => Array
                (
                    [1] => 
                )

            [topic_stars] => Array
                (
                )

            [parsed_template] => Seu nome foi removido de nossa lista, desculpe o inconveniente.
        )

    [client_properties] => Array
        (
            [ip_address] => 35.233.246.163
            [name] => Entrou
        )

    [time_start] => 1554402885.5648
    [user_say] => Array
        (
            [1] => SAIR
            [2] => 
            [3] => 
            [4] => 
            [5] => 
            [6] => 
            [7] => 
            [8] => 
            [9] => 
            [10] => 
        )

    [input] => Array
        (
            [1] => /SAIR!!
            [2] => 
            [3] => 
            [4] => 
            [5] => 
            [6] => 
            [7] => 
            [8] => 
            [9] => 
            [10] => 
        )

    [that_raw] => Array
        (
            [1] => Array
                (
                    [1] => 
                    [2] => Seu nome foi removido de nossa lista, desculpe o inconveniente.
                )

            [2] => 
            [3] => 
            [4] => 
            [5] => 
            [6] => 
            [7] => 
            [8] => 
            [9] => 
            [10] => 
            [12] => 
        )

    [that] => Array
        (
            [1] => Array
                (
                    [1] => SEU NOME FOI REMOVIDO DE NOSSA LISTA DESCULPE O INCONVENIENTE
                )

            [2] => 
            [3] => 
            [4] => 
            [5] => 
            [6] => 
            [7] => 
            [8] => 
            [9] => 
            [10] => 
            [12] => 
        )

    [parsed_template] => Array
        (
            [1] => Seu nome foi removido de nossa lista, desculpe o inconveniente.
            [2] => 
            [3] => 
            [4] => 
            [5] => 
            [6] => 
            [7] => 
            [8] => 
            [9] => 
            [10] => 
        )

    [template] => Array
        (
            [1] => Seu nome foi removido de nossa lista, desculpe o inconveniente.
            [2] => 
            [3] => 
            [4] => 
            [5] => 
            [6] => 
            [7] => 
            [8] => 
            [9] => 
            [10] => 
        )

    [send_to_user] => <div class="usersay">Entrou: /SAIR!!</div><div class="botsay">Net Bot: Seu nome foi removido de nossa lista, desculpe o inconveniente.</div>
)

-----------------------
Total execution time: 37.130 Milliseconds. Goodbye.