28-04-2019 14:21:14.49511[0][4] - Elapsed time: 3.011 milliseconds
[conversation_start.php][Called outside of function][91]
Conversation starting. Current system specs:
Program O version:            2.6.11
Server Software:              Apache
PHP Version:                  5.6.40
OS:                           Linux
OS Version:                   #1 SMP Wed Sep 26 15:12:11 UTC 2018
MySQL Version:                5.7.26
Multi-byte functions enabled: true 
-----------------------
28-04-2019 14:21:14.49870[4][4] - Elapsed time: 3.582 milliseconds
[load_aimlfunctions.php][Called outside of function][16]
AIML function include files loaded 
-----------------------
28-04-2019 14:21:14.49977[4][4] - Elapsed time: 1.072 milliseconds
[load_convofunctions.php][Called outside of function][16]
Convofunction include files loaded 
-----------------------
28-04-2019 14:21:14.49999[4][4] - Elapsed time: 0.222 milliseconds
[load_userfunctions.php][Called outside of function][14]
userfunctions include files loaded 
-----------------------
28-04-2019 14:21:14.50101[4][4] - Elapsed time: 1.025 milliseconds
[load_addons.php][Called outside of function][19]
Loading addons 
-----------------------
28-04-2019 14:21:14.50103[4][4] - Elapsed time: 0.016 milliseconds
[conversation_start.php][Called outside of function][104]
Loaded all Includes 
-----------------------
28-04-2019 14:21:14.50117[0][4] - Elapsed time: 0.137 milliseconds
[conversation_start.php][Called outside of function][159]
Debug level: 4
session ID = 554196454066 
-----------------------
28-04-2019 14:21:14.50118[4][4] - Elapsed time: 0.013 milliseconds
[conversation_start.php][Called outside of function][162]
Conversation continuing. User said 'Imagina.Obrigada'. 
-----------------------
28-04-2019 14:21:14.50125[4][4] - Elapsed time: 0.065 milliseconds
[intialise_conversation.php][read_from_session][155]
Reading from session 
-----------------------
28-04-2019 14:21:14.50127[4][4] - Elapsed time: 0.023 milliseconds
[intialise_conversation.php][load_default_bot_values][110]
Loading db bot personality properties 
-----------------------
28-04-2019 14:21:14.50129[3][4] - Elapsed time: 0.021 milliseconds
[intialise_conversation.php][load_default_bot_values][118]
load db bot personality values SQL: SELECT * FROM `devncom_ia_golden`.`botpersonality` WHERE `bot_id` = 1; 
-----------------------
28-04-2019 14:21:14.50152[4][4] - Elapsed time: 0.233 milliseconds
[intialise_conversation.php][check_set_convo_id][643]
Obtaining the convo id from form vars. Value: 554196454066 
-----------------------
28-04-2019 14:21:14.50154[2][4] - Elapsed time: 0.019 milliseconds
[intialise_conversation.php][check_set_bot][581]
Checking and/or setting the current bot. 
-----------------------
28-04-2019 14:21:14.50155[3][4] - Elapsed time: 0.013 milliseconds
[intialise_conversation.php][check_set_bot][599]
Making sure the bot exists. SQL = SELECT * FROM `devncom_ia_golden`.`bots` WHERE bot_id = 1 AND `bot_active` = 1; 
-----------------------
28-04-2019 14:21:14.50177[2][4] - Elapsed time: 0.217 milliseconds
[intialise_conversation.php][check_set_bot][616]
BOT ID: 1 
-----------------------
28-04-2019 14:21:14.50179[2][4] - Elapsed time: 0.021 milliseconds
[intialise_conversation.php][check_set_user][672]
Checking and setting the user info, as needed. 
-----------------------
28-04-2019 14:21:14.50221[3][4] - Elapsed time: 0.413 milliseconds
[intialise_conversation.php][check_set_user][705]
Loading client properties from the DB - sql:
SELECT `name`, `value` FROM `devncom_ia_golden`.`client_properties` WHERE `user_id` = 988 AND `bot_id` = 1; 
-----------------------
28-04-2019 14:21:14.50378[2][4] - Elapsed time: 1.578 milliseconds
[spell_checker.php][run_spell_checker_say][36]
Starting function and setting timestamp. 
-----------------------
28-04-2019 14:21:14.50385[2][4] - Elapsed time: 0.071 milliseconds
[spell_checker.php][spell_check][60]
Preforming a spel chek on Imagina. 
-----------------------
28-04-2019 14:21:14.50388[2][4] - Elapsed time: 0.026 milliseconds
[spell_checker.php][load_spelling_list][117]
Loading the spellcheck list from the DB. 
-----------------------
28-04-2019 14:21:14.50415[2][4] - Elapsed time: 0.270 milliseconds
[spell_checker.php][spell_check][60]
Preforming a spel chek on .. 
-----------------------
28-04-2019 14:21:14.50422[2][4] - Elapsed time: 0.064 milliseconds
[spell_checker.php][spell_check][60]
Preforming a spel chek on Obrigada. 
-----------------------
28-04-2019 14:21:14.50432[4][4] - Elapsed time: 0.104 milliseconds
[misc_functions.php][normalize_text][125]
Begin normalization - text = 'Imagina.Obrigada' 
-----------------------
28-04-2019 14:21:14.50439[4][4] - Elapsed time: 0.073 milliseconds
[misc_functions.php][normalize_text][150]
Normalization complete. Text = 'IMAGINA OBRIGADA' 
-----------------------
28-04-2019 14:21:14.50441[2][4] - Elapsed time: 0.013 milliseconds
[conversation_start.php][Called outside of function][237]
Details:
User say: IMAGINA OBRIGADA
Convo id: 554196454066
Bot id: 1
Format: html 
-----------------------
28-04-2019 14:21:14.50442[4][4] - Elapsed time: 0.016 milliseconds
[intialise_conversation.php][check_set_format][752]
Using format: html 
-----------------------
28-04-2019 14:21:14.50443[2][4] - Elapsed time: 0.010 milliseconds
[intialise_conversation.php][load_that][769]
Loading the THAT array. 
-----------------------
28-04-2019 14:21:14.50445[3][4] - Elapsed time: 0.015 milliseconds
[intialise_conversation.php][load_that][784]
Getting conversation log entries for the current user. SQL:
SELECT `input`, `response` FROM `devncom_ia_golden`.`conversation_log` WHERE `user_id` = 988 AND `bot_id` = 1 ORDER BY `id` DESC limit 10; 
-----------------------
28-04-2019 14:21:14.54149[1][4] - Elapsed time: 37.044 milliseconds
[intialise_conversation.php][load_that][804]
Inputs returned:Array
(
    [0] => Sair
)
 
-----------------------
28-04-2019 14:21:14.54152[4][4] - Elapsed time: 0.031 milliseconds
[intialise_conversation.php][load_that][805]
Loading previous responses into the ~THAT~ array. 
-----------------------
28-04-2019 14:21:14.54153[1][4] - Elapsed time: 0.012 milliseconds
[intialise_conversation.php][load_that][806]
Responses returned:Array
(
    [0] => Seu nome foi removido de nossa lista, desculpe o inconveniente.
)
 
-----------------------
28-04-2019 14:21:14.54156[2][4] - Elapsed time: 0.024 milliseconds
[parse_aiml_as_XML.php][implode_recursive][137]
Imploding an array into a string. (recursively, if necessary) 
-----------------------
28-04-2019 14:21:14.54157[2][4] - Elapsed time: 0.013 milliseconds
[parse_aiml_as_XML.php][implode_recursive][138]
Input: Array
(
    [0] => Seu nome foi removido de nossa lista
    [1] =>  desculpe o inconveniente
    [2] => 
)

 
-----------------------
28-04-2019 14:21:14.54158[4][4] - Elapsed time: 0.012 milliseconds
[parse_aiml_as_XML.php][implode_recursive][155]
The variable $input is of type array 
-----------------------
28-04-2019 14:21:14.54160[4][4] - Elapsed time: 0.014 milliseconds
[parse_aiml_as_XML.php][implode_recursive][185]
Imploding complete. Returning 'Seu nome foi removido de nossa lista desculpe o inconveniente ' 
-----------------------
28-04-2019 14:21:14.54161[4][4] - Elapsed time: 0.010 milliseconds
[parse_aiml.php][clean_that][251]
Cleaning up the ~THAT~ tag: 'Seu nome foi removido de nossa lista desculpe o inconveniente ' 
-----------------------
28-04-2019 14:21:14.54162[4][4] - Elapsed time: 0.011 milliseconds
[misc_functions.php][normalize_text][125]
Begin normalization - text = 'Seu nome foi removido de nossa lista desculpe o inconveniente ' 
-----------------------
28-04-2019 14:21:14.54166[4][4] - Elapsed time: 0.043 milliseconds
[misc_functions.php][normalize_text][150]
Normalization complete. Text = 'SEU NOME FOI REMOVIDO DE NOSSA LISTA DESCULPE O INCONVENIENTE' 
-----------------------
28-04-2019 14:21:14.54167[4][4] - Elapsed time: 0.009 milliseconds
[parse_aiml.php][clean_that][258]
Cleaning Complete. output = 'SEU NOME FOI REMOVIDO DE NOSSA LISTA DESCULPE O INCONVENIENTE' 
-----------------------
28-04-2019 14:21:14.54168[2][4] - Elapsed time: 0.010 milliseconds
[intialise_conversation.php][push_on_front_convoArr][226]
Pushing 'SEU NOME FOI REMOVIDO DE NOSSA LISTA DESCULPE O INCONVENIENTE' to the front of the [that] array 
-----------------------
28-04-2019 14:21:14.54171[4][4] - Elapsed time: 0.027 milliseconds
[intialise_conversation.php][load_blank_array_element][62]
Loading blank that array 
-----------------------
28-04-2019 14:21:14.54175[4][4] - Elapsed time: 0.046 milliseconds
[parse_aiml.php][clean_that][251]
Cleaning up the ~THAT~ tag: 'SEU NOME FOI REMOVIDO DE NOSSA LISTA DESCULPE O INCONVENIENTE' 
-----------------------
28-04-2019 14:21:14.54176[4][4] - Elapsed time: 0.011 milliseconds
[misc_functions.php][normalize_text][125]
Begin normalization - text = 'SEU NOME FOI REMOVIDO DE NOSSA LISTA DESCULPE O INCONVENIENTE' 
-----------------------
28-04-2019 14:21:14.54179[4][4] - Elapsed time: 0.025 milliseconds
[misc_functions.php][normalize_text][150]
Normalization complete. Text = 'SEU NOME FOI REMOVIDO DE NOSSA LISTA DESCULPE O INCONVENIENTE' 
-----------------------
28-04-2019 14:21:14.54180[4][4] - Elapsed time: 0.009 milliseconds
[parse_aiml.php][clean_that][258]
Cleaning Complete. output = 'SEU NOME FOI REMOVIDO DE NOSSA LISTA DESCULPE O INCONVENIENTE' 
-----------------------
28-04-2019 14:21:14.54182[4][4] - Elapsed time: 0.022 milliseconds
[intialise_conversation.php][load_that][835]
Loading previous user inputs into the ~INPUT~ array. 
-----------------------
28-04-2019 14:21:14.54183[2][4] - Elapsed time: 0.015 milliseconds
[parse_aiml_as_XML.php][implode_recursive][137]
Imploding an array into a string. (recursively, if necessary) 
-----------------------
28-04-2019 14:21:14.54185[2][4] - Elapsed time: 0.012 milliseconds
[parse_aiml_as_XML.php][implode_recursive][138]
Input: Array
(
    [0] => Sair
)

 
-----------------------
28-04-2019 14:21:14.54186[4][4] - Elapsed time: 0.009 milliseconds
[parse_aiml_as_XML.php][implode_recursive][155]
The variable $input is of type array 
-----------------------
28-04-2019 14:21:14.54186[4][4] - Elapsed time: 0.009 milliseconds 
[parse_aiml_as_XML.php][implode_recursive][185]
Imploding complete. Returning 'Sair' 
-----------------------
28-04-2019 14:21:14.54188[4][4] - Elapsed time: 0.012 milliseconds
[parse_aiml.php][clean_that][251]
Cleaning up the ~THAT~ tag: 'Sair' 
-----------------------
28-04-2019 14:21:14.54188[4][4] - Elapsed time: 0.008 milliseconds
[misc_functions.php][normalize_text][125]
Begin normalization - text = 'Sair' 
-----------------------
28-04-2019 14:21:14.54191[4][4] - Elapsed time: 0.027 milliseconds
[misc_functions.php][normalize_text][150]
Normalization complete. Text = 'SAIR' 
-----------------------
28-04-2019 14:21:14.54192[4][4] - Elapsed time: 0.012 milliseconds
[parse_aiml.php][clean_that][258]
Cleaning Complete. output = 'SAIR' 
-----------------------
28-04-2019 14:21:14.54193[2][4] - Elapsed time: 0.008 milliseconds
[intialise_conversation.php][push_on_front_convoArr][226]
Pushing 'SAIR' to the front of the [input] array 
-----------------------
28-04-2019 14:21:14.54194[4][4] - Elapsed time: 0.012 milliseconds
[intialise_conversation.php][load_blank_array_element][62]
Loading blank input array 
-----------------------
28-04-2019 14:21:14.54286[2][4] - Elapsed time: 0.914 milliseconds
[intialise_conversation.php][load_bot_config][343]
Loading config data for the current bot. 
-----------------------
28-04-2019 14:21:14.54288[3][4] - Elapsed time: 0.024 milliseconds
[intialise_conversation.php][load_bot_config][352]
load bot config SQL: SELECT * FROM `devncom_ia_golden`.`bots` WHERE bot_id = 1; 
-----------------------
28-04-2019 14:21:14.54310[4][4] - Elapsed time: 0.219 milliseconds
[intialise_conversation.php][load_bot_config][357]
Loading bot details from the database. 
-----------------------
28-04-2019 14:21:14.54312[0][4] - Elapsed time: 0.025 milliseconds
[conversation_start.php][Called outside of function][257]
Default debug level = 4 
-----------------------
28-04-2019 14:21:14.54313[0][4] - Elapsed time: 0.010 milliseconds
[conversation_start.php][Called outside of function][259]
Current debug level = 4 
-----------------------
28-04-2019 14:21:14.54316[0][4] - Elapsed time: 0.025 milliseconds
[conversation_start.php][Called outside of function][272]
Say = IMAGINA OBRIGADA: raw say = Imagina.Obrigada 
-----------------------
28-04-2019 14:21:14.54317[4][4] - Elapsed time: 0.013 milliseconds
[intialise_conversation.php][add_new_conversation_vars][184]
New conversation vars 
-----------------------
28-04-2019 14:21:14.54318[2][4] - Elapsed time: 0.012 milliseconds
[intialise_conversation.php][push_on_front_convoArr][226]
Pushing 'IMAGINA OBRIGADA' to the front of the [user_say] array 
-----------------------
28-04-2019 14:21:14.54320[4][4] - Elapsed time: 0.015 milliseconds
[intialise_conversation.php][load_blank_array_element][62]
Loading blank user_say array 
-----------------------
28-04-2019 14:21:14.54322[0][4] - Elapsed time: 0.022 milliseconds
[intialise_conversation.php][add_new_conversation_vars][188]
User RAW = Imagina.Obrigada, RAW say = Imagina.Obrigada 
-----------------------
28-04-2019 14:21:14.54323[2][4] - Elapsed time: 0.012 milliseconds
[intialise_conversation.php][push_on_front_convoArr][226]
Pushing 'Imagina.Obrigada' to the front of the [input] array 
-----------------------
28-04-2019 14:21:14.54326[4][4] - Elapsed time: 0.028 milliseconds
[make_conversation.php][make_conversation][22]
Making conversation 
-----------------------
28-04-2019 14:21:14.54328[4][4] - Elapsed time: 0.014 milliseconds
[misc_functions.php][normalize_text][125]
Begin normalization - text = 'IMAGINA OBRIGADA' 
-----------------------
28-04-2019 14:21:14.54330[4][4] - Elapsed time: 0.024 milliseconds
[misc_functions.php][normalize_text][150]
Normalization complete. Text = 'IMAGINA OBRIGADA' 
-----------------------
28-04-2019 14:21:14.54331[4][4] - Elapsed time: 0.012 milliseconds
[find_aiml.php][get_aiml_to_parse][909]
Running all functions to get the correct aiml from the DB 
-----------------------
28-04-2019 14:21:14.54472[4][4] - Elapsed time: 1.410 milliseconds
[find_aiml.php][find_userdefined_aiml][821]
Looking for user defined responses 
-----------------------
28-04-2019 14:21:14.54476[3][4] - Elapsed time: 0.041 milliseconds
[find_aiml.php][find_userdefined_aiml][870]
User defined SQL:
SELECT `id`, `bot_id`, `pattern`, `thatpattern`, `template` FROM `devncom_ia_golden`.`aiml_userdefined` WHERE
    `bot_id` = 1 AND
    `user_id` = 554196454066
    AND (
        'IMAGINA OBRIGADA' LIKE (REPLACE(REPLACE(`pattern`, '*', '%'), '_', '%'))
        OR 'SEU NOME FOI REMOVIDO DE NOSSA LISTA DESCULPE O INCONVENIENTE' LIKE (REPLACE(REPLACE(`thatpattern`, '*', '%'), '_', '%')))
   ORDER BY `id` ASC, `pattern` ASC, `thatpattern` ASC; 
-----------------------
28-04-2019 14:21:14.54492[2][4] - Elapsed time: 0.157 milliseconds
[find_aiml.php][find_userdefined_aiml][896]
User defined rows found: '0' 
-----------------------
28-04-2019 14:21:14.54494[4][4] - Elapsed time: 0.019 milliseconds
[find_aiml.php][find_aiml_matches][975]
Finding the aiml matches from the DB 
-----------------------
28-04-2019 14:21:14.54495[4][4] - Elapsed time: 0.011 milliseconds
[find_aiml.php][find_aiml_matches][981]
Bot ID = 1. Bot Parent ID = 1. 
-----------------------
28-04-2019 14:21:14.54639[4][4] - Elapsed time: 1.439 milliseconds
[find_aiml.php][find_aiml_matches][992]
Stored topic = '' 
-----------------------
28-04-2019 14:21:14.54643[3][4] - Elapsed time: 0.040 milliseconds
[find_aiml.php][find_aiml_matches][1052]
Core Match AIML sql:
SELECT `id`, `bot_id`, `pattern`, `thatpattern`, `topic`, `filename`, `template` FROM `devncom_ia_golden`.`aiml` WHERE
    bot_id = 1 AND (
        'IMAGINA OBRIGADA' LIKE (REPLACE(REPLACE(`pattern`, '*', '%'), '_', '%'))
        OR 'SEU NOME FOI REMOVIDO DE NOSSA LISTA DESCULPE O INCONVENIENTE' LIKE (REPLACE(REPLACE(`thatpattern`, '*', '%'), '_', '%'))
        OR `pattern` LIKE 'LINHA DE RECOLHA ALEATÓRIA2'
    )
    # ORDER BY `id` ASC, `topic` DESC, `pattern` ASC, `thatpattern` ASC; 
-----------------------
28-04-2019 14:21:14.54660[3][4] - Elapsed time: 0.167 milliseconds
[find_aiml.php][find_aiml_matches][1054]
Query Process time... 
-----------------------
28-04-2019 14:21:14.54661[1][4] - Elapsed time: 0.019 milliseconds
[find_aiml.php][find_aiml_matches][1082]
Error: FOUND NO AIML matches in DB. 
-----------------------
28-04-2019 14:21:14.54664[4][4] - Elapsed time: 0.022 milliseconds
[find_aiml.php][get_convo_var][727]
Get from ConvoArr [conversation][default_aiml_pattern][1][1] 
-----------------------
28-04-2019 14:21:14.54665[4][4] - Elapsed time: 0.016 milliseconds
[find_aiml.php][get_convo_var][757]
Get from ConvoArr [conversation][default_aiml_pattern][1][1] FOUND: ConvoArr Value = 'LINHA DE RECOLHA ALEATÓRIA2' 
-----------------------
28-04-2019 14:21:14.54682[2][4] - Elapsed time: 0.169 milliseconds
[misc_functions.php][addUnknownInput][232]
Entry successfully added! 
-----------------------
28-04-2019 14:21:14.54684[1][4] - Elapsed time: 0.019 milliseconds
[find_aiml.php][find_aiml_matches][1084]
Added input 'IMAGINA OBRIGADA' to the unknown_inputs table. 
-----------------------
28-04-2019 14:21:14.54840[1][4] - Elapsed time: 1.564 milliseconds
[find_aiml.php][unset_all_bad_pattern_matches][35]
Current THAT = SEU NOME FOI REMOVIDO DE NOSSA LISTA DESCULPE O INCONVENIENTE 
-----------------------
28-04-2019 14:21:14.54844[4][4] - Elapsed time: 0.035 milliseconds
[find_aiml.php][unset_all_bad_pattern_matches][48]
NEW FUNC Searching through 1 rows to unset bad matches 
-----------------------
28-04-2019 14:21:14.54845[1][4] - Elapsed time: 0.014 milliseconds
[find_aiml.php][unset_all_bad_pattern_matches][56]
Returning error as no results where found 
-----------------------
28-04-2019 14:21:14.54847[4][4] - Elapsed time: 0.013 milliseconds
[find_aiml.php][score_matches][255]
Scoring the matches. 
-----------------------
28-04-2019 14:21:14.55032[4][4] - Elapsed time: 1.850 milliseconds
[find_aiml.php][score_matches][548]
Sorted array $allrows:
Array
(
    [0] => Array
        (
            [aiml_id] => -1
            [bot_id] => 1
            [pattern] => no results
            [thatpattern] => 
            [template] => SEM RESPOSTA
            [topic] => 
            [score] => 261
            [track_score] => current bot (250 points), no thatpattern to match (1 point), common word match: no (1 points), uncommon word match: results (8 points)
        )

)
 
-----------------------
28-04-2019 14:21:14.55038[2][4] - Elapsed time: 0.064 milliseconds
[find_aiml.php][get_highest_scoring_row][642]
Final candidates:

Array
(
    [0] => Array
        (
            [aiml_id] => -1
            [bot_id] => 1
            [pattern] => no results
            [thatpattern] => 
            [template] => SEM RESPOSTA
            [topic] => 
            [score] => 261
            [track_score] => current bot (250 points), no thatpattern to match (1 point), common word match: no (1 points), uncommon word match: results (8 points)
        )

)

 
-----------------------
28-04-2019 14:21:14.55120[4][4] - Elapsed time: 0.818 milliseconds
[find_aiml.php][get_highest_scoring_row][697]
Best Response: Array
(
    [aiml_id] => -1
    [bot_id] => 1
    [pattern] => no results
    [thatpattern] => 
    [template] => SEM RESPOSTA
    [topic] => 
    [score] => 261
    [track_score] => current bot (250 points), no thatpattern to match (1 point), common word match: no (1 points), uncommon word match: results (8 points)
)
 
-----------------------
28-04-2019 14:21:14.55124[2][4] - Elapsed time: 0.042 milliseconds
[find_aiml.php][get_highest_scoring_row][698]
No results found, so none to pick from. 
-----------------------
28-04-2019 14:21:14.55140[4][4] - Elapsed time: 0.158 milliseconds
[find_aiml.php][get_aiml_to_parse][960]
Will be parsing id:-1 (no results) 
-----------------------
28-04-2019 14:21:14.55143[3][4] - Elapsed time: 0.030 milliseconds
[parse_aiml.php][parse_matched_aiml][213]
Run the aiml parse in normal mode (normal or srai) 
-----------------------
28-04-2019 14:21:14.55145[2][4] - Elapsed time: 0.025 milliseconds
[parse_aiml.php][set_wildcards][297]
Setting Wildcards. Pattern = 'no results' 
-----------------------
28-04-2019 14:21:14.55147[4][4] - Elapsed time: 0.019 milliseconds
[parse_aiml.php][set_wildcards][329]
Checking for wildcards in pattern-side THAT 
-----------------------
28-04-2019 14:21:14.55150[4][4] - Elapsed time: 0.024 milliseconds
[parse_aiml.php][set_wildcards][361]
Checking for wildcards in pattern-side TOPIC 
-----------------------
28-04-2019 14:21:14.55156[2][4] - Elapsed time: 0.064 milliseconds
[parse_aiml.php][set_wildcards][394]
AIML array now = Array
(
    [aiml_id] => -1
    [html_template] => 
    [lookingfor] => IMAGINA OBRIGADA
    [pattern] => no results
    [score] => 261
    [stars] => Array
        (
        )

    [template] => SEM RESPOSTA
    [thatpattern] => 
    [that_stars] => Array
        (
            [1] => 
        )

    [topic] => 
    [topic_stars] => Array
        (
        )

    [user_raw] => Imagina.Obrigada
)
 
-----------------------
28-04-2019 14:21:14.55159[2][4] - Elapsed time: 0.025 milliseconds
[parse_aiml_as_XML.php][parse_aiml_as_XML][22]
Parsing the AIML template as XML 
-----------------------
28-04-2019 14:21:14.55161[2][4] - Elapsed time: 0.027 milliseconds
[parse_aiml_as_XML.php][add_text_tags][93]
Adding some TEXT tags into the template, just because I can... 
-----------------------
28-04-2019 14:21:14.55169[4][4] - Elapsed time: 0.076 milliseconds
[parse_aiml_as_XML.php][add_text_tags][120]
Returning template:
<template><text>SEM RESPOSTA</text></template> 
-----------------------
28-04-2019 14:21:14.55199[2][4] - Elapsed time: 0.300 milliseconds
[parse_aiml_as_XML.php][parseTemplateRecursive][201]
Recursively parsing the AIML template. 
-----------------------
28-04-2019 14:21:14.55209[4][4] - Elapsed time: 0.098 milliseconds
[parse_aiml_as_XML.php][parseTemplateRecursive][214]
Processing element template at level 0. element XML = <?xml version="1.0"?>
<template><text>SEM RESPOSTA</text></template>
 
-----------------------
28-04-2019 14:21:14.55211[4][4] - Elapsed time: 0.021 milliseconds
[parse_aiml_as_XML.php][parseTemplateRecursive][242]
function parse_template_tag does not exist. Parsing tag as text. 
-----------------------
28-04-2019 14:21:14.55213[2][4] - Elapsed time: 0.024 milliseconds
[parse_aiml_as_XML.php][parseTemplateRecursive][201]
Recursively parsing the AIML template. 
-----------------------
28-04-2019 14:21:14.55217[4][4] - Elapsed time: 0.033 milliseconds
[parse_aiml_as_XML.php][parseTemplateRecursive][214]
Processing element text at level 1. element XML = <text>SEM RESPOSTA</text> 
-----------------------
28-04-2019 14:21:14.55218[4][4] - Elapsed time: 0.016 milliseconds
[parse_aiml_as_XML.php][parseTemplateRecursive][225]
Function parse_text_tag does exist. Processing now. 
-----------------------
28-04-2019 14:21:14.55219[4][4] - Elapsed time: 0.012 milliseconds
[parse_aiml_as_XML.php][parseTemplateRecursive][229]
Passing element text to the parse_text_tag function 
-----------------------
28-04-2019 14:21:14.55221[2][4] - Elapsed time: 0.012 milliseconds
[parse_aiml_as_XML.php][parse_text_tag][281]
Parsing a TEXT tag. 
-----------------------
28-04-2019 14:21:14.55222[4][4] - Elapsed time: 0.013 milliseconds
[parse_aiml_as_XML.php][parseTemplateRecursive][234]
Adding 'SEM RESPOSTA' to the response array. tag name is text 
-----------------------
28-04-2019 14:21:14.55223[2][4] - Elapsed time: 0.014 milliseconds
[parse_aiml_as_XML.php][implode_recursive][137]
Imploding an array into a string. (recursively, if necessary) 
-----------------------
28-04-2019 14:21:14.55224[2][4] - Elapsed time: 0.013 milliseconds
[parse_aiml_as_XML.php][implode_recursive][138]
Input: Array
(
    [0] => SEM RESPOSTA
)

 
-----------------------
28-04-2019 14:21:14.55226[4][4] - Elapsed time: 0.011 milliseconds
[parse_aiml_as_XML.php][implode_recursive][155]
The variable $input is of type array 
-----------------------
28-04-2019 14:21:14.55227[4][4] - Elapsed time: 0.015 milliseconds
[parse_aiml_as_XML.php][implode_recursive][185]
Imploding complete. Returning 'SEM RESPOSTA' 
-----------------------
28-04-2019 14:21:14.55228[4][4] - Elapsed time: 0.012 milliseconds
[parse_aiml_as_XML.php][parseTemplateRecursive][262]
Adding 'SEM RESPOSTA' to the response array. tag name is template. 
-----------------------
28-04-2019 14:21:14.55230[2][4] - Elapsed time: 0.020 milliseconds
[parse_aiml_as_XML.php][implode_recursive][137]
Imploding an array into a string. (recursively, if necessary) 
-----------------------
28-04-2019 14:21:14.55232[2][4] - Elapsed time: 0.013 milliseconds
[parse_aiml_as_XML.php][implode_recursive][138]
Input: Array
(
    [0] => SEM RESPOSTA
)

 
-----------------------
28-04-2019 14:21:14.55233[4][4] - Elapsed time: 0.011 milliseconds
[parse_aiml_as_XML.php][implode_recursive][155]
The variable $input is of type array 
-----------------------
28-04-2019 14:21:14.55234[4][4] - Elapsed time: 0.012 milliseconds
[parse_aiml_as_XML.php][implode_recursive][185]
Imploding complete. Returning 'SEM RESPOSTA' 
-----------------------
28-04-2019 14:21:14.55236[4][4] - Elapsed time: 0.016 milliseconds
[parse_aiml_as_XML.php][parse_aiml_as_XML][47]
Completed parsing the template. The bot will say: SEM RESPOSTA 
-----------------------
28-04-2019 14:21:14.55237[4][4] - Elapsed time: 0.017 milliseconds
[parse_aiml.php][parse_matched_aiml][227]
normal - Saving for next turn 
-----------------------
28-04-2019 14:21:14.55238[4][4] - Elapsed time: 0.012 milliseconds
[parse_aiml.php][save_for_nextturn][271]
Saving that and that_raw for next turn 
-----------------------
28-04-2019 14:21:14.55240[2][4] - Elapsed time: 0.016 milliseconds
[intialise_conversation.php][push_on_front_convoArr][226]
Pushing 'SEM RESPOSTA' to the front of the [that_raw] array 
-----------------------
28-04-2019 14:21:14.55242[4][4] - Elapsed time: 0.020 milliseconds
[intialise_conversation.php][load_blank_array_element][62]
Loading blank that_raw array 
-----------------------
28-04-2019 14:21:14.55246[2][4] - Elapsed time: 0.036 milliseconds
[intialise_conversation.php][push_on_front_convoArr][226]
Pushing 'SEM RESPOSTA' to the front of the [that] array 
-----------------------
28-04-2019 14:21:14.55248[4][4] - Elapsed time: 0.022 milliseconds
[parse_aiml.php][clean_that][251]
Cleaning up the ~THAT~ tag: 'SEM RESPOSTA' 
-----------------------
28-04-2019 14:21:14.55249[4][4] - Elapsed time: 0.014 milliseconds
[misc_functions.php][normalize_text][125]
Begin normalization - text = 'SEM RESPOSTA' 
-----------------------
28-04-2019 14:21:14.55252[4][4] - Elapsed time: 0.031 milliseconds
[misc_functions.php][normalize_text][150]
Normalization complete. Text = 'SEM RESPOSTA' 
-----------------------
28-04-2019 14:21:14.55254[4][4] - Elapsed time: 0.013 milliseconds
[parse_aiml.php][clean_that][258]
Cleaning Complete. output = 'SEM RESPOSTA' 
-----------------------
28-04-2019 14:21:14.55256[2][4] - Elapsed time: 0.023 milliseconds
[intialise_conversation.php][push_on_front_convoArr][226]
Pushing 'SEM RESPOSTA' to the front of the [parsed_template] array 
-----------------------
28-04-2019 14:21:14.55258[4][4] - Elapsed time: 0.016 milliseconds
[intialise_conversation.php][load_blank_array_element][62]
Loading blank parsed_template array 
-----------------------
28-04-2019 14:21:14.55259[2][4] - Elapsed time: 0.020 milliseconds
[intialise_conversation.php][push_on_front_convoArr][226]
Pushing 'SEM RESPOSTA' to the front of the [template] array 
-----------------------
28-04-2019 14:21:14.55262[4][4] - Elapsed time: 0.024 milliseconds
[intialise_conversation.php][load_blank_array_element][62]
Loading blank template array 
-----------------------
28-04-2019 14:21:14.55266[2][4] - Elapsed time: 0.038 milliseconds
[intialise_conversation.php][log_conversation][403]
Saving the conversation to the DB. 
-----------------------
28-04-2019 14:21:14.55268[3][4] - Elapsed time: 0.027 milliseconds
[intialise_conversation.php][log_conversation][442]
Saving conservation SQL: INSERT INTO `devncom_ia_golden`.`conversation_log` (
      `id` ,
      `input` ,
      `response` ,
      `user_id` ,
      `convo_id` ,
      `bot_id` ,
      `timestamp`
    )
    VALUES (
      NULL ,
      'Imagina.Obrigada',
      'SEM RESPOSTA',
      988,
      554196454066,
      1,
      CURRENT_TIMESTAMP
    ) 
-----------------------
28-04-2019 14:21:14.60432[4][4] - Elapsed time: 51.639 milliseconds
[intialise_conversation.php][write_to_session][140]
Saving to session 
-----------------------
28-04-2019 14:21:14.60454[3][4] - Elapsed time: 0.220 milliseconds
[display_conversation.php][get_conversation_to_display][59]
get_conversation SQL: SELECT * FROM `devncom_ia_golden`.`conversation_log` WHERE
        `user_id` = :user_id
        AND `bot_id` = :bot_id
        AND `convo_id` = :convo_id
        ORDER BY id DESC  LIMIT 1 
-----------------------
28-04-2019 14:21:14.60473[2][4] - Elapsed time: 0.191 milliseconds
[display_conversation.php][get_conversation_to_display][77]
Found '1' lines of conversation 
-----------------------
28-04-2019 14:21:14.60476[4][4] - Elapsed time: 0.023 milliseconds
[display_conversation.php][get_conversation][92]
Processing conversation as html 
-----------------------
28-04-2019 14:21:14.60478[4][4] - Elapsed time: 0.026 milliseconds
[display_conversation.php][get_html][135]
Returning HTML 
-----------------------
28-04-2019 14:21:14.60573[2][4] - Elapsed time: 0.944 milliseconds
[conversation_start.php][Called outside of function][297]
Closing Database 
-----------------------
28-04-2019 14:21:14.60576[0][4] - Elapsed time: 0.036 milliseconds
[conversation_start.php][Called outside of function][303]
Conversation Ending. Elapsed time: 113.644 milliseconds. 
-----------------------
Debug Level: 4
-----------------------
Debug Mode: 1
-----------------------
CONVERSATION ARRAY
-----------------------
Array
(
    [say] => Imagina.Obrigada
    [conversation] => Array
        (
            [convo_id] => 554196454066
            [bot_name] => Net Bot
            [bot_id] => 1
            [format] => html
            [unknown_user] => Entrou
            [user_name] => Entrou
            [user_id] => 988
            [totallines] => 1
            [rawSay] => Imagina.Obrigada
            [conversation_lines] => 1
            [remember_up_to] => 10
            [debugemail] => contato@devn1.com.br
            [debug_level] => 4
            [debugmode] => 1
            [save_state] => database
            [default_aiml_pattern] => LINHA DE RECOLHA ALEATÓRIA2
            [bot_parent_id] => 1
            [aimlData] => Array
                (
                    [aiml_id] => -1
                    [bot_id] => 1
                    [pattern] => no results
                    [thatpattern] => 
                    [template] => SEM RESPOSTA
                    [topic] => 
                    [score] => 261
                    [track_score] => current bot (250 points), no thatpattern to match (1 point), common word match: no (1 points), uncommon word match: results (8 points)
                )

        )

    [aiml] => Array
        (
            [user_raw] => Imagina.Obrigada
            [lookingfor] => IMAGINA OBRIGADA
            [pattern] => no results
            [thatpattern] => 
            [template] => SEM RESPOSTA
            [html_template] => 
            [topic] => 
            [score] => 261
            [aiml_id] => -1
            [stars] => Array
                (
                )

            [that_stars] => Array
                (
                    [1] => 
                )

            [topic_stars] => Array
                (
                )

            [parsed_template] => SEM RESPOSTA
        )

    [client_properties] => Array
        (
            [ip_address] => 35.231.184.231
            [name] => Entrou
        )

    [raw_that] => Array
        (
            [1] => Array
                (
                    [0] => Seu nome foi removido de nossa lista, desculpe o inconveniente
                    [1] => 
                )

        )

    [that] => Array
        (
            [1] => Array
                (
                    [1] => SEM RESPOSTA
                )

            [2] => Array
                (
                    [1] => SEU NOME FOI REMOVIDO DE NOSSA LISTA DESCULPE O INCONVENIENTE
                )

            [3] => 
            [4] => 
            [5] => 
            [6] => 
            [7] => 
            [8] => 
            [9] => 
            [10] => 
            [12] => 
        )

    [input] => Array
        (
            [1] => Imagina.Obrigada
            [2] => SAIR
            [3] => 
            [4] => 
            [5] => 
            [6] => 
            [7] => 
            [8] => 
            [9] => 
            [10] => 
        )

    [time_start] => 1556472074.4921
    [user_say] => Array
        (
            [1] => IMAGINA OBRIGADA
            [2] => 
            [3] => 
            [4] => 
            [5] => 
            [6] => 
            [7] => 
            [8] => 
            [9] => 
            [10] => 
        )

    [that_raw] => Array
        (
            [1] => Array
                (
                    [1] => 
                    [2] => SEM RESPOSTA
                )

            [2] => 
            [3] => 
            [4] => 
            [5] => 
            [6] => 
            [7] => 
            [8] => 
            [9] => 
            [10] => 
            [12] => 
        )

    [parsed_template] => Array
        (
            [1] => SEM RESPOSTA
            [2] => 
            [3] => 
            [4] => 
            [5] => 
            [6] => 
            [7] => 
            [8] => 
            [9] => 
            [10] => 
        )

    [template] => Array
        (
            [1] => SEM RESPOSTA
            [2] => 
            [3] => 
            [4] => 
            [5] => 
            [6] => 
            [7] => 
            [8] => 
            [9] => 
            [10] => 
        )

    [send_to_user] => <div class="usersay">Entrou: Imagina.Obrigada</div><div class="botsay">Net Bot: SEM RESPOSTA</div>
)

-----------------------
Total execution time: 113.644 Milliseconds. Goodbye.