11-04-2019 01:18:13.10552[0][4] - Elapsed time: 3.605 milliseconds
[conversation_start.php][Called outside of function][91]
Conversation starting. Current system specs:
Program O version:            2.6.11
Server Software:              Apache
PHP Version:                  5.6.40
OS:                           Linux
OS Version:                   #1 SMP Wed Sep 26 15:12:11 UTC 2018
MySQL Version:                5.7.25
Multi-byte functions enabled: true 
-----------------------
11-04-2019 01:18:13.10959[4][4] - Elapsed time: 4.071 milliseconds
[load_aimlfunctions.php][Called outside of function][16]
AIML function include files loaded 
-----------------------
11-04-2019 01:18:13.11134[4][4] - Elapsed time: 1.747 milliseconds
[load_convofunctions.php][Called outside of function][16]
Convofunction include files loaded 
-----------------------
11-04-2019 01:18:13.11165[4][4] - Elapsed time: 0.316 milliseconds
[load_userfunctions.php][Called outside of function][14]
userfunctions include files loaded 
-----------------------
11-04-2019 01:18:13.11318[4][4] - Elapsed time: 1.529 milliseconds
[load_addons.php][Called outside of function][19]
Loading addons 
-----------------------
11-04-2019 01:18:13.11321[4][4] - Elapsed time: 0.025 milliseconds
[conversation_start.php][Called outside of function][104]
Loaded all Includes 
-----------------------
11-04-2019 01:18:13.11341[0][4] - Elapsed time: 0.203 milliseconds
[conversation_start.php][Called outside of function][159]
Debug level: 4
session ID = 554196581452 
-----------------------
11-04-2019 01:18:13.11343[4][4] - Elapsed time: 0.021 milliseconds
[conversation_start.php][Called outside of function][162]
Conversation continuing. User said 'Sair'. 
-----------------------
11-04-2019 01:18:13.11350[4][4] - Elapsed time: 0.069 milliseconds
[intialise_conversation.php][read_from_session][155]
Reading from session 
-----------------------
11-04-2019 01:18:13.11353[4][4] - Elapsed time: 0.028 milliseconds
[intialise_conversation.php][load_default_bot_values][110]
Loading db bot personality properties 
-----------------------
11-04-2019 01:18:13.11356[3][4] - Elapsed time: 0.031 milliseconds
[intialise_conversation.php][load_default_bot_values][118]
load db bot personality values SQL: SELECT * FROM `devncom_ia_golden`.`botpersonality` WHERE `bot_id` = 1; 
-----------------------
11-04-2019 01:18:13.11384[4][4] - Elapsed time: 0.279 milliseconds
[intialise_conversation.php][check_set_convo_id][643]
Obtaining the convo id from form vars. Value: 554196581452 
-----------------------
11-04-2019 01:18:13.11386[2][4] - Elapsed time: 0.021 milliseconds
[intialise_conversation.php][check_set_bot][581]
Checking and/or setting the current bot. 
-----------------------
11-04-2019 01:18:13.11387[3][4] - Elapsed time: 0.014 milliseconds
[intialise_conversation.php][check_set_bot][599]
Making sure the bot exists. SQL = SELECT * FROM `devncom_ia_golden`.`bots` WHERE bot_id = 1 AND `bot_active` = 1; 
-----------------------
11-04-2019 01:18:13.11419[2][4] - Elapsed time: 0.316 milliseconds
[intialise_conversation.php][check_set_bot][616]
BOT ID: 1 
-----------------------
11-04-2019 01:18:13.11421[2][4] - Elapsed time: 0.017 milliseconds
[intialise_conversation.php][check_set_user][672]
Checking and setting the user info, as needed. 
-----------------------
11-04-2019 01:18:13.11462[2][4] - Elapsed time: 0.412 milliseconds
[handle_user.php][intisaliseUser][82]
Initializing user. 
-----------------------
11-04-2019 01:18:13.11485[3][4] - Elapsed time: 0.230 milliseconds
[handle_user.php][intisaliseUser][128]
intisaliseUser #754 SQL: INSERT INTO `users`
        (`id`, `user_name`, `session_id`, `bot_id`, `chatlines`,`ip`, `referer`, `browser`, `date_logged_on` , `last_update`    , `state`)
 VALUES (NULL, 'Entrou'  , 554196581452   , 1 , '0'        , '35.233.246.163', ''      , 'Mozilla/4.0 (compatible; MSIE 8.0; Windows NT 6.0)'      , CURRENT_TIMESTAMP, CURRENT_TIMESTAMP, ''     ); 
-----------------------
11-04-2019 01:18:13.11509[3][4] - Elapsed time: 0.245 milliseconds
[intialise_conversation.php][check_set_user][705]
Loading client properties from the DB - sql:
SELECT `name`, `value` FROM `devncom_ia_golden`.`client_properties` WHERE `user_id` = 754 AND `bot_id` = 1; 
-----------------------
11-04-2019 01:18:13.11596[2][4] - Elapsed time: 0.865 milliseconds
[spell_checker.php][run_spell_checker_say][36]
Starting function and setting timestamp. 
-----------------------
11-04-2019 01:18:13.11612[2][4] - Elapsed time: 0.156 milliseconds
[spell_checker.php][spell_check][60]
Preforming a spel chek on Sair. 
-----------------------
11-04-2019 01:18:13.11616[2][4] - Elapsed time: 0.049 milliseconds
[spell_checker.php][load_spelling_list][117]
Loading the spellcheck list from the DB. 
-----------------------
11-04-2019 01:18:13.11671[4][4] - Elapsed time: 0.550 milliseconds
[misc_functions.php][normalize_text][125]
Begin normalization - text = 'Sair' 
-----------------------
11-04-2019 01:18:13.11685[4][4] - Elapsed time: 0.135 milliseconds
[misc_functions.php][normalize_text][150]
Normalization complete. Text = 'SAIR' 
-----------------------
11-04-2019 01:18:13.11688[2][4] - Elapsed time: 0.027 milliseconds
[conversation_start.php][Called outside of function][237]
Details:
User say: SAIR
Convo id: 554196581452
Bot id: 1
Format: html 
-----------------------
11-04-2019 01:18:13.11691[4][4] - Elapsed time: 0.033 milliseconds
[intialise_conversation.php][check_set_format][752]
Using format: html 
-----------------------
11-04-2019 01:18:13.11693[2][4] - Elapsed time: 0.020 milliseconds
[intialise_conversation.php][load_that][769]
Loading the THAT array. 
-----------------------
11-04-2019 01:18:13.11695[3][4] - Elapsed time: 0.025 milliseconds
[intialise_conversation.php][load_that][784]
Getting conversation log entries for the current user. SQL:
SELECT `input`, `response` FROM `devncom_ia_golden`.`conversation_log` WHERE `user_id` = 754 AND `bot_id` = 1 ORDER BY `id` DESC limit 10; 
-----------------------
11-04-2019 01:18:13.12357[4][4] - Elapsed time: 6.617 milliseconds
[intialise_conversation.php][load_that][856]
Couldn't find any previous inputs or responses. 
-----------------------
11-04-2019 01:18:13.12498[2][4] - Elapsed time: 1.412 milliseconds
[intialise_conversation.php][load_bot_config][343]
Loading config data for the current bot. 
-----------------------
11-04-2019 01:18:13.12505[3][4] - Elapsed time: 0.063 milliseconds
[intialise_conversation.php][load_bot_config][352]
load bot config SQL: SELECT * FROM `devncom_ia_golden`.`bots` WHERE bot_id = 1; 
-----------------------
11-04-2019 01:18:13.12542[4][4] - Elapsed time: 0.378 milliseconds
[intialise_conversation.php][load_bot_config][357]
Loading bot details from the database. 
-----------------------
11-04-2019 01:18:13.12546[0][4] - Elapsed time: 0.037 milliseconds
[conversation_start.php][Called outside of function][257]
Default debug level = 4 
-----------------------
11-04-2019 01:18:13.12549[0][4] - Elapsed time: 0.031 milliseconds
[conversation_start.php][Called outside of function][259]
Current debug level = 4 
-----------------------
11-04-2019 01:18:13.12551[0][4] - Elapsed time: 0.022 milliseconds
[conversation_start.php][Called outside of function][272]
Say = SAIR: raw say = Sair 
-----------------------
11-04-2019 01:18:13.12553[4][4] - Elapsed time: 0.017 milliseconds
[intialise_conversation.php][add_new_conversation_vars][184]
New conversation vars 
-----------------------
11-04-2019 01:18:13.12555[2][4] - Elapsed time: 0.017 milliseconds
[intialise_conversation.php][push_on_front_convoArr][226]
Pushing 'SAIR' to the front of the [user_say] array 
-----------------------
11-04-2019 01:18:13.12559[4][4] - Elapsed time: 0.044 milliseconds
[intialise_conversation.php][load_blank_array_element][62]
Loading blank user_say array 
-----------------------
11-04-2019 01:18:13.12564[0][4] - Elapsed time: 0.045 milliseconds
[intialise_conversation.php][add_new_conversation_vars][188]
User RAW = Sair, RAW say = Sair 
-----------------------
11-04-2019 01:18:13.12567[2][4] - Elapsed time: 0.031 milliseconds
[intialise_conversation.php][push_on_front_convoArr][226]
Pushing 'Sair' to the front of the [input] array 
-----------------------
11-04-2019 01:18:13.12569[4][4] - Elapsed time: 0.026 milliseconds
[intialise_conversation.php][load_blank_array_element][62]
Loading blank input array 
-----------------------
11-04-2019 01:18:13.12572[4][4] - Elapsed time: 0.028 milliseconds
[make_conversation.php][make_conversation][22]
Making conversation 
-----------------------
11-04-2019 01:18:13.12574[4][4] - Elapsed time: 0.016 milliseconds
[misc_functions.php][normalize_text][125]
Begin normalization - text = 'SAIR' 
-----------------------
11-04-2019 01:18:13.12578[4][4] - Elapsed time: 0.042 milliseconds
[misc_functions.php][normalize_text][150]
Normalization complete. Text = 'SAIR' 
-----------------------
11-04-2019 01:18:13.12580[4][4] - Elapsed time: 0.021 milliseconds
[find_aiml.php][get_aiml_to_parse][909]
Running all functions to get the correct aiml from the DB 
-----------------------
11-04-2019 01:18:13.12653[4][4] - Elapsed time: 0.729 milliseconds
[find_aiml.php][find_userdefined_aiml][821]
Looking for user defined responses 
-----------------------
11-04-2019 01:18:13.12658[3][4] - Elapsed time: 0.050 milliseconds
[find_aiml.php][find_userdefined_aiml][870]
User defined SQL:
SELECT `id`, `bot_id`, `pattern`, `thatpattern`, `template` FROM `devncom_ia_golden`.`aiml_userdefined` WHERE
    `bot_id` = 1 AND
    `user_id` = 554196581452
    AND (
        'SAIR' LIKE (REPLACE(REPLACE(`pattern`, '*', '%'), '_', '%')))
   ORDER BY `id` ASC, `pattern` ASC, `thatpattern` ASC; 
-----------------------
11-04-2019 01:18:13.12686[2][4] - Elapsed time: 0.281 milliseconds
[find_aiml.php][find_userdefined_aiml][896]
User defined rows found: '0' 
-----------------------
11-04-2019 01:18:13.12688[4][4] - Elapsed time: 0.023 milliseconds
[find_aiml.php][find_aiml_matches][975]
Finding the aiml matches from the DB 
-----------------------
11-04-2019 01:18:13.12689[4][4] - Elapsed time: 0.011 milliseconds
[find_aiml.php][find_aiml_matches][981]
Bot ID = 1. Bot Parent ID = 1. 
-----------------------
11-04-2019 01:18:13.12735[4][4] - Elapsed time: 0.455 milliseconds
[find_aiml.php][find_aiml_matches][992]
Stored topic = '' 
-----------------------
11-04-2019 01:18:13.12738[3][4] - Elapsed time: 0.032 milliseconds
[find_aiml.php][find_aiml_matches][1052]
Core Match AIML sql:
SELECT `id`, `bot_id`, `pattern`, `thatpattern`, `topic`, `filename`, `template` FROM `devncom_ia_golden`.`aiml` WHERE
    bot_id = 1 AND (
        'SAIR' LIKE (REPLACE(REPLACE(`pattern`, '*', '%'), '_', '%'))
        OR `pattern` LIKE 'LINHA DE RECOLHA ALEATÓRIA2'
    )
    # ORDER BY `id` ASC, `topic` DESC, `pattern` ASC, `thatpattern` ASC; 
-----------------------
11-04-2019 01:18:13.12760[3][4] - Elapsed time: 0.219 milliseconds
[find_aiml.php][find_aiml_matches][1054]
Query Process time... 
-----------------------
11-04-2019 01:18:13.12762[2][4] - Elapsed time: 0.020 milliseconds
[find_aiml.php][find_aiml_matches][1061]
FOUND: (1) potential AIML matches 
-----------------------
11-04-2019 01:18:13.12810[4][4] - Elapsed time: 0.481 milliseconds
[find_aiml.php][unset_all_bad_pattern_matches][48]
NEW FUNC Searching through 1 rows to unset bad matches 
-----------------------
11-04-2019 01:18:13.12812[4][4] - Elapsed time: 0.016 milliseconds
[find_aiml.php][unset_all_bad_pattern_matches][62]
Blue 5 to Blue leader. Starting my run now! Looking for 'SAIR' 
-----------------------
11-04-2019 01:18:13.12818[4][4] - Elapsed time: 0.062 milliseconds
[find_aiml.php][unset_all_bad_pattern_matches][195]
Found 1 relevant rows 
-----------------------
11-04-2019 01:18:13.12819[4][4] - Elapsed time: 0.013 milliseconds
[find_aiml.php][score_matches][255]
Scoring the matches. 
-----------------------
11-04-2019 01:18:13.12885[4][4] - Elapsed time: 0.660 milliseconds
[find_aiml.php][score_matches][548]
Sorted array $allrows:
Array
(
    [0] => Array
        (
            [id] => 4567
            [bot_id] => 1
            [pattern] => *SAIR*
            [thatpattern] => 
            [topic] => 
            [filename] => admin_added.aiml
            [template] => Seu nome foi removido de nossa lista, desculpe o inconveniente.
            [score] => 259
            [current_that] => 
            [aiml_id] => 4567
            [track_score] => current bot (250 points), no thatpattern to match (1 point), uncommon word match: *sair* (8 points)
        )

)
 
-----------------------
11-04-2019 01:18:13.12890[2][4] - Elapsed time: 0.043 milliseconds
[find_aiml.php][get_highest_scoring_row][642]
Final candidates:

Array
(
    [0] => Array
        (
            [id] => 4567
            [bot_id] => 1
            [pattern] => *SAIR*
            [thatpattern] => 
            [topic] => 
            [filename] => admin_added.aiml
            [template] => Seu nome foi removido de nossa lista, desculpe o inconveniente.
            [score] => 259
            [current_that] => 
            [aiml_id] => 4567
            [track_score] => current bot (250 points), no thatpattern to match (1 point), uncommon word match: *sair* (8 points)
        )

)

 
-----------------------
11-04-2019 01:18:13.12969[4][4] - Elapsed time: 0.797 milliseconds
[find_aiml.php][get_highest_scoring_row][697]
Best Response: Array
(
    [id] => 4567
    [bot_id] => 1
    [pattern] => *SAIR*
    [thatpattern] => 
    [topic] => 
    [filename] => admin_added.aiml
    [template] => Seu nome foi removido de nossa lista, desculpe o inconveniente.
    [score] => 259
    [current_that] => 
    [aiml_id] => 4567
    [track_score] => current bot (250 points), no thatpattern to match (1 point), uncommon word match: *sair* (8 points)
)
 
-----------------------
11-04-2019 01:18:13.12971[2][4] - Elapsed time: 0.017 milliseconds
[find_aiml.php][get_highest_scoring_row][698]
No results found, so none to pick from. 
-----------------------
11-04-2019 01:18:13.12980[4][4] - Elapsed time: 0.085 milliseconds
[find_aiml.php][get_aiml_to_parse][960]
Will be parsing id:4567 (*SAIR*) 
-----------------------
11-04-2019 01:18:13.12981[3][4] - Elapsed time: 0.015 milliseconds
[parse_aiml.php][parse_matched_aiml][213]
Run the aiml parse in normal mode (normal or srai) 
-----------------------
11-04-2019 01:18:13.12982[2][4] - Elapsed time: 0.014 milliseconds
[parse_aiml.php][set_wildcards][297]
Setting Wildcards. Pattern = '*SAIR*' 
-----------------------
11-04-2019 01:18:13.12984[2][4] - Elapsed time: 0.012 milliseconds
[parse_aiml.php][set_wildcards][306]
We have pattern stars to process! 
-----------------------
11-04-2019 01:18:13.12985[2][4] - Elapsed time: 0.010 milliseconds
[parse_aiml.php][set_wildcards][310]
RegEx string = ~(.+)SAIR(.+)$~siuU: Searching Sair for a match. 
-----------------------
11-04-2019 01:18:13.12987[2][4] - Elapsed time: 0.021 milliseconds
[parse_aiml.php][set_wildcards][324]
Something is not right here. 
-----------------------
11-04-2019 01:18:13.12988[4][4] - Elapsed time: 0.009 milliseconds
[parse_aiml.php][set_wildcards][329]
Checking for wildcards in pattern-side THAT 
-----------------------
11-04-2019 01:18:13.12989[4][4] - Elapsed time: 0.013 milliseconds
[parse_aiml.php][set_wildcards][361]
Checking for wildcards in pattern-side TOPIC 
-----------------------
11-04-2019 01:18:13.12992[2][4] - Elapsed time: 0.028 milliseconds
[parse_aiml.php][set_wildcards][394]
AIML array now = Array
(
    [aiml_id] => 4567
    [category_id] => 4567
    [html_template] => 
    [lookingfor] => SAIR
    [pattern] => *SAIR*
    [score] => 259
    [stars] => Array
        (
        )

    [template] => Seu nome foi removido de nossa lista, desculpe o inconveniente.
    [thatpattern] => 
    [that_stars] => Array
        (
            [1] => 
        )

    [topic] => 
    [topic_stars] => Array
        (
        )

    [user_raw] => Sair
)
 
-----------------------
11-04-2019 01:18:13.12993[2][4] - Elapsed time: 0.015 milliseconds
[parse_aiml_as_XML.php][parse_aiml_as_XML][22]
Parsing the AIML template as XML 
-----------------------
11-04-2019 01:18:13.12994[2][4] - Elapsed time: 0.012 milliseconds
[parse_aiml_as_XML.php][add_text_tags][93]
Adding some TEXT tags into the template, just because I can... 
-----------------------
11-04-2019 01:18:13.12998[4][4] - Elapsed time: 0.035 milliseconds
[parse_aiml_as_XML.php][add_text_tags][120]
Returning template:
<template><text>Seu nome foi removido de nossa lista, desculpe o inconveniente.</text></template> 
-----------------------
11-04-2019 01:18:13.13020[2][4] - Elapsed time: 0.224 milliseconds
[parse_aiml_as_XML.php][parseTemplateRecursive][201]
Recursively parsing the AIML template. 
-----------------------
11-04-2019 01:18:13.13029[4][4] - Elapsed time: 0.090 milliseconds
[parse_aiml_as_XML.php][parseTemplateRecursive][214]
Processing element template at level 0. element XML = <?xml version="1.0"?>
<template><text>Seu nome foi removido de nossa lista, desculpe o inconveniente.</text></template>
 
-----------------------
11-04-2019 01:18:13.13031[4][4] - Elapsed time: 0.016 milliseconds
[parse_aiml_as_XML.php][parseTemplateRecursive][242]
function parse_template_tag does not exist. Parsing tag as text. 
-----------------------
11-04-2019 01:18:13.13033[2][4] - Elapsed time: 0.020 milliseconds
[parse_aiml_as_XML.php][parseTemplateRecursive][201]
Recursively parsing the AIML template. 
-----------------------
11-04-2019 01:18:13.13036[4][4] - Elapsed time: 0.033 milliseconds
[parse_aiml_as_XML.php][parseTemplateRecursive][214]
Processing element text at level 1. element XML = <text>Seu nome foi removido de nossa lista, desculpe o inconveniente.</text> 
-----------------------
11-04-2019 01:18:13.13038[4][4] - Elapsed time: 0.015 milliseconds
[parse_aiml_as_XML.php][parseTemplateRecursive][225]
Function parse_text_tag does exist. Processing now. 
-----------------------
11-04-2019 01:18:13.13039[4][4] - Elapsed time: 0.011 milliseconds
[parse_aiml_as_XML.php][parseTemplateRecursive][229]
Passing element text to the parse_text_tag function 
-----------------------
11-04-2019 01:18:13.13040[2][4] - Elapsed time: 0.010 milliseconds
[parse_aiml_as_XML.php][parse_text_tag][281]
Parsing a TEXT tag. 
-----------------------
11-04-2019 01:18:13.13041[4][4] - Elapsed time: 0.012 milliseconds
[parse_aiml_as_XML.php][parseTemplateRecursive][234]
Adding 'Seu nome foi removido de nossa lista, desculpe o inconveniente.' to the response array. tag name is text 
-----------------------
11-04-2019 01:18:13.13042[2][4] - Elapsed time: 0.013 milliseconds
[parse_aiml_as_XML.php][implode_recursive][137]
Imploding an array into a string. (recursively, if necessary) 
-----------------------
11-04-2019 01:18:13.13044[2][4] - Elapsed time: 0.014 milliseconds
[parse_aiml_as_XML.php][implode_recursive][138]
Input: Array
(
    [0] => Seu nome foi removido de nossa lista, desculpe o inconveniente.
)

 
-----------------------
11-04-2019 01:18:13.13045[4][4] - Elapsed time: 0.011 milliseconds
[parse_aiml_as_XML.php][implode_recursive][155]
The variable $input is of type array 
-----------------------
11-04-2019 01:18:13.13046[4][4] - Elapsed time: 0.012 milliseconds
[parse_aiml_as_XML.php][implode_recursive][185]
Imploding complete. Returning 'Seu nome foi removido de nossa lista, desculpe o inconveniente.' 
-----------------------
11-04-2019 01:18:13.13047[4][4] - Elapsed time: 0.012 milliseconds
[parse_aiml_as_XML.php][parseTemplateRecursive][262]
Adding 'Seu nome foi removido de nossa lista, desculpe o inconveniente.' to the response array. tag name is template. 
-----------------------
11-04-2019 01:18:13.13049[2][4] - Elapsed time: 0.015 milliseconds
[parse_aiml_as_XML.php][implode_recursive][137]
Imploding an array into a string. (recursively, if necessary) 
-----------------------
11-04-2019 01:18:13.13050[2][4] - Elapsed time: 0.014 milliseconds
[parse_aiml_as_XML.php][implode_recursive][138]
Input: Array
(
    [0] => Seu nome foi removido de nossa lista, desculpe o inconveniente.
)

 
-----------------------
11-04-2019 01:18:13.13052[4][4] - Elapsed time: 0.014 milliseconds
[parse_aiml_as_XML.php][implode_recursive][155]
The variable $input is of type array 
-----------------------
11-04-2019 01:18:13.13053[4][4] - Elapsed time: 0.020 milliseconds
[parse_aiml_as_XML.php][implode_recursive][185]
Imploding complete. Returning 'Seu nome foi removido de nossa lista, desculpe o inconveniente.' 
-----------------------
11-04-2019 01:18:13.13056[4][4] - Elapsed time: 0.021 milliseconds
[parse_aiml_as_XML.php][parse_aiml_as_XML][47]
Completed parsing the template. The bot will say: Seu nome foi removido de nossa lista, desculpe o inconveniente. 
-----------------------
11-04-2019 01:18:13.13057[4][4] - Elapsed time: 0.019 milliseconds
[parse_aiml.php][parse_matched_aiml][227]
normal - Saving for next turn 
-----------------------
11-04-2019 01:18:13.13059[4][4] - Elapsed time: 0.011 milliseconds
[parse_aiml.php][save_for_nextturn][271]
Saving that and that_raw for next turn 
-----------------------
11-04-2019 01:18:13.13060[2][4] - Elapsed time: 0.011 milliseconds
[intialise_conversation.php][push_on_front_convoArr][226]
Pushing 'Seu nome foi removido de nossa lista, desculpe o inconveniente.' to the front of the [that_raw] array 
-----------------------
11-04-2019 01:18:13.13062[4][4] - Elapsed time: 0.019 milliseconds
[intialise_conversation.php][load_blank_array_element][62]
Loading blank that_raw array 
-----------------------
11-04-2019 01:18:13.13067[2][4] - Elapsed time: 0.056 milliseconds
[intialise_conversation.php][push_on_front_convoArr][226]
Pushing 'Seu nome foi removido de nossa lista, desculpe o inconveniente.' to the front of the [that] array 
-----------------------
11-04-2019 01:18:13.13069[4][4] - Elapsed time: 0.019 milliseconds
[intialise_conversation.php][load_blank_array_element][62]
Loading blank that array 
-----------------------
11-04-2019 01:18:13.13071[4][4] - Elapsed time: 0.021 milliseconds
[parse_aiml.php][clean_that][251]
Cleaning up the ~THAT~ tag: 'Seu nome foi removido de nossa lista, desculpe o inconveniente.' 
-----------------------
11-04-2019 01:18:13.13073[4][4] - Elapsed time: 0.014 milliseconds
[misc_functions.php][normalize_text][125]
Begin normalization - text = 'Seu nome foi removido de nossa lista, desculpe o inconveniente.' 
-----------------------
11-04-2019 01:18:13.13076[4][4] - Elapsed time: 0.034 milliseconds
[misc_functions.php][normalize_text][150]
Normalization complete. Text = 'SEU NOME FOI REMOVIDO DE NOSSA LISTA DESCULPE O INCONVENIENTE' 
-----------------------
11-04-2019 01:18:13.13077[4][4] - Elapsed time: 0.012 milliseconds
[parse_aiml.php][clean_that][258]
Cleaning Complete. output = 'SEU NOME FOI REMOVIDO DE NOSSA LISTA DESCULPE O INCONVENIENTE' 
-----------------------
11-04-2019 01:18:13.13079[2][4] - Elapsed time: 0.017 milliseconds
[intialise_conversation.php][push_on_front_convoArr][226]
Pushing 'Seu nome foi removido de nossa lista, desculpe o inconveniente.' to the front of the [parsed_template] array 
-----------------------
11-04-2019 01:18:13.13081[4][4] - Elapsed time: 0.017 milliseconds
[intialise_conversation.php][load_blank_array_element][62]
Loading blank parsed_template array 
-----------------------
11-04-2019 01:18:13.13082[2][4] - Elapsed time: 0.018 milliseconds
[intialise_conversation.php][push_on_front_convoArr][226]
Pushing 'Seu nome foi removido de nossa lista, desculpe o inconveniente.' to the front of the [template] array 
-----------------------
11-04-2019 01:18:13.13084[4][4] - Elapsed time: 0.016 milliseconds
[intialise_conversation.php][load_blank_array_element][62]
Loading blank template array 
-----------------------
11-04-2019 01:18:13.13086[2][4] - Elapsed time: 0.023 milliseconds
[intialise_conversation.php][log_conversation][403]
Saving the conversation to the DB. 
-----------------------
11-04-2019 01:18:13.13089[3][4] - Elapsed time: 0.023 milliseconds
[intialise_conversation.php][log_conversation][442]
Saving conservation SQL: INSERT INTO `devncom_ia_golden`.`conversation_log` (
      `id` ,
      `input` ,
      `response` ,
      `user_id` ,
      `convo_id` ,
      `bot_id` ,
      `timestamp`
    )
    VALUES (
      NULL ,
      'Sair',
      'Seu nome foi removido de nossa lista, desculpe o inconveniente.',
      754,
      554196581452,
      1,
      CURRENT_TIMESTAMP
    ) 
-----------------------
11-04-2019 01:18:13.13713[4][4] - Elapsed time: 6.248 milliseconds
[intialise_conversation.php][write_to_session][140]
Saving to session 
-----------------------
11-04-2019 01:18:13.13738[3][4] - Elapsed time: 0.243 milliseconds
[display_conversation.php][get_conversation_to_display][59]
get_conversation SQL: SELECT * FROM `devncom_ia_golden`.`conversation_log` WHERE
        `user_id` = :user_id
        AND `bot_id` = :bot_id
        AND `convo_id` = :convo_id
        ORDER BY id DESC  LIMIT 1 
-----------------------
11-04-2019 01:18:13.13759[2][4] - Elapsed time: 0.211 milliseconds
[display_conversation.php][get_conversation_to_display][77]
Found '1' lines of conversation 
-----------------------
11-04-2019 01:18:13.13761[4][4] - Elapsed time: 0.026 milliseconds
[display_conversation.php][get_conversation][92]
Processing conversation as html 
-----------------------
11-04-2019 01:18:13.13764[4][4] - Elapsed time: 0.030 milliseconds
[display_conversation.php][get_html][135]
Returning HTML 
-----------------------
11-04-2019 01:18:13.13871[2][4] - Elapsed time: 1.068 milliseconds
[conversation_start.php][Called outside of function][297]
Closing Database 
-----------------------
11-04-2019 01:18:13.13875[0][4] - Elapsed time: 0.042 milliseconds
[conversation_start.php][Called outside of function][303]
Conversation Ending. Elapsed time: 36.820 milliseconds. 
-----------------------
Debug Level: 4
-----------------------
Debug Mode: 1
-----------------------
CONVERSATION ARRAY
-----------------------
Array
(
    [say] => Sair
    [conversation] => Array
        (
            [convo_id] => 554196581452
            [bot_name] => Net Bot
            [bot_id] => 1
            [format] => html
            [unknown_user] => Entrou
            [user_id] => 754
            [totallines] => 1
            [user_name] => Entrou
            [rawSay] => Sair
            [conversation_lines] => 1
            [remember_up_to] => 10
            [debugemail] => contato@devn1.com.br
            [debug_level] => 4
            [debugmode] => 1
            [save_state] => database
            [default_aiml_pattern] => LINHA DE RECOLHA ALEATÓRIA2
            [bot_parent_id] => 1
            [aimlData] => Array
                (
                    [id] => 4567
                    [bot_id] => 1
                    [pattern] => *SAIR*
                    [thatpattern] => 
                    [topic] => 
                    [filename] => admin_added.aiml
                    [template] => Seu nome foi removido de nossa lista, desculpe o inconveniente.
                    [score] => 259
                    [current_that] => 
                    [aiml_id] => 4567
                    [track_score] => current bot (250 points), no thatpattern to match (1 point), uncommon word match: *sair* (8 points)
                )

        )

    [aiml] => Array
        (
            [user_raw] => Sair
            [lookingfor] => SAIR
            [category_id] => 4567
            [pattern] => *SAIR*
            [thatpattern] => 
            [template] => Seu nome foi removido de nossa lista, desculpe o inconveniente.
            [html_template] => 
            [topic] => 
            [score] => 259
            [aiml_id] => 4567
            [stars] => Array
                (
                )

            [that_stars] => Array
                (
                    [1] => 
                )

            [topic_stars] => Array
                (
                )

            [parsed_template] => Seu nome foi removido de nossa lista, desculpe o inconveniente.
        )

    [client_properties] => Array
        (
            [ip_address] => 35.233.246.163
            [name] => Entrou
        )

    [time_start] => 1554956293.1019
    [user_say] => Array
        (
            [1] => SAIR
            [2] => 
            [3] => 
            [4] => 
            [5] => 
            [6] => 
            [7] => 
            [8] => 
            [9] => 
            [10] => 
        )

    [input] => Array
        (
            [1] => Sair
            [2] => 
            [3] => 
            [4] => 
            [5] => 
            [6] => 
            [7] => 
            [8] => 
            [9] => 
            [10] => 
        )

    [that_raw] => Array
        (
            [1] => Array
                (
                    [1] => 
                    [2] => Seu nome foi removido de nossa lista, desculpe o inconveniente.
                )

            [2] => 
            [3] => 
            [4] => 
            [5] => 
            [6] => 
            [7] => 
            [8] => 
            [9] => 
            [10] => 
            [12] => 
        )

    [that] => Array
        (
            [1] => Array
                (
                    [1] => SEU NOME FOI REMOVIDO DE NOSSA LISTA DESCULPE O INCONVENIENTE
                )

            [2] => 
            [3] => 
            [4] => 
            [5] => 
            [6] => 
            [7] => 
            [8] => 
            [9] => 
            [10] => 
            [12] => 
        )

    [parsed_template] => Array
        (
            [1] => Seu nome foi removido de nossa lista, desculpe o inconveniente.
            [2] => 
            [3] => 
            [4] => 
            [5] => 
            [6] => 
            [7] => 
            [8] => 
            [9] => 
            [10] => 
        )

    [template] => Array
        (
            [1] => Seu nome foi removido de nossa lista, desculpe o inconveniente.
            [2] => 
            [3] => 
            [4] => 
            [5] => 
            [6] => 
            [7] => 
            [8] => 
            [9] => 
            [10] => 
        )

    [send_to_user] => <div class="usersay">Entrou: Sair</div><div class="botsay">Net Bot: Seu nome foi removido de nossa lista, desculpe o inconveniente.</div>
)

-----------------------
Total execution time: 36.820 Milliseconds. Goodbye.