03-05-2019 19:02:38.42320[0][4] - Elapsed time: 3.719 milliseconds
[conversation_start.php][Called outside of function][91]
Conversation starting. Current system specs:
Program O version:            2.6.11
Server Software:              Apache
PHP Version:                  5.6.40
OS:                           Linux
OS Version:                   #1 SMP Wed Sep 26 15:12:11 UTC 2018
MySQL Version:                5.7.26
Multi-byte functions enabled: true 
-----------------------
03-05-2019 19:02:38.42955[4][4] - Elapsed time: 6.348 milliseconds
[load_aimlfunctions.php][Called outside of function][16]
AIML function include files loaded 
-----------------------
03-05-2019 19:02:38.43162[4][4] - Elapsed time: 2.077 milliseconds
[load_convofunctions.php][Called outside of function][16]
Convofunction include files loaded 
-----------------------
03-05-2019 19:02:38.43197[4][4] - Elapsed time: 0.345 milliseconds
[load_userfunctions.php][Called outside of function][14]
userfunctions include files loaded 
-----------------------
03-05-2019 19:02:38.43375[4][4] - Elapsed time: 1.778 milliseconds
[load_addons.php][Called outside of function][19]
Loading addons 
-----------------------
03-05-2019 19:02:38.43378[4][4] - Elapsed time: 0.028 milliseconds
[conversation_start.php][Called outside of function][104]
Loaded all Includes 
-----------------------
03-05-2019 19:02:38.43400[0][4] - Elapsed time: 0.222 milliseconds
[conversation_start.php][Called outside of function][159]
Debug level: 4
session ID = 554699095962 
-----------------------
03-05-2019 19:02:38.43402[4][4] - Elapsed time: 0.023 milliseconds
[conversation_start.php][Called outside of function][162]
Conversation continuing. User said 'Sair'. 
-----------------------
03-05-2019 19:02:38.43410[4][4] - Elapsed time: 0.083 milliseconds
[intialise_conversation.php][read_from_session][155]
Reading from session 
-----------------------
03-05-2019 19:02:38.43414[4][4] - Elapsed time: 0.035 milliseconds
[intialise_conversation.php][load_default_bot_values][110]
Loading db bot personality properties 
-----------------------
03-05-2019 19:02:38.43417[3][4] - Elapsed time: 0.034 milliseconds
[intialise_conversation.php][load_default_bot_values][118]
load db bot personality values SQL: SELECT * FROM `devncom_ia_golden`.`botpersonality` WHERE `bot_id` = 1; 
-----------------------
03-05-2019 19:02:38.43454[4][4] - Elapsed time: 0.365 milliseconds
[intialise_conversation.php][check_set_convo_id][643]
Obtaining the convo id from form vars. Value: 554699095962 
-----------------------
03-05-2019 19:02:38.43457[2][4] - Elapsed time: 0.034 milliseconds
[intialise_conversation.php][check_set_bot][581]
Checking and/or setting the current bot. 
-----------------------
03-05-2019 19:02:38.43460[3][4] - Elapsed time: 0.025 milliseconds
[intialise_conversation.php][check_set_bot][599]
Making sure the bot exists. SQL = SELECT * FROM `devncom_ia_golden`.`bots` WHERE bot_id = 1 AND `bot_active` = 1; 
-----------------------
03-05-2019 19:02:38.43486[2][4] - Elapsed time: 0.268 milliseconds
[intialise_conversation.php][check_set_bot][616]
BOT ID: 1 
-----------------------
03-05-2019 19:02:38.43490[2][4] - Elapsed time: 0.031 milliseconds
[intialise_conversation.php][check_set_user][672]
Checking and setting the user info, as needed. 
-----------------------
03-05-2019 19:02:38.43569[2][4] - Elapsed time: 0.795 milliseconds
[handle_user.php][intisaliseUser][82]
Initializing user. 
-----------------------
03-05-2019 19:02:38.43598[3][4] - Elapsed time: 0.289 milliseconds
[handle_user.php][intisaliseUser][128]
intisaliseUser #1068 SQL: INSERT INTO `users`
        (`id`, `user_name`, `session_id`, `bot_id`, `chatlines`,`ip`, `referer`, `browser`, `date_logged_on` , `last_update`    , `state`)
 VALUES (NULL, 'Entrou'  , 554699095962   , 1 , '0'        , '34.83.239.179', ''      , 'Mozilla/4.0 (compatible; MSIE 8.0; Windows NT 6.0)'      , CURRENT_TIMESTAMP, CURRENT_TIMESTAMP, ''     ); 
-----------------------
03-05-2019 19:02:38.43928[3][4] - Elapsed time: 3.296 milliseconds
[intialise_conversation.php][check_set_user][705]
Loading client properties from the DB - sql:
SELECT `name`, `value` FROM `devncom_ia_golden`.`client_properties` WHERE `user_id` = 1068 AND `bot_id` = 1; 
-----------------------
03-05-2019 19:02:38.46849[2][4] - Elapsed time: 29.219 milliseconds
[spell_checker.php][run_spell_checker_say][36]
Starting function and setting timestamp. 
-----------------------
03-05-2019 19:02:38.46855[2][4] - Elapsed time: 0.059 milliseconds
[spell_checker.php][spell_check][60]
Preforming a spel chek on Sair. 
-----------------------
03-05-2019 19:02:38.46858[2][4] - Elapsed time: 0.028 milliseconds
[spell_checker.php][load_spelling_list][117]
Loading the spellcheck list from the DB. 
-----------------------
03-05-2019 19:02:38.46887[4][4] - Elapsed time: 0.285 milliseconds
[misc_functions.php][normalize_text][125]
Begin normalization - text = 'Sair' 
-----------------------
03-05-2019 19:02:38.46893[4][4] - Elapsed time: 0.067 milliseconds
[misc_functions.php][normalize_text][150]
Normalization complete. Text = 'SAIR' 
-----------------------
03-05-2019 19:02:38.46895[2][4] - Elapsed time: 0.013 milliseconds
[conversation_start.php][Called outside of function][237]
Details:
User say: SAIR
Convo id: 554699095962
Bot id: 1
Format: html 
-----------------------
03-05-2019 19:02:38.46896[4][4] - Elapsed time: 0.017 milliseconds
[intialise_conversation.php][check_set_format][752]
Using format: html 
-----------------------
03-05-2019 19:02:38.46897[2][4] - Elapsed time: 0.010 milliseconds
[intialise_conversation.php][load_that][769]
Loading the THAT array. 
-----------------------
03-05-2019 19:02:38.46899[3][4] - Elapsed time: 0.015 milliseconds
[intialise_conversation.php][load_that][784]
Getting conversation log entries for the current user. SQL:
SELECT `input`, `response` FROM `devncom_ia_golden`.`conversation_log` WHERE `user_id` = 1068 AND `bot_id` = 1 ORDER BY `id` DESC limit 10; 
-----------------------
03-05-2019 19:02:38.51266[4][4] - Elapsed time: 43.675 milliseconds
[intialise_conversation.php][load_that][856]
Couldn't find any previous inputs or responses. 
-----------------------
03-05-2019 19:02:38.51356[2][4] - Elapsed time: 0.895 milliseconds
[intialise_conversation.php][load_bot_config][343]
Loading config data for the current bot. 
-----------------------
03-05-2019 19:02:38.51358[3][4] - Elapsed time: 0.025 milliseconds
[intialise_conversation.php][load_bot_config][352]
load bot config SQL: SELECT * FROM `devncom_ia_golden`.`bots` WHERE bot_id = 1; 
-----------------------
03-05-2019 19:02:38.51379[4][4] - Elapsed time: 0.209 milliseconds
[intialise_conversation.php][load_bot_config][357]
Loading bot details from the database. 
-----------------------
03-05-2019 19:02:38.51382[0][4] - Elapsed time: 0.023 milliseconds
[conversation_start.php][Called outside of function][257]
Default debug level = 4 
-----------------------
03-05-2019 19:02:38.51383[0][4] - Elapsed time: 0.011 milliseconds
[conversation_start.php][Called outside of function][259]
Current debug level = 4 
-----------------------
03-05-2019 19:02:38.51384[0][4] - Elapsed time: 0.013 milliseconds
[conversation_start.php][Called outside of function][272]
Say = SAIR: raw say = Sair 
-----------------------
03-05-2019 19:02:38.51385[4][4] - Elapsed time: 0.010 milliseconds
[intialise_conversation.php][add_new_conversation_vars][184]
New conversation vars 
-----------------------
03-05-2019 19:02:38.51386[2][4] - Elapsed time: 0.010 milliseconds
[intialise_conversation.php][push_on_front_convoArr][226]
Pushing 'SAIR' to the front of the [user_say] array 
-----------------------
03-05-2019 19:02:38.51389[4][4] - Elapsed time: 0.032 milliseconds
[intialise_conversation.php][load_blank_array_element][62]
Loading blank user_say array 
-----------------------
03-05-2019 19:02:38.51392[0][4] - Elapsed time: 0.031 milliseconds
[intialise_conversation.php][add_new_conversation_vars][188]
User RAW = Sair, RAW say = Sair 
-----------------------
03-05-2019 19:02:38.51394[2][4] - Elapsed time: 0.012 milliseconds
[intialise_conversation.php][push_on_front_convoArr][226]
Pushing 'Sair' to the front of the [input] array 
-----------------------
03-05-2019 19:02:38.51395[4][4] - Elapsed time: 0.012 milliseconds
[intialise_conversation.php][load_blank_array_element][62]
Loading blank input array 
-----------------------
03-05-2019 19:02:38.51396[4][4] - Elapsed time: 0.017 milliseconds
[make_conversation.php][make_conversation][22]
Making conversation 
-----------------------
03-05-2019 19:02:38.51397[4][4] - Elapsed time: 0.009 milliseconds
[misc_functions.php][normalize_text][125]
Begin normalization - text = 'SAIR' 
-----------------------
03-05-2019 19:02:38.51400[4][4] - Elapsed time: 0.028 milliseconds
[misc_functions.php][normalize_text][150]
Normalization complete. Text = 'SAIR' 
-----------------------
03-05-2019 19:02:38.51401[4][4] - Elapsed time: 0.011 milliseconds
[find_aiml.php][get_aiml_to_parse][909]
Running all functions to get the correct aiml from the DB 
-----------------------
03-05-2019 19:02:38.51639[4][4] - Elapsed time: 2.380 milliseconds
[find_aiml.php][find_userdefined_aiml][821]
Looking for user defined responses 
-----------------------
03-05-2019 19:02:38.51646[3][4] - Elapsed time: 0.067 milliseconds
[find_aiml.php][find_userdefined_aiml][870]
User defined SQL:
SELECT `id`, `bot_id`, `pattern`, `thatpattern`, `template` FROM `devncom_ia_golden`.`aiml_userdefined` WHERE
    `bot_id` = 1 AND
    `user_id` = 554699095962
    AND (
        'SAIR' LIKE (REPLACE(REPLACE(`pattern`, '*', '%'), '_', '%')))
   ORDER BY `id` ASC, `pattern` ASC, `thatpattern` ASC; 
-----------------------
03-05-2019 19:02:38.51666[2][4] - Elapsed time: 0.205 milliseconds
[find_aiml.php][find_userdefined_aiml][896]
User defined rows found: '0' 
-----------------------
03-05-2019 19:02:38.51669[4][4] - Elapsed time: 0.025 milliseconds
[find_aiml.php][find_aiml_matches][975]
Finding the aiml matches from the DB 
-----------------------
03-05-2019 19:02:38.51670[4][4] - Elapsed time: 0.012 milliseconds
[find_aiml.php][find_aiml_matches][981]
Bot ID = 1. Bot Parent ID = 1. 
-----------------------
03-05-2019 19:02:38.51853[4][4] - Elapsed time: 1.827 milliseconds
[find_aiml.php][find_aiml_matches][992]
Stored topic = '' 
-----------------------
03-05-2019 19:02:38.51856[3][4] - Elapsed time: 0.035 milliseconds
[find_aiml.php][find_aiml_matches][1052]
Core Match AIML sql:
SELECT `id`, `bot_id`, `pattern`, `thatpattern`, `topic`, `filename`, `template` FROM `devncom_ia_golden`.`aiml` WHERE
    bot_id = 1 AND (
        'SAIR' LIKE (REPLACE(REPLACE(`pattern`, '*', '%'), '_', '%'))
        OR `pattern` LIKE 'LINHA DE RECOLHA ALEATÓRIA2'
    )
    # ORDER BY `id` ASC, `topic` DESC, `pattern` ASC, `thatpattern` ASC; 
-----------------------
03-05-2019 19:02:38.51875[3][4] - Elapsed time: 0.184 milliseconds
[find_aiml.php][find_aiml_matches][1054]
Query Process time... 
-----------------------
03-05-2019 19:02:38.51877[2][4] - Elapsed time: 0.021 milliseconds
[find_aiml.php][find_aiml_matches][1061]
FOUND: (1) potential AIML matches 
-----------------------
03-05-2019 19:02:38.52061[4][4] - Elapsed time: 1.843 milliseconds
[find_aiml.php][unset_all_bad_pattern_matches][48]
NEW FUNC Searching through 1 rows to unset bad matches 
-----------------------
03-05-2019 19:02:38.52063[4][4] - Elapsed time: 0.017 milliseconds
[find_aiml.php][unset_all_bad_pattern_matches][62]
Blue 5 to Blue leader. Starting my run now! Looking for 'SAIR' 
-----------------------
03-05-2019 19:02:38.52073[4][4] - Elapsed time: 0.097 milliseconds
[find_aiml.php][unset_all_bad_pattern_matches][195]
Found 1 relevant rows 
-----------------------
03-05-2019 19:02:38.52074[4][4] - Elapsed time: 0.017 milliseconds
[find_aiml.php][score_matches][255]
Scoring the matches. 
-----------------------
03-05-2019 19:02:38.52252[4][4] - Elapsed time: 1.780 milliseconds
[find_aiml.php][score_matches][548]
Sorted array $allrows:
Array
(
    [0] => Array
        (
            [id] => 4567
            [bot_id] => 1
            [pattern] => *SAIR*
            [thatpattern] => 
            [topic] => 
            [filename] => admin_added.aiml
            [template] => Seu nome foi removido de nossa lista, desculpe o inconveniente.
            [score] => 259
            [current_that] => 
            [aiml_id] => 4567
            [track_score] => current bot (250 points), no thatpattern to match (1 point), uncommon word match: *sair* (8 points)
        )

)
 
-----------------------
03-05-2019 19:02:38.52256[2][4] - Elapsed time: 0.042 milliseconds
[find_aiml.php][get_highest_scoring_row][642]
Final candidates:

Array
(
    [0] => Array
        (
            [id] => 4567
            [bot_id] => 1
            [pattern] => *SAIR*
            [thatpattern] => 
            [topic] => 
            [filename] => admin_added.aiml
            [template] => Seu nome foi removido de nossa lista, desculpe o inconveniente.
            [score] => 259
            [current_that] => 
            [aiml_id] => 4567
            [track_score] => current bot (250 points), no thatpattern to match (1 point), uncommon word match: *sair* (8 points)
        )

)

 
-----------------------
03-05-2019 19:02:38.52320[4][4] - Elapsed time: 0.640 milliseconds
[find_aiml.php][get_highest_scoring_row][697]
Best Response: Array
(
    [id] => 4567
    [bot_id] => 1
    [pattern] => *SAIR*
    [thatpattern] => 
    [topic] => 
    [filename] => admin_added.aiml
    [template] => Seu nome foi removido de nossa lista, desculpe o inconveniente.
    [score] => 259
    [current_that] => 
    [aiml_id] => 4567
    [track_score] => current bot (250 points), no thatpattern to match (1 point), uncommon word match: *sair* (8 points)
)
 
-----------------------
03-05-2019 19:02:38.52322[2][4] - Elapsed time: 0.017 milliseconds
[find_aiml.php][get_highest_scoring_row][698]
No results found, so none to pick from. 
-----------------------
03-05-2019 19:02:38.52331[4][4] - Elapsed time: 0.086 milliseconds
[find_aiml.php][get_aiml_to_parse][960]
Will be parsing id:4567 (*SAIR*) 
-----------------------
03-05-2019 19:02:38.52332[3][4] - Elapsed time: 0.014 milliseconds
[parse_aiml.php][parse_matched_aiml][213]
Run the aiml parse in normal mode (normal or srai) 
-----------------------
03-05-2019 19:02:38.52333[2][4] - Elapsed time: 0.013 milliseconds
[parse_aiml.php][set_wildcards][297]
Setting Wildcards. Pattern = '*SAIR*' 
-----------------------
03-05-2019 19:02:38.52334[2][4] - Elapsed time: 0.011 milliseconds
[parse_aiml.php][set_wildcards][306]
We have pattern stars to process! 
-----------------------
03-05-2019 19:02:38.52336[2][4] - Elapsed time: 0.010 milliseconds
[parse_aiml.php][set_wildcards][310]
RegEx string = ~(.+)SAIR(.+)$~siuU: Searching Sair for a match. 
-----------------------
03-05-2019 19:02:38.52338[2][4] - Elapsed time: 0.021 milliseconds
[parse_aiml.php][set_wildcards][324]
Something is not right here. 
-----------------------
03-05-2019 19:02:38.52339[4][4] - Elapsed time: 0.010 milliseconds
[parse_aiml.php][set_wildcards][329]
Checking for wildcards in pattern-side THAT 
-----------------------
03-05-2019 19:02:38.52340[4][4] - Elapsed time: 0.012 milliseconds
[parse_aiml.php][set_wildcards][361]
Checking for wildcards in pattern-side TOPIC 
-----------------------
03-05-2019 19:02:38.52343[2][4] - Elapsed time: 0.032 milliseconds
[parse_aiml.php][set_wildcards][394]
AIML array now = Array
(
    [aiml_id] => 4567
    [category_id] => 4567
    [html_template] => 
    [lookingfor] => SAIR
    [pattern] => *SAIR*
    [score] => 259
    [stars] => Array
        (
        )

    [template] => Seu nome foi removido de nossa lista, desculpe o inconveniente.
    [thatpattern] => 
    [that_stars] => Array
        (
            [1] => 
        )

    [topic] => 
    [topic_stars] => Array
        (
        )

    [user_raw] => Sair
)
 
-----------------------
03-05-2019 19:02:38.52345[2][4] - Elapsed time: 0.019 milliseconds
[parse_aiml_as_XML.php][parse_aiml_as_XML][22]
Parsing the AIML template as XML 
-----------------------
03-05-2019 19:02:38.52346[2][4] - Elapsed time: 0.013 milliseconds
[parse_aiml_as_XML.php][add_text_tags][93]
Adding some TEXT tags into the template, just because I can... 
-----------------------
03-05-2019 19:02:38.52350[4][4] - Elapsed time: 0.039 milliseconds
[parse_aiml_as_XML.php][add_text_tags][120]
Returning template:
<template><text>Seu nome foi removido de nossa lista, desculpe o inconveniente.</text></template> 
-----------------------
03-05-2019 19:02:38.52366[2][4] - Elapsed time: 0.161 milliseconds
[parse_aiml_as_XML.php][parseTemplateRecursive][201]
Recursively parsing the AIML template. 
-----------------------
03-05-2019 19:02:38.52373[4][4] - Elapsed time: 0.068 milliseconds
[parse_aiml_as_XML.php][parseTemplateRecursive][214]
Processing element template at level 0. element XML = <?xml version="1.0"?>
<template><text>Seu nome foi removido de nossa lista, desculpe o inconveniente.</text></template>
 
-----------------------
03-05-2019 19:02:38.52375[4][4] - Elapsed time: 0.015 milliseconds
[parse_aiml_as_XML.php][parseTemplateRecursive][242]
function parse_template_tag does not exist. Parsing tag as text. 
-----------------------
03-05-2019 19:02:38.52377[2][4] - Elapsed time: 0.021 milliseconds
[parse_aiml_as_XML.php][parseTemplateRecursive][201]
Recursively parsing the AIML template. 
-----------------------
03-05-2019 19:02:38.52379[4][4] - Elapsed time: 0.025 milliseconds
[parse_aiml_as_XML.php][parseTemplateRecursive][214]
Processing element text at level 1. element XML = <text>Seu nome foi removido de nossa lista, desculpe o inconveniente.</text> 
-----------------------
03-05-2019 19:02:38.52380[4][4] - Elapsed time: 0.013 milliseconds
[parse_aiml_as_XML.php][parseTemplateRecursive][225]
Function parse_text_tag does exist. Processing now. 
-----------------------
03-05-2019 19:02:38.52381[4][4] - Elapsed time: 0.011 milliseconds
[parse_aiml_as_XML.php][parseTemplateRecursive][229]
Passing element text to the parse_text_tag function 
-----------------------
03-05-2019 19:02:38.52382[2][4] - Elapsed time: 0.010 milliseconds
[parse_aiml_as_XML.php][parse_text_tag][281]
Parsing a TEXT tag. 
-----------------------
03-05-2019 19:02:38.52384[4][4] - Elapsed time: 0.011 milliseconds
[parse_aiml_as_XML.php][parseTemplateRecursive][234]
Adding 'Seu nome foi removido de nossa lista, desculpe o inconveniente.' to the response array. tag name is text 
-----------------------
03-05-2019 19:02:38.52385[2][4] - Elapsed time: 0.012 milliseconds
[parse_aiml_as_XML.php][implode_recursive][137]
Imploding an array into a string. (recursively, if necessary) 
-----------------------
03-05-2019 19:02:38.52386[2][4] - Elapsed time: 0.012 milliseconds
[parse_aiml_as_XML.php][implode_recursive][138]
Input: Array
(
    [0] => Seu nome foi removido de nossa lista, desculpe o inconveniente.
)

 
-----------------------
03-05-2019 19:02:38.52387[4][4] - Elapsed time: 0.011 milliseconds
[parse_aiml_as_XML.php][implode_recursive][155]
The variable $input is of type array 
-----------------------
03-05-2019 19:02:38.52388[4][4] - Elapsed time: 0.012 milliseconds
[parse_aiml_as_XML.php][implode_recursive][185]
Imploding complete. Returning 'Seu nome foi removido de nossa lista, desculpe o inconveniente.' 
-----------------------
03-05-2019 19:02:38.52390[4][4] - Elapsed time: 0.012 milliseconds
[parse_aiml_as_XML.php][parseTemplateRecursive][262]
Adding 'Seu nome foi removido de nossa lista, desculpe o inconveniente.' to the response array. tag name is template. 
-----------------------
03-05-2019 19:02:38.52391[2][4] - Elapsed time: 0.018 milliseconds
[parse_aiml_as_XML.php][implode_recursive][137]
Imploding an array into a string. (recursively, if necessary) 
-----------------------
03-05-2019 19:02:38.52393[2][4] - Elapsed time: 0.012 milliseconds
[parse_aiml_as_XML.php][implode_recursive][138]
Input: Array
(
    [0] => Seu nome foi removido de nossa lista, desculpe o inconveniente.
)

 
-----------------------
03-05-2019 19:02:38.52394[4][4] - Elapsed time: 0.010 milliseconds
[parse_aiml_as_XML.php][implode_recursive][155]
The variable $input is of type array 
-----------------------
03-05-2019 19:02:38.52395[4][4] - Elapsed time: 0.012 milliseconds
[parse_aiml_as_XML.php][implode_recursive][185]
Imploding complete. Returning 'Seu nome foi removido de nossa lista, desculpe o inconveniente.' 
-----------------------
03-05-2019 19:02:38.52396[4][4] - Elapsed time: 0.013 milliseconds
[parse_aiml_as_XML.php][parse_aiml_as_XML][47]
Completed parsing the template. The bot will say: Seu nome foi removido de nossa lista, desculpe o inconveniente. 
-----------------------
03-05-2019 19:02:38.52398[4][4] - Elapsed time: 0.016 milliseconds
[parse_aiml.php][parse_matched_aiml][227]
normal - Saving for next turn 
-----------------------
03-05-2019 19:02:38.52399[4][4] - Elapsed time: 0.010 milliseconds
[parse_aiml.php][save_for_nextturn][271]
Saving that and that_raw for next turn 
-----------------------
03-05-2019 19:02:38.52400[2][4] - Elapsed time: 0.012 milliseconds
[intialise_conversation.php][push_on_front_convoArr][226]
Pushing 'Seu nome foi removido de nossa lista, desculpe o inconveniente.' to the front of the [that_raw] array 
-----------------------
03-05-2019 19:02:38.52402[4][4] - Elapsed time: 0.018 milliseconds
[intialise_conversation.php][load_blank_array_element][62]
Loading blank that_raw array 
-----------------------
03-05-2019 19:02:38.52407[2][4] - Elapsed time: 0.052 milliseconds
[intialise_conversation.php][push_on_front_convoArr][226]
Pushing 'Seu nome foi removido de nossa lista, desculpe o inconveniente.' to the front of the [that] array 
-----------------------
03-05-2019 19:02:38.52409[4][4] - Elapsed time: 0.019 milliseconds
[intialise_conversation.php][load_blank_array_element][62]
Loading blank that array 
-----------------------
03-05-2019 19:02:38.52412[4][4] - Elapsed time: 0.035 milliseconds
[parse_aiml.php][clean_that][251]
Cleaning up the ~THAT~ tag: 'Seu nome foi removido de nossa lista, desculpe o inconveniente.' 
-----------------------
03-05-2019 19:02:38.52414[4][4] - Elapsed time: 0.014 milliseconds
[misc_functions.php][normalize_text][125]
Begin normalization - text = 'Seu nome foi removido de nossa lista, desculpe o inconveniente.' 
-----------------------
03-05-2019 19:02:38.52417[4][4] - Elapsed time: 0.036 milliseconds
[misc_functions.php][normalize_text][150]
Normalization complete. Text = 'SEU NOME FOI REMOVIDO DE NOSSA LISTA DESCULPE O INCONVENIENTE' 
-----------------------
03-05-2019 19:02:38.52418[4][4] - Elapsed time: 0.012 milliseconds
[parse_aiml.php][clean_that][258]
Cleaning Complete. output = 'SEU NOME FOI REMOVIDO DE NOSSA LISTA DESCULPE O INCONVENIENTE' 
-----------------------
03-05-2019 19:02:38.52420[2][4] - Elapsed time: 0.019 milliseconds
[intialise_conversation.php][push_on_front_convoArr][226]
Pushing 'Seu nome foi removido de nossa lista, desculpe o inconveniente.' to the front of the [parsed_template] array 
-----------------------
03-05-2019 19:02:38.52422[4][4] - Elapsed time: 0.017 milliseconds
[intialise_conversation.php][load_blank_array_element][62]
Loading blank parsed_template array 
-----------------------
03-05-2019 19:02:38.52424[2][4] - Elapsed time: 0.018 milliseconds
[intialise_conversation.php][push_on_front_convoArr][226]
Pushing 'Seu nome foi removido de nossa lista, desculpe o inconveniente.' to the front of the [template] array 
-----------------------
03-05-2019 19:02:38.52425[4][4] - Elapsed time: 0.016 milliseconds
[intialise_conversation.php][load_blank_array_element][62]
Loading blank template array 
-----------------------
03-05-2019 19:02:38.52428[2][4] - Elapsed time: 0.022 milliseconds
[intialise_conversation.php][log_conversation][403]
Saving the conversation to the DB. 
-----------------------
03-05-2019 19:02:38.52430[3][4] - Elapsed time: 0.022 milliseconds
[intialise_conversation.php][log_conversation][442]
Saving conservation SQL: INSERT INTO `devncom_ia_golden`.`conversation_log` (
      `id` ,
      `input` ,
      `response` ,
      `user_id` ,
      `convo_id` ,
      `bot_id` ,
      `timestamp`
    )
    VALUES (
      NULL ,
      'Sair',
      'Seu nome foi removido de nossa lista, desculpe o inconveniente.',
      1068,
      554699095962,
      1,
      CURRENT_TIMESTAMP
    ) 
-----------------------
03-05-2019 19:02:38.55441[4][4] - Elapsed time: 30.115 milliseconds
[intialise_conversation.php][write_to_session][140]
Saving to session 
-----------------------
03-05-2019 19:02:38.55464[3][4] - Elapsed time: 0.228 milliseconds
[display_conversation.php][get_conversation_to_display][59]
get_conversation SQL: SELECT * FROM `devncom_ia_golden`.`conversation_log` WHERE
        `user_id` = :user_id
        AND `bot_id` = :bot_id
        AND `convo_id` = :convo_id
        ORDER BY id DESC  LIMIT 1 
-----------------------
03-05-2019 19:02:38.55482[2][4] - Elapsed time: 0.183 milliseconds
[display_conversation.php][get_conversation_to_display][77]
Found '1' lines of conversation 
-----------------------
03-05-2019 19:02:38.55485[4][4] - Elapsed time: 0.022 milliseconds
[display_conversation.php][get_conversation][92]
Processing conversation as html 
-----------------------
03-05-2019 19:02:38.55487[4][4] - Elapsed time: 0.024 milliseconds
[display_conversation.php][get_html][135]
Returning HTML 
-----------------------
03-05-2019 19:02:38.55577[2][4] - Elapsed time: 0.902 milliseconds
[conversation_start.php][Called outside of function][297]
Closing Database 
-----------------------
03-05-2019 19:02:38.55581[0][4] - Elapsed time: 0.035 milliseconds
[conversation_start.php][Called outside of function][303]
Conversation Ending. Elapsed time: 136.309 milliseconds. 
-----------------------
Debug Level: 4
-----------------------
Debug Mode: 1
-----------------------
CONVERSATION ARRAY
-----------------------
Array
(
    [say] => Sair
    [conversation] => Array
        (
            [convo_id] => 554699095962
            [bot_name] => Net Bot
            [bot_id] => 1
            [format] => html
            [unknown_user] => Entrou
            [user_id] => 1068
            [totallines] => 1
            [user_name] => Entrou
            [rawSay] => Sair
            [conversation_lines] => 1
            [remember_up_to] => 10
            [debugemail] => contato@devn1.com.br
            [debug_level] => 4
            [debugmode] => 1
            [save_state] => database
            [default_aiml_pattern] => LINHA DE RECOLHA ALEATÓRIA2
            [bot_parent_id] => 1
            [aimlData] => Array
                (
                    [id] => 4567
                    [bot_id] => 1
                    [pattern] => *SAIR*
                    [thatpattern] => 
                    [topic] => 
                    [filename] => admin_added.aiml
                    [template] => Seu nome foi removido de nossa lista, desculpe o inconveniente.
                    [score] => 259
                    [current_that] => 
                    [aiml_id] => 4567
                    [track_score] => current bot (250 points), no thatpattern to match (1 point), uncommon word match: *sair* (8 points)
                )

        )

    [aiml] => Array
        (
            [user_raw] => Sair
            [lookingfor] => SAIR
            [category_id] => 4567
            [pattern] => *SAIR*
            [thatpattern] => 
            [template] => Seu nome foi removido de nossa lista, desculpe o inconveniente.
            [html_template] => 
            [topic] => 
            [score] => 259
            [aiml_id] => 4567
            [stars] => Array
                (
                )

            [that_stars] => Array
                (
                    [1] => 
                )

            [topic_stars] => Array
                (
                )

            [parsed_template] => Seu nome foi removido de nossa lista, desculpe o inconveniente.
        )

    [client_properties] => Array
        (
            [ip_address] => 34.83.239.179
            [name] => Entrou
        )

    [time_start] => 1556920958.4195
    [user_say] => Array
        (
            [1] => SAIR
            [2] => 
            [3] => 
            [4] => 
            [5] => 
            [6] => 
            [7] => 
            [8] => 
            [9] => 
            [10] => 
        )

    [input] => Array
        (
            [1] => Sair
            [2] => 
            [3] => 
            [4] => 
            [5] => 
            [6] => 
            [7] => 
            [8] => 
            [9] => 
            [10] => 
        )

    [that_raw] => Array
        (
            [1] => Array
                (
                    [1] => 
                    [2] => Seu nome foi removido de nossa lista, desculpe o inconveniente.
                )

            [2] => 
            [3] => 
            [4] => 
            [5] => 
            [6] => 
            [7] => 
            [8] => 
            [9] => 
            [10] => 
            [12] => 
        )

    [that] => Array
        (
            [1] => Array
                (
                    [1] => SEU NOME FOI REMOVIDO DE NOSSA LISTA DESCULPE O INCONVENIENTE
                )

            [2] => 
            [3] => 
            [4] => 
            [5] => 
            [6] => 
            [7] => 
            [8] => 
            [9] => 
            [10] => 
            [12] => 
        )

    [parsed_template] => Array
        (
            [1] => Seu nome foi removido de nossa lista, desculpe o inconveniente.
            [2] => 
            [3] => 
            [4] => 
            [5] => 
            [6] => 
            [7] => 
            [8] => 
            [9] => 
            [10] => 
        )

    [template] => Array
        (
            [1] => Seu nome foi removido de nossa lista, desculpe o inconveniente.
            [2] => 
            [3] => 
            [4] => 
            [5] => 
            [6] => 
            [7] => 
            [8] => 
            [9] => 
            [10] => 
        )

    [send_to_user] => <div class="usersay">Entrou: Sair</div><div class="botsay">Net Bot: Seu nome foi removido de nossa lista, desculpe o inconveniente.</div>
)

-----------------------
Total execution time: 136.309 Milliseconds. Goodbye.