16-05-2019 22:47:26.14696[0][4] - Elapsed time: 3.779 milliseconds
[conversation_start.php][Called outside of function][90]
Conversation starting. Current system specs:
Program O version:            2.6.11
Server Software:              Apache
PHP Version:                  7.0.33
OS:                           Linux
OS Version:                   #1 SMP Thu Nov 29 14:49:43 UTC 2018
MySQL Version:                5.6.43
Multi-byte functions enabled: true 
-----------------------
16-05-2019 22:47:26.15355[4][4] - Elapsed time: 6.591 milliseconds
[load_aimlfunctions.php][Called outside of function][16]
AIML function include files loaded 
-----------------------
16-05-2019 22:47:26.15596[4][4] - Elapsed time: 2.409 milliseconds
[load_convofunctions.php][Called outside of function][16]
Convofunction include files loaded 
-----------------------
16-05-2019 22:47:26.15641[4][4] - Elapsed time: 0.448 milliseconds
[load_userfunctions.php][Called outside of function][14]
userfunctions include files loaded 
-----------------------
16-05-2019 22:47:26.15828[4][4] - Elapsed time: 1.873 milliseconds
[load_addons.php][Called outside of function][19]
Loading addons 
-----------------------
16-05-2019 22:47:26.15832[4][4] - Elapsed time: 0.042 milliseconds
[conversation_start.php][Called outside of function][103]
Loaded all Includes 
-----------------------
16-05-2019 22:47:26.15854[0][4] - Elapsed time: 0.219 milliseconds
[conversation_start.php][Called outside of function][159]
Debug level: 4
session ID = 69lihrrl251ug19q1eekdthhs4 
-----------------------
16-05-2019 22:47:26.15855[4][4] - Elapsed time: 0.013 milliseconds
[conversation_start.php][Called outside of function][162]
Conversation continuing. User said 'teste123'. 
-----------------------
16-05-2019 22:47:26.15863[4][4] - Elapsed time: 0.082 milliseconds
[intialise_conversation.php][read_from_session][155]
Reading from session 
-----------------------
16-05-2019 22:47:26.15867[4][4] - Elapsed time: 0.031 milliseconds
[intialise_conversation.php][load_default_bot_values][110]
Loading db bot personality properties 
-----------------------
16-05-2019 22:47:26.15869[3][4] - Elapsed time: 0.020 milliseconds
[intialise_conversation.php][load_default_bot_values][118]
load db bot personality values SQL: SELECT * FROM `devn1web_chat_vital`.`botpersonality` WHERE `bot_id` = 1; 
-----------------------
16-05-2019 22:47:26.15902[1][4] - Elapsed time: 0.335 milliseconds
[intialise_conversation.php][check_set_convo_id][653]
Cannot find CONVO ID. Using default: 69lihrrl251ug19q1eekdthhs4 
-----------------------
16-05-2019 22:47:26.15905[2][4] - Elapsed time: 0.031 milliseconds
[intialise_conversation.php][check_set_bot][581]
Checking and/or setting the current bot. 
-----------------------
16-05-2019 22:47:26.15906[3][4] - Elapsed time: 0.012 milliseconds
[intialise_conversation.php][check_set_bot][599]
Making sure the bot exists. SQL = SELECT * FROM `devn1web_chat_vital`.`bots` WHERE bot_id = 1 AND `bot_active` = 1; 
-----------------------
16-05-2019 22:47:26.15926[2][4] - Elapsed time: 0.193 milliseconds
[intialise_conversation.php][check_set_bot][616]
BOT ID: 1 
-----------------------
16-05-2019 22:47:26.15927[2][4] - Elapsed time: 0.016 milliseconds
[intialise_conversation.php][check_set_user][672]
Checking and setting the user info, as needed. 
-----------------------
16-05-2019 22:47:26.15986[2][4] - Elapsed time: 0.587 milliseconds
[handle_user.php][intisaliseUser][82]
Initializing user. 
-----------------------
16-05-2019 22:47:26.16012[3][4] - Elapsed time: 0.260 milliseconds
[handle_user.php][intisaliseUser][128]
intisaliseUser #1232 SQL: INSERT INTO `users`
        (`id`, `user_name`, `session_id`, `bot_id`, `chatlines`,`ip`, `referer`, `browser`, `date_logged_on` , `last_update`    , `state`)
 VALUES (NULL, 'Entrou'  , '69lihrrl251ug19q1eekdthhs4'   , 1 , '0'        , '138.204.25.236', ''      , 'Mozilla/4.0 (compatible; MSIE 8.0; Windows NT 6.0)'      , CURRENT_TIMESTAMP, CURRENT_TIMESTAMP, ''     ); 
-----------------------
16-05-2019 22:47:26.16026[3][4] - Elapsed time: 0.138 milliseconds
[intialise_conversation.php][check_set_user][705]
Loading client properties from the DB - sql:
SELECT `name`, `value` FROM `devn1web_chat_vital`.`client_properties` WHERE `user_id` = 1232 AND `bot_id` = 1; 
-----------------------
16-05-2019 22:47:26.17006[2][4] - Elapsed time: 9.804 milliseconds
[spell_checker.php][run_spell_checker_say][36]
Starting function and setting timestamp. 
-----------------------
16-05-2019 22:47:26.17017[2][4] - Elapsed time: 0.109 milliseconds
[spell_checker.php][spell_check][60]
Preforming a spel chek on teste. 
-----------------------
16-05-2019 22:47:26.17020[2][4] - Elapsed time: 0.033 milliseconds
[spell_checker.php][load_spelling_list][117]
Loading the spellcheck list from the DB. 
-----------------------
16-05-2019 22:47:26.17036[2][4] - Elapsed time: 0.160 milliseconds
[spell_checker.php][spell_check][60]
Preforming a spel chek on 1. 
-----------------------
16-05-2019 22:47:26.17039[2][4] - Elapsed time: 0.026 milliseconds
[spell_checker.php][spell_check][60]
Preforming a spel chek on 2. 
-----------------------
16-05-2019 22:47:26.17041[2][4] - Elapsed time: 0.016 milliseconds
[spell_checker.php][spell_check][60]
Preforming a spel chek on 3. 
-----------------------
16-05-2019 22:47:26.17042[4][4] - Elapsed time: 0.019 milliseconds
[misc_functions.php][normalize_text][125]
Begin normalization - text = 'teste123' 
-----------------------
16-05-2019 22:47:26.17058[4][4] - Elapsed time: 0.160 milliseconds
[misc_functions.php][normalize_text][150]
Normalization complete. Text = 'TESTE123' 
-----------------------
16-05-2019 22:47:26.17060[2][4] - Elapsed time: 0.013 milliseconds
[conversation_start.php][Called outside of function][238]
Details:
User say: TESTE123
Convo id: 69lihrrl251ug19q1eekdthhs4
Bot id: 1
Format: html 
-----------------------
16-05-2019 22:47:26.17062[4][4] - Elapsed time: 0.024 milliseconds
[intialise_conversation.php][check_set_format][752]
Using format: html 
-----------------------
16-05-2019 22:47:26.17064[2][4] - Elapsed time: 0.019 milliseconds
[intialise_conversation.php][load_that][769]
Loading the THAT array. 
-----------------------
16-05-2019 22:47:26.17066[3][4] - Elapsed time: 0.022 milliseconds
[intialise_conversation.php][load_that][784]
Getting conversation log entries for the current user. SQL:
SELECT `input`, `response` FROM `devn1web_chat_vital`.`conversation_log` WHERE `user_id` = 1232 AND `bot_id` = 1 ORDER BY `id` DESC limit 10; 
-----------------------
16-05-2019 22:47:26.39242[4][4] - Elapsed time: 221.753 milliseconds
[intialise_conversation.php][load_that][856]
Couldn't find any previous inputs or responses. 
-----------------------
16-05-2019 22:47:26.39278[2][4] - Elapsed time: 0.364 milliseconds
[intialise_conversation.php][load_bot_config][343]
Loading config data for the current bot. 
-----------------------
16-05-2019 22:47:26.39280[3][4] - Elapsed time: 0.015 milliseconds
[intialise_conversation.php][load_bot_config][352]
load bot config SQL: SELECT * FROM `devn1web_chat_vital`.`bots` WHERE bot_id = 1; 
-----------------------
16-05-2019 22:47:26.39298[4][4] - Elapsed time: 0.182 milliseconds
[intialise_conversation.php][load_bot_config][357]
Loading bot details from the database. 
-----------------------
16-05-2019 22:47:26.39299[0][4] - Elapsed time: 0.015 milliseconds
[conversation_start.php][Called outside of function][258]
Default debug level = 4 
-----------------------
16-05-2019 22:47:26.39300[0][4] - Elapsed time: 0.006 milliseconds
[conversation_start.php][Called outside of function][260]
Current debug level = 4 
-----------------------
16-05-2019 22:47:26.39300[0][4] - Elapsed time: 0.005 milliseconds
[conversation_start.php][Called outside of function][273]
Say = TESTE123: raw say = teste123 
-----------------------
16-05-2019 22:47:26.39301[4][4] - Elapsed time: 0.006 milliseconds
[intialise_conversation.php][add_new_conversation_vars][184]
New conversation vars 
-----------------------
16-05-2019 22:47:26.39303[2][4] - Elapsed time: 0.018 milliseconds
[intialise_conversation.php][push_on_front_convoArr][226]
Pushing 'TESTE123' to the front of the [user_say] array 
-----------------------
16-05-2019 22:47:26.39309[4][4] - Elapsed time: 0.058 milliseconds
[intialise_conversation.php][load_blank_array_element][62]
Loading blank user_say array 
-----------------------
16-05-2019 22:47:26.39311[0][4] - Elapsed time: 0.022 milliseconds
[intialise_conversation.php][add_new_conversation_vars][188]
User RAW = teste123, RAW say = teste123 
-----------------------
16-05-2019 22:47:26.39311[2][4] - Elapsed time: 0.005 milliseconds
[intialise_conversation.php][push_on_front_convoArr][226]
Pushing 'teste123' to the front of the [input] array 
-----------------------
16-05-2019 22:47:26.39312[4][4] - Elapsed time: 0.005 milliseconds
[intialise_conversation.php][load_blank_array_element][62]
Loading blank input array 
-----------------------
16-05-2019 22:47:26.39313[4][4] - Elapsed time: 0.009 milliseconds
[make_conversation.php][make_conversation][22]
Making conversation 
-----------------------
16-05-2019 22:47:26.39313[4][4] - Elapsed time: 0.007 milliseconds
[misc_functions.php][normalize_text][125]
Begin normalization - text = 'TESTE123' 
-----------------------
16-05-2019 22:47:26.39315[4][4] - Elapsed time: 0.020 milliseconds
[misc_functions.php][normalize_text][150]
Normalization complete. Text = 'TESTE123' 
-----------------------
16-05-2019 22:47:26.39316[4][4] - Elapsed time: 0.005 milliseconds
[find_aiml.php][get_aiml_to_parse][909]
Running all functions to get the correct aiml from the DB 
-----------------------
16-05-2019 22:47:26.40258[4][4] - Elapsed time: 9.426 milliseconds
[find_aiml.php][find_userdefined_aiml][821]
Looking for user defined responses 
-----------------------
16-05-2019 22:47:26.40263[3][4] - Elapsed time: 0.047 milliseconds
[find_aiml.php][find_userdefined_aiml][870]
User defined SQL:
SELECT `id`, `bot_id`, `pattern`, `thatpattern`, `template` FROM `devn1web_chat_vital`.`aiml_userdefined` WHERE
    `bot_id` = 1 AND
    `user_id` = '69lihrrl251ug19q1eekdthhs4'
    AND (
        'TESTE123' LIKE (REPLACE(REPLACE(`pattern`, '*', '%'), '_', '%')))
   ORDER BY `id` ASC, `pattern` ASC, `thatpattern` ASC; 
-----------------------
16-05-2019 22:47:26.40289[2][4] - Elapsed time: 0.257 milliseconds
[find_aiml.php][find_userdefined_aiml][896]
User defined rows found: '0' 
-----------------------
16-05-2019 22:47:26.40290[4][4] - Elapsed time: 0.013 milliseconds
[find_aiml.php][find_aiml_matches][975]
Finding the aiml matches from the DB 
-----------------------
16-05-2019 22:47:26.40291[4][4] - Elapsed time: 0.005 milliseconds
[find_aiml.php][find_aiml_matches][981]
Bot ID = 1. Bot Parent ID = 1. 
-----------------------
16-05-2019 22:47:26.41030[4][4] - Elapsed time: 7.389 milliseconds
[find_aiml.php][find_aiml_matches][992]
Stored topic = '' 
-----------------------
16-05-2019 22:47:26.41033[3][4] - Elapsed time: 0.036 milliseconds
[find_aiml.php][find_aiml_matches][1052]
Core Match AIML sql:
SELECT `id`, `bot_id`, `pattern`, `thatpattern`, `topic`, `filename`, `template` FROM `devn1web_chat_vital`.`aiml` WHERE
    bot_id = 1 AND (
        'TESTE123' LIKE (REPLACE(REPLACE(`pattern`, '*', '%'), '_', '%'))
        OR `pattern` LIKE 'LINHA DE RECOLHA ALEATÓRIA2'
    )
    # ORDER BY `id` ASC, `topic` DESC, `pattern` ASC, `thatpattern` ASC; 
-----------------------
16-05-2019 22:47:26.41057[3][4] - Elapsed time: 0.237 milliseconds
[find_aiml.php][find_aiml_matches][1054]
Query Process time... 
-----------------------
16-05-2019 22:47:26.41059[1][4] - Elapsed time: 0.026 milliseconds
[find_aiml.php][find_aiml_matches][1082]
Error: FOUND NO AIML matches in DB. 
-----------------------
16-05-2019 22:47:26.41060[4][4] - Elapsed time: 0.008 milliseconds
[find_aiml.php][get_convo_var][727]
Get from ConvoArr [conversation][default_aiml_pattern][1][1] 
-----------------------
16-05-2019 22:47:26.41063[4][4] - Elapsed time: 0.027 milliseconds
[find_aiml.php][get_convo_var][757]
Get from ConvoArr [conversation][default_aiml_pattern][1][1] FOUND: ConvoArr Value = 'LINHA DE RECOLHA ALEATÓRIA2' 
-----------------------
16-05-2019 22:47:26.41082[2][4] - Elapsed time: 0.186 milliseconds
[misc_functions.php][addUnknownInput][232]
Entry successfully added! 
-----------------------
16-05-2019 22:47:26.41083[1][4] - Elapsed time: 0.014 milliseconds
[find_aiml.php][find_aiml_matches][1084]
Added input 'TESTE123' to the unknown_inputs table. 
-----------------------
16-05-2019 22:47:26.41834[4][4] - Elapsed time: 7.514 milliseconds
[find_aiml.php][unset_all_bad_pattern_matches][48]
NEW FUNC Searching through 1 rows to unset bad matches 
-----------------------
16-05-2019 22:47:26.41836[1][4] - Elapsed time: 0.019 milliseconds
[find_aiml.php][unset_all_bad_pattern_matches][56]
Returning error as no results where found 
-----------------------
16-05-2019 22:47:26.41837[4][4] - Elapsed time: 0.006 milliseconds
[find_aiml.php][score_matches][255]
Scoring the matches. 
-----------------------
16-05-2019 22:47:26.42674[4][4] - Elapsed time: 8.375 milliseconds
[find_aiml.php][score_matches][548]
Sorted array $allrows:
Array
(
    [0] => Array
        (
            [aiml_id] => -1
            [bot_id] => 1
            [pattern] => no results
            [thatpattern] => 
            [template] => SEM RESPOSTA
            [topic] => 
            [score] => 261
            [track_score] => current bot (250 points), no thatpattern to match (1 point), common word match: no (1 points), uncommon word match: results (8 points)
        )

)
 
-----------------------
16-05-2019 22:47:26.42678[2][4] - Elapsed time: 0.037 milliseconds
[find_aiml.php][get_highest_scoring_row][642]
Final candidates:

Array
(
    [0] => Array
        (
            [aiml_id] => -1
            [bot_id] => 1
            [pattern] => no results
            [thatpattern] => 
            [template] => SEM RESPOSTA
            [topic] => 
            [score] => 261
            [track_score] => current bot (250 points), no thatpattern to match (1 point), common word match: no (1 points), uncommon word match: results (8 points)
        )

)

 
-----------------------
16-05-2019 22:47:26.42697[4][4] - Elapsed time: 0.192 milliseconds
[find_aiml.php][get_highest_scoring_row][697]
Best Response: Array
(
    [aiml_id] => -1
    [bot_id] => 1
    [pattern] => no results
    [thatpattern] => 
    [template] => SEM RESPOSTA
    [topic] => 
    [score] => 261
    [track_score] => current bot (250 points), no thatpattern to match (1 point), common word match: no (1 points), uncommon word match: results (8 points)
)
 
-----------------------
16-05-2019 22:47:26.42698[2][4] - Elapsed time: 0.009 milliseconds
[find_aiml.php][get_highest_scoring_row][698]
No results found, so none to pick from. 
-----------------------
16-05-2019 22:47:26.42703[4][4] - Elapsed time: 0.047 milliseconds
[find_aiml.php][get_aiml_to_parse][960]
Will be parsing id:-1 (no results) 
-----------------------
16-05-2019 22:47:26.42704[3][4] - Elapsed time: 0.011 milliseconds
[parse_aiml.php][parse_matched_aiml][213]
Run the aiml parse in normal mode (normal or srai) 
-----------------------
16-05-2019 22:47:26.42705[2][4] - Elapsed time: 0.006 milliseconds
[parse_aiml.php][set_wildcards][297]
Setting Wildcards. Pattern = 'no results' 
-----------------------
16-05-2019 22:47:26.42706[4][4] - Elapsed time: 0.019 milliseconds
[parse_aiml.php][set_wildcards][329]
Checking for wildcards in pattern-side THAT 
-----------------------
16-05-2019 22:47:26.42707[4][4] - Elapsed time: 0.004 milliseconds
[parse_aiml.php][set_wildcards][361]
Checking for wildcards in pattern-side TOPIC 
-----------------------
16-05-2019 22:47:26.42708[2][4] - Elapsed time: 0.016 milliseconds
[parse_aiml.php][set_wildcards][394]
AIML array now = Array
(
    [aiml_id] => -1
    [html_template] => 
    [lookingfor] => TESTE123
    [pattern] => no results
    [score] => 261
    [stars] => Array
        (
        )

    [template] => SEM RESPOSTA
    [thatpattern] => 
    [that_stars] => Array
        (
            [1] => 
        )

    [topic] => 
    [topic_stars] => Array
        (
        )

    [user_raw] => teste123
)
 
-----------------------
16-05-2019 22:47:26.42711[2][4] - Elapsed time: 0.027 milliseconds
[parse_aiml_as_XML.php][parse_aiml_as_XML][22]
Parsing the AIML template as XML 
-----------------------
16-05-2019 22:47:26.42712[2][4] - Elapsed time: 0.012 milliseconds
[parse_aiml_as_XML.php][add_text_tags][93]
Adding some TEXT tags into the template, just because I can... 
-----------------------
16-05-2019 22:47:26.42718[4][4] - Elapsed time: 0.053 milliseconds
[parse_aiml_as_XML.php][add_text_tags][120]
Returning template:
<template><text>SEM RESPOSTA</text></template> 
-----------------------
16-05-2019 22:47:26.42732[2][4] - Elapsed time: 0.144 milliseconds
[parse_aiml_as_XML.php][parseTemplateRecursive][201]
Recursively parsing the AIML template. 
-----------------------
16-05-2019 22:47:26.42743[4][4] - Elapsed time: 0.112 milliseconds
[parse_aiml_as_XML.php][parseTemplateRecursive][214]
Processing element template at level 0. element XML = <?xml version="1.0"?>
<template><text>SEM RESPOSTA</text></template>
 
-----------------------
16-05-2019 22:47:26.42744[4][4] - Elapsed time: 0.013 milliseconds
[parse_aiml_as_XML.php][parseTemplateRecursive][242]
function parse_template_tag does not exist. Parsing tag as text. 
-----------------------
16-05-2019 22:47:26.42746[2][4] - Elapsed time: 0.015 milliseconds
[parse_aiml_as_XML.php][parseTemplateRecursive][201]
Recursively parsing the AIML template. 
-----------------------
16-05-2019 22:47:26.42747[4][4] - Elapsed time: 0.015 milliseconds
[parse_aiml_as_XML.php][parseTemplateRecursive][214]
Processing element text at level 1. element XML = <text>SEM RESPOSTA</text> 
-----------------------
16-05-2019 22:47:26.42748[4][4] - Elapsed time: 0.009 milliseconds
[parse_aiml_as_XML.php][parseTemplateRecursive][225]
Function parse_text_tag does exist. Processing now. 
-----------------------
16-05-2019 22:47:26.42749[4][4] - Elapsed time: 0.010 milliseconds
[parse_aiml_as_XML.php][parseTemplateRecursive][229]
Passing element text to the parse_text_tag function 
-----------------------
16-05-2019 22:47:26.42751[2][4] - Elapsed time: 0.012 milliseconds
[parse_aiml_as_XML.php][parse_text_tag][281]
Parsing a TEXT tag. 
-----------------------
16-05-2019 22:47:26.42752[4][4] - Elapsed time: 0.011 milliseconds
[parse_aiml_as_XML.php][parseTemplateRecursive][234]
Adding 'SEM RESPOSTA' to the response array. tag name is text 
-----------------------
16-05-2019 22:47:26.42754[2][4] - Elapsed time: 0.023 milliseconds
[parse_aiml_as_XML.php][implode_recursive][137]
Imploding an array into a string. (recursively, if necessary) 
-----------------------
16-05-2019 22:47:26.42755[2][4] - Elapsed time: 0.006 milliseconds
[parse_aiml_as_XML.php][implode_recursive][138]
Input: Array
(
    [0] => SEM RESPOSTA
)

 
-----------------------
16-05-2019 22:47:26.42755[4][4] - Elapsed time: 0.005 milliseconds
[parse_aiml_as_XML.php][implode_recursive][155]
The variable $input is of type array 
-----------------------
16-05-2019 22:47:26.42756[4][4] - Elapsed time: 0.007 milliseconds
[parse_aiml_as_XML.php][implode_recursive][185]
Imploding complete. Returning 'SEM RESPOSTA' 
-----------------------
16-05-2019 22:47:26.42756[4][4] - Elapsed time: 0.005 milliseconds
[parse_aiml_as_XML.php][parseTemplateRecursive][262]
Adding 'SEM RESPOSTA' to the response array. tag name is template. 
-----------------------
16-05-2019 22:47:26.42757[2][4] - Elapsed time: 0.010 milliseconds
[parse_aiml_as_XML.php][implode_recursive][137]
Imploding an array into a string. (recursively, if necessary) 
-----------------------
16-05-2019 22:47:26.42758[2][4] - Elapsed time: 0.010 milliseconds
[parse_aiml_as_XML.php][implode_recursive][138]
Input: Array
(
    [0] => SEM RESPOSTA
)

 
-----------------------
16-05-2019 22:47:26.42759[4][4] - Elapsed time: 0.010 milliseconds
[parse_aiml_as_XML.php][implode_recursive][155]
The variable $input is of type array 
-----------------------
16-05-2019 22:47:26.42760[4][4] - Elapsed time: 0.010 milliseconds
[parse_aiml_as_XML.php][implode_recursive][185]
Imploding complete. Returning 'SEM RESPOSTA' 
-----------------------
16-05-2019 22:47:26.42761[4][4] - Elapsed time: 0.011 milliseconds
[parse_aiml_as_XML.php][parse_aiml_as_XML][47]
Completed parsing the template. The bot will say: SEM RESPOSTA 
-----------------------
16-05-2019 22:47:26.42762[4][4] - Elapsed time: 0.010 milliseconds
[parse_aiml.php][parse_matched_aiml][227]
normal - Saving for next turn 
-----------------------
16-05-2019 22:47:26.42763[4][4] - Elapsed time: 0.005 milliseconds
[parse_aiml.php][save_for_nextturn][271]
Saving that and that_raw for next turn 
-----------------------
16-05-2019 22:47:26.42763[2][4] - Elapsed time: 0.005 milliseconds
[intialise_conversation.php][push_on_front_convoArr][226]
Pushing 'SEM RESPOSTA' to the front of the [that_raw] array 
-----------------------
16-05-2019 22:47:26.42764[4][4] - Elapsed time: 0.008 milliseconds
[intialise_conversation.php][load_blank_array_element][62]
Loading blank that_raw array 
-----------------------
16-05-2019 22:47:26.42776[2][4] - Elapsed time: 0.121 milliseconds
[intialise_conversation.php][push_on_front_convoArr][226]
Pushing 'SEM RESPOSTA' to the front of the [that] array 
-----------------------
16-05-2019 22:47:26.42778[4][4] - Elapsed time: 0.017 milliseconds
[intialise_conversation.php][load_blank_array_element][62]
Loading blank that array 
-----------------------
16-05-2019 22:47:26.42780[4][4] - Elapsed time: 0.019 milliseconds
[parse_aiml.php][clean_that][251]
Cleaning up the ~THAT~ tag: 'SEM RESPOSTA' 
-----------------------
16-05-2019 22:47:26.42781[4][4] - Elapsed time: 0.009 milliseconds
[misc_functions.php][normalize_text][125]
Begin normalization - text = 'SEM RESPOSTA' 
-----------------------
16-05-2019 22:47:26.42782[4][4] - Elapsed time: 0.015 milliseconds
[misc_functions.php][normalize_text][150]
Normalization complete. Text = 'SEM RESPOSTA' 
-----------------------
16-05-2019 22:47:26.42783[4][4] - Elapsed time: 0.005 milliseconds
[parse_aiml.php][clean_that][258]
Cleaning Complete. output = 'SEM RESPOSTA' 
-----------------------
16-05-2019 22:47:26.42784[2][4] - Elapsed time: 0.009 milliseconds
[intialise_conversation.php][push_on_front_convoArr][226]
Pushing 'SEM RESPOSTA' to the front of the [parsed_template] array 
-----------------------
16-05-2019 22:47:26.42784[4][4] - Elapsed time: 0.006 milliseconds
[intialise_conversation.php][load_blank_array_element][62]
Loading blank parsed_template array 
-----------------------
16-05-2019 22:47:26.42786[2][4] - Elapsed time: 0.013 milliseconds
[intialise_conversation.php][push_on_front_convoArr][226]
Pushing 'SEM RESPOSTA' to the front of the [template] array 
-----------------------
16-05-2019 22:47:26.42787[4][4] - Elapsed time: 0.012 milliseconds
[intialise_conversation.php][load_blank_array_element][62]
Loading blank template array 
-----------------------
16-05-2019 22:47:26.42789[2][4] - Elapsed time: 0.017 milliseconds
[intialise_conversation.php][log_conversation][403]
Saving the conversation to the DB. 
-----------------------
16-05-2019 22:47:26.42790[3][4] - Elapsed time: 0.016 milliseconds
[intialise_conversation.php][log_conversation][442]
Saving conservation SQL: INSERT INTO `devn1web_chat_vital`.`conversation_log` (
      `id` ,
      `input` ,
      `response` ,
      `user_id` ,
      `convo_id` ,
      `bot_id` ,
      `timestamp`
    )
    VALUES (
      NULL ,
      'teste123',
      'SEM RESPOSTA',
      1232,
      '69lihrrl251ug19q1eekdthhs4',
      1,
      CURRENT_TIMESTAMP
    ) 
-----------------------
16-05-2019 22:47:26.61499[4][4] - Elapsed time: 187.086 milliseconds
[intialise_conversation.php][write_to_session][140]
Saving to session 
-----------------------
16-05-2019 22:47:26.61525[3][4] - Elapsed time: 0.265 milliseconds
[display_conversation.php][get_conversation_to_display][59]
get_conversation SQL: SELECT * FROM `devn1web_chat_vital`.`conversation_log` WHERE
        `user_id` = :user_id
        AND `bot_id` = :bot_id
        AND `convo_id` = :convo_id
        ORDER BY id DESC  LIMIT 1 
-----------------------
16-05-2019 22:47:26.61548[2][4] - Elapsed time: 0.233 milliseconds
[display_conversation.php][get_conversation_to_display][77]
Found '1' lines of conversation 
-----------------------
16-05-2019 22:47:26.61552[4][4] - Elapsed time: 0.031 milliseconds
[display_conversation.php][get_conversation][92]
Processing conversation as html 
-----------------------
16-05-2019 22:47:26.61553[4][4] - Elapsed time: 0.015 milliseconds
[display_conversation.php][get_html][135]
Returning HTML 
-----------------------
16-05-2019 22:47:26.61632[2][4] - Elapsed time: 0.791 milliseconds
[conversation_start.php][Called outside of function][298]
Closing Database 
-----------------------
16-05-2019 22:47:26.61636[0][4] - Elapsed time: 0.035 milliseconds
[conversation_start.php][Called outside of function][304]
Conversation Ending. Elapsed time: 473.159 milliseconds. 
-----------------------
Debug Level: 4
-----------------------
Debug Mode: 1
-----------------------
CONVERSATION ARRAY
-----------------------
Array
(
    [say] => teste123
    [conversation] => Array
        (
            [convo_id] => 69lihrrl251ug19q1eekdthhs4
            [bot_name] => Net Bot
            [bot_id] => 1
            [format] => html
            [unknown_user] => Entrou
            [user_id] => 1232
            [totallines] => 1
            [user_name] => Entrou
            [rawSay] => teste123
            [conversation_lines] => 1
            [remember_up_to] => 10
            [debugemail] => contato@devn1.com.br
            [debug_level] => 4
            [debugmode] => 1
            [save_state] => database
            [default_aiml_pattern] => LINHA DE RECOLHA ALEATÓRIA2
            [bot_parent_id] => 1
            [aimlData] => Array
                (
                    [aiml_id] => -1
                    [bot_id] => 1
                    [pattern] => no results
                    [thatpattern] => 
                    [template] => SEM RESPOSTA
                    [topic] => 
                    [score] => 261
                    [track_score] => current bot (250 points), no thatpattern to match (1 point), common word match: no (1 points), uncommon word match: results (8 points)
                )

        )

    [aiml] => Array
        (
            [user_raw] => teste123
            [lookingfor] => TESTE123
            [pattern] => no results
            [thatpattern] => 
            [template] => SEM RESPOSTA
            [html_template] => 
            [topic] => 
            [score] => 261
            [aiml_id] => -1
            [stars] => Array
                (
                )

            [that_stars] => Array
                (
                    [1] => 
                )

            [topic_stars] => Array
                (
                )

            [parsed_template] => SEM RESPOSTA
        )

    [client_properties] => Array
        (
            [ip_address] => 138.204.25.236
            [name] => Entrou
        )

    [time_start] => 1558057646.1432
    [user_say] => Array
        (
            [1] => TESTE123
            [2] => 
            [3] => 
            [4] => 
            [5] => 
            [6] => 
            [7] => 
            [8] => 
            [9] => 
            [10] => 
        )

    [input] => Array
        (
            [1] => teste123
            [2] => 
            [3] => 
            [4] => 
            [5] => 
            [6] => 
            [7] => 
            [8] => 
            [9] => 
            [10] => 
        )

    [that_raw] => Array
        (
            [1] => Array
                (
                    [1] => 
                    [2] => SEM RESPOSTA
                )

            [2] => 
            [3] => 
            [4] => 
            [5] => 
            [6] => 
            [7] => 
            [8] => 
            [9] => 
            [10] => 
            [12] => 
        )

    [that] => Array
        (
            [1] => Array
                (
                    [1] => SEM RESPOSTA
                )

            [2] => 
            [3] => 
            [4] => 
            [5] => 
            [6] => 
            [7] => 
            [8] => 
            [9] => 
            [10] => 
            [12] => 
        )

    [parsed_template] => Array
        (
            [1] => SEM RESPOSTA
            [2] => 
            [3] => 
            [4] => 
            [5] => 
            [6] => 
            [7] => 
            [8] => 
            [9] => 
            [10] => 
        )

    [template] => Array
        (
            [1] => SEM RESPOSTA
            [2] => 
            [3] => 
            [4] => 
            [5] => 
            [6] => 
            [7] => 
            [8] => 
            [9] => 
            [10] => 
        )

    [send_to_user] => <div class="usersay">Entrou: teste123</div><div class="botsay">Net Bot: SEM RESPOSTA</div>
)

-----------------------
Total execution time: 473.159 Milliseconds. Goodbye.