03-05-2019 11:30:20.11624[0][4] - Elapsed time: 2.566 milliseconds
[conversation_start.php][Called outside of function][91]
Conversation starting. Current system specs:
Program O version:            2.6.11
Server Software:              Apache
PHP Version:                  5.6.40
OS:                           Linux
OS Version:                   #1 SMP Wed Sep 26 15:12:11 UTC 2018
MySQL Version:                5.7.26
Multi-byte functions enabled: true 
-----------------------
03-05-2019 11:30:20.12011[4][4] - Elapsed time: 3.870 milliseconds
[load_aimlfunctions.php][Called outside of function][16]
AIML function include files loaded 
-----------------------
03-05-2019 11:30:20.12137[4][4] - Elapsed time: 1.253 milliseconds
[load_convofunctions.php][Called outside of function][16]
Convofunction include files loaded 
-----------------------
03-05-2019 11:30:20.12159[4][4] - Elapsed time: 0.226 milliseconds
[load_userfunctions.php][Called outside of function][14]
userfunctions include files loaded 
-----------------------
03-05-2019 11:30:20.12268[4][4] - Elapsed time: 1.090 milliseconds
[load_addons.php][Called outside of function][19]
Loading addons 
-----------------------
03-05-2019 11:30:20.12270[4][4] - Elapsed time: 0.017 milliseconds
[conversation_start.php][Called outside of function][104]
Loaded all Includes 
-----------------------
03-05-2019 11:30:20.12289[0][4] - Elapsed time: 0.190 milliseconds
[conversation_start.php][Called outside of function][159]
Debug level: 4
session ID = ngls15uh86m6uhregau5al4tt0 
-----------------------
03-05-2019 11:30:20.12290[4][4] - Elapsed time: 0.014 milliseconds
[conversation_start.php][Called outside of function][162]
Conversation continuing. User said 'sair'. 
-----------------------
03-05-2019 11:30:20.12296[4][4] - Elapsed time: 0.056 milliseconds
[intialise_conversation.php][read_from_session][155]
Reading from session 
-----------------------
03-05-2019 11:30:20.12297[4][4] - Elapsed time: 0.014 milliseconds
[intialise_conversation.php][load_default_bot_values][110]
Loading db bot personality properties 
-----------------------
03-05-2019 11:30:20.12299[3][4] - Elapsed time: 0.021 milliseconds
[intialise_conversation.php][load_default_bot_values][118]
load db bot personality values SQL: SELECT * FROM `devncom_ia_golden`.`botpersonality` WHERE `bot_id` = 1; 
-----------------------
03-05-2019 11:30:20.12328[1][4] - Elapsed time: 0.286 milliseconds
[intialise_conversation.php][check_set_convo_id][653]
Cannot find CONVO ID. Using default: ngls15uh86m6uhregau5al4tt0 
-----------------------
03-05-2019 11:30:20.12330[2][4] - Elapsed time: 0.022 milliseconds
[intialise_conversation.php][check_set_bot][581]
Checking and/or setting the current bot. 
-----------------------
03-05-2019 11:30:20.12332[3][4] - Elapsed time: 0.014 milliseconds
[intialise_conversation.php][check_set_bot][599]
Making sure the bot exists. SQL = SELECT * FROM `devncom_ia_golden`.`bots` WHERE bot_id = 1 AND `bot_active` = 1; 
-----------------------
03-05-2019 11:30:20.12351[2][4] - Elapsed time: 0.193 milliseconds
[intialise_conversation.php][check_set_bot][616]
BOT ID: 1 
-----------------------
03-05-2019 11:30:20.12352[2][4] - Elapsed time: 0.017 milliseconds
[intialise_conversation.php][check_set_user][672]
Checking and setting the user info, as needed. 
-----------------------
03-05-2019 11:30:20.12391[2][4] - Elapsed time: 0.387 milliseconds
[handle_user.php][intisaliseUser][82]
Initializing user. 
-----------------------
03-05-2019 11:30:20.12411[3][4] - Elapsed time: 0.199 milliseconds
[handle_user.php][intisaliseUser][128]
intisaliseUser #1051 SQL: INSERT INTO `users`
        (`id`, `user_name`, `session_id`, `bot_id`, `chatlines`,`ip`, `referer`, `browser`, `date_logged_on` , `last_update`    , `state`)
 VALUES (NULL, 'Entrou'  , 'ngls15uh86m6uhregau5al4tt0'   , 1 , '0'        , '138.204.25.194', ''      , 'Mozilla/4.0 (compatible; MSIE 8.0; Windows NT 6.0)'      , CURRENT_TIMESTAMP, CURRENT_TIMESTAMP, ''     ); 
-----------------------
03-05-2019 11:30:20.12446[3][4] - Elapsed time: 0.347 milliseconds
[intialise_conversation.php][check_set_user][705]
Loading client properties from the DB - sql:
SELECT `name`, `value` FROM `devncom_ia_golden`.`client_properties` WHERE `user_id` = 1051 AND `bot_id` = 1; 
-----------------------
03-05-2019 11:30:20.12626[2][4] - Elapsed time: 1.798 milliseconds
[spell_checker.php][run_spell_checker_say][36]
Starting function and setting timestamp. 
-----------------------
03-05-2019 11:30:20.12631[2][4] - Elapsed time: 0.056 milliseconds
[spell_checker.php][spell_check][60]
Preforming a spel chek on sair. 
-----------------------
03-05-2019 11:30:20.12634[2][4] - Elapsed time: 0.032 milliseconds
[spell_checker.php][load_spelling_list][117]
Loading the spellcheck list from the DB. 
-----------------------
03-05-2019 11:30:20.12659[4][4] - Elapsed time: 0.247 milliseconds
[misc_functions.php][normalize_text][125]
Begin normalization - text = 'sair' 
-----------------------
03-05-2019 11:30:20.12668[4][4] - Elapsed time: 0.085 milliseconds
[misc_functions.php][normalize_text][150]
Normalization complete. Text = 'SAIR' 
-----------------------
03-05-2019 11:30:20.12669[2][4] - Elapsed time: 0.015 milliseconds
[conversation_start.php][Called outside of function][237]
Details:
User say: SAIR
Convo id: ngls15uh86m6uhregau5al4tt0
Bot id: 1
Format: html 
-----------------------
03-05-2019 11:30:20.12671[4][4] - Elapsed time: 0.017 milliseconds
[intialise_conversation.php][check_set_format][752]
Using format: html 
-----------------------
03-05-2019 11:30:20.12672[2][4] - Elapsed time: 0.011 milliseconds
[intialise_conversation.php][load_that][769]
Loading the THAT array. 
-----------------------
03-05-2019 11:30:20.12673[3][4] - Elapsed time: 0.014 milliseconds
[intialise_conversation.php][load_that][784]
Getting conversation log entries for the current user. SQL:
SELECT `input`, `response` FROM `devncom_ia_golden`.`conversation_log` WHERE `user_id` = 1051 AND `bot_id` = 1 ORDER BY `id` DESC limit 10; 
-----------------------
03-05-2019 11:30:20.16628[4][4] - Elapsed time: 39.547 milliseconds
[intialise_conversation.php][load_that][856]
Couldn't find any previous inputs or responses. 
-----------------------
03-05-2019 11:30:20.16742[2][4] - Elapsed time: 1.144 milliseconds
[intialise_conversation.php][load_bot_config][343]
Loading config data for the current bot. 
-----------------------
03-05-2019 11:30:20.16746[3][4] - Elapsed time: 0.041 milliseconds
[intialise_conversation.php][load_bot_config][352]
load bot config SQL: SELECT * FROM `devncom_ia_golden`.`bots` WHERE bot_id = 1; 
-----------------------
03-05-2019 11:30:20.16771[4][4] - Elapsed time: 0.241 milliseconds
[intialise_conversation.php][load_bot_config][357]
Loading bot details from the database. 
-----------------------
03-05-2019 11:30:20.16774[0][4] - Elapsed time: 0.031 milliseconds
[conversation_start.php][Called outside of function][257]
Default debug level = 4 
-----------------------
03-05-2019 11:30:20.16775[0][4] - Elapsed time: 0.011 milliseconds
[conversation_start.php][Called outside of function][259]
Current debug level = 4 
-----------------------
03-05-2019 11:30:20.16776[0][4] - Elapsed time: 0.015 milliseconds
[conversation_start.php][Called outside of function][272]
Say = SAIR: raw say = sair 
-----------------------
03-05-2019 11:30:20.16777[4][4] - Elapsed time: 0.012 milliseconds
[intialise_conversation.php][add_new_conversation_vars][184]
New conversation vars 
-----------------------
03-05-2019 11:30:20.16779[2][4] - Elapsed time: 0.011 milliseconds
[intialise_conversation.php][push_on_front_convoArr][226]
Pushing 'SAIR' to the front of the [user_say] array 
-----------------------
03-05-2019 11:30:20.16783[4][4] - Elapsed time: 0.045 milliseconds
[intialise_conversation.php][load_blank_array_element][62]
Loading blank user_say array 
-----------------------
03-05-2019 11:30:20.16796[0][4] - Elapsed time: 0.128 milliseconds
[intialise_conversation.php][add_new_conversation_vars][188]
User RAW = sair, RAW say = sair 
-----------------------
03-05-2019 11:30:20.16798[2][4] - Elapsed time: 0.017 milliseconds
[intialise_conversation.php][push_on_front_convoArr][226]
Pushing 'sair' to the front of the [input] array 
-----------------------
03-05-2019 11:30:20.16799[4][4] - Elapsed time: 0.014 milliseconds
[intialise_conversation.php][load_blank_array_element][62]
Loading blank input array 
-----------------------
03-05-2019 11:30:20.16817[4][4] - Elapsed time: 0.176 milliseconds
[make_conversation.php][make_conversation][22]
Making conversation 
-----------------------
03-05-2019 11:30:20.16820[4][4] - Elapsed time: 0.035 milliseconds
[misc_functions.php][normalize_text][125]
Begin normalization - text = 'SAIR' 
-----------------------
03-05-2019 11:30:20.16825[4][4] - Elapsed time: 0.051 milliseconds
[misc_functions.php][normalize_text][150]
Normalization complete. Text = 'SAIR' 
-----------------------
03-05-2019 11:30:20.16837[4][4] - Elapsed time: 0.113 milliseconds
[find_aiml.php][get_aiml_to_parse][909]
Running all functions to get the correct aiml from the DB 
-----------------------
03-05-2019 11:30:20.17056[4][4] - Elapsed time: 2.196 milliseconds
[find_aiml.php][find_userdefined_aiml][821]
Looking for user defined responses 
-----------------------
03-05-2019 11:30:20.17062[3][4] - Elapsed time: 0.063 milliseconds
[find_aiml.php][find_userdefined_aiml][870]
User defined SQL:
SELECT `id`, `bot_id`, `pattern`, `thatpattern`, `template` FROM `devncom_ia_golden`.`aiml_userdefined` WHERE
    `bot_id` = 1 AND
    `user_id` = 'ngls15uh86m6uhregau5al4tt0'
    AND (
        'SAIR' LIKE (REPLACE(REPLACE(`pattern`, '*', '%'), '_', '%')))
   ORDER BY `id` ASC, `pattern` ASC, `thatpattern` ASC; 
-----------------------
03-05-2019 11:30:20.17085[2][4] - Elapsed time: 0.224 milliseconds
[find_aiml.php][find_userdefined_aiml][896]
User defined rows found: '0' 
-----------------------
03-05-2019 11:30:20.17088[4][4] - Elapsed time: 0.034 milliseconds
[find_aiml.php][find_aiml_matches][975]
Finding the aiml matches from the DB 
-----------------------
03-05-2019 11:30:20.17090[4][4] - Elapsed time: 0.017 milliseconds
[find_aiml.php][find_aiml_matches][981]
Bot ID = 1. Bot Parent ID = 1. 
-----------------------
03-05-2019 11:30:20.17253[4][4] - Elapsed time: 1.627 milliseconds
[find_aiml.php][find_aiml_matches][992]
Stored topic = '' 
-----------------------
03-05-2019 11:30:20.17257[3][4] - Elapsed time: 0.048 milliseconds
[find_aiml.php][find_aiml_matches][1052]
Core Match AIML sql:
SELECT `id`, `bot_id`, `pattern`, `thatpattern`, `topic`, `filename`, `template` FROM `devncom_ia_golden`.`aiml` WHERE
    bot_id = 1 AND (
        'SAIR' LIKE (REPLACE(REPLACE(`pattern`, '*', '%'), '_', '%'))
        OR `pattern` LIKE 'LINHA DE RECOLHA ALEATÓRIA2'
    )
    # ORDER BY `id` ASC, `topic` DESC, `pattern` ASC, `thatpattern` ASC; 
-----------------------
03-05-2019 11:30:20.17285[3][4] - Elapsed time: 0.281 milliseconds
[find_aiml.php][find_aiml_matches][1054]
Query Process time... 
-----------------------
03-05-2019 11:30:20.17288[2][4] - Elapsed time: 0.025 milliseconds
[find_aiml.php][find_aiml_matches][1061]
FOUND: (1) potential AIML matches 
-----------------------
03-05-2019 11:30:20.17459[4][4] - Elapsed time: 1.713 milliseconds
[find_aiml.php][unset_all_bad_pattern_matches][48]
NEW FUNC Searching through 1 rows to unset bad matches 
-----------------------
03-05-2019 11:30:20.17462[4][4] - Elapsed time: 0.026 milliseconds
[find_aiml.php][unset_all_bad_pattern_matches][62]
Blue 5 to Blue leader. Starting my run now! Looking for 'SAIR' 
-----------------------
03-05-2019 11:30:20.17469[4][4] - Elapsed time: 0.070 milliseconds
[find_aiml.php][unset_all_bad_pattern_matches][195]
Found 1 relevant rows 
-----------------------
03-05-2019 11:30:20.17470[4][4] - Elapsed time: 0.015 milliseconds
[find_aiml.php][score_matches][255]
Scoring the matches. 
-----------------------
03-05-2019 11:30:20.17655[4][4] - Elapsed time: 1.848 milliseconds
[find_aiml.php][score_matches][548]
Sorted array $allrows:
Array
(
    [0] => Array
        (
            [id] => 4567
            [bot_id] => 1
            [pattern] => *SAIR*
            [thatpattern] => 
            [topic] => 
            [filename] => admin_added.aiml
            [template] => Seu nome foi removido de nossa lista, desculpe o inconveniente.
            [score] => 259
            [current_that] => 
            [aiml_id] => 4567
            [track_score] => current bot (250 points), no thatpattern to match (1 point), uncommon word match: *sair* (8 points)
        )

)
 
-----------------------
03-05-2019 11:30:20.17662[2][4] - Elapsed time: 0.071 milliseconds
[find_aiml.php][get_highest_scoring_row][642]
Final candidates:

Array
(
    [0] => Array
        (
            [id] => 4567
            [bot_id] => 1
            [pattern] => *SAIR*
            [thatpattern] => 
            [topic] => 
            [filename] => admin_added.aiml
            [template] => Seu nome foi removido de nossa lista, desculpe o inconveniente.
            [score] => 259
            [current_that] => 
            [aiml_id] => 4567
            [track_score] => current bot (250 points), no thatpattern to match (1 point), uncommon word match: *sair* (8 points)
        )

)

 
-----------------------
03-05-2019 11:30:20.17726[4][4] - Elapsed time: 0.639 milliseconds
[find_aiml.php][get_highest_scoring_row][697]
Best Response: Array
(
    [id] => 4567
    [bot_id] => 1
    [pattern] => *SAIR*
    [thatpattern] => 
    [topic] => 
    [filename] => admin_added.aiml
    [template] => Seu nome foi removido de nossa lista, desculpe o inconveniente.
    [score] => 259
    [current_that] => 
    [aiml_id] => 4567
    [track_score] => current bot (250 points), no thatpattern to match (1 point), uncommon word match: *sair* (8 points)
)
 
-----------------------
03-05-2019 11:30:20.17728[2][4] - Elapsed time: 0.021 milliseconds
[find_aiml.php][get_highest_scoring_row][698]
No results found, so none to pick from. 
-----------------------
03-05-2019 11:30:20.17738[4][4] - Elapsed time: 0.093 milliseconds
[find_aiml.php][get_aiml_to_parse][960]
Will be parsing id:4567 (*SAIR*) 
-----------------------
03-05-2019 11:30:20.17739[3][4] - Elapsed time: 0.015 milliseconds
[parse_aiml.php][parse_matched_aiml][213]
Run the aiml parse in normal mode (normal or srai) 
-----------------------
03-05-2019 11:30:20.17740[2][4] - Elapsed time: 0.013 milliseconds
[parse_aiml.php][set_wildcards][297]
Setting Wildcards. Pattern = '*SAIR*' 
-----------------------
03-05-2019 11:30:20.17742[2][4] - Elapsed time: 0.012 milliseconds
[parse_aiml.php][set_wildcards][306]
We have pattern stars to process! 
-----------------------
03-05-2019 11:30:20.17743[2][4] - Elapsed time: 0.011 milliseconds
[parse_aiml.php][set_wildcards][310]
RegEx string = ~(.+)SAIR(.+)$~siuU: Searching sair for a match. 
-----------------------
03-05-2019 11:30:20.17745[2][4] - Elapsed time: 0.025 milliseconds
[parse_aiml.php][set_wildcards][324]
Something is not right here. 
-----------------------
03-05-2019 11:30:20.17746[4][4] - Elapsed time: 0.009 milliseconds
[parse_aiml.php][set_wildcards][329]
Checking for wildcards in pattern-side THAT 
-----------------------
03-05-2019 11:30:20.17747[4][4] - Elapsed time: 0.013 milliseconds
[parse_aiml.php][set_wildcards][361]
Checking for wildcards in pattern-side TOPIC 
-----------------------
03-05-2019 11:30:20.17750[2][4] - Elapsed time: 0.028 milliseconds
[parse_aiml.php][set_wildcards][394]
AIML array now = Array
(
    [aiml_id] => 4567
    [category_id] => 4567
    [html_template] => 
    [lookingfor] => SAIR
    [pattern] => *SAIR*
    [score] => 259
    [stars] => Array
        (
        )

    [template] => Seu nome foi removido de nossa lista, desculpe o inconveniente.
    [thatpattern] => 
    [that_stars] => Array
        (
            [1] => 
        )

    [topic] => 
    [topic_stars] => Array
        (
        )

    [user_raw] => sair
)
 
-----------------------
03-05-2019 11:30:20.17752[2][4] - Elapsed time: 0.016 milliseconds
[parse_aiml_as_XML.php][parse_aiml_as_XML][22]
Parsing the AIML template as XML 
-----------------------
03-05-2019 11:30:20.17753[2][4] - Elapsed time: 0.012 milliseconds
[parse_aiml_as_XML.php][add_text_tags][93]
Adding some TEXT tags into the template, just because I can... 
-----------------------
03-05-2019 11:30:20.17757[4][4] - Elapsed time: 0.036 milliseconds
[parse_aiml_as_XML.php][add_text_tags][120]
Returning template:
<template><text>Seu nome foi removido de nossa lista, desculpe o inconveniente.</text></template> 
-----------------------
03-05-2019 11:30:20.17776[2][4] - Elapsed time: 0.190 milliseconds
[parse_aiml_as_XML.php][parseTemplateRecursive][201]
Recursively parsing the AIML template. 
-----------------------
03-05-2019 11:30:20.17783[4][4] - Elapsed time: 0.078 milliseconds
[parse_aiml_as_XML.php][parseTemplateRecursive][214]
Processing element template at level 0. element XML = <?xml version="1.0"?>
<template><text>Seu nome foi removido de nossa lista, desculpe o inconveniente.</text></template>
 
-----------------------
03-05-2019 11:30:20.17785[4][4] - Elapsed time: 0.017 milliseconds
[parse_aiml_as_XML.php][parseTemplateRecursive][242]
function parse_template_tag does not exist. Parsing tag as text. 
-----------------------
03-05-2019 11:30:20.17788[2][4] - Elapsed time: 0.028 milliseconds
[parse_aiml_as_XML.php][parseTemplateRecursive][201]
Recursively parsing the AIML template. 
-----------------------
03-05-2019 11:30:20.17792[4][4] - Elapsed time: 0.038 milliseconds
[parse_aiml_as_XML.php][parseTemplateRecursive][214]
Processing element text at level 1. element XML = <text>Seu nome foi removido de nossa lista, desculpe o inconveniente.</text> 
-----------------------
03-05-2019 11:30:20.17793[4][4] - Elapsed time: 0.015 milliseconds
[parse_aiml_as_XML.php][parseTemplateRecursive][225]
Function parse_text_tag does exist. Processing now. 
-----------------------
03-05-2019 11:30:20.17794[4][4] - Elapsed time: 0.010 milliseconds
[parse_aiml_as_XML.php][parseTemplateRecursive][229]
Passing element text to the parse_text_tag function 
-----------------------
03-05-2019 11:30:20.17795[2][4] - Elapsed time: 0.013 milliseconds
[parse_aiml_as_XML.php][parse_text_tag][281]
Parsing a TEXT tag. 
-----------------------
03-05-2019 11:30:20.17797[4][4] - Elapsed time: 0.012 milliseconds
[parse_aiml_as_XML.php][parseTemplateRecursive][234]
Adding 'Seu nome foi removido de nossa lista, desculpe o inconveniente.' to the response array. tag name is text 
-----------------------
03-05-2019 11:30:20.17798[2][4] - Elapsed time: 0.013 milliseconds
[parse_aiml_as_XML.php][implode_recursive][137]
Imploding an array into a string. (recursively, if necessary) 
-----------------------
03-05-2019 11:30:20.17799[2][4] - Elapsed time: 0.012 milliseconds
[parse_aiml_as_XML.php][implode_recursive][138]
Input: Array
(
    [0] => Seu nome foi removido de nossa lista, desculpe o inconveniente.
)

 
-----------------------
03-05-2019 11:30:20.17800[4][4] - Elapsed time: 0.012 milliseconds
[parse_aiml_as_XML.php][implode_recursive][155]
The variable $input is of type array 
-----------------------
03-05-2019 11:30:20.17802[4][4] - Elapsed time: 0.014 milliseconds
[parse_aiml_as_XML.php][implode_recursive][185]
Imploding complete. Returning 'Seu nome foi removido de nossa lista, desculpe o inconveniente.' 
-----------------------
03-05-2019 11:30:20.17803[4][4] - Elapsed time: 0.012 milliseconds
[parse_aiml_as_XML.php][parseTemplateRecursive][262]
Adding 'Seu nome foi removido de nossa lista, desculpe o inconveniente.' to the response array. tag name is template. 
-----------------------
03-05-2019 11:30:20.17806[2][4] - Elapsed time: 0.026 milliseconds
[parse_aiml_as_XML.php][implode_recursive][137]
Imploding an array into a string. (recursively, if necessary) 
-----------------------
03-05-2019 11:30:20.17807[2][4] - Elapsed time: 0.012 milliseconds
[parse_aiml_as_XML.php][implode_recursive][138]
Input: Array
(
    [0] => Seu nome foi removido de nossa lista, desculpe o inconveniente.
)

 
-----------------------
03-05-2019 11:30:20.17808[4][4] - Elapsed time: 0.011 milliseconds
[parse_aiml_as_XML.php][implode_recursive][155]
The variable $input is of type array 
-----------------------
03-05-2019 11:30:20.17811[4][4] - Elapsed time: 0.033 milliseconds
[parse_aiml_as_XML.php][implode_recursive][185]
Imploding complete. Returning 'Seu nome foi removido de nossa lista, desculpe o inconveniente.' 
-----------------------
03-05-2019 11:30:20.17813[4][4] - Elapsed time: 0.018 milliseconds
[parse_aiml_as_XML.php][parse_aiml_as_XML][47]
Completed parsing the template. The bot will say: Seu nome foi removido de nossa lista, desculpe o inconveniente. 
-----------------------
03-05-2019 11:30:20.17815[4][4] - Elapsed time: 0.016 milliseconds
[parse_aiml.php][parse_matched_aiml][227]
normal - Saving for next turn 
-----------------------
03-05-2019 11:30:20.17816[4][4] - Elapsed time: 0.011 milliseconds
[parse_aiml.php][save_for_nextturn][271]
Saving that and that_raw for next turn 
-----------------------
03-05-2019 11:30:20.17817[2][4] - Elapsed time: 0.012 milliseconds
[intialise_conversation.php][push_on_front_convoArr][226]
Pushing 'Seu nome foi removido de nossa lista, desculpe o inconveniente.' to the front of the [that_raw] array 
-----------------------
03-05-2019 11:30:20.17819[4][4] - Elapsed time: 0.020 milliseconds
[intialise_conversation.php][load_blank_array_element][62]
Loading blank that_raw array 
-----------------------
03-05-2019 11:30:20.17825[2][4] - Elapsed time: 0.056 milliseconds
[intialise_conversation.php][push_on_front_convoArr][226]
Pushing 'Seu nome foi removido de nossa lista, desculpe o inconveniente.' to the front of the [that] array 
-----------------------
03-05-2019 11:30:20.17826[4][4] - Elapsed time: 0.019 milliseconds
[intialise_conversation.php][load_blank_array_element][62]
Loading blank that array 
-----------------------
03-05-2019 11:30:20.17829[4][4] - Elapsed time: 0.024 milliseconds
[parse_aiml.php][clean_that][251]
Cleaning up the ~THAT~ tag: 'Seu nome foi removido de nossa lista, desculpe o inconveniente.' 
-----------------------
03-05-2019 11:30:20.17830[4][4] - Elapsed time: 0.014 milliseconds
[misc_functions.php][normalize_text][125]
Begin normalization - text = 'Seu nome foi removido de nossa lista, desculpe o inconveniente.' 
-----------------------
03-05-2019 11:30:20.17834[4][4] - Elapsed time: 0.038 milliseconds
[misc_functions.php][normalize_text][150]
Normalization complete. Text = 'SEU NOME FOI REMOVIDO DE NOSSA LISTA DESCULPE O INCONVENIENTE' 
-----------------------
03-05-2019 11:30:20.17835[4][4] - Elapsed time: 0.012 milliseconds
[parse_aiml.php][clean_that][258]
Cleaning Complete. output = 'SEU NOME FOI REMOVIDO DE NOSSA LISTA DESCULPE O INCONVENIENTE' 
-----------------------
03-05-2019 11:30:20.17837[2][4] - Elapsed time: 0.019 milliseconds
[intialise_conversation.php][push_on_front_convoArr][226]
Pushing 'Seu nome foi removido de nossa lista, desculpe o inconveniente.' to the front of the [parsed_template] array 
-----------------------
03-05-2019 11:30:20.17839[4][4] - Elapsed time: 0.018 milliseconds
[intialise_conversation.php][load_blank_array_element][62]
Loading blank parsed_template array 
-----------------------
03-05-2019 11:30:20.17841[2][4] - Elapsed time: 0.017 milliseconds
[intialise_conversation.php][push_on_front_convoArr][226]
Pushing 'Seu nome foi removido de nossa lista, desculpe o inconveniente.' to the front of the [template] array 
-----------------------
03-05-2019 11:30:20.17842[4][4] - Elapsed time: 0.016 milliseconds
[intialise_conversation.php][load_blank_array_element][62]
Loading blank template array 
-----------------------
03-05-2019 11:30:20.17845[2][4] - Elapsed time: 0.023 milliseconds
[intialise_conversation.php][log_conversation][403]
Saving the conversation to the DB. 
-----------------------
03-05-2019 11:30:20.17847[3][4] - Elapsed time: 0.023 milliseconds
[intialise_conversation.php][log_conversation][442]
Saving conservation SQL: INSERT INTO `devncom_ia_golden`.`conversation_log` (
      `id` ,
      `input` ,
      `response` ,
      `user_id` ,
      `convo_id` ,
      `bot_id` ,
      `timestamp`
    )
    VALUES (
      NULL ,
      'sair',
      'Seu nome foi removido de nossa lista, desculpe o inconveniente.',
      1051,
      'ngls15uh86m6uhregau5al4tt0',
      1,
      CURRENT_TIMESTAMP
    ) 
-----------------------
03-05-2019 11:30:20.21369[4][4] - Elapsed time: 35.218 milliseconds
[intialise_conversation.php][write_to_session][140]
Saving to session 
-----------------------
03-05-2019 11:30:20.21392[3][4] - Elapsed time: 0.234 milliseconds
[display_conversation.php][get_conversation_to_display][59]
get_conversation SQL: SELECT * FROM `devncom_ia_golden`.`conversation_log` WHERE
        `user_id` = :user_id
        AND `bot_id` = :bot_id
        AND `convo_id` = :convo_id
        ORDER BY id DESC  LIMIT 1 
-----------------------
03-05-2019 11:30:20.21413[2][4] - Elapsed time: 0.213 milliseconds
[display_conversation.php][get_conversation_to_display][77]
Found '1' lines of conversation 
-----------------------
03-05-2019 11:30:20.21416[4][4] - Elapsed time: 0.023 milliseconds
[display_conversation.php][get_conversation][92]
Processing conversation as html 
-----------------------
03-05-2019 11:30:20.21418[4][4] - Elapsed time: 0.023 milliseconds
[display_conversation.php][get_html][135]
Returning HTML 
-----------------------
03-05-2019 11:30:20.21514[2][4] - Elapsed time: 0.957 milliseconds
[conversation_start.php][Called outside of function][297]
Closing Database 
-----------------------
03-05-2019 11:30:20.21517[0][4] - Elapsed time: 0.038 milliseconds
[conversation_start.php][Called outside of function][303]
Conversation Ending. Elapsed time: 101.480 milliseconds. 
-----------------------
Debug Level: 4
-----------------------
Debug Mode: 1
-----------------------
CONVERSATION ARRAY
-----------------------
Array
(
    [say] => sair
    [conversation] => Array
        (
            [convo_id] => ngls15uh86m6uhregau5al4tt0
            [bot_name] => Net Bot
            [bot_id] => 1
            [format] => html
            [unknown_user] => Entrou
            [user_id] => 1051
            [totallines] => 1
            [user_name] => Entrou
            [rawSay] => sair
            [conversation_lines] => 1
            [remember_up_to] => 10
            [debugemail] => contato@devn1.com.br
            [debug_level] => 4
            [debugmode] => 1
            [save_state] => database
            [default_aiml_pattern] => LINHA DE RECOLHA ALEATÓRIA2
            [bot_parent_id] => 1
            [aimlData] => Array
                (
                    [id] => 4567
                    [bot_id] => 1
                    [pattern] => *SAIR*
                    [thatpattern] => 
                    [topic] => 
                    [filename] => admin_added.aiml
                    [template] => Seu nome foi removido de nossa lista, desculpe o inconveniente.
                    [score] => 259
                    [current_that] => 
                    [aiml_id] => 4567
                    [track_score] => current bot (250 points), no thatpattern to match (1 point), uncommon word match: *sair* (8 points)
                )

        )

    [aiml] => Array
        (
            [user_raw] => sair
            [lookingfor] => SAIR
            [category_id] => 4567
            [pattern] => *SAIR*
            [thatpattern] => 
            [template] => Seu nome foi removido de nossa lista, desculpe o inconveniente.
            [html_template] => 
            [topic] => 
            [score] => 259
            [aiml_id] => 4567
            [stars] => Array
                (
                )

            [that_stars] => Array
                (
                    [1] => 
                )

            [topic_stars] => Array
                (
                )

            [parsed_template] => Seu nome foi removido de nossa lista, desculpe o inconveniente.
        )

    [client_properties] => Array
        (
            [ip_address] => 138.204.25.194
            [name] => Entrou
        )

    [time_start] => 1556893820.1137
    [user_say] => Array
        (
            [1] => SAIR
            [2] => 
            [3] => 
            [4] => 
            [5] => 
            [6] => 
            [7] => 
            [8] => 
            [9] => 
            [10] => 
        )

    [input] => Array
        (
            [1] => sair
            [2] => 
            [3] => 
            [4] => 
            [5] => 
            [6] => 
            [7] => 
            [8] => 
            [9] => 
            [10] => 
        )

    [that_raw] => Array
        (
            [1] => Array
                (
                    [1] => 
                    [2] => Seu nome foi removido de nossa lista, desculpe o inconveniente.
                )

            [2] => 
            [3] => 
            [4] => 
            [5] => 
            [6] => 
            [7] => 
            [8] => 
            [9] => 
            [10] => 
            [12] => 
        )

    [that] => Array
        (
            [1] => Array
                (
                    [1] => SEU NOME FOI REMOVIDO DE NOSSA LISTA DESCULPE O INCONVENIENTE
                )

            [2] => 
            [3] => 
            [4] => 
            [5] => 
            [6] => 
            [7] => 
            [8] => 
            [9] => 
            [10] => 
            [12] => 
        )

    [parsed_template] => Array
        (
            [1] => Seu nome foi removido de nossa lista, desculpe o inconveniente.
            [2] => 
            [3] => 
            [4] => 
            [5] => 
            [6] => 
            [7] => 
            [8] => 
            [9] => 
            [10] => 
        )

    [template] => Array
        (
            [1] => Seu nome foi removido de nossa lista, desculpe o inconveniente.
            [2] => 
            [3] => 
            [4] => 
            [5] => 
            [6] => 
            [7] => 
            [8] => 
            [9] => 
            [10] => 
        )

    [send_to_user] => <div class="usersay">Entrou: sair</div><div class="botsay">Net Bot: Seu nome foi removido de nossa lista, desculpe o inconveniente.</div>
)

-----------------------
Total execution time: 101.480 Milliseconds. Goodbye.