26-02-2019 22:46:50.82761[0][4] - Elapsed time: 0.690 milliseconds
[conversation_start.php][Called outside of function][62]
Conversation starting. Current system specs:
Program O version:            2.6.11
Server Software:              Apache
PHP Version:                  5.6.40
OS:                           Linux
OS Version:                   #1 SMP Wed Sep 26 15:12:11 UTC 2018
MySQL Version:                5.7.25
Multi-byte functions enabled: true 
-----------------------
26-02-2019 22:46:50.82775[4][4] - Elapsed time: 0.142 milliseconds
[load_aimlfunctions.php][Called outside of function][16]
AIML function include files loaded 
-----------------------
26-02-2019 22:46:50.82784[4][4] - Elapsed time: 0.093 milliseconds
[load_convofunctions.php][Called outside of function][16]
Convofunction include files loaded 
-----------------------
26-02-2019 22:46:50.82791[4][4] - Elapsed time: 0.064 milliseconds
[load_userfunctions.php][Called outside of function][14]
userfunctions include files loaded 
-----------------------
26-02-2019 22:46:50.82821[4][4] - Elapsed time: 0.305 milliseconds
[load_addons.php][Called outside of function][19]
Loading addons 
-----------------------
26-02-2019 22:46:50.82823[4][4] - Elapsed time: 0.019 milliseconds
[conversation_start.php][Called outside of function][75]
Loaded all Includes 
-----------------------
26-02-2019 22:46:50.82840[0][4] - Elapsed time: 0.169 milliseconds
[conversation_start.php][Called outside of function][128]
Debug level: 4
session ID = Tudobem 
-----------------------
26-02-2019 22:46:50.82841[4][4] - Elapsed time: 0.012 milliseconds
[conversation_start.php][Called outside of function][131]
Conversation continuing. User said 'Tudo bem bem'. 
-----------------------
26-02-2019 22:46:50.82843[4][4] - Elapsed time: 0.020 milliseconds
[intialise_conversation.php][read_from_session][155]
Reading from session 
-----------------------
26-02-2019 22:46:50.82844[4][4] - Elapsed time: 0.011 milliseconds
[intialise_conversation.php][load_default_bot_values][110]
Loading db bot personality properties 
-----------------------
26-02-2019 22:46:50.82846[3][4] - Elapsed time: 0.017 milliseconds
[intialise_conversation.php][load_default_bot_values][118]
load db bot personality values SQL: SELECT * FROM `devncom_net_iaoficial`.`botpersonality` WHERE `bot_id` = 1; 
-----------------------
26-02-2019 22:46:50.82867[4][4] - Elapsed time: 0.207 milliseconds
[intialise_conversation.php][check_set_convo_id][643]
Obtaining the convo id from form vars. Value: Tudobem 
-----------------------
26-02-2019 22:46:50.82868[2][4] - Elapsed time: 0.016 milliseconds
[intialise_conversation.php][check_set_bot][581]
Checking and/or setting the current bot. 
-----------------------
26-02-2019 22:46:50.82869[3][4] - Elapsed time: 0.011 milliseconds
[intialise_conversation.php][check_set_bot][599]
Making sure the bot exists. SQL = SELECT * FROM `devncom_net_iaoficial`.`bots` WHERE bot_id = 1 AND `bot_active` = 1; 
-----------------------
26-02-2019 22:46:50.82908[2][4] - Elapsed time: 0.390 milliseconds
[intialise_conversation.php][check_set_bot][616]
BOT ID: 1 
-----------------------
26-02-2019 22:46:50.82910[2][4] - Elapsed time: 0.016 milliseconds
[intialise_conversation.php][check_set_user][672]
Checking and setting the user info, as needed. 
-----------------------
26-02-2019 22:46:50.82929[3][4] - Elapsed time: 0.192 milliseconds
[intialise_conversation.php][check_set_user][705]
Loading client properties from the DB - sql:
SELECT `name`, `value` FROM `devncom_net_iaoficial`.`client_properties` WHERE `user_id` = 96 AND `bot_id` = 1; 
-----------------------
26-02-2019 22:46:50.82953[2][4] - Elapsed time: 0.237 milliseconds
[spell_checker.php][run_spell_checker_say][36]
Starting function and setting timestamp. 
-----------------------
26-02-2019 22:46:50.82955[2][4] - Elapsed time: 0.023 milliseconds
[spell_checker.php][spell_check][60]
Preforming a spel chek on Tudo. 
-----------------------
26-02-2019 22:46:50.82957[2][4] - Elapsed time: 0.020 milliseconds
[spell_checker.php][load_spelling_list][117]
Loading the spellcheck list from the DB. 
-----------------------
26-02-2019 22:46:50.83012[2][4] - Elapsed time: 0.552 milliseconds
[spell_checker.php][spell_check][60]
Preforming a spel chek on  . 
-----------------------
26-02-2019 22:46:50.83019[2][4] - Elapsed time: 0.071 milliseconds
[spell_checker.php][spell_check][60]
Preforming a spel chek on bem. 
-----------------------
26-02-2019 22:46:50.83026[2][4] - Elapsed time: 0.063 milliseconds
[spell_checker.php][spell_check][60]
Preforming a spel chek on  . 
-----------------------
26-02-2019 22:46:50.83032[2][4] - Elapsed time: 0.060 milliseconds
[spell_checker.php][spell_check][60]
Preforming a spel chek on bem. 
-----------------------
26-02-2019 22:46:50.83038[4][4] - Elapsed time: 0.064 milliseconds
[misc_functions.php][normalize_text][125]
Begin normalization - text = 'Tudo bem bem' 
-----------------------
26-02-2019 22:46:50.83040[4][4] - Elapsed time: 0.022 milliseconds
[misc_functions.php][normalize_text][150]
Normalization complete. Text = 'TUDO BEM BEM' 
-----------------------
26-02-2019 22:46:50.83041[2][4] - Elapsed time: 0.010 milliseconds
[conversation_start.php][Called outside of function][206]
Details:
User say: TUDO BEM BEM
Convo id: Tudobem
Bot id: 1
Format: html 
-----------------------
26-02-2019 22:46:50.83042[4][4] - Elapsed time: 0.011 milliseconds
[intialise_conversation.php][check_set_format][752]
Using format: html 
-----------------------
26-02-2019 22:46:50.83043[2][4] - Elapsed time: 0.009 milliseconds
[intialise_conversation.php][load_that][769]
Loading the THAT array. 
-----------------------
26-02-2019 22:46:50.83045[3][4] - Elapsed time: 0.012 milliseconds
[intialise_conversation.php][load_that][784]
Getting conversation log entries for the current user. SQL:
SELECT `input`, `response` FROM `devncom_net_iaoficial`.`conversation_log` WHERE `user_id` = 96 AND `bot_id` = 1 ORDER BY `id` DESC limit 10; 
-----------------------
26-02-2019 22:46:50.83325[1][4] - Elapsed time: 2.805 milliseconds
[intialise_conversation.php][load_that][804]
Inputs returned:Array
(
    [0] => Tudo bem
)
 
-----------------------
26-02-2019 22:46:50.83327[4][4] - Elapsed time: 0.022 milliseconds
[intialise_conversation.php][load_that][805]
Loading previous responses into the ~THAT~ array. 
-----------------------
26-02-2019 22:46:50.83328[1][4] - Elapsed time: 0.011 milliseconds
[intialise_conversation.php][load_that][806]
Responses returned:Array
(
    [0] => SEM RESPOSTA
)
 
-----------------------
26-02-2019 22:46:50.83330[2][4] - Elapsed time: 0.022 milliseconds
[parse_aiml_as_XML.php][implode_recursive][137]
Imploding an array into a string. (recursively, if necessary) 
-----------------------
26-02-2019 22:46:50.83331[2][4] - Elapsed time: 0.009 milliseconds
[parse_aiml_as_XML.php][implode_recursive][138]
Input: Array
(
    [0] => SEM RESPOSTA
)

 
-----------------------
26-02-2019 22:46:50.83332[4][4] - Elapsed time: 0.010 milliseconds
[parse_aiml_as_XML.php][implode_recursive][155]
The variable $input is of type array 
-----------------------
26-02-2019 22:46:50.83333[4][4] - Elapsed time: 0.010 milliseconds
[parse_aiml_as_XML.php][implode_recursive][185]
Imploding complete. Returning 'SEM RESPOSTA' 
-----------------------
26-02-2019 22:46:50.83334[4][4] - Elapsed time: 0.009 milliseconds
[parse_aiml.php][clean_that][251]
Cleaning up the ~THAT~ tag: 'SEM RESPOSTA' 
-----------------------
26-02-2019 22:46:50.83335[4][4] - Elapsed time: 0.011 milliseconds
[misc_functions.php][normalize_text][125]
Begin normalization - text = 'SEM RESPOSTA' 
-----------------------
26-02-2019 22:46:50.83338[4][4] - Elapsed time: 0.026 milliseconds
[misc_functions.php][normalize_text][150]
Normalization complete. Text = 'SEM RESPOSTA' 
-----------------------
26-02-2019 22:46:50.83339[4][4] - Elapsed time: 0.009 milliseconds
[parse_aiml.php][clean_that][258]
Cleaning Complete. output = 'SEM RESPOSTA' 
-----------------------
26-02-2019 22:46:50.83340[2][4] - Elapsed time: 0.009 milliseconds
[intialise_conversation.php][push_on_front_convoArr][226]
Pushing 'SEM RESPOSTA' to the front of the [that] array 
-----------------------
26-02-2019 22:46:50.83341[4][4] - Elapsed time: 0.012 milliseconds
[intialise_conversation.php][load_blank_array_element][62]
Loading blank that array 
-----------------------
26-02-2019 22:46:50.83344[4][4] - Elapsed time: 0.031 milliseconds
[parse_aiml.php][clean_that][251]
Cleaning up the ~THAT~ tag: 'SEM RESPOSTA' 
-----------------------
26-02-2019 22:46:50.83346[4][4] - Elapsed time: 0.016 milliseconds
[misc_functions.php][normalize_text][125]
Begin normalization - text = 'SEM RESPOSTA' 
-----------------------
26-02-2019 22:46:50.83348[4][4] - Elapsed time: 0.022 milliseconds
[misc_functions.php][normalize_text][150]
Normalization complete. Text = 'SEM RESPOSTA' 
-----------------------
26-02-2019 22:46:50.83349[4][4] - Elapsed time: 0.009 milliseconds
[parse_aiml.php][clean_that][258]
Cleaning Complete. output = 'SEM RESPOSTA' 
-----------------------
26-02-2019 22:46:50.83350[4][4] - Elapsed time: 0.016 milliseconds
[intialise_conversation.php][load_that][835]
Loading previous user inputs into the ~INPUT~ array. 
-----------------------
26-02-2019 22:46:50.83351[2][4] - Elapsed time: 0.011 milliseconds
[parse_aiml_as_XML.php][implode_recursive][137]
Imploding an array into a string. (recursively, if necessary) 
-----------------------
26-02-2019 22:46:50.83353[2][4] - Elapsed time: 0.014 milliseconds
[parse_aiml_as_XML.php][implode_recursive][138]
Input: Array
(
    [0] => Tudo bem
)

 
-----------------------
26-02-2019 22:46:50.83354[4][4] - Elapsed time: 0.008 milliseconds
[parse_aiml_as_XML.php][implode_recursive][155]
The variable $input is of type array 
-----------------------
26-02-2019 22:46:50.83355[4][4] - Elapsed time: 0.009 milliseconds
[parse_aiml_as_XML.php][implode_recursive][185]
Imploding complete. Returning 'Tudo bem' 
-----------------------
26-02-2019 22:46:50.83355[4][4] - Elapsed time: 0.008 milliseconds
[parse_aiml.php][clean_that][251]
Cleaning up the ~THAT~ tag: 'Tudo bem' 
-----------------------
26-02-2019 22:46:50.83356[4][4] - Elapsed time: 0.009 milliseconds
[misc_functions.php][normalize_text][125]
Begin normalization - text = 'Tudo bem' 
-----------------------
26-02-2019 22:46:50.83358[4][4] - Elapsed time: 0.017 milliseconds
[misc_functions.php][normalize_text][150]
Normalization complete. Text = 'TUDO BEM' 
-----------------------
26-02-2019 22:46:50.83359[4][4] - Elapsed time: 0.008 milliseconds
[parse_aiml.php][clean_that][258]
Cleaning Complete. output = 'TUDO BEM' 
-----------------------
26-02-2019 22:46:50.83360[2][4] - Elapsed time: 0.008 milliseconds
[intialise_conversation.php][push_on_front_convoArr][226]
Pushing 'TUDO BEM' to the front of the [input] array 
-----------------------
26-02-2019 22:46:50.83361[4][4] - Elapsed time: 0.011 milliseconds
[intialise_conversation.php][load_blank_array_element][62]
Loading blank input array 
-----------------------
26-02-2019 22:46:50.83453[2][4] - Elapsed time: 0.920 milliseconds
[intialise_conversation.php][load_bot_config][343]
Loading config data for the current bot. 
-----------------------
26-02-2019 22:46:50.83456[3][4] - Elapsed time: 0.037 milliseconds
[intialise_conversation.php][load_bot_config][352]
load bot config SQL: SELECT * FROM `devncom_net_iaoficial`.`bots` WHERE bot_id = 1; 
-----------------------
26-02-2019 22:46:50.83479[4][4] - Elapsed time: 0.224 milliseconds
[intialise_conversation.php][load_bot_config][357]
Loading bot details from the database. 
-----------------------
26-02-2019 22:46:50.83481[0][4] - Elapsed time: 0.023 milliseconds
[conversation_start.php][Called outside of function][226]
Default debug level = 4 
-----------------------
26-02-2019 22:46:50.83482[0][4] - Elapsed time: 0.011 milliseconds
[conversation_start.php][Called outside of function][228]
Current debug level = 4 
-----------------------
26-02-2019 22:46:50.83483[0][4] - Elapsed time: 0.009 milliseconds
[conversation_start.php][Called outside of function][241]
Say = TUDO BEM BEM: raw say = Tudo bem bem 
-----------------------
26-02-2019 22:46:50.83484[4][4] - Elapsed time: 0.011 milliseconds
[intialise_conversation.php][add_new_conversation_vars][184]
New conversation vars 
-----------------------
26-02-2019 22:46:50.83485[2][4] - Elapsed time: 0.010 milliseconds
[intialise_conversation.php][push_on_front_convoArr][226]
Pushing 'TUDO BEM BEM' to the front of the [user_say] array 
-----------------------
26-02-2019 22:46:50.83489[4][4] - Elapsed time: 0.034 milliseconds
[intialise_conversation.php][load_blank_array_element][62]
Loading blank user_say array 
-----------------------
26-02-2019 22:46:50.83491[0][4] - Elapsed time: 0.022 milliseconds
[intialise_conversation.php][add_new_conversation_vars][188]
User RAW = Tudo bem bem, RAW say = Tudo bem bem 
-----------------------
26-02-2019 22:46:50.83492[2][4] - Elapsed time: 0.010 milliseconds
[intialise_conversation.php][push_on_front_convoArr][226]
Pushing 'Tudo bem bem' to the front of the [input] array 
-----------------------
26-02-2019 22:46:50.83494[4][4] - Elapsed time: 0.019 milliseconds
[make_conversation.php][make_conversation][22]
Making conversation 
-----------------------
26-02-2019 22:46:50.83495[4][4] - Elapsed time: 0.011 milliseconds
[misc_functions.php][normalize_text][125]
Begin normalization - text = 'TUDO BEM BEM' 
-----------------------
26-02-2019 22:46:50.83497[4][4] - Elapsed time: 0.022 milliseconds
[misc_functions.php][normalize_text][150]
Normalization complete. Text = 'TUDO BEM BEM' 
-----------------------
26-02-2019 22:46:50.83498[4][4] - Elapsed time: 0.011 milliseconds
[find_aiml.php][get_aiml_to_parse][909]
Running all functions to get the correct aiml from the DB 
-----------------------
26-02-2019 22:46:50.83522[4][4] - Elapsed time: 0.235 milliseconds
[find_aiml.php][find_userdefined_aiml][821]
Looking for user defined responses 
-----------------------
26-02-2019 22:46:50.83525[3][4] - Elapsed time: 0.037 milliseconds
[find_aiml.php][find_userdefined_aiml][870]
User defined SQL:
SELECT `id`, `bot_id`, `pattern`, `thatpattern`, `template` FROM `devncom_net_iaoficial`.`aiml_userdefined` WHERE
    `bot_id` = 1 AND
    `user_id` = 'Tudobem'
    AND (
        'TUDO BEM BEM' LIKE (REPLACE(REPLACE(`pattern`, '*', '%'), '_', '%'))
        OR 'SEM RESPOSTA' LIKE (REPLACE(REPLACE(`thatpattern`, '*', '%'), '_', '%')))
   ORDER BY `id` ASC, `pattern` ASC, `thatpattern` ASC; 
-----------------------
26-02-2019 22:46:50.83540[2][4] - Elapsed time: 0.142 milliseconds
[find_aiml.php][find_userdefined_aiml][896]
User defined rows found: '0' 
-----------------------
26-02-2019 22:46:50.83542[4][4] - Elapsed time: 0.023 milliseconds
[find_aiml.php][find_aiml_matches][975]
Finding the aiml matches from the DB 
-----------------------
26-02-2019 22:46:50.83543[4][4] - Elapsed time: 0.011 milliseconds
[find_aiml.php][find_aiml_matches][981]
Bot ID = 1. Bot Parent ID = 1. 
-----------------------
26-02-2019 22:46:50.83564[4][4] - Elapsed time: 0.207 milliseconds
[find_aiml.php][find_aiml_matches][992]
Stored topic = '' 
-----------------------
26-02-2019 22:46:50.83567[3][4] - Elapsed time: 0.034 milliseconds
[find_aiml.php][find_aiml_matches][1052]
Core Match AIML sql:
SELECT `id`, `bot_id`, `pattern`, `thatpattern`, `topic`, `filename`, `template` FROM `devncom_net_iaoficial`.`aiml` WHERE
    bot_id = 1 AND (
        'TUDO BEM BEM' LIKE (REPLACE(REPLACE(`pattern`, '*', '%'), '_', '%'))
        OR 'SEM RESPOSTA' LIKE (REPLACE(REPLACE(`thatpattern`, '*', '%'), '_', '%'))
        OR `pattern` LIKE 'LINHA DE RECOLHA ALEATÓRIA2'
    )
    # ORDER BY `id` ASC, `topic` DESC, `pattern` ASC, `thatpattern` ASC; 
-----------------------
26-02-2019 22:46:50.83587[3][4] - Elapsed time: 0.203 milliseconds
[find_aiml.php][find_aiml_matches][1054]
Query Process time... 
-----------------------
26-02-2019 22:46:50.83589[1][4] - Elapsed time: 0.018 milliseconds
[find_aiml.php][find_aiml_matches][1082]
Error: FOUND NO AIML matches in DB. 
-----------------------
26-02-2019 22:46:50.83591[4][4] - Elapsed time: 0.014 milliseconds
[find_aiml.php][get_convo_var][727]
Get from ConvoArr [conversation][default_aiml_pattern][1][1] 
-----------------------
26-02-2019 22:46:50.83592[4][4] - Elapsed time: 0.014 milliseconds
[find_aiml.php][get_convo_var][757]
Get from ConvoArr [conversation][default_aiml_pattern][1][1] FOUND: ConvoArr Value = 'LINHA DE RECOLHA ALEATÓRIA2' 
-----------------------
26-02-2019 22:46:50.83606[2][4] - Elapsed time: 0.145 milliseconds
[misc_functions.php][addUnknownInput][232]
Entry successfully added! 
-----------------------
26-02-2019 22:46:50.83609[1][4] - Elapsed time: 0.025 milliseconds
[find_aiml.php][find_aiml_matches][1084]
Added input 'TUDO BEM BEM' to the unknown_inputs table. 
-----------------------
26-02-2019 22:46:50.83633[1][4] - Elapsed time: 0.239 milliseconds
[find_aiml.php][unset_all_bad_pattern_matches][35]
Current THAT = SEM RESPOSTA 
-----------------------
26-02-2019 22:46:50.83636[4][4] - Elapsed time: 0.028 milliseconds
[find_aiml.php][unset_all_bad_pattern_matches][48]
NEW FUNC Searching through 1 rows to unset bad matches 
-----------------------
26-02-2019 22:46:50.83637[1][4] - Elapsed time: 0.014 milliseconds
[find_aiml.php][unset_all_bad_pattern_matches][56]
Returning error as no results where found 
-----------------------
26-02-2019 22:46:50.83638[4][4] - Elapsed time: 0.012 milliseconds
[find_aiml.php][score_matches][255]
Scoring the matches. 
-----------------------
26-02-2019 22:46:50.83705[4][4] - Elapsed time: 0.665 milliseconds
[find_aiml.php][score_matches][548]
Sorted array $allrows:
Array
(
    [0] => Array
        (
            [aiml_id] => -1
            [bot_id] => 1
            [pattern] => no results
            [thatpattern] => 
            [template] => SEM RESPOSTA
            [topic] => 
            [score] => 261
            [track_score] => current bot (250 points), no thatpattern to match (1 point), common word match: no (1 points), uncommon word match: results (8 points)
        )

)
 
-----------------------
26-02-2019 22:46:50.83709[2][4] - Elapsed time: 0.039 milliseconds
[find_aiml.php][get_highest_scoring_row][642]
Final candidates:

Array
(
    [0] => Array
        (
            [aiml_id] => -1
            [bot_id] => 1
            [pattern] => no results
            [thatpattern] => 
            [template] => SEM RESPOSTA
            [topic] => 
            [score] => 261
            [track_score] => current bot (250 points), no thatpattern to match (1 point), common word match: no (1 points), uncommon word match: results (8 points)
        )

)

 
-----------------------
26-02-2019 22:46:50.83754[4][4] - Elapsed time: 0.459 milliseconds
[find_aiml.php][get_highest_scoring_row][697]
Best Response: Array
(
    [aiml_id] => -1
    [bot_id] => 1
    [pattern] => no results
    [thatpattern] => 
    [template] => SEM RESPOSTA
    [topic] => 
    [score] => 261
    [track_score] => current bot (250 points), no thatpattern to match (1 point), common word match: no (1 points), uncommon word match: results (8 points)
)
 
-----------------------
26-02-2019 22:46:50.83756[2][4] - Elapsed time: 0.018 milliseconds
[find_aiml.php][get_highest_scoring_row][698]
No results found, so none to pick from. 
-----------------------
26-02-2019 22:46:50.83765[4][4] - Elapsed time: 0.082 milliseconds
[find_aiml.php][get_aiml_to_parse][960]
Will be parsing id:-1 (no results) 
-----------------------
26-02-2019 22:46:50.83766[3][4] - Elapsed time: 0.015 milliseconds
[parse_aiml.php][parse_matched_aiml][213]
Run the aiml parse in normal mode (normal or srai) 
-----------------------
26-02-2019 22:46:50.83767[2][4] - Elapsed time: 0.013 milliseconds
[parse_aiml.php][set_wildcards][297]
Setting Wildcards. Pattern = 'no results' 
-----------------------
26-02-2019 22:46:50.83768[4][4] - Elapsed time: 0.011 milliseconds
[parse_aiml.php][set_wildcards][329]
Checking for wildcards in pattern-side THAT 
-----------------------
26-02-2019 22:46:50.83769[4][4] - Elapsed time: 0.011 milliseconds
[parse_aiml.php][set_wildcards][361]
Checking for wildcards in pattern-side TOPIC 
-----------------------
26-02-2019 22:46:50.83772[2][4] - Elapsed time: 0.022 milliseconds
[parse_aiml.php][set_wildcards][394]
AIML array now = Array
(
    [aiml_id] => -1
    [html_template] => 
    [lookingfor] => TUDO BEM BEM
    [pattern] => no results
    [score] => 261
    [stars] => Array
        (
        )

    [template] => SEM RESPOSTA
    [thatpattern] => 
    [that_stars] => Array
        (
            [1] => 
        )

    [topic] => 
    [topic_stars] => Array
        (
        )

    [user_raw] => Tudo bem bem
)
 
-----------------------
26-02-2019 22:46:50.83773[2][4] - Elapsed time: 0.014 milliseconds
[parse_aiml_as_XML.php][parse_aiml_as_XML][22]
Parsing the AIML template as XML 
-----------------------
26-02-2019 22:46:50.83774[2][4] - Elapsed time: 0.012 milliseconds
[parse_aiml_as_XML.php][add_text_tags][93]
Adding some TEXT tags into the template, just because I can... 
-----------------------
26-02-2019 22:46:50.83777[4][4] - Elapsed time: 0.025 milliseconds
[parse_aiml_as_XML.php][add_text_tags][120]
Returning template:
<template><text>SEM RESPOSTA</text></template> 
-----------------------
26-02-2019 22:46:50.83781[2][4] - Elapsed time: 0.041 milliseconds
[parse_aiml_as_XML.php][parseTemplateRecursive][201]
Recursively parsing the AIML template. 
-----------------------
26-02-2019 22:46:50.83784[4][4] - Elapsed time: 0.031 milliseconds
[parse_aiml_as_XML.php][parseTemplateRecursive][214]
Processing element template at level 0. element XML = <?xml version="1.0"?>
<template><text>SEM RESPOSTA</text></template>
 
-----------------------
26-02-2019 22:46:50.83787[4][4] - Elapsed time: 0.029 milliseconds
[parse_aiml_as_XML.php][parseTemplateRecursive][242]
function parse_template_tag does not exist. Parsing tag as text. 
-----------------------
26-02-2019 22:46:50.83789[2][4] - Elapsed time: 0.017 milliseconds
[parse_aiml_as_XML.php][parseTemplateRecursive][201]
Recursively parsing the AIML template. 
-----------------------
26-02-2019 22:46:50.83791[4][4] - Elapsed time: 0.020 milliseconds
[parse_aiml_as_XML.php][parseTemplateRecursive][214]
Processing element text at level 1. element XML = <text>SEM RESPOSTA</text> 
-----------------------
26-02-2019 22:46:50.83792[4][4] - Elapsed time: 0.014 milliseconds
[parse_aiml_as_XML.php][parseTemplateRecursive][225]
Function parse_text_tag does exist. Processing now. 
-----------------------
26-02-2019 22:46:50.83793[4][4] - Elapsed time: 0.011 milliseconds
[parse_aiml_as_XML.php][parseTemplateRecursive][229]
Passing element text to the parse_text_tag function 
-----------------------
26-02-2019 22:46:50.83794[2][4] - Elapsed time: 0.011 milliseconds
[parse_aiml_as_XML.php][parse_text_tag][281]
Parsing a TEXT tag. 
-----------------------
26-02-2019 22:46:50.83795[4][4] - Elapsed time: 0.011 milliseconds
[parse_aiml_as_XML.php][parseTemplateRecursive][234]
Adding 'SEM RESPOSTA' to the response array. tag name is text 
-----------------------
26-02-2019 22:46:50.83797[2][4] - Elapsed time: 0.012 milliseconds
[parse_aiml_as_XML.php][implode_recursive][137]
Imploding an array into a string. (recursively, if necessary) 
-----------------------
26-02-2019 22:46:50.83798[2][4] - Elapsed time: 0.012 milliseconds
[parse_aiml_as_XML.php][implode_recursive][138]
Input: Array
(
    [0] => SEM RESPOSTA
)

 
-----------------------
26-02-2019 22:46:50.83799[4][4] - Elapsed time: 0.010 milliseconds
[parse_aiml_as_XML.php][implode_recursive][155]
The variable $input is of type array 
-----------------------
26-02-2019 22:46:50.83800[4][4] - Elapsed time: 0.013 milliseconds
[parse_aiml_as_XML.php][implode_recursive][185]
Imploding complete. Returning 'SEM RESPOSTA' 
-----------------------
26-02-2019 22:46:50.83801[4][4] - Elapsed time: 0.011 milliseconds
[parse_aiml_as_XML.php][parseTemplateRecursive][262]
Adding 'SEM RESPOSTA' to the response array. tag name is template. 
-----------------------
26-02-2019 22:46:50.83803[2][4] - Elapsed time: 0.014 milliseconds
[parse_aiml_as_XML.php][implode_recursive][137]
Imploding an array into a string. (recursively, if necessary) 
-----------------------
26-02-2019 22:46:50.83804[2][4] - Elapsed time: 0.011 milliseconds
[parse_aiml_as_XML.php][implode_recursive][138]
Input: Array
(
    [0] => SEM RESPOSTA
)

 
-----------------------
26-02-2019 22:46:50.83805[4][4] - Elapsed time: 0.010 milliseconds
[parse_aiml_as_XML.php][implode_recursive][155]
The variable $input is of type array 
-----------------------
26-02-2019 22:46:50.83806[4][4] - Elapsed time: 0.012 milliseconds
[parse_aiml_as_XML.php][implode_recursive][185]
Imploding complete. Returning 'SEM RESPOSTA' 
-----------------------
26-02-2019 22:46:50.83807[4][4] - Elapsed time: 0.013 milliseconds
[parse_aiml_as_XML.php][parse_aiml_as_XML][47]
Completed parsing the template. The bot will say: SEM RESPOSTA 
-----------------------
26-02-2019 22:46:50.83808[4][4] - Elapsed time: 0.014 milliseconds
[parse_aiml.php][parse_matched_aiml][227]
normal - Saving for next turn 
-----------------------
26-02-2019 22:46:50.83809[4][4] - Elapsed time: 0.010 milliseconds
[parse_aiml.php][save_for_nextturn][271]
Saving that and that_raw for next turn 
-----------------------
26-02-2019 22:46:50.83811[2][4] - Elapsed time: 0.012 milliseconds
[intialise_conversation.php][push_on_front_convoArr][226]
Pushing 'SEM RESPOSTA' to the front of the [that_raw] array 
-----------------------
26-02-2019 22:46:50.83812[4][4] - Elapsed time: 0.017 milliseconds
[intialise_conversation.php][load_blank_array_element][62]
Loading blank that_raw array 
-----------------------
26-02-2019 22:46:50.83816[2][4] - Elapsed time: 0.032 milliseconds
[intialise_conversation.php][push_on_front_convoArr][226]
Pushing 'SEM RESPOSTA' to the front of the [that] array 
-----------------------
26-02-2019 22:46:50.83818[4][4] - Elapsed time: 0.020 milliseconds
[parse_aiml.php][clean_that][251]
Cleaning up the ~THAT~ tag: 'SEM RESPOSTA' 
-----------------------
26-02-2019 22:46:50.83819[4][4] - Elapsed time: 0.013 milliseconds
[misc_functions.php][normalize_text][125]
Begin normalization - text = 'SEM RESPOSTA' 
-----------------------
26-02-2019 22:46:50.83821[4][4] - Elapsed time: 0.025 milliseconds
[misc_functions.php][normalize_text][150]
Normalization complete. Text = 'SEM RESPOSTA' 
-----------------------
26-02-2019 22:46:50.83823[4][4] - Elapsed time: 0.012 milliseconds
[parse_aiml.php][clean_that][258]
Cleaning Complete. output = 'SEM RESPOSTA' 
-----------------------
26-02-2019 22:46:50.83825[2][4] - Elapsed time: 0.023 milliseconds
[intialise_conversation.php][push_on_front_convoArr][226]
Pushing 'SEM RESPOSTA' to the front of the [parsed_template] array 
-----------------------
26-02-2019 22:46:50.83826[4][4] - Elapsed time: 0.015 milliseconds
[intialise_conversation.php][load_blank_array_element][62]
Loading blank parsed_template array 
-----------------------
26-02-2019 22:46:50.83828[2][4] - Elapsed time: 0.018 milliseconds
[intialise_conversation.php][push_on_front_convoArr][226]
Pushing 'SEM RESPOSTA' to the front of the [template] array 
-----------------------
26-02-2019 22:46:50.83830[4][4] - Elapsed time: 0.014 milliseconds
[intialise_conversation.php][load_blank_array_element][62]
Loading blank template array 
-----------------------
26-02-2019 22:46:50.83832[2][4] - Elapsed time: 0.021 milliseconds
[intialise_conversation.php][log_conversation][403]
Saving the conversation to the DB. 
-----------------------
26-02-2019 22:46:50.83834[3][4] - Elapsed time: 0.022 milliseconds
[intialise_conversation.php][log_conversation][442]
Saving conservation SQL: INSERT INTO `devncom_net_iaoficial`.`conversation_log` (
      `id` ,
      `input` ,
      `response` ,
      `user_id` ,
      `convo_id` ,
      `bot_id` ,
      `timestamp`
    )
    VALUES (
      NULL ,
      'Tudo bem bem',
      'SEM RESPOSTA',
      96,
      'Tudobem',
      1,
      CURRENT_TIMESTAMP
    ) 
-----------------------
26-02-2019 22:46:50.84157[4][4] - Elapsed time: 3.235 milliseconds
[intialise_conversation.php][write_to_session][140]
Saving to session 
-----------------------
26-02-2019 22:46:50.84173[3][4] - Elapsed time: 0.152 milliseconds
[display_conversation.php][get_conversation_to_display][59]
get_conversation SQL: SELECT * FROM `devncom_net_iaoficial`.`conversation_log` WHERE
        `user_id` = :user_id
        AND `bot_id` = :bot_id
        AND `convo_id` = :convo_id
        ORDER BY id DESC  LIMIT 1 
-----------------------
26-02-2019 22:46:50.84193[2][4] - Elapsed time: 0.205 milliseconds
[display_conversation.php][get_conversation_to_display][77]
Found '1' lines of conversation 
-----------------------
26-02-2019 22:46:50.84197[4][4] - Elapsed time: 0.035 milliseconds
[display_conversation.php][get_conversation][92]
Processing conversation as html 
-----------------------
26-02-2019 22:46:50.84200[4][4] - Elapsed time: 0.030 milliseconds
[display_conversation.php][get_html][135]
Returning HTML 
-----------------------
26-02-2019 22:46:50.84288[2][4] - Elapsed time: 0.887 milliseconds
[conversation_start.php][Called outside of function][266]
Closing Database 
-----------------------
26-02-2019 22:46:50.84292[0][4] - Elapsed time: 0.037 milliseconds
[conversation_start.php][Called outside of function][272]
Conversation Ending. Elapsed time: 15.988 milliseconds. 
-----------------------
Debug Level: 4
-----------------------
Debug Mode: 1
-----------------------
CONVERSATION ARRAY
-----------------------
Array
(
    [say] => Tudo bem bem
    [conversation] => Array
        (
            [convo_id] => Tudobem
            [bot_name] => Net Bot
            [bot_id] => 1
            [format] => html
            [unknown_user] => Entrou
            [user_name] => Entrou
            [user_id] => 96
            [totallines] => 1
            [rawSay] => Tudo bem bem
            [conversation_lines] => 1
            [remember_up_to] => 10
            [debugemail] => contato@devn1.com.br
            [debug_level] => 4
            [debugmode] => 1
            [save_state] => database
            [default_aiml_pattern] => LINHA DE RECOLHA ALEATÓRIA2
            [bot_parent_id] => 1
            [aimlData] => Array
                (
                    [aiml_id] => -1
                    [bot_id] => 1
                    [pattern] => no results
                    [thatpattern] => 
                    [template] => SEM RESPOSTA
                    [topic] => 
                    [score] => 261
                    [track_score] => current bot (250 points), no thatpattern to match (1 point), common word match: no (1 points), uncommon word match: results (8 points)
                )

        )

    [aiml] => Array
        (
            [user_raw] => Tudo bem bem
            [lookingfor] => TUDO BEM BEM
            [pattern] => no results
            [thatpattern] => 
            [template] => SEM RESPOSTA
            [html_template] => 
            [topic] => 
            [score] => 261
            [aiml_id] => -1
            [stars] => Array
                (
                )

            [that_stars] => Array
                (
                    [1] => 
                )

            [topic_stars] => Array
                (
                )

            [parsed_template] => SEM RESPOSTA
        )

    [client_properties] => Array
        (
            [ip_address] => 191.177.180.107
            [name] => Entrou
        )

    [raw_that] => Array
        (
            [1] => Array
                (
                    [0] => SEM RESPOSTA
                )

        )

    [that] => Array
        (
            [1] => Array
                (
                    [1] => SEM RESPOSTA
                )

            [2] => Array
                (
                    [1] => SEM RESPOSTA
                )

            [3] => 
            [4] => 
            [5] => 
            [6] => 
            [7] => 
            [8] => 
            [9] => 
            [10] => 
            [12] => 
        )

    [input] => Array
        (
            [1] => Tudo bem bem
            [2] => TUDO BEM
            [3] => 
            [4] => 
            [5] => 
            [6] => 
            [7] => 
            [8] => 
            [9] => 
            [10] => 
        )

    [time_start] => 1551221210.8269
    [user_say] => Array
        (
            [1] => TUDO BEM BEM
            [2] => 
            [3] => 
            [4] => 
            [5] => 
            [6] => 
            [7] => 
            [8] => 
            [9] => 
            [10] => 
        )

    [that_raw] => Array
        (
            [1] => Array
                (
                    [1] => 
                    [2] => SEM RESPOSTA
                )

            [2] => 
            [3] => 
            [4] => 
            [5] => 
            [6] => 
            [7] => 
            [8] => 
            [9] => 
            [10] => 
            [12] => 
        )

    [parsed_template] => Array
        (
            [1] => SEM RESPOSTA
            [2] => 
            [3] => 
            [4] => 
            [5] => 
            [6] => 
            [7] => 
            [8] => 
            [9] => 
            [10] => 
        )

    [template] => Array
        (
            [1] => SEM RESPOSTA
            [2] => 
            [3] => 
            [4] => 
            [5] => 
            [6] => 
            [7] => 
            [8] => 
            [9] => 
            [10] => 
        )

    [send_to_user] => <div class="usersay">Entrou: Tudo bem bem</div><div class="botsay">Net Bot: SEM RESPOSTA</div>
)

-----------------------
Total execution time: 15.988 Milliseconds. Goodbye.