12-02-2019 14:23:03.78695[0][4] - Elapsed time: 2.728 milliseconds
[conversation_start.php][Called outside of function][56]
Conversation starting. Current system specs:
Program O version:            2.6.11
Server Software:              Apache
PHP Version:                  5.6.40
OS:                           Linux
OS Version:                   #1 SMP Wed Sep 26 15:12:11 UTC 2018
MySQL Version:                5.7.25
Multi-byte functions enabled: true 
-----------------------
12-02-2019 14:23:03.79484[4][4] - Elapsed time: 7.894 milliseconds
[load_aimlfunctions.php][Called outside of function][16]
AIML function include files loaded 
-----------------------
12-02-2019 14:23:03.79781[4][4] - Elapsed time: 2.971 milliseconds
[load_convofunctions.php][Called outside of function][16]
Convofunction include files loaded 
-----------------------
12-02-2019 14:23:03.79836[4][4] - Elapsed time: 0.546 milliseconds
[load_userfunctions.php][Called outside of function][14]
userfunctions include files loaded 
-----------------------
12-02-2019 14:23:03.80094[4][4] - Elapsed time: 2.577 milliseconds
[load_addons.php][Called outside of function][19]
Loading addons 
-----------------------
12-02-2019 14:23:03.80097[4][4] - Elapsed time: 0.030 milliseconds
[conversation_start.php][Called outside of function][69]
Loaded all Includes 
-----------------------
12-02-2019 14:23:03.80115[0][4] - Elapsed time: 0.181 milliseconds
[conversation_start.php][Called outside of function][122]
Debug level: 4
session ID = u69j2h1f3ql580kee3e3hggbm2 
-----------------------
12-02-2019 14:23:03.80117[4][4] - Elapsed time: 0.019 milliseconds
[conversation_start.php][Called outside of function][125]
Conversation continuing. User said ''. 
-----------------------
12-02-2019 14:23:03.80118[4][4] - Elapsed time: 0.017 milliseconds
[intialise_conversation.php][intialise_convoArray][29]
Intialising conversation 
-----------------------
12-02-2019 14:23:03.80120[4][4] - Elapsed time: 0.014 milliseconds
[intialise_conversation.php][load_blank_array_element][62]
Loading blank topic array 
-----------------------
12-02-2019 14:23:03.80122[4][4] - Elapsed time: 0.023 milliseconds
[intialise_conversation.php][load_blank_array_element][62]
Loading blank that array 
-----------------------
12-02-2019 14:23:03.80123[4][4] - Elapsed time: 0.016 milliseconds
[intialise_conversation.php][load_blank_array_element][62]
Loading blank star array 
-----------------------
12-02-2019 14:23:03.80125[4][4] - Elapsed time: 0.014 milliseconds
[intialise_conversation.php][load_blank_array_element][62]
Loading blank input array 
-----------------------
12-02-2019 14:23:03.80127[4][4] - Elapsed time: 0.016 milliseconds
[intialise_conversation.php][load_blank_stack][85]
Loading blank stack 
-----------------------
12-02-2019 14:23:03.80128[4][4] - Elapsed time: 0.017 milliseconds
[intialise_conversation.php][load_default_bot_values][110]
Loading db bot personality properties 
-----------------------
12-02-2019 14:23:03.80131[3][4] - Elapsed time: 0.023 milliseconds
[intialise_conversation.php][load_default_bot_values][118]
load db bot personality values SQL: SELECT * FROM `devncom_net_iaoficial`.`botpersonality` WHERE `bot_id` = 1; 
-----------------------
12-02-2019 14:23:03.80159[2][4] - Elapsed time: 0.286 milliseconds
[handle_user.php][load_new_client_defaults][24]
Loading client defaults 
-----------------------
12-02-2019 14:23:03.80161[2][4] - Elapsed time: 0.017 milliseconds
[conversation_start.php][Called outside of function][254]
Conversation initialized, awaiting user 
-----------------------
12-02-2019 14:23:03.80166[2][4] - Elapsed time: 0.054 milliseconds
[conversation_start.php][Called outside of function][260]
Closing Database 
-----------------------
12-02-2019 14:23:03.80168[0][4] - Elapsed time: 0.017 milliseconds
[conversation_start.php][Called outside of function][266]
Conversation Ending. Elapsed time: 17.452 milliseconds. 
-----------------------
Debug Level: 4
-----------------------
Debug Mode: 1
-----------------------
CONVERSATION ARRAY
-----------------------
Array
(
    [conversation] => Array
        (
        )

    [topic] => Array
        (
            [1] => 
            [2] => 
            [3] => 
            [4] => 
            [5] => 
            [6] => 
            [7] => 
            [8] => 
            [9] => 
            [10] => 
            [11] => 
        )

    [that] => Array
        (
            [1] => 
            [2] => 
            [3] => 
            [4] => 
            [5] => 
            [6] => 
            [7] => 
            [8] => 
            [9] => 
            [10] => 
            [11] => 
        )

    [star] => Array
        (
            [1] => 
            [2] => 
            [3] => 
            [4] => 
            [5] => 
            [6] => 
            [7] => 
            [8] => 
            [9] => 
            [10] => 
            [11] => 
        )

    [input] => Array
        (
            [1] => 
            [2] => 
            [3] => 
            [4] => 
            [5] => 
            [6] => 
            [7] => 
            [8] => 
            [9] => 
            [10] => 
            [11] => 
        )

    [stack] => Array
        (
            [top] => om
            [second] => om
            [third] => om
            [fourth] => om
            [fifth] => om
            [sixth] => om
            [seventh] => om
            [last] => om
        )

    [client_properties] => Array
        (
            [name] => Seeker
            [id] => u69j2h1f3ql580kee3e3hggbm2
        )

    [send_to_user] => User input not detected.
)

-----------------------
Total execution time: 17.452 Milliseconds. Goodbye.