Array
(
    [draw] => 1
    [columns] => Array
        (
            [0] => Array
                (
                    [data] => id
                    [name] => 
                    [searchable] => true
                    [orderable] => true
                    [search] => Array
                        (
                            [value] => 
                            [regex] => false
                        )

                )

            [1] => Array
                (
                    [data] => user_id
                    [name] => 
                    [searchable] => true
                    [orderable] => true
                    [search] => Array
                        (
                            [value] => 
                            [regex] => false
                        )

                )

            [2] => Array
                (
                    [data] => pattern
                    [name] => 
                    [searchable] => true
                    [orderable] => true
                    [search] => Array
                        (
                            [value] => 
                            [regex] => false
                        )

                )

            [3] => Array
                (
                    [data] => thatpattern
                    [name] => 
                    [searchable] => true
                    [orderable] => true
                    [search] => Array
                        (
                            [value] => 
                            [regex] => false
                        )

                )

            [4] => Array
                (
                    [data] => template
                    [name] => 
                    [searchable] => true
                    [orderable] => true
                    [search] => Array
                        (
                            [value] => 
                            [regex] => false
                        )

                )

        )

    [order] => Array
        (
            [0] => Array
                (
                    [column] => 1
                    [dir] => asc
                )

        )

    [start] => 0
    [length] => 10
    [search] => Array
        (
            [value] => 
            [regex] => false
        )

    [_] => 1549972375792
)
